04-18 15:31:45.218  1092  1381 D InputReader: syncTouch: pointerCount 1 -> 1, touching ids 0x80000000 -> 0x80000000, hovering ids 0x00000000 -> 0x00000000, canceled ids 0x00000000
04-18 15:31:45.218   679  2915 I DPUModule: DpuR5P0::checkLayerFormat <142>: checkLayerFormat: Format(1)
04-18 15:31:45.218  1092  1381 D InputReader: dispatchTouches action MOVE now(ns): 756334686586139
04-18 15:31:45.218   679  2915 I DPUModule: DpuR5P0::checkTransform <35>: checkTransform: Transform(0), SRCRect(0,0)
04-18 15:31:45.218   679  2915 I DPUModule: DpuR5P0::checkAFBCBlockSize <97>: checkAFBCBlockSize: compressed(1),format(1), pitch(720), vstride(1616)
04-18 15:31:45.218   679  2915 I DPUModule: DpuR5P0::checkLayerFormat <142>: checkLayerFormat: Format(1)
04-18 15:31:45.218   679  2915 I DPUModule: DpuR5P0::checkTransform <35>: checkTransform: Transform(0), SRCRect(0,0)
04-18 15:31:45.218  1092  1381 D InputReader: notifyMotion call dispatcher
04-18 15:31:45.218   679  2915 I DPUModule: DpuR5P0::checkAFBCBlockSize <97>: checkAFBCBlockSize: compressed(1),format(1), pitch(720), vstride(80)
04-18 15:31:45.218   679  2915 I DPUModule: DpuR5P0::checkLayerFormat <142>: checkLayerFormat: Format(1)
04-18 15:31:45.218   679  2915 I DPUModule: DpuR5P0::checkTransform <35>: checkTransform: Transform(0), SRCRect(0,0)
04-18 15:31:45.218   679  2915 I DPUModule: DpuR5P0::checkAFBCBlockSize <97>: checkAFBCBlockSize: compressed(1),format(1), pitch(720), vstride(96)
04-18 15:31:45.218   679  2915 D DPUModule: [ …śhu] support: 0
04-18 15:31:45.219   674 11196 I audio_hw_primary: app type:0x   0, is_voip:0, device:2, pcm:-352510464, usecase:0x   8
04-18 15:31:45.223  1092  1381 D InputReader: syncTouch: pointerCount 1 -> 1, touching ids 0x80000000 -> 0x80000000, hovering ids 0x00000000 -> 0x00000000, canceled ids 0x00000000
04-18 15:31:45.224  1092  1381 D InputReader: dispatchTouches action MOVE now(ns): 756334692589447
04-18 15:31:45.224  1092  1381 D InputReader: notifyMotion call dispatcher
04-18 15:31:45.229   679  2915 I DPUModule: DpuR5P0::checkLayerFormat <142>: checkLayerFormat: Format(1)
04-18 15:31:45.229   679  2915 I DPUModule: DpuR5P0::checkTransform <35>: checkTransform: Transform(0), SRCRect(0,0)
04-18 15:31:45.229   679  2915 I DPUModule: DpuR5P0::checkAFBCBlockSize <97>: checkAFBCBlockSize: compressed(1),format(1), pitch(720), vstride(1616)
04-18 15:31:45.229  1092  1381 D InputReader: syncTouch: pointerCount 1 -> 1, touching ids 0x80000000 -> 0x80000000, hovering ids 0x00000000 -> 0x00000000, canceled ids 0x00000000
04-18 15:31:45.229   679  2915 I DPUModule: DpuR5P0::checkLayerFormat <142>: checkLayerFormat: Format(1)
04-18 15:31:45.229   679  2915 I DPUModule: DpuR5P0::checkTransform <35>: checkTransform: Transform(0), SRCRect(0,0)
04-18 15:31:45.229   679  2915 I DPUModule: DpuR5P0::checkAFBCBlockSize <97>: checkAFBCBlockSize: compressed(1),format(1), pitch(720), vstride(80)
04-18 15:31:45.229   679  2915 I DPUModule: DpuR5P0::checkLayerFormat <142>: checkLayerFormat: Format(1)
04-18 15:31:45.229  1092  1381 D InputReader: dispatchTouches action MOVE now(ns): 756334697825024
04-18 15:31:45.229   679  2915 I DPUModule: DpuR5P0::checkTransform <35>: checkTransform: Transform(0), SRCRect(0,0)
04-18 15:31:45.229   679  2915 I DPUModule: DpuR5P0::checkAFBCBlockSize <97>: checkAFBCBlockSize: compressed(1),format(1), pitch(720), vstride(96)
04-18 15:31:45.229   679  2915 D DPUModule: [ …śhu] support: 0
04-18 15:31:45.229  1092  1381 D InputReader: notifyMotion call dispatcher
04-18 15:31:45.234  1092  1381 D InputReader: syncTouch: pointerCount 1 -> 1, touching ids 0x80000000 -> 0x80000000, hovering ids 0x00000000 -> 0x00000000, canceled ids 0x00000000
04-18 15:31:45.234  1092  1381 D InputReader: dispatchTouches action MOVE now(ns): 756334703379332
04-18 15:31:45.234  1092  1381 D InputReader: notifyMotion call dispatcher
04-18 15:31:45.240  1092  1381 D InputReader: syncTouch: pointerCount 1 -> 1, touching ids 0x80000000 -> 0x80000000, hovering ids 0x00000000 -> 0x00000000, canceled ids 0x00000000
04-18 15:31:45.240  1092  1381 D InputReader: dispatchTouches action MOVE now(ns): 756334708814562
04-18 15:31:45.240  1092  1381 D InputReader: notifyMotion call dispatcher
04-18 15:31:45.246  1092  1381 D InputReader: syncTouch: pointerCount 1 -> 1, touching ids 0x80000000 -> 0x80000000, hovering ids 0x00000000 -> 0x00000000, canceled ids 0x00000000
04-18 15:31:45.246  1092  1381 D InputReader: dispatchTouches action MOVE now(ns): 756334714593024
04-18 15:31:45.246  1092  1381 D InputReader: notifyMotion call dispatcher
04-18 15:31:45.251   679  2915 I DPUModule: DpuR5P0::checkLayerFormat <142>: checkLayerFormat: Format(1)
04-18 15:31:45.251   679  2915 I DPUModule: DpuR5P0::checkTransform <35>: checkTransform: Transform(0), SRCRect(0,0)
04-18 15:31:45.251   679  2915 I DPUModule: DpuR5P0::checkAFBCBlockSize <97>: checkAFBCBlockSize: compressed(1),format(1), pitch(720), vstride(1616)
04-18 15:31:45.251   679  2915 I DPUModule: DpuR5P0::checkLayerFormat <142>: checkLayerFormat: Format(1)
04-18 15:31:45.251   679  2915 I DPUModule: DpuR5P0::checkTransform <35>: checkTransform: Transform(0), SRCRect(0,0)
04-18 15:31:45.251   679  2915 I DPUModule: DpuR5P0::checkAFBCBlockSize <97>: checkAFBCBlockSize: compressed(1),format(1), pitch(720), vstride(80)
04-18 15:31:45.251   679  2915 I DPUModule: DpuR5P0::checkLayerFormat <142>: checkLayerFormat: Format(1)
04-18 15:31:45.251   679  2915 I DPUModule: DpuR5P0::checkTransform <35>: checkTransform: Transform(0), SRCRect(0,0)
04-18 15:31:45.251   679  2915 I DPUModule: DpuR5P0::checkAFBCBlockSize <97>: checkAFBCBlockSize: compressed(1),format(1), pitch(720), vstride(96)
04-18 15:31:45.251   679  2915 D DPUModule: [ …śhu] support: 0
04-18 15:31:45.251  1092  1381 D InputReader: syncTouch: pointerCount 1 -> 1, touching ids 0x80000000 -> 0x80000000, hovering ids 0x00000000 -> 0x00000000, canceled ids 0x00000000
04-18 15:31:45.251  1092  1381 D InputReader: dispatchTouches action MOVE now(ns): 756334719883370
04-18 15:31:45.251  1092  1381 D InputReader: notifyMotion call dispatcher
04-18 15:31:45.257  1092  1381 D InputReader: syncTouch: pointerCount 1 -> 1, touching ids 0x80000000 -> 0x80000000, hovering ids 0x00000000 -> 0x00000000, canceled ids 0x00000000
04-18 15:31:45.257  1092  1381 D InputReader: dispatchTouches action MOVE now(ns): 756334726049024
04-18 15:31:45.257  1092  1381 D InputReader: notifyMotion call dispatcher
04-18 15:31:45.259   674 11196 I audio_hw_primary: app type:0x   0, is_voip:0, device:2, pcm:-352510464, usecase:0x   8
04-18 15:31:45.262   679  2915 I DPUModule: DpuR5P0::checkLayerFormat <142>: checkLayerFormat: Format(1)
04-18 15:31:45.262   679  2915 I DPUModule: DpuR5P0::checkTransform <35>: checkTransform: Transform(0), SRCRect(0,0)
04-18 15:31:45.262   679  2915 I DPUModule: DpuR5P0::checkAFBCBlockSize <97>: checkAFBCBlockSize: compressed(1),format(1), pitch(720), vstride(1616)
04-18 15:31:45.262   679  2915 I DPUModule: DpuR5P0::checkLayerFormat <142>: checkLayerFormat: Format(1)
04-18 15:31:45.262   679  2915 I DPUModule: DpuR5P0::checkTransform <35>: checkTransform: Transform(0), SRCRect(0,0)
04-18 15:31:45.262   679  2915 I DPUModule: DpuR5P0::checkAFBCBlockSize <97>: checkAFBCBlockSize: compressed(1),format(1), pitch(720), vstride(80)
04-18 15:31:45.262   679  2915 I DPUModule: DpuR5P0::checkLayerFormat <142>: checkLayerFormat: Format(1)
04-18 15:31:45.262   679  2915 I DPUModule: DpuR5P0::checkTransform <35>: checkTransform: Transform(0), SRCRect(0,0)
04-18 15:31:45.262   679  2915 I DPUModule: DpuR5P0::checkAFBCBlockSize <97>: checkAFBCBlockSize: compressed(1),format(1), pitch(720), vstride(96)
04-18 15:31:45.262   679  2915 D DPUModule: [ …śhu] support: 0
04-18 15:31:45.263  1092  1381 D InputReader: syncTouch: pointerCount 1 -> 1, touching ids 0x80000000 -> 0x80000000, hovering ids 0x00000000 -> 0x00000000, canceled ids 0x00000000
04-18 15:31:45.263  1092  1381 D InputReader: dispatchTouches action MOVE now(ns): 756334732236332
04-18 15:31:45.263  1092  1381 D InputReader: notifyMotion call dispatcher
04-18 15:31:45.268  1092  1381 D InputReader: syncTouch: pointerCount 1 -> 1, touching ids 0x80000000 -> 0x80000000, hovering ids 0x00000000 -> 0x00000000, canceled ids 0x00000000
04-18 15:31:45.268  1092  1381 D InputReader: dispatchTouches action MOVE now(ns): 756334736668870
04-18 15:31:45.268  1092  1381 D InputReader: notifyMotion call dispatcher
04-18 15:31:45.274  1092  1381 D InputReader: syncTouch: pointerCount 1 -> 1, touching ids 0x80000000 -> 0x80000000, hovering ids 0x00000000 -> 0x00000000, canceled ids 0x00000000
04-18 15:31:45.274  1092  1381 D InputReader: dispatchTouches action MOVE now(ns): 756334743139216
04-18 15:31:45.274  1092  1381 D InputReader: notifyMotion call dispatcher
04-18 15:31:45.279  1092  1381 D InputReader: syncTouch: pointerCount 1 -> 1, touching ids 0x80000000 -> 0x80000000, hovering ids 0x00000000 -> 0x00000000, canceled ids 0x00000000
04-18 15:31:45.279  1092  1381 D InputReader: dispatchTouches action MOVE now(ns): 756334747782447
04-18 15:31:45.279  1092  1381 D InputReader: notifyMotion call dispatcher
04-18 15:31:45.284  1092  1381 D InputReader: syncTouch: pointerCount 1 -> 1, touching ids 0x80000000 -> 0x80000000, hovering ids 0x00000000 -> 0x00000000, canceled ids 0x00000000
04-18 15:31:45.284  1092  1381 D InputReader: dispatchTouches action MOVE now(ns): 756334753325639
04-18 15:31:45.284  1092  1381 D InputReader: notifyMotion call dispatcher
04-18 15:31:45.284   679  2915 I DPUModule: DpuR5P0::checkLayerFormat <142>: checkLayerFormat: Format(1)
04-18 15:31:45.284   679  2915 I DPUModule: DpuR5P0::checkTransform <35>: checkTransform: Transform(0), SRCRect(0,0)
04-18 15:31:45.284   679  2915 I DPUModule: DpuR5P0::checkAFBCBlockSize <97>: checkAFBCBlockSize: compressed(1),format(1), pitch(720), vstride(1616)
04-18 15:31:45.284   679  2915 I DPUModule: DpuR5P0::checkLayerFormat <142>: checkLayerFormat: Format(1)
04-18 15:31:45.284   679  2915 I DPUModule: DpuR5P0::checkTransform <35>: checkTransform: Transform(0), SRCRect(0,0)
04-18 15:31:45.284   679  2915 I DPUModule: DpuR5P0::checkAFBCBlockSize <97>: checkAFBCBlockSize: compressed(1),format(1), pitch(720), vstride(80)
04-18 15:31:45.284   679  2915 I DPUModule: DpuR5P0::checkLayerFormat <142>: checkLayerFormat: Format(1)
04-18 15:31:45.284   679  2915 I DPUModule: DpuR5P0::checkTransform <35>: checkTransform: Transform(0), SRCRect(0,0)
04-18 15:31:45.284   679  2915 I DPUModule: DpuR5P0::checkAFBCBlockSize <97>: checkAFBCBlockSize: compressed(1),format(1), pitch(720), vstride(96)
04-18 15:31:45.284   679  2915 D DPUModule: [ …śhu] support: 0
04-18 15:31:45.290  1092  1381 D InputReader: syncTouch: pointerCount 1 -> 1, touching ids 0x80000000 -> 0x80000000, hovering ids 0x00000000 -> 0x00000000, canceled ids 0x00000000
04-18 15:31:45.290  1092  1381 D InputReader: dispatchTouches action MOVE now(ns): 756334758984716
04-18 15:31:45.290  1092  1381 D InputReader: notifyMotion call dispatcher
04-18 15:31:45.296   679  2915 I DPUModule: DpuR5P0::checkLayerFormat <142>: checkLayerFormat: Format(1)
04-18 15:31:45.296   679  2915 I DPUModule: DpuR5P0::checkTransform <35>: checkTransform: Transform(0), SRCRect(0,0)
04-18 15:31:45.296   679  2915 I DPUModule: DpuR5P0::checkAFBCBlockSize <97>: checkAFBCBlockSize: compressed(1),format(1), pitch(720), vstride(1616)
04-18 15:31:45.296   679  2915 I DPUModule: DpuR5P0::checkLayerFormat <142>: checkLayerFormat: Format(1)
04-18 15:31:45.296   679  2915 I DPUModule: DpuR5P0::checkTransform <35>: checkTransform: Transform(0), SRCRect(0,0)
04-18 15:31:45.296   679  2915 I DPUModule: DpuR5P0::checkAFBCBlockSize <97>: checkAFBCBlockSize: compressed(1),format(1), pitch(720), vstride(80)
04-18 15:31:45.296   679  2915 I DPUModule: DpuR5P0::checkLayerFormat <142>: checkLayerFormat: Format(1)
04-18 15:31:45.296   679  2915 I DPUModule: DpuR5P0::checkTransform <35>: checkTransform: Transform(0), SRCRect(0,0)
04-18 15:31:45.296   679  2915 I DPUModule: DpuR5P0::checkAFBCBlockSize <97>: checkAFBCBlockSize: compressed(1),format(1), pitch(720), vstride(96)
04-18 15:31:45.296   679  2915 D DPUModule: [ …śhu] support: 0
04-18 15:31:45.296 26288 26308 I incfs   : Initial API level of the device: 33
04-18 15:31:45.298  1092  1381 D InputReader: syncTouch: pointerCount 1 -> 1, touching ids 0x80000000 -> 0x80000000, hovering ids 0x00000000 -> 0x00000000, canceled ids 0x00000000
04-18 15:31:45.298   674 11196 I audio_hw_primary: app type:0x   0, is_voip:0, device:2, pcm:-352510464, usecase:0x   8
04-18 15:31:45.298  1092  1381 D InputReader: dispatchTouches action MOVE now(ns): 756334767421255
04-18 15:31:45.298  1092  1381 D InputReader: notifyMotion call dispatcher
04-18 15:31:45.302  1092  1381 D InputReader: syncTouch: pointerCount 1 -> 1, touching ids 0x80000000 -> 0x80000000, hovering ids 0x00000000 -> 0x00000000, canceled ids 0x00000000
04-18 15:31:45.303  1092  1381 D InputReader: dispatchTouches action MOVE now(ns): 756334771499716
04-18 15:31:45.303  1092  1381 D InputReader: notifyMotion call dispatcher
04-18 15:31:45.307  1092  1381 D InputReader: syncTouch: pointerCount 1 -> 1, touching ids 0x80000000 -> 0x80000000, hovering ids 0x00000000 -> 0x00000000, canceled ids 0x00000000
04-18 15:31:45.307  1092  1381 D InputReader: dispatchTouches action MOVE now(ns): 756334776278947
04-18 15:31:45.307  1092  1381 D InputReader: notifyMotion call dispatcher
04-18 15:31:45.312  1092  1381 D InputReader: syncTouch: pointerCount 1 -> 1, touching ids 0x80000000 -> 0x80000000, hovering ids 0x00000000 -> 0x00000000, canceled ids 0x00000000
04-18 15:31:45.312  1092  1381 D InputReader: dispatchTouches action MOVE now(ns): 756334780952755
04-18 15:31:45.312  1092  1381 D InputReader: notifyMotion call dispatcher
04-18 15:31:45.313 26288 26308 I incfs   : ro.incremental.enable: module:/vendor/lib/modules/incrementalfs.ko
04-18 15:31:45.313 26288 26288 W com.google.android.apps.wellbeing: type=1400 audit(0.0:856287): avc: denied { read } for comm=424720546872656164202332 name="filesystems" dev="proc" ino=4026532135 scontext=u:r:priv_app:s0:c512,c768 tcontext=u:object_r:proc_filesystems:s0 tclass=file permissive=0 app=com.google.android.apps.wellbeing
04-18 15:31:45.313 26288 26288 W com.google.android.apps.wellbeing: type=1400 audit(0.0:856288): avc: denied { read } for comm=424720546872656164202332 name="filesystems" dev="proc" ino=4026532135 scontext=u:r:priv_app:s0:c512,c768 tcontext=u:object_r:proc_filesystems:s0 tclass=file permissive=0 app=com.google.android.apps.wellbeing
04-18 15:31:45.316 26288 26308 E incfs   : could not open IncFs kernel module "/vendor/lib/modules/incrementalfs.ko": No such file or directory
04-18 15:31:45.316 26288 26308 I incfs   : IncFs_Features: v2
04-18 15:31:45.317   679  2915 I DPUModule: DpuR5P0::checkLayerFormat <142>: checkLayerFormat: Format(1)
04-18 15:31:45.317   679  2915 I DPUModule: DpuR5P0::checkTransform <35>: checkTransform: Transform(0), SRCRect(0,0)
04-18 15:31:45.317   679  2915 I DPUModule: DpuR5P0::checkAFBCBlockSize <97>: checkAFBCBlockSize: compressed(1),format(1), pitch(720), vstride(1616)
04-18 15:31:45.317   679  2915 I DPUModule: DpuR5P0::checkLayerFormat <142>: checkLayerFormat: Format(1)
04-18 15:31:45.317   679  2915 I DPUModule: DpuR5P0::checkTransform <35>: checkTransform: Transform(0), SRCRect(0,0)
04-18 15:31:45.317   679  2915 I DPUModule: DpuR5P0::checkAFBCBlockSize <97>: checkAFBCBlockSize: compressed(1),format(1), pitch(720), vstride(80)
04-18 15:31:45.317   679  2915 I DPUModule: DpuR5P0::checkLayerFormat <142>: checkLayerFormat: Format(1)
04-18 15:31:45.317   679  2915 I DPUModule: DpuR5P0::checkTransform <35>: checkTransform: Transform(0), SRCRect(0,0)
04-18 15:31:45.317   679  2915 I DPUModule: DpuR5P0::checkAFBCBlockSize <97>: checkAFBCBlockSize: compressed(1),format(1), pitch(720), vstride(96)
04-18 15:31:45.317   679  2915 D DPUModule: [ …śhu] support: 0
04-18 15:31:45.318 26288 26308 I incfs-mounts: [incfs] Loaded incremental-fs mount info: 1 instances, 2 mount points
04-18 15:31:45.318  1092  1381 D InputReader: syncTouch: pointerCount 1 -> 1, touching ids 0x80000000 -> 0x80000000, hovering ids 0x00000000 -> 0x00000000, canceled ids 0x00000000
04-18 15:31:45.318  1092  1381 D InputReader: dispatchTouches action MOVE now(ns): 756334787433178
04-18 15:31:45.318  1092  1381 D InputReader: notifyMotion call dispatcher
04-18 15:31:45.323  1092  1381 D InputReader: syncTouch: pointerCount 1 -> 1, touching ids 0x80000000 -> 0x80000000, hovering ids 0x00000000 -> 0x00000000, canceled ids 0x00000000
04-18 15:31:45.323  1092  1381 D InputReader: dispatchTouches action MOVE now(ns): 756334792247755
04-18 15:31:45.323  1092  1381 D InputReader: notifyMotion call dispatcher
04-18 15:31:45.328  1092  1381 D InputReader: syncTouch: pointerCount 1 -> 1, touching ids 0x80000000 -> 0x80000000, hovering ids 0x00000000 -> 0x00000000, canceled ids 0x00000000
04-18 15:31:45.329  1092  1381 D InputReader: dispatchTouches action MOVE now(ns): 756334797554755
04-18 15:31:45.329   679  2915 I DPUModule: DpuR5P0::checkLayerFormat <142>: checkLayerFormat: Format(1)
04-18 15:31:45.329  1092  1381 D InputReader: notifyMotion call dispatcher
04-18 15:31:45.329   679  2915 I DPUModule: DpuR5P0::checkTransform <35>: checkTransform: Transform(0), SRCRect(0,0)
04-18 15:31:45.329   679  2915 I DPUModule: DpuR5P0::checkAFBCBlockSize <97>: checkAFBCBlockSize: compressed(1),format(1), pitch(720), vstride(1616)
04-18 15:31:45.329   679  2915 I DPUModule: DpuR5P0::checkLayerFormat <142>: checkLayerFormat: Format(1)
04-18 15:31:45.329   679  2915 I DPUModule: DpuR5P0::checkTransform <35>: checkTransform: Transform(0), SRCRect(0,0)
04-18 15:31:45.329   679  2915 I DPUModule: DpuR5P0::checkAFBCBlockSize <97>: checkAFBCBlockSize: compressed(1),format(1), pitch(720), vstride(80)
04-18 15:31:45.329   679  2915 I DPUModule: DpuR5P0::checkLayerFormat <142>: checkLayerFormat: Format(1)
04-18 15:31:45.329   679  2915 I DPUModule: DpuR5P0::checkTransform <35>: checkTransform: Transform(0), SRCRect(0,0)
04-18 15:31:45.329   679  2915 I DPUModule: DpuR5P0::checkAFBCBlockSize <97>: checkAFBCBlockSize: compressed(1),format(1), pitch(720), vstride(96)
04-18 15:31:45.329   679  2915 D DPUModule: [ …śhu] support: 0
04-18 15:31:45.335  1092  1381 D InputReader: syncTouch: pointerCount 1 -> 1, touching ids 0x80000000 -> 0x80000000, hovering ids 0x00000000 -> 0x00000000, canceled ids 0x00000000
04-18 15:31:45.335  1092  1381 D InputReader: dispatchTouches action MOVE now(ns): 756334804340332
04-18 15:31:45.335  1092  1381 D InputReader: notifyMotion call dispatcher
04-18 15:31:45.339   674 11196 I audio_hw_primary: app type:0x   0, is_voip:0, device:2, pcm:-352510464, usecase:0x   8
04-18 15:31:45.340  1092  1381 D InputReader: syncTouch: pointerCount 1 -> 1, touching ids 0x80000000 -> 0x80000000, hovering ids 0x00000000 -> 0x00000000, canceled ids 0x00000000
04-18 15:31:45.340  1092  1381 D InputReader: dispatchTouches action MOVE now(ns): 756334808731870
04-18 15:31:45.340  1092  1381 D InputReader: notifyMotion call dispatcher
04-18 15:31:45.345  1092  1381 D InputReader: syncTouch: pointerCount 1 -> 1, touching ids 0x80000000 -> 0x80000000, hovering ids 0x00000000 -> 0x00000000, canceled ids 0x00000000
04-18 15:31:45.345  1092  1381 D InputReader: dispatchTouches action MOVE now(ns): 756334814336755
04-18 15:31:45.345  1092  1381 D InputReader: notifyMotion call dispatcher
04-18 15:31:45.351   679  2915 I DPUModule: DpuR5P0::checkLayerFormat <142>: checkLayerFormat: Format(1)
04-18 15:31:45.351   679  2915 I DPUModule: DpuR5P0::checkTransform <35>: checkTransform: Transform(0), SRCRect(0,0)
04-18 15:31:45.351   679  2915 I DPUModule: DpuR5P0::checkAFBCBlockSize <97>: checkAFBCBlockSize: compressed(1),format(1), pitch(720), vstride(1616)
04-18 15:31:45.351   679  2915 I DPUModule: DpuR5P0::checkLayerFormat <142>: checkLayerFormat: Format(1)
04-18 15:31:45.351   679  2915 I DPUModule: DpuR5P0::checkTransform <35>: checkTransform: Transform(0), SRCRect(0,0)
04-18 15:31:45.351   679  2915 I DPUModule: DpuR5P0::checkAFBCBlockSize <97>: checkAFBCBlockSize: compressed(1),format(1), pitch(720), vstride(80)
04-18 15:31:45.351   679  2915 I DPUModule: DpuR5P0::checkLayerFormat <142>: checkLayerFormat: Format(1)
04-18 15:31:45.351   679  2915 I DPUModule: DpuR5P0::checkTransform <35>: checkTransform: Transform(0), SRCRect(0,0)
04-18 15:31:45.351   679  2915 I DPUModule: DpuR5P0::checkAFBCBlockSize <97>: checkAFBCBlockSize: compressed(1),format(1), pitch(720), vstride(96)
04-18 15:31:45.351   679  2915 D DPUModule: [ …śhu] support: 0
04-18 15:31:45.352  1092  1381 D InputReader: syncTouch: pointerCount 1 -> 1, touching ids 0x80000000 -> 0x80000000, hovering ids 0x00000000 -> 0x00000000, canceled ids 0x00000000
04-18 15:31:45.352  1092  1381 D InputReader: dispatchTouches action MOVE now(ns): 756334821203370
04-18 15:31:45.352  1092  1381 D InputReader: notifyMotion call dispatcher
04-18 15:31:45.356  1092  1381 D InputReader: syncTouch: pointerCount 1 -> 1, touching ids 0x80000000 -> 0x80000000, hovering ids 0x00000000 -> 0x00000000, canceled ids 0x00000000
04-18 15:31:45.356  1092  1381 D InputReader: dispatchTouches action MOVE now(ns): 756334825453639
04-18 15:31:45.356  1092  1381 D InputReader: notifyMotion call dispatcher
04-18 15:31:45.362   679  2915 I DPUModule: DpuR5P0::checkLayerFormat <142>: checkLayerFormat: Format(1)
04-18 15:31:45.362   679  2915 I DPUModule: DpuR5P0::checkTransform <35>: checkTransform: Transform(0), SRCRect(0,0)
04-18 15:31:45.362   679  2915 I DPUModule: DpuR5P0::checkAFBCBlockSize <97>: checkAFBCBlockSize: compressed(1),format(1), pitch(720), vstride(1616)
04-18 15:31:45.362   679  2915 I DPUModule: DpuR5P0::checkLayerFormat <142>: checkLayerFormat: Format(1)
04-18 15:31:45.362   679  2915 I DPUModule: DpuR5P0::checkTransform <35>: checkTransform: Transform(0), SRCRect(0,0)
04-18 15:31:45.362   679  2915 I DPUModule: DpuR5P0::checkAFBCBlockSize <97>: checkAFBCBlockSize: compressed(1),format(1), pitch(720), vstride(80)
04-18 15:31:45.362   679  2915 I DPUModule: DpuR5P0::checkLayerFormat <142>: checkLayerFormat: Format(1)
04-18 15:31:45.362   679  2915 I DPUModule: DpuR5P0::checkTransform <35>: checkTransform: Transform(0), SRCRect(0,0)
04-18 15:31:45.362   679  2915 I DPUModule: DpuR5P0::checkAFBCBlockSize <97>: checkAFBCBlockSize: compressed(1),format(1), pitch(720), vstride(96)
04-18 15:31:45.362   679  2915 D DPUModule: [ …śhu] support: 0
04-18 15:31:45.362  1092  1381 D InputReader: syncTouch: pointerCount 1 -> 1, touching ids 0x80000000 -> 0x80000000, hovering ids 0x00000000 -> 0x00000000, canceled ids 0x00000000
04-18 15:31:45.362  1092  1381 D InputReader: dispatchTouches action MOVE now(ns): 756334830887293
04-18 15:31:45.362  1092  1381 D InputReader: notifyMotion call dispatcher
04-18 15:31:45.367  1092  1381 D InputReader: syncTouch: pointerCount 1 -> 1, touching ids 0x80000000 -> 0x80000000, hovering ids 0x00000000 -> 0x00000000, canceled ids 0x00000000
04-18 15:31:45.368  1092  1381 D InputReader: dispatchTouches action MOVE now(ns): 756334836506409
04-18 15:31:45.368  1092  1381 D InputReader: notifyMotion call dispatcher
04-18 15:31:45.379   674 11196 I audio_hw_primary: app type:0x   0, is_voip:0, device:2, pcm:-352510464, usecase:0x   8
04-18 15:31:45.384   679  2915 I DPUModule: DpuR5P0::checkLayerFormat <142>: checkLayerFormat: Format(1)
04-18 15:31:45.384   679  2915 I DPUModule: DpuR5P0::checkTransform <35>: checkTransform: Transform(0), SRCRect(0,0)
04-18 15:31:45.384   679  2915 I DPUModule: DpuR5P0::checkAFBCBlockSize <97>: checkAFBCBlockSize: compressed(1),format(1), pitch(720), vstride(1616)
04-18 15:31:45.384   679  2915 I DPUModule: DpuR5P0::checkLayerFormat <142>: checkLayerFormat: Format(1)
04-18 15:31:45.384   679  2915 I DPUModule: DpuR5P0::checkTransform <35>: checkTransform: Transform(0), SRCRect(0,0)
04-18 15:31:45.384   679  2915 I DPUModule: DpuR5P0::checkAFBCBlockSize <97>: checkAFBCBlockSize: compressed(1),format(1), pitch(720), vstride(80)
04-18 15:31:45.384   679  2915 I DPUModule: DpuR5P0::checkLayerFormat <142>: checkLayerFormat: Format(1)
04-18 15:31:45.384   679  2915 I DPUModule: DpuR5P0::checkTransform <35>: checkTransform: Transform(0), SRCRect(0,0)
04-18 15:31:45.384   679  2915 I DPUModule: DpuR5P0::checkAFBCBlockSize <97>: checkAFBCBlockSize: compressed(1),format(1), pitch(720), vstride(96)
04-18 15:31:45.384   679  2915 D DPUModule: [ …śhu] support: 0
04-18 15:31:45.395   679  2915 I DPUModule: DpuR5P0::checkLayerFormat <142>: checkLayerFormat: Format(1)
04-18 15:31:45.395   679  2915 I DPUModule: DpuR5P0::checkTransform <35>: checkTransform: Transform(0), SRCRect(0,0)
04-18 15:31:45.395   679  2915 I DPUModule: DpuR5P0::checkAFBCBlockSize <97>: checkAFBCBlockSize: compressed(1),format(1), pitch(720), vstride(1616)
04-18 15:31:45.395   679  2915 I DPUModule: DpuR5P0::checkLayerFormat <142>: checkLayerFormat: Format(1)
04-18 15:31:45.395   679  2915 I DPUModule: DpuR5P0::checkTransform <35>: checkTransform: Transform(0), SRCRect(0,0)
04-18 15:31:45.395   679  2915 I DPUModule: DpuR5P0::checkAFBCBlockSize <97>: checkAFBCBlockSize: compressed(1),format(1), pitch(720), vstride(80)
04-18 15:31:45.395   679  2915 I DPUModule: DpuR5P0::checkLayerFormat <142>: checkLayerFormat: Format(1)
04-18 15:31:45.395   679  2915 I DPUModule: DpuR5P0::checkTransform <35>: checkTransform: Transform(0), SRCRect(0,0)
04-18 15:31:45.395   679  2915 I DPUModule: DpuR5P0::checkAFBCBlockSize <97>: checkAFBCBlockSize: compressed(1),format(1), pitch(720), vstride(96)
04-18 15:31:45.395   679  2915 D DPUModule: [ …śhu] support: 0
04-18 15:31:45.395  1092  1381 D InputReader: syncTouch: pointerCount 1 -> 1, touching ids 0x80000000 -> 0x80000000, hovering ids 0x00000000 -> 0x00000000, canceled ids 0x00000000
04-18 15:31:45.395  1092  1381 D InputReader: dispatchTouches action MOVE now(ns): 756334864391793
04-18 15:31:45.395  1092  1381 D InputReader: notifyMotion call dispatcher
04-18 15:31:45.401  1092  1381 D InputReader: syncTouch: pointerCount 1 -> 1, touching ids 0x80000000 -> 0x80000000, hovering ids 0x00000000 -> 0x00000000, canceled ids 0x00000000
04-18 15:31:45.401  1092  1381 D InputReader: dispatchTouches action MOVE now(ns): 756334870063139
04-18 15:31:45.401  1092  1381 D InputReader: notifyMotion call dispatcher
04-18 15:31:45.406  1092  1381 D InputReader: syncTouch: pointerCount 1 -> 1, touching ids 0x80000000 -> 0x80000000, hovering ids 0x00000000 -> 0x00000000, canceled ids 0x00000000
04-18 15:31:45.406  1092  1381 D InputReader: dispatchTouches action MOVE now(ns): 756334875236447
04-18 15:31:45.406  1092  1381 D InputReader: notifyMotion call dispatcher
04-18 15:31:45.412  1092  1381 D InputReader: syncTouch: pointerCount 1 -> 1, touching ids 0x80000000 -> 0x80000000, hovering ids 0x00000000 -> 0x00000000, canceled ids 0x00000000
04-18 15:31:45.412  1092  1381 D InputReader: dispatchTouches action MOVE now(ns): 756334881139370
04-18 15:31:45.412  1092  1381 D InputReader: notifyMotion call dispatcher
04-18 15:31:45.418   679  2915 I DPUModule: DpuR5P0::checkLayerFormat <142>: checkLayerFormat: Format(1)
04-18 15:31:45.418   679  2915 I DPUModule: DpuR5P0::checkTransform <35>: checkTransform: Transform(0), SRCRect(0,0)
04-18 15:31:45.418   679  2915 I DPUModule: DpuR5P0::checkAFBCBlockSize <97>: checkAFBCBlockSize: compressed(1),format(1), pitch(720), vstride(1616)
04-18 15:31:45.418   679  2915 I DPUModule: DpuR5P0::checkLayerFormat <142>: checkLayerFormat: Format(1)
04-18 15:31:45.418   679  2915 I DPUModule: DpuR5P0::checkTransform <35>: checkTransform: Transform(0), SRCRect(0,0)
04-18 15:31:45.418   679  2915 I DPUModule: DpuR5P0::checkAFBCBlockSize <97>: checkAFBCBlockSize: compressed(1),format(1), pitch(720), vstride(80)
04-18 15:31:45.418   679  2915 I DPUModule: DpuR5P0::checkLayerFormat <142>: checkLayerFormat: Format(1)
04-18 15:31:45.418   679  2915 I DPUModule: DpuR5P0::checkTransform <35>: checkTransform: Transform(0), SRCRect(0,0)
04-18 15:31:45.418   679  2915 I DPUModule: DpuR5P0::checkAFBCBlockSize <97>: checkAFBCBlockSize: compressed(1),format(1), pitch(720), vstride(96)
04-18 15:31:45.418   679  2915 D DPUModule: [ …śhu] support: 0
04-18 15:31:45.418  1092  1381 D InputReader: syncTouch: pointerCount 1 -> 1, touching ids 0x80000000 -> 0x80000000, hovering ids 0x00000000 -> 0x00000000, canceled ids 0x00000000
04-18 15:31:45.418  1092  1381 D InputReader: dispatchTouches action MOVE now(ns): 756334886693601
04-18 15:31:45.418  1092  1381 D InputReader: notifyMotion call dispatcher
04-18 15:31:45.420   674 11196 I audio_hw_primary: app type:0x   0, is_voip:0, device:2, pcm:-352510464, usecase:0x   8
04-18 15:31:45.423  1092  1381 D InputReader: syncTouch: pointerCount 1 -> 1, touching ids 0x80000000 -> 0x80000000, hovering ids 0x00000000 -> 0x00000000, canceled ids 0x00000000
04-18 15:31:45.423  1092  1381 D InputReader: dispatchTouches action MOVE now(ns): 756334892275908
04-18 15:31:45.423  1092  1381 D InputReader: notifyMotion call dispatcher
04-18 15:31:45.428   679  2915 I DPUModule: DpuR5P0::checkLayerFormat <142>: checkLayerFormat: Format(1)
04-18 15:31:45.428   679  2915 I DPUModule: DpuR5P0::checkTransform <35>: checkTransform: Transform(0), SRCRect(0,0)
04-18 15:31:45.428   679  2915 I DPUModule: DpuR5P0::checkAFBCBlockSize <97>: checkAFBCBlockSize: compressed(1),format(1), pitch(720), vstride(1616)
04-18 15:31:45.428   679  2915 I DPUModule: DpuR5P0::checkLayerFormat <142>: checkLayerFormat: Format(1)
04-18 15:31:45.428   679  2915 I DPUModule: DpuR5P0::checkTransform <35>: checkTransform: Transform(0), SRCRect(0,0)
04-18 15:31:45.428   679  2915 I DPUModule: DpuR5P0::checkAFBCBlockSize <97>: checkAFBCBlockSize: compressed(1),format(1), pitch(720), vstride(80)
04-18 15:31:45.428   679  2915 I DPUModule: DpuR5P0::checkLayerFormat <142>: checkLayerFormat: Format(1)
04-18 15:31:45.428   679  2915 I DPUModule: DpuR5P0::checkTransform <35>: checkTransform: Transform(0), SRCRect(0,0)
04-18 15:31:45.428   679  2915 I DPUModule: DpuR5P0::checkAFBCBlockSize <97>: checkAFBCBlockSize: compressed(1),format(1), pitch(720), vstride(96)
04-18 15:31:45.428   679  2915 D DPUModule: [ …śhu] support: 0
04-18 15:31:45.440  1092  1381 I InputReader: processEventsLocked: type=3 Count=4 code=57 value=-1 deviceId=1 when=756334908497000
04-18 15:31:45.440  1092  1381 D InputReader: syncTouch: pointerCount 1 -> 0, touching ids 0x80000000 -> 0x00000000, hovering ids 0x00000000 -> 0x00000000, canceled ids 0x00000000
04-18 15:31:45.440  1092  1381 D InputReader: dispatchTouches action UP now(ns): 756334909104793
04-18 15:31:45.440  1092  1381 D InputReader: notifyMotion call dispatcher
04-18 15:31:45.441 20936 20936 D TranFlingManagerImpl: onOverScrollerFinish()
04-18 15:31:45.451   679  2915 I DPUModule: DpuR5P0::checkLayerFormat <142>: checkLayerFormat: Format(1)
04-18 15:31:45.451   679  2915 I DPUModule: DpuR5P0::checkTransform <35>: checkTransform: Transform(0), SRCRect(0,0)
04-18 15:31:45.451   679  2915 I DPUModule: DpuR5P0::checkAFBCBlockSize <97>: checkAFBCBlockSize: compressed(1),format(1), pitch(720), vstride(1616)
04-18 15:31:45.451   679  2915 I DPUModule: DpuR5P0::checkLayerFormat <142>: checkLayerFormat: Format(1)
04-18 15:31:45.451   679  2915 I DPUModule: DpuR5P0::checkTransform <35>: checkTransform: Transform(0), SRCRect(0,0)
04-18 15:31:45.451   679  2915 I DPUModule: DpuR5P0::checkAFBCBlockSize <97>: checkAFBCBlockSize: compressed(1),format(1), pitch(720), vstride(80)
04-18 15:31:45.451   679  2915 I DPUModule: DpuR5P0::checkLayerFormat <142>: checkLayerFormat: Format(1)
04-18 15:31:45.451   679  2915 I DPUModule: DpuR5P0::checkTransform <35>: checkTransform: Transform(0), SRCRect(0,0)
04-18 15:31:45.451   679  2915 I DPUModule: DpuR5P0::checkAFBCBlockSize <97>: checkAFBCBlockSize: compressed(1),format(1), pitch(720), vstride(96)
04-18 15:31:45.451   679  2915 D DPUModule: [ …śhu] support: 0
04-18 15:31:45.460   674 11196 I audio_hw_primary: app type:0x   0, is_voip:0, device:2, pcm:-352510464, usecase:0x   8
04-18 15:31:45.483   717   717 D SurfaceFlinger: unisoc-graphics, commit has frameMissed:2, vysncId:252968557
04-18 15:31:45.485   679  2915 I DPUModule: DpuR5P0::checkLayerFormat <142>: checkLayerFormat: Format(1)
04-18 15:31:45.485   679  2915 I DPUModule: DpuR5P0::checkTransform <35>: checkTransform: Transform(0), SRCRect(0,0)
04-18 15:31:45.485   679  2915 I DPUModule: DpuR5P0::checkAFBCBlockSize <97>: checkAFBCBlockSize: compressed(1),format(1), pitch(720), vstride(1616)
04-18 15:31:45.485   679  2915 I DPUModule: DpuR5P0::checkLayerFormat <142>: checkLayerFormat: Format(1)
04-18 15:31:45.485   679  2915 I DPUModule: DpuR5P0::checkTransform <35>: checkTransform: Transform(0), SRCRect(0,0)
04-18 15:31:45.485   679  2915 I DPUModule: DpuR5P0::checkAFBCBlockSize <97>: checkAFBCBlockSize: compressed(1),format(1), pitch(720), vstride(80)
04-18 15:31:45.485   679  2915 I DPUModule: DpuR5P0::checkLayerFormat <142>: checkLayerFormat: Format(1)
04-18 15:31:45.485   679  2915 I DPUModule: DpuR5P0::checkTransform <35>: checkTransform: Transform(0), SRCRect(0,0)
04-18 15:31:45.485   679  2915 I DPUModule: DpuR5P0::checkAFBCBlockSize <97>: checkAFBCBlockSize: compressed(1),format(1), pitch(720), vstride(96)
04-18 15:31:45.485   679  2915 D DPUModule: [ …śhu] support: 0
04-18 15:31:45.500   674 11196 I audio_hw_primary: app type:0x   0, is_voip:0, device:2, pcm:-352510464, usecase:0x   8
04-18 15:31:45.517   717   717 D SurfaceFlinger: unisoc-graphics, commit has frameMissed:2, vysncId:252968573
04-18 15:31:45.538   674 11196 I audio_hw_primary: app type:0x   0, is_voip:0, device:2, pcm:-352510464, usecase:0x   8
04-18 15:31:45.550   717   717 D SurfaceFlinger: unisoc-graphics, commit has frameMissed:2, vysncId:252968582
04-18 15:31:45.580   674 11196 I audio_hw_primary: app type:0x   0, is_voip:0, device:2, pcm:-352510464, usecase:0x   8
04-18 15:31:45.583   717   717 D SurfaceFlinger: unisoc-graphics, commit has frameMissed:2, vysncId:252968591
04-18 15:31:45.616   717   717 D SurfaceFlinger: unisoc-graphics, commit has frameMissed:2, vysncId:252968600
04-18 15:31:45.618   674 11196 I audio_hw_primary: app type:0x   0, is_voip:0, device:2, pcm:-352510464, usecase:0x   8
04-18 15:31:45.650   717   717 D SurfaceFlinger: unisoc-graphics, commit has frameMissed:2, vysncId:252968609
04-18 15:31:45.658   674 11196 I audio_hw_primary: app type:0x   0, is_voip:0, device:2, pcm:-352510464, usecase:0x   8
04-18 15:31:45.684   717   717 D SurfaceFlinger: unisoc-graphics, commit has frameMissed:2, vysncId:252968618
04-18 15:31:45.685   679  2915 D SPRDHWComposer: HWCDisplay::get_display_attribute <520>: config = 0
04-18 15:31:45.685   679  2915 D SPRDHWComposer: SprdDrm:: getActiveConfig: 1
04-18 15:31:45.685   679  2915 D SPRDHWComposer: HWCDisplay::get_display_attribute <520>: config = 1
04-18 15:31:45.686   679  2915 D SPRDHWComposer: SprdDrm:: getActiveConfig: 1
04-18 15:31:45.686   679  2915 D SPRDHWComposer: HWCDisplay::get_display_attribute <520>: config = 0
04-18 15:31:45.686   679  2915 I SPRDHWComposer: SprdDrm:: setActiveConfig: 0, DisplayType:0
04-18 15:31:45.686   679  2915 I SPRDHWComposer: Create blob_id: 94
04-18 15:31:45.687   679  2915 I DPUModule: DpuR5P0::checkLayerFormat <142>: checkLayerFormat: Format(1)
04-18 15:31:45.687   679  2915 I DPUModule: DpuR5P0::checkTransform <35>: checkTransform: Transform(0), SRCRect(0,0)
04-18 15:31:45.687   679  2915 I DPUModule: DpuR5P0::checkAFBCBlockSize <97>: checkAFBCBlockSize: compressed(1),format(1), pitch(720), vstride(1616)
04-18 15:31:45.687   679  2915 I DPUModule: DpuR5P0::checkLayerFormat <142>: checkLayerFormat: Format(1)
04-18 15:31:45.687   679  2915 I DPUModule: DpuR5P0::checkTransform <35>: checkTransform: Transform(0), SRCRect(0,0)
04-18 15:31:45.687   679  2915 I DPUModule: DpuR5P0::checkAFBCBlockSize <97>: checkAFBCBlockSize: compressed(1),format(1), pitch(720), vstride(80)
04-18 15:31:45.687   679  2915 I DPUModule: DpuR5P0::checkLayerFormat <142>: checkLayerFormat: Format(1)
04-18 15:31:45.687   679  2915 I DPUModule: DpuR5P0::checkTransform <35>: checkTransform: Transform(0), SRCRect(0,0)
04-18 15:31:45.687   679  2915 I DPUModule: DpuR5P0::checkAFBCBlockSize <97>: checkAFBCBlockSize: compressed(1),format(1), pitch(720), vstride(96)
04-18 15:31:45.687   679  2915 D DPUModule: [ …śhu] support: 0
04-18 15:31:45.691   679  2915 I DPUModule: DpuR5P0::checkLayerFormat <142>: checkLayerFormat: Format(1)
04-18 15:31:45.691   679  2915 I DPUModule: DpuR5P0::checkTransform <35>: checkTransform: Transform(0), SRCRect(0,0)
04-18 15:31:45.691   679  2915 I DPUModule: DpuR5P0::checkAFBCBlockSize <97>: checkAFBCBlockSize: compressed(1),format(1), pitch(720), vstride(1616)
04-18 15:31:45.691   679  2915 I DPUModule: DpuR5P0::checkLayerFormat <142>: checkLayerFormat: Format(1)
04-18 15:31:45.691   679  2915 I DPUModule: DpuR5P0::checkTransform <35>: checkTransform: Transform(0), SRCRect(0,0)
04-18 15:31:45.691   679  2915 I DPUModule: DpuR5P0::checkAFBCBlockSize <97>: checkAFBCBlockSize: compressed(1),format(1), pitch(720), vstride(80)
04-18 15:31:45.691   679  2915 I DPUModule: DpuR5P0::checkLayerFormat <142>: checkLayerFormat: Format(1)
04-18 15:31:45.691   679  2915 I DPUModule: DpuR5P0::checkTransform <35>: checkTransform: Transform(0), SRCRect(0,0)
04-18 15:31:45.691   679  2915 I DPUModule: DpuR5P0::checkAFBCBlockSize <97>: checkAFBCBlockSize: compressed(1),format(1), pitch(720), vstride(96)
04-18 15:31:45.691   679  2915 D DPUModule: [ …śhu] support: 0
04-18 15:31:45.693   717   836 W VSyncPredictor: VSyncPredictor::setPeriod current period =16666667
04-18 15:31:45.695  1092  1241 I DisplayDeviceRepository: Display device changed: DisplayDeviceInfo{"Built-in Screen": uniqueId="local:0", 720 x 1612, modeId 1, defaultModeId 1, supportedModes [{id=1, width=720, height=1612, fps=60.0, alternativeRefreshRates=[90.0]}, {id=2, width=720, height=1612, fps=90.0, alternativeRefreshRates=[60.0]}], colorMode 0, supportedColorModes [0], hdrCapabilities HdrCapabilities{mSupportedHdrTypes=[], mMaxLuminance=500.0, mMaxAverageLuminance=500.0, mMinLuminance=0.0}, allmSupported false, gameContentTypeSupported false, density 320, 268.941 x 269.373 dpi, appVsyncOff 1000000, presDeadline 16666667, cutout DisplayCutout{insets=Rect(0, 80 - 0, 0) waterfall=Insets{left=0, top=0, right=0, bottom=0} boundingRect={Bounds=[Rect(0, 0 - 0, 0), Rect(312, 0 - 408, 80), Rect(0, 0 - 0, 0), Rect(0, 0 - 0, 0)]} cutoutPathParserInfo={CutoutPathParserInfo{displayWidth=720 displayHeight=1612 physicalDisplayWidth=720 physicalDisplayHeight=1612 density={2.0} cutoutSpec={M -24,0 L -24,40 L 24,40 L 24,0 Z @dp} rotation={0} scale={1.0} physicalPixelDisplaySizeRatio={1.0}}}}, touch INTERNAL, rotation 0, type INTERNAL, address {port=0}, deviceProductInfo null, state ON, frameRateOverride , brightnessMinimum 0.0, brightnessMaximum 1.0, brightnessDefault 0.096576735, FLAG_ALLOWED_TO_BE_DEFAULT_DISPLAY, FLAG_ROTATES_WITH_CONTENT, FLAG_SECURE, FLAG_SUPPORTS_PROTECTED_BUFFERS, installOrientation 0}
04-18 15:31:45.702   674 11196 I audio_hw_primary: app type:0x   0, is_voip:0, device:2, pcm:-352510464, usecase:0x   8
04-18 15:31:45.727   717   717 D SurfaceFlinger: unisoc-graphics, commit has frameMissed:1, vysncId:252968649
04-18 15:31:45.729   679  2915 I DPUModule: DpuR5P0::checkLayerFormat <142>: checkLayerFormat: Format(1)
04-18 15:31:45.729   679  2915 I DPUModule: DpuR5P0::checkTransform <35>: checkTransform: Transform(0), SRCRect(0,0)
04-18 15:31:45.729   679  2915 I DPUModule: DpuR5P0::checkAFBCBlockSize <97>: checkAFBCBlockSize: compressed(1),format(1), pitch(720), vstride(1616)
04-18 15:31:45.729   679  2915 I DPUModule: DpuR5P0::checkLayerFormat <142>: checkLayerFormat: Format(1)
04-18 15:31:45.729   679  2915 I DPUModule: DpuR5P0::checkTransform <35>: checkTransform: Transform(0), SRCRect(0,0)
04-18 15:31:45.729   679  2915 I DPUModule: DpuR5P0::checkAFBCBlockSize <97>: checkAFBCBlockSize: compressed(1),format(1), pitch(720), vstride(80)
04-18 15:31:45.729   679  2915 I DPUModule: DpuR5P0::checkLayerFormat <142>: checkLayerFormat: Format(1)
04-18 15:31:45.729   679  2915 I DPUModule: DpuR5P0::checkTransform <35>: checkTransform: Transform(0), SRCRect(0,0)
04-18 15:31:45.729   679  2915 I DPUModule: DpuR5P0::checkAFBCBlockSize <97>: checkAFBCBlockSize: compressed(1),format(1), pitch(720), vstride(96)
04-18 15:31:45.729   679  2915 D DPUModule: [ …śhu] support: 0
04-18 15:31:45.740   674 11196 I audio_hw_primary: app type:0x   0, is_voip:0, device:2, pcm:-352510464, usecase:0x   8
04-18 15:31:45.778   674 11196 I audio_hw_primary: app type:0x   0, is_voip:0, device:2, pcm:-352510464, usecase:0x   8
04-18 15:31:45.819   674 11196 I audio_hw_primary: app type:0x   0, is_voip:0, device:2, pcm:-352510464, usecase:0x   8
04-18 15:31:45.849  1514  1514 D TranCellSignalStrengthImpl: [LTE] dbm: -104
04-18 15:31:45.849  1514  1514 D TranCellSignalStrengthImpl: [LTE] dbm: -104
04-18 15:31:45.850  1092  1282 D TranCellSignalStrengthImpl: [LTE] dbm: -104
04-18 15:31:45.852  1514  1514 D TranCellSignalStrengthImpl: [LTE] dbm: -104
04-18 15:31:45.852  1514  1514 D TranCellSignalStrengthImpl: [LTE] dbm: -104
04-18 15:31:45.854  1092  1282 D TranCellSignalStrengthImpl: [LTE] dbm: -104
04-18 15:31:45.855  1604  1762 D Dito    : mcc=616, mnc=03
04-18 15:31:45.857  1514  1514 D TranPhoneInterfaceManagerEx: [onSignalStrengthsChanged]
04-18 15:31:45.857  1514  1514 D TranSmartAllocController: mDefaultDataSubId = 5  subId = 5
04-18 15:31:45.857  1514  1514 D TranSmartAllocController: mSupport = true  mBwAllocEnable = true mSimReady =true  mScreenOn =true
04-18 15:31:45.862   674 11196 I audio_hw_primary: app type:0x   0, is_voip:0, device:2, pcm:-352510464, usecase:0x   8
04-18 15:31:45.901   674 11196 I audio_hw_primary: app type:0x   0, is_voip:0, device:2, pcm:-352510464, usecase:0x   8
04-18 15:31:45.913   679  2915 I DPUModule: DpuR5P0::checkLayerFormat <142>: checkLayerFormat: Format(1)
04-18 15:31:45.913   679  2915 I DPUModule: DpuR5P0::checkTransform <35>: checkTransform: Transform(0), SRCRect(0,0)
04-18 15:31:45.913   679  2915 I DPUModule: DpuR5P0::checkAFBCBlockSize <97>: checkAFBCBlockSize: compressed(1),format(1), pitch(720), vstride(1616)
04-18 15:31:45.913   679  2915 I DPUModule: DpuR5P0::checkLayerFormat <142>: checkLayerFormat: Format(1)
04-18 15:31:45.913   679  2915 I DPUModule: DpuR5P0::checkTransform <35>: checkTransform: Transform(0), SRCRect(0,0)
04-18 15:31:45.913   679  2915 I DPUModule: DpuR5P0::checkAFBCBlockSize <97>: checkAFBCBlockSize: compressed(1),format(1), pitch(720), vstride(80)
04-18 15:31:45.913   679  2915 I DPUModule: DpuR5P0::checkLayerFormat <142>: checkLayerFormat: Format(1)
04-18 15:31:45.913   679  2915 I DPUModule: DpuR5P0::checkTransform <35>: checkTransform: Transform(0), SRCRect(0,0)
04-18 15:31:45.913   679  2915 I DPUModule: DpuR5P0::checkAFBCBlockSize <97>: checkAFBCBlockSize: compressed(1),format(1), pitch(720), vstride(96)
04-18 15:31:45.913   679  2915 D DPUModule: [ …śhu] support: 0
04-18 15:31:45.938   674 11196 I audio_hw_primary: app type:0x   0, is_voip:0, device:2, pcm:-352510464, usecase:0x   8
04-18 15:31:45.946   679  2915 I DPUModule: DpuR5P0::checkLayerFormat <142>: checkLayerFormat: Format(1)
04-18 15:31:45.946   679  2915 I DPUModule: DpuR5P0::checkTransform <35>: checkTransform: Transform(0), SRCRect(0,0)
04-18 15:31:45.946   679  2915 I DPUModule: DpuR5P0::checkAFBCBlockSize <97>: checkAFBCBlockSize: compressed(1),format(1), pitch(720), vstride(1616)
04-18 15:31:45.946   679  2915 I DPUModule: DpuR5P0::checkLayerFormat <142>: checkLayerFormat: Format(1)
04-18 15:31:45.946   679  2915 I DPUModule: DpuR5P0::checkTransform <35>: checkTransform: Transform(0), SRCRect(0,0)
04-18 15:31:45.946   679  2915 I DPUModule: DpuR5P0::checkAFBCBlockSize <97>: checkAFBCBlockSize: compressed(1),format(1), pitch(720), vstride(80)
04-18 15:31:45.946   679  2915 I DPUModule: DpuR5P0::checkLayerFormat <142>: checkLayerFormat: Format(1)
04-18 15:31:45.946   679  2915 I DPUModule: DpuR5P0::checkTransform <35>: checkTransform: Transform(0), SRCRect(0,0)
04-18 15:31:45.946   679  2915 I DPUModule: DpuR5P0::checkAFBCBlockSize <97>: checkAFBCBlockSize: compressed(1),format(1), pitch(720), vstride(96)
04-18 15:31:45.946   679  2915 D DPUModule: [ …śhu] support: 0
04-18 15:31:45.983   674 11196 I audio_hw_primary: app type:0x   0, is_voip:0, device:2, pcm:-352510464, usecase:0x   8
04-18 15:31:46.024   674 11196 I audio_hw_primary: app type:0x   0, is_voip:0, device:2, pcm:-352510464, usecase:0x   8
04-18 15:31:46.062   674 11196 I audio_hw_primary: app type:0x   0, is_voip:0, device:2, pcm:-352510464, usecase:0x   8
04-18 15:31:46.101   674 11196 I audio_hw_primary: app type:0x   0, is_voip:0, device:2, pcm:-352510464, usecase:0x   8
04-18 15:31:46.141  1092  1300 D AutomaticBrightnessController: updateAutoBrightness: mScreenAutoBrightness=0.106077656, newScreenAutoBrightness=0.082079366, mAmbientLux=2.25, mScreenDarkeningThreshold= 0.08486213, mScreenBrighteningThreshold=0.11668543, mAmbientLightRingBuffer=[4.375 / 3415ms, 3.25 / 484ms, 3.25 / 2900ms, 2.25 / 3201ms]
04-18 15:31:46.141   674 11196 I audio_hw_primary: app type:0x   0, is_voip:0, device:2, pcm:-352510464, usecase:0x   8
04-18 15:31:46.142  1092  1300 D DisplayPowerController[0]: animateScreenBrightness: target=0.082079366, rate=0.033333335    mShouldUpdateBrightnessSettingLater=true
04-18 15:31:46.142  1092  1300 D DisplayPowerController[0]: animateScreenBrightness: putScreenBrightnessSetting currentBrightness=0.106077656, duration=0.71994865
04-18 15:31:46.144  1092  1300 I DisplayPowerController[0]: BrightnessEvent: disp=0, brt=0.082079366, rcmdBrt=0.082079366, preBrt=0.106077656, lux=2.25, preLux=4.008254, hbmMax=1.0, hbmMode=off, thrmMax=1.0, flags=, reason=automatic
04-18 15:31:46.145  1092  1092 I BrightnessSynchronizer: [27826] New Update 0.082079366(f) set brightness values:  22(i)
04-18 15:31:46.145  1092  1092 I BrightnessSynchronizer: New PendingUpdate: {[27827] 0.082079366(f), mUpdatedTypes=0, mConfirmedTypes=0, mTimeUpdated=0}, prev=null
04-18 15:31:46.146  1092  1092 I BrightnessSynchronizer: Swallowing update of 22(i) by update: {[27826] 0.082079366(f), mUpdatedTypes=1, mConfirmedTypes=1, mTimeUpdated=756335614}
04-18 15:31:46.146  1092  1092 I BrightnessSynchronizer: Completed Update: {[27826] 0.082079366(f), mUpdatedTypes=1, mConfirmedTypes=1, mTimeUpdated=756335614}
04-18 15:31:46.163   696   696 D LIGHTS  : func:write_int, path=/sys/class/backlight/sprd_backlight/brightness, value=446
04-18 15:31:46.164  2280  2280 D batterywarning:  ---Aron---- buffer = 
04-18 15:31:46.165   950  1034 D refnotify: refnotify_parse_event: SOURCE = sysfs!
04-18 15:31:46.165  2280  2280 D batterywarning:  ---Aron---- n = 259
04-18 15:31:46.165  2280  2280 D batterywarning:  ---Aron---- cp = change@/devices/platform/soc/soc:ap-ahb/31100000.dsi/31100000.dsi.0/display/panel0/sprd_backlight
04-18 15:31:46.165  2280  2280 E batterywarning: -------Aron------245---cp=========[change@/devices/platform/soc/soc:ap-ahb/31100000.dsi/31100000.dsi.0/display/panel0/sprd_backlight], ret==[52]
04-18 15:31:46.165  2280  2280 E batterywarning: -------Aron------245---cp=========[ACTION=change], ret==[18]
04-18 15:31:46.165  2280  2280 E batterywarning: -------Aron------245---cp=========[DEVPATH=/devices/platform/soc/soc:ap-ahb/31100000.dsi/31100000.dsi.0/display/panel0/sprd_backlight], ret==[21]
04-18 15:31:46.165  2280  2280 E batterywarning: -------Aron------245---cp=========[SUBSYSTEM=backlight], ret==[36]
04-18 15:31:46.165  2280  2280 E batterywarning: -------Aron------245---cp=========[SOURCE=sysfs], ret==[36]
04-18 15:31:46.165  2280  2280 E batterywarning: -------Aron------245---cp=========[SEQNUM=1208818], ret==[72]
04-18 15:31:46.165   950  1033 D refnotify: status : refnotify_sleep=0 
04-18 15:31:46.179   674 11196 I audio_hw_primary: app type:0x   0, is_voip:0, device:2, pcm:-352510464, usecase:0x   8
04-18 15:31:46.179   696   696 D LIGHTS  : func:write_int, path=/sys/class/backlight/sprd_backlight/brightness, value=444
04-18 15:31:46.180  2280  2280 D batterywarning:  ---Aron---- buffer = 
04-18 15:31:46.180  2280  2280 D batterywarning:  ---Aron---- n = 259
04-18 15:31:46.180  2280  2280 D batterywarning:  ---Aron---- cp = change@/devices/platform/soc/soc:ap-ahb/31100000.dsi/31100000.dsi.0/display/panel0/sprd_backlight
04-18 15:31:46.180  2280  2280 E batterywarning: -------Aron------245---cp=========[change@/devices/platform/soc/soc:ap-ahb/31100000.dsi/31100000.dsi.0/display/panel0/sprd_backlight], ret==[52]
04-18 15:31:46.180  2280  2280 E batterywarning: -------Aron------245---cp=========[ACTION=change], ret==[18]
04-18 15:31:46.180  2280  2280 E batterywarning: -------Aron------245---cp=========[DEVPATH=/devices/platform/soc/soc:ap-ahb/31100000.dsi/31100000.dsi.0/display/panel0/sprd_backlight], ret==[21]
04-18 15:31:46.180  2280  2280 E batterywarning: -------Aron------245---cp=========[SUBSYSTEM=backlight], ret==[36]
04-18 15:31:46.180  2280  2280 E batterywarning: -------Aron------245---cp=========[SOURCE=sysfs], ret==[36]
04-18 15:31:46.180  2280  2280 E batterywarning: -------Aron------245---cp=========[SEQNUM=1208819], ret==[72]
04-18 15:31:46.180   950  1034 D refnotify: refnotify_parse_event: SOURCE = sysfs!
04-18 15:31:46.180   950  1033 D refnotify: status : refnotify_sleep=0 
04-18 15:31:46.195   696   696 D LIGHTS  : func:write_int, path=/sys/class/backlight/sprd_backlight/brightness, value=442
04-18 15:31:46.196  2280  2280 D batterywarning:  ---Aron---- buffer = 
04-18 15:31:46.196  2280  2280 D batterywarning:  ---Aron---- n = 259
