--------- beginning of system
04-18 15:29:24.569  1092  5611 D JobScheduler.Time: evaluateConstraint job for: com.facebook.lite sourceUid:10195 app is not started!!
04-18 15:29:24.573  1092  5611 D JobScheduler.Time: evaluateConstraint job for: com.facebook.lite sourceUid:10195 app is not started!!
04-18 15:29:24.574  1092  5611 D JobScheduler.Time: evaluateConstraint job for: com.anthropic.claude sourceUid:10330 app is not started!!
04-18 15:29:24.574  1092  5611 D JobScheduler.Time: evaluateConstraint job for: com.facebook.lite sourceUid:10195 app is not started!!
04-18 15:29:24.579  1092  5611 D JobScheduler.Time: evaluateConstraint job for: com.facebook.lite sourceUid:10195 app is not started!!
04-18 15:29:24.579  1092  5611 D JobScheduler.Time: evaluateConstraint job for: com.anthropic.claude sourceUid:10330 app is not started!!
04-18 15:29:24.580  1092  5611 D JobScheduler.Time: evaluateConstraint job for: com.facebook.lite sourceUid:10195 app is not started!!
04-18 15:29:24.583  1092  5611 D JobScheduler.Time: evaluateConstraint job for: com.facebook.lite sourceUid:10195 app is not started!!
04-18 15:29:24.584  1092  5611 D JobScheduler.Time: evaluateConstraint job for: com.anthropic.claude sourceUid:10330 app is not started!!
04-18 15:29:24.584  1092  5611 D JobScheduler.Time: evaluateConstraint job for: com.facebook.lite sourceUid:10195 app is not started!!
04-18 15:29:24.588  1092  5611 D JobScheduler.Time: evaluateConstraint job for: com.facebook.lite sourceUid:10195 app is not started!!
04-18 15:29:24.589  1092  5611 D JobScheduler.Time: evaluateConstraint job for: com.anthropic.claude sourceUid:10330 app is not started!!
04-18 15:29:24.589  1092  5611 D JobScheduler.Time: evaluateConstraint job for: com.facebook.lite sourceUid:10195 app is not started!!
04-18 15:29:24.608  1092  5611 E JobScheduler.Concurrency: Had fewer than 16 in existence
04-18 15:29:24.609  1092  5611 E JobScheduler.Concurrency: Had fewer than 16 in existence
04-18 15:29:24.610  1092  5611 E JobScheduler.Concurrency: Had fewer than 16 in existence
04-18 15:29:24.611  1092  5611 E JobScheduler.Concurrency: Had fewer than 16 in existence
04-18 15:29:24.622  1092  5606 W JobScheduler: Job didn't exist in JobStore: 899a3a5 #u0a133/186966 com.google.android.youtube/androidx.work.impl.background.systemjob.SystemJobService
04-18 15:29:24.633  1092  5606 W JobScheduler: Job didn't exist in JobStore: fe5237a #u0a133/186967 com.google.android.youtube/androidx.work.impl.background.systemjob.SystemJobService
04-18 15:29:24.634  1092  5611 D JobScheduler.Time: evaluateConstraint job for: com.facebook.lite sourceUid:10195 app is not started!!
04-18 15:29:24.635  1092  5611 D JobScheduler.Time: evaluateConstraint job for: com.anthropic.claude sourceUid:10330 app is not started!!
04-18 15:29:24.635  1092  5611 D JobScheduler.Time: evaluateConstraint job for: com.facebook.lite sourceUid:10195 app is not started!!
04-18 15:29:24.685  1092  5606 D JobScheduler.Time: evaluateConstraint job for: com.facebook.lite sourceUid:10195 app is not started!!
04-18 15:29:24.686  1092  5606 D JobScheduler.Time: evaluateConstraint job for: com.anthropic.claude sourceUid:10330 app is not started!!
04-18 15:29:24.686  1092  5606 D JobScheduler.Time: evaluateConstraint job for: com.facebook.lite sourceUid:10195 app is not started!!
04-18 15:29:24.704  1092  5606 D JobScheduler.Time: evaluateConstraint job for: com.facebook.lite sourceUid:10195 app is not started!!
04-18 15:29:24.704  1092  5606 D JobScheduler.Time: evaluateConstraint job for: com.anthropic.claude sourceUid:10330 app is not started!!
04-18 15:29:24.704  1092  5606 D JobScheduler.Time: evaluateConstraint job for: com.facebook.lite sourceUid:10195 app is not started!!
04-18 15:29:24.792  1092  5611 D WindowManager: finishDrawing: syncSeqId=0, postDrawTransaction=android.view.SurfaceControl$Transaction@b65cd7a, mSyncState=0, mDrawState=1, hasSyncHandlers=false, mClientWasDrawingForSync=false, win=Window{266ad0d u0 com.transsion.XOSLauncher/com.android.quickstep.src.com.android.launcher3.uioverrides.QuickstepLauncher}-[Surface(name=*Title#118506)/@0x4fa7b0e]
04-18 15:29:25.085  1092  5606 W ActivityManager: Unable to start service Intent { act=com.google.android.gms.presencemanager.service.START pkg=com.google.android.gms } U=0: not found
04-18 15:29:25.086  1092  5606 W ActivityManager: Unbind failed: could not find connection for android.os.BinderProxy@b2039a0
04-18 15:29:25.092  1092  5606 W ActivityManager: Unable to start service Intent { act=com.google.android.gms.presencemanager.service.INTERNAL_IDENTITY pkg=com.google.android.gms } U=0: not found
04-18 15:29:25.092  1092  5606 W ActivityManager: Unbind failed: could not find connection for android.os.BinderProxy@77959
04-18 15:29:25.177  1092  5606 V AlarmManager: set(PendingIntent{7c20df6: PendingIntentRecord{2fa0a4e com.google.android.gms/com.google.android.gms.scheduler broadcastIntent}}) : type=3 listener=null listenerTag=null workSource=WorkSource{10106 com.google.android.gms} callingPackage=com.google.android.gms callingUid=10106 triggerAtTime=854419477 win=1061230 tElapsed=854419477 maxElapsed=855480707 interval=0 flags=0x0
04-18 15:29:25.177  1092  5606 D AlarmManager: Add alarm packageName=com.google.android.gms, type=3, when=854419477, tag=null, callingUid=10106, callingPackage=com.google.android.gms
04-18 15:29:25.400  1092  5612 D BroadcastQueue: Add broadcast <BroadcastRecord{48b1a93 u-1 android.net.conn.CONNECTIVITY_CHANGE}> into [parallel | background], pending size 0
04-18 15:29:25.400  1092  1275 W BroadcastQueue: Exported Denial: sending Intent { act=android.net.conn.CONNECTIVITY_CHANGE flg=0x4200010 (has extras) }, action: android.net.conn.CONNECTIVITY_CHANGE from null (uid=-1) due to receiver ProcessRecord{ef2d6ff 25315:com.google.android.youtube/u0a133} (uid 10133) not specifying RECEIVER_EXPORTED
04-18 15:29:25.401  1092  1275 D BroadcastQueue: Done with parallel broadcast [background] [BroadcastRecord{48b1a93 u-1 android.net.conn.CONNECTIVITY_CHANGE}]
04-18 15:29:25.454 25315 25453 D TranClassInfo: instance successfully. com.transsion.hubcore.view.TranViewImpl@663101c from com.transsion.hubcore.view.ITranView
04-18 15:29:25.486  1092  5612 D BroadcastQueue: Add broadcast <BroadcastRecord{187a3e8 u-1 android.intent.action.BATTERY_CHANGED}> into [parallel | background], pending size 0
04-18 15:29:25.486  1092  1275 D BroadcastQueue: Done with parallel broadcast [background] [BroadcastRecord{187a3e8 u-1 android.intent.action.BATTERY_CHANGED}]
04-18 15:29:25.546  1092  5612 D BroadcastQueue: Add broadcast <BroadcastRecord{2271694 u-1 android.net.conn.CONNECTIVITY_CHANGE}> into [parallel | background], pending size 0
04-18 15:29:25.547  1092  1275 D BroadcastQueue: Done with parallel broadcast [background] [BroadcastRecord{2271694 u-1 android.net.conn.CONNECTIVITY_CHANGE}]
04-18 15:29:25.630  1092  5606 D TranPkmsExtImpl_itel: applyQueryActivitiesFilter:launchedFromPackage = null
04-18 15:29:25.673  1092  1547 D TranWindowManagerService: hookIMEVisibleChanged(), show:false
04-18 15:29:25.687  1092  5606 D os.WindowManagerServiceLice: onStartActivityAsUser, isPreloadIntent =  false
04-18 15:29:25.689  1092  5606 I ActivityTaskManager: START u0 {act=android.intent.action.MAIN cat=[android.intent.category.LAUNCHER] flg=0x10200000 cmp=com.aurel.nexusStorage/.MainActivity bnds=[32,136][196,326] (has extras)} from uid 10174, pid 15648
04-18 15:29:25.731  1092  5606 I ActivityTaskManager: ->startActivity for ActivityRecord{e66cfdf u0 com.aurel.nexusStorage/.MainActivity} t2425 d0} result:START_SUCCESS
04-18 15:29:25.732  1092  1738 D PerformanceDatabaseControl: querymem pkgName = com.aurel.nexusStorage
04-18 15:29:25.734  1092  5606 I ActivityTaskManager: Add pending draw ActivityRecord{e66cfdf u0 com.aurel.nexusStorage/.MainActivity} t2425 d0}
04-18 15:29:25.734  1092  1738 D AppStartScene: doFastKillForAppStart:com.aurel.nexusStorage,memAvail: 200 ;real pss: 337
04-18 15:29:25.736  1092  1241 D ActivityManager: PROFILE_FROM_SHELL is disabled for ProcessRecord{d928afb 0:com.aurel.nexusStorage/u0a273}
04-18 15:29:25.740  1092  1547 D os.fingerprint: onActivityResume next:ActivityRecord{e66cfdf u0 com.aurel.nexusStorage/.MainActivity} t2425 d0}
04-18 15:29:25.740  1092  1547 D os.fingerprint: activityComponent = ComponentInfo{com.aurel.nexusStorage/com.aurel.nexusStorage.MainActivity} inMultiWindow = false
04-18 15:29:25.746  1092  1242 D WindowManager: Focus not requested, because it has no surface or is not focusable, request window=Window{aa18489 u0 com.transsion.XOSLauncher/com.android.quickstep.src.com.android.launcher3.uioverrides.QuickstepLauncher}-[Surface(name=*Title#118498)/@0xb460a0b], mCurrentFocusWindow= aa18489 com.transsion.XOSLauncher/com.android.quickstep.src.com.android.launcher3.uioverrides.QuickstepLauncher
04-18 15:29:25.747  1092  1241 D CompatibilityChangeReporter: Compat change id reported: 135634846; UID 10273; state: DISABLED
04-18 15:29:25.748  1092  1241 D CompatibilityChangeReporter: Compat change id reported: 177438394; UID 10273; state: DISABLED
04-18 15:29:25.748  1092  1241 D CompatibilityChangeReporter: Compat change id reported: 135772972; UID 10273; state: DISABLED
04-18 15:29:25.748  1092  1241 D CompatibilityChangeReporter: Compat change id reported: 135754954; UID 10273; state: ENABLED
04-18 15:29:25.748  1092  1276 D ActivityManager: asking zygote to start proc:ProcessRecord{d928afb 0:com.aurel.nexusStorage/u0a273}
04-18 15:29:25.748  1092  1276 D CompatibilityChangeReporter: Compat change id reported: 143937733; UID 10273; state: ENABLED
04-18 15:29:25.748  1092  1276 D Prefork : startResult is empty and running normal execution.
04-18 15:29:25.763  1092  1242 D WindowManager: Focus not requested, because it has no surface or is not focusable, request window=Window{aa18489 u0 com.transsion.XOSLauncher/com.android.quickstep.src.com.android.launcher3.uioverrides.QuickstepLauncher}-[Surface(name=*Title#118498)/@0xb460a0b], mCurrentFocusWindow= aa18489 com.transsion.XOSLauncher/com.android.quickstep.src.com.android.launcher3.uioverrides.QuickstepLauncher
04-18 15:29:25.765  1092  1276 I ActivityManager: Start proc 25523:com.aurel.nexusStorage/u0a273 for next-top-activity {com.aurel.nexusStorage/com.aurel.nexusStorage.MainActivity}
04-18 15:29:25.811  1092  1242 D WindowManager: Focus not requested, because it has no surface or is not focusable, request window=Window{aa18489 u0 com.transsion.XOSLauncher/com.android.quickstep.src.com.android.launcher3.uioverrides.QuickstepLauncher}-[Surface(name=*Title#118498)/@0xb460a0b], mCurrentFocusWindow= aa18489 com.transsion.XOSLauncher/com.android.quickstep.src.com.android.launcher3.uioverrides.QuickstepLauncher
04-18 15:29:25.814  1092  1547 V WindowState: toString mSurfaceNameCache= mLastTitle=null title=Splash Screen com.aurel.nexusStorage
04-18 15:29:25.814  1092  1547 D CoreBackPreview: Window{1874cc4 u0 Splash Screen com.aurel.nexusStorage}: Setting back callback OnBackInvokedCallbackInfo{mCallback=android.window.IOnBackInvokedCallback$Stub$Proxy@4907ae2, mPriority=0}
04-18 15:29:25.847  1092  5606 D os.permission.PermissionInfo: checkPermission 10174:android.permission.INTERACT_ACROSS_USERS:true
04-18 15:29:25.847  1092  5606 I os.permission: Grant permission: android.permission.INTERACT_ACROSS_USERS to uid: 10174
04-18 15:29:25.854  1092  1547 D WindowManager: Changing focus from Window{aa18489 u0 com.transsion.XOSLauncher/com.android.quickstep.src.com.android.launcher3.uioverrides.QuickstepLauncher}-[Surface(name=*Title#118498)/@0xb460a0b] to null displayId = 0 Callers = com.android.server.wm.RootWindowContainer.updateFocusedWindowLocked:493 com.android.server.wm.WindowManagerService.updateFocusedWindowLocked:6415 com.android.server.wm.WindowManagerService.relayoutWindow:2697 com.android.server.wm.Session.relayout:266 
04-18 15:29:25.855  1092  1547 I WindowManager: Input focus has changed to null from aa18489 com.transsion.XOSLauncher/com.android.quickstep.src.com.android.launcher3.uioverrides.QuickstepLauncher mDisplayId 0 updateInputWindows true, callers=com.android.server.wm.DisplayContent.updateFocusedWindowLocked:3788 com.android.server.wm.RootWindowContainer.updateFocusedWindowLocked:493 com.android.server.wm.WindowManagerService.updateFocusedWindowLocked:6415 com.android.server.wm.WindowManagerService.relayoutWindow:2697 com.android.server.wm.Session.relayout:266 
04-18 15:29:25.859  1092  5606 D os.permission.PermissionInfo: checkPermission 10174:android.permission.MANAGE_ACTIVITY_TASKS:true
04-18 15:29:25.860  1092  5606 I os.permission: Grant permission: android.permission.MANAGE_ACTIVITY_TASKS to uid: 10174
04-18 15:29:25.869  1092  5611 D ActivityTaskManager: getRecentTasksImpl call by 10151 flags = 2, 3 task(s):
04-18 15:29:25.869  1092  5611 D ActivityTaskManager: Recent Task 0: taskId = 2425, comp = null
04-18 15:29:25.869  1092  5611 D ActivityTaskManager: Recent Task 1: taskId = 2422, comp = ComponentInfo{com.zhiliaoapp.musically/com.ss.android.ugc.aweme.splash.SplashActivity}
04-18 15:29:25.869  1092  5611 D ActivityTaskManager: Recent Task 2: taskId = 2343, comp = null
04-18 15:29:25.893  1092  5606 D os.permission.PermissionInfo: checkPermission 10174:android.permission.READ_FRAME_BUFFER:true
04-18 15:29:25.893  1092  5606 I os.permission: Grant permission: android.permission.READ_FRAME_BUFFER to uid: 10174
04-18 15:29:25.920  1092  5611 D WindowManager: finishDrawing: syncSeqId=0, postDrawTransaction=android.view.SurfaceControl$Transaction@e3f632e, mSyncState=0, mDrawState=1, hasSyncHandlers=false, mClientWasDrawingForSync=false, win=Window{1874cc4 u0 Splash Screen com.aurel.nexusStorage}-[Surface(name=*Title#118510)/@0x3c15e73]
04-18 15:29:25.943  1092  5606 D os.permission.PermissionInfo: checkPermission 10174:android.permission.READ_FRAME_BUFFER:true
04-18 15:29:25.943  1092  5606 I os.permission: Grant permission: android.permission.READ_FRAME_BUFFER to uid: 10174
04-18 15:29:25.955  1092  5606 D os.permission.PermissionInfo: checkPermission 10174:android.permission.READ_FRAME_BUFFER:true
04-18 15:29:25.955  1092  5606 I os.permission: Grant permission: android.permission.READ_FRAME_BUFFER to uid: 10174
04-18 15:29:25.997  1092  5611 I ActivityManager: Process com.facebook.system (pid 24739) has died: cch+95 CEM 
04-18 15:29:25.998  1092  5611 D os.ActivityManagerServiceLice: make process inactive com.facebook.system(24739)
04-18 15:29:26.059  1092  1547 I ActivityManager: Process com.android.keychain (pid 24906) has died: cch+65 CEM 
04-18 15:29:26.061  1092  1547 D os.ActivityManagerServiceLice: make process inactive com.android.keychain(24906)
04-18 15:29:26.074  1092  5600 I ActivityManager: Process com.facebook.appmanager (pid 24702) has died: cch+75 CEM 
04-18 15:29:26.075  1092  5600 D os.ActivityManagerServiceLice: make process inactive com.facebook.appmanager(24702)
04-18 15:29:26.085  1092  1700 D os.ActivityManagerServiceLice: make process active com.aurel.nexusStorage(25523)
04-18 15:29:26.127  1092  1700 I AppsFilter: interaction: PackageSetting{7046fea com.aurel.nexusStorage/10273} -> PackageSetting{278627 com.transsion.XOSLauncher/10174} BLOCKED
04-18 15:29:26.133  1092  1700 D os.fingerprint: onRealStartActivityLocked next:ActivityRecord{e66cfdf u0 com.aurel.nexusStorage/.MainActivity} t2425 d0} isKeyguardShowing:false
04-18 15:29:26.134  1092  1700 D os.fingerprint: activityComponent = ComponentInfo{com.aurel.nexusStorage/com.aurel.nexusStorage.MainActivity} inMultiWindow = false
04-18 15:29:26.134  1092  1700 D os.fingerprint: onUpdateFocusedApp oldPackageName:com.transsion.XOSLauncher oldComponent:ComponentInfo{com.transsion.XOSLauncher/com.android.quickstep.src.com.android.launcher3.uioverrides.QuickstepLauncher} newPackageName:com.aurel.nexusStorage newComponent:ComponentInfo{com.aurel.nexusStorage/com.aurel.nexusStorage.MainActivity} mFm :android.hardware.fingerprint.FingerprintManager@ac65edc
04-18 15:29:26.135  1092  1700 D WindowManager: setFocusedApp mFocusedApp = ActivityRecord{e66cfdf u0 com.aurel.nexusStorage/.MainActivity} t2425 d0}displayId = 0Callers = com.android.server.wm.ActivityTaskManagerService.setResumedActivityUncheckLocked:5014 com.android.server.wm.TaskFragment.onActivityStateChanged:855 com.android.server.wm.ActivityRecord.setState:5738 com.android.server.wm.Task.minimalResumeActivityLocked:4834 
04-18 15:29:26.137  1092  1700 D Griffin/Hooker: PreviousApp = com.zhiliaoapp.musically/com.ss.android.ugc.aweme.splash.SplashActivity
04-18 15:29:26.137  1092  1838 I ActivityManager: Applaunch form com.transsion.XOSLauncher to com.aurel.nexusStorage
04-18 15:29:26.137  1092  1700 D os.fingerprint: onActivityResume next:ActivityRecord{e66cfdf u0 com.aurel.nexusStorage/.MainActivity} t2425 d0}
04-18 15:29:26.138  1092  1700 D os.fingerprint: activityComponent = ComponentInfo{com.aurel.nexusStorage/com.aurel.nexusStorage.MainActivity} inMultiWindow = false
04-18 15:29:26.148  1092  1700 W ActivityManager: Slow operation: 64ms so far, now at attachApplicationLocked: after mServices.attachApplicationLocked
04-18 15:29:26.148  1092  3503 I ActivityManager: Process com.android.vending:background (pid 24463) has died: cch+65 CEM 
04-18 15:29:26.149  1092  3503 D os.ActivityManagerServiceLice: make process inactive com.android.vending:background(24463)
04-18 15:29:26.172  1092  1547 I ActivityManager: Process com.transsion.phoenix (pid 25075) has died: cch+55 CEM 
04-18 15:29:26.172  1092  1547 D os.ActivityManagerServiceLice: make process inactive com.transsion.phoenix(25075)
04-18 15:29:26.188  1092  1092 D Griffin/ComponentManager: Limit start proc:com.deepseek.chat for 3rd-normal-service caller=system/1092,Intent { cmp=com.deepseek.chat/com.google.android.datatransport.runtime.scheduling.jobscheduling.JobInfoSchedulerService }
04-18 15:29:26.188  1092  1092 W ActivityManager: Unable to launch app com.deepseek.chat/10286 for service Intent { cmp=com.deepseek.chat/com.google.android.datatransport.runtime.scheduling.jobscheduling.JobInfoSchedulerService }: AutoStart Limit
04-18 15:29:26.188  1092  1092 D ActivityManager: isGriffinSupport  bringUpServiceLocked and unbindServiceLockedIntent { cmp=com.deepseek.chat/com.google.android.datatransport.runtime.scheduling.jobscheduling.JobInfoSchedulerService }
04-18 15:29:26.188  1092  1092 W ActivityManager: Unbind failed: could not find connection for android.app.LoadedApk$ServiceDispatcher$InnerConnection@cb1a0b6
04-18 15:29:26.189  1092  1092 E JobScheduler.Concurrency: Error executing JobStatus{52e50ff #u0a286/-814799897 com.deepseek.chat/com.google.android.datatransport.runtime.scheduling.jobscheduling.JobInfoSchedulerService u=0 s=10286 TIME=-4d22h18m30s866ms:none NET READY}
04-18 15:29:26.191 25523 25523 D TranClassInfo: instance successfully. com.transsion.hubcore.graphics.TranGraphicImpl@5b62c9c from com.transsion.hubcore.graphics.ITranGraphic
04-18 15:29:26.200  1092  1092 D Griffin/ComponentManager: Limit start proc:com.anthropic.claude for 3rd-normal-service caller=system/1092,Intent { cmp=com.anthropic.claude/com.google.android.datatransport.runtime.scheduling.jobscheduling.JobInfoSchedulerService }
04-18 15:29:26.200  1092  1092 W ActivityManager: Unable to launch app com.anthropic.claude/10330 for service Intent { cmp=com.anthropic.claude/com.google.android.datatransport.runtime.scheduling.jobscheduling.JobInfoSchedulerService }: AutoStart Limit
04-18 15:29:26.200  1092  1092 D ActivityManager: isGriffinSupport  bringUpServiceLocked and unbindServiceLockedIntent { cmp=com.anthropic.claude/com.google.android.datatransport.runtime.scheduling.jobscheduling.JobInfoSchedulerService }
04-18 15:29:26.200  1092  1092 W ActivityManager: Unbind failed: could not find connection for android.app.LoadedApk$ServiceDispatcher$InnerConnection@b7e708d
04-18 15:29:26.200  1092  1092 E JobScheduler.Concurrency: Error executing JobStatus{bf61f9c #u0a330/1387341111 com.anthropic.claude/com.google.android.datatransport.runtime.scheduling.jobscheduling.JobInfoSchedulerService u=0 s=10330 TIME=-1d19h57m58s190ms:none NET failures=1 READY}
04-18 15:29:26.214  1092  1092 D Griffin/ComponentManager: Limit start proc:com.openai.chatgpt for 3rd-normal-service caller=system/1092,Intent { cmp=com.openai.chatgpt/androidx.work.impl.background.systemjob.SystemJobService }
04-18 15:29:26.214  1092  1092 W ActivityManager: Unable to launch app com.openai.chatgpt/10270 for service Intent { cmp=com.openai.chatgpt/androidx.work.impl.background.systemjob.SystemJobService }: AutoStart Limit
04-18 15:29:26.214  1092  1092 D ActivityManager: isGriffinSupport  bringUpServiceLocked and unbindServiceLockedIntent { cmp=com.openai.chatgpt/androidx.work.impl.background.systemjob.SystemJobService }
04-18 15:29:26.215  1092  1092 W ActivityManager: Unbind failed: could not find connection for android.app.LoadedApk$ServiceDispatcher$InnerConnection@cee8889
04-18 15:29:26.216  1092  1092 E JobScheduler.Concurrency: Error executing JobStatus{be53a34 #u0a270/3252 com.openai.chatgpt/androidx.work.impl.background.systemjob.SystemJobService u=0 s=10270 TIME=-2h33m41s43ms:none NET READY}
04-18 15:29:26.221  1092  1092 D Griffin/ComponentManager: Limit start proc:com.facebook.lite for 3rd-normal-service caller=system/1092,Intent { cmp=com.facebook.lite/.intent.PeriodicTaskJobService }
04-18 15:29:26.221  1092  1092 W ActivityManager: Unable to launch app com.facebook.lite/10195 for service Intent { cmp=com.facebook.lite/.intent.PeriodicTaskJobService }: AutoStart Limit
04-18 15:29:26.221  1092  1092 D ActivityManager: isGriffinSupport  bringUpServiceLocked and unbindServiceLockedIntent { cmp=com.facebook.lite/.intent.PeriodicTaskJobService }
04-18 15:29:26.221  1092  1092 W ActivityManager: Unbind failed: could not find connection for android.app.LoadedApk$ServiceDispatcher$InnerConnection@2d44cbc
04-18 15:29:26.222  1092  1092 E JobScheduler.Concurrency: Error executing JobStatus{c1c53ef #u0a195/10016 com.facebook.lite/.intent.PeriodicTaskJobService u=0 s=10195 TIME=-1h33m3s787ms:-33m3s787ms PERIODIC PERSISTED READY}
04-18 15:29:26.249  1092  1241 I DisplayDeviceRepository: Display device changed: DisplayDeviceInfo{"Built-in Screen": uniqueId="local:0", 720 x 1612, modeId 1, defaultModeId 1, supportedModes [{id=1, width=720, height=1612, fps=60.0, alternativeRefreshRates=[90.0]}, {id=2, width=720, height=1612, fps=90.0, alternativeRefreshRates=[60.0]}], colorMode 0, supportedColorModes [0], hdrCapabilities HdrCapabilities{mSupportedHdrTypes=[], mMaxLuminance=500.0, mMaxAverageLuminance=500.0, mMinLuminance=0.0}, allmSupported false, gameContentTypeSupported false, density 320, 268.941 x 269.373 dpi, appVsyncOff 1000000, presDeadline 16666667, cutout DisplayCutout{insets=Rect(0, 80 - 0, 0) waterfall=Insets{left=0, top=0, right=0, bottom=0} boundingRect={Bounds=[Rect(0, 0 - 0, 0), Rect(312, 0 - 408, 80), Rect(0, 0 - 0, 0), Rect(0, 0 - 0, 0)]} cutoutPathParserInfo={CutoutPathParserInfo{displayWidth=720 displayHeight=1612 physicalDisplayWidth=720 physicalDisplayHeight=1612 density={2.0} cutoutSpec={M -24,0 L -24,40 L 24,40 L 24,0 Z @dp} rotation={0} scale={1.0} physicalPixelDisplaySizeRatio={1.0}}}}, touch INTERNAL, rotation 0, type INTERNAL, address {port=0}, deviceProductInfo null, state ON, frameRateOverride , brightnessMinimum 0.0, brightnessMaximum 1.0, brightnessDefault 0.096576735, FLAG_ALLOWED_TO_BE_DEFAULT_DISPLAY, FLAG_ROTATES_WITH_CONTENT, FLAG_SECURE, FLAG_SUPPORTS_PROTECTED_BUFFERS, installOrientation 0}
04-18 15:29:26.564  1092  3503 D ActivityManager: PROFILE_FROM_SHELL is disabled for ProcessRecord{4ecd91c 0:com.android.chrome/u0a113}
04-18 15:29:26.565  1092  3503 D CompatibilityChangeReporter: Compat change id reported: 135634846; UID 10113; state: DISABLED
04-18 15:29:26.566  1092  1276 D ActivityManager: asking zygote to start proc:ProcessRecord{4ecd91c 0:com.android.chrome/u0a113}
04-18 15:29:26.567  1092  1276 D CompatibilityChangeReporter: Compat change id reported: 143937733; UID 10113; state: ENABLED
04-18 15:29:26.567  1092  1276 D Prefork : startResult is empty and running normal execution.
04-18 15:29:26.580  1092  5600 D JobScheduler.Time: evaluateConstraint job for: com.facebook.lite sourceUid:10195 app is not started!!
04-18 15:29:26.580  1092  5600 D JobScheduler.Time: evaluateConstraint job for: com.anthropic.claude sourceUid:10330 app is not started!!
04-18 15:29:26.581  1092  5600 D JobScheduler.Time: evaluateConstraint job for: com.facebook.lite sourceUid:10195 app is not started!!
04-18 15:29:26.647  1092  1276 W ActivityManager: Slow operation: 83ms so far, now at startProcess: returned from zygote!
04-18 15:29:26.648  1092  1276 W ActivityManager: Slow operation: 83ms so far, now at startProcess: done updating battery stats
04-18 15:29:26.648  1092  1276 W ActivityManager: Slow operation: 83ms so far, now at startProcess: building log message
04-18 15:29:26.648  1092  1276 I ActivityManager: Start proc 25555:com.android.chrome/u0a113 for service {com.android.chrome/org.chromium.chrome.browser.customtabs.CustomTabsConnectionService}
04-18 15:29:26.648  1092  1276 W ActivityManager: Slow operation: 83ms so far, now at startProcess: starting to update pids map
04-18 15:29:26.648  1092  1276 W ActivityManager: Slow operation: 84ms so far, now at startProcess: done updating pids map
04-18 15:29:26.658  1092  3503 E JobScheduler.Concurrency: Had fewer than 16 in existence
04-18 15:29:26.660  1092  3503 E JobScheduler.Concurrency: Had fewer than 16 in existence
04-18 15:29:26.662  1092  3503 E JobScheduler.Concurrency: Had fewer than 16 in existence
04-18 15:29:26.664  1092  3503 E JobScheduler.Concurrency: Had fewer than 16 in existence
04-18 15:29:27.190 25523 25523 D TranClassInfo: instance successfully. com.transsion.hubcore.app.TranActivityImpl@7f2320b from com.transsion.hubcore.app.ITranActivity
04-18 15:29:27.190 25523 25523 D TranActivityAppturboImpl: attach
04-18 15:29:27.257  1092  5600 D CompatibilityChangeReporter: Compat change id reported: 168419799; UID 10113; state: DISABLED
04-18 15:29:27.259  1092  5600 D os.ActivityManagerServiceLice: make process active com.android.chrome(25555)
04-18 15:29:27.460  1092  1831 D Hiber/importantScene: uid:10282 speed :62
04-18 15:29:27.486  1092  1831 D Hiber/appStateMachine: uid:10282 enter FrozenState
04-18 15:29:27.529  1092  1831 D Hiber/cgroup: runningPids : [20936] for uid=10282 pkgName=com.zhiliaoapp.musically type=third
04-18 15:29:27.529  1092  1831 D Hiber/cgroup: writeDevFile pid: 20936
04-18 15:29:27.531  1092  1831 I Hiber/sceneManager: freeze uid: 10282 com.zhiliaoapp.musically pids:[20936] costTime=45ms
04-18 15:29:27.533  1092  1832 D Hiber/hiberManager: msg for start proxy frozen state
04-18 15:29:27.533  1092  1832 D Hiber/hiberManager: try idle uid[10282] by hiber ,bgTime>0 ? true,isIdled before ? false ,isCurAllowListed ? false ,isProcStateBackground?true
04-18 15:29:27.533  1092  1832 D Hiber/hiberManager: try idle uid[10282] by hiber
04-18 15:29:27.534  1092  1832 W ActivityManager: Stopping service due to app idle: u0a282 -15m7s125ms com.zhiliaoapp.musically/com.bytedance.common.wschannel.server.WsChannelService
04-18 15:29:27.534  1092  1832 W ActivityManager: Stopping service due to app idle: u0a282 -9m5s236ms com.zhiliaoapp.musically/com.bytedance.common.wschannel.client.WsClientService
04-18 15:29:27.534  1092  1832 W ActivityManager: Stopping service due to app idle: u0a282 -9m5s383ms com.zhiliaoapp.musically/com.ss.android.newmedia.redbadge.RedBadgePushProcessService
04-18 15:29:27.538  1092  1832 D Hiber/proxyManager: p_service: 10282
04-18 15:29:27.538  1092  1832 D Hiber/proxyManager: p_job: 10282 pkgName=com.zhiliaoapp.musically
04-18 15:29:27.538  1092  1832 D Hiber/proxyManager: pj_job: 10282 pkgName=com.zhiliaoapp.musically which=2
04-18 15:29:27.538  1092  1832 D Hiber/hiberManager: proxy alarm (uid=10282, pkgName=com.zhiliaoapp.musically)
04-18 15:29:27.538  1092  1832 D Hiber/proxyManager: p_alarm: uid=10282, pkgName=com.zhiliaoapp.musically
04-18 15:29:27.538  1092  1832 D Hiber/alarmManagerServiceExtImpl: proxyAlarms leave, uid=10282, packageName=com.zhiliaoapp.musically
04-18 15:29:27.563 25555 25555 D TranClassInfo: instance successfully. com.transsion.hubcore.graphics.TranGraphicImpl@7901d30 from com.transsion.hubcore.graphics.ITranGraphic
04-18 15:29:28.140  1092  1266 D Griffin/CleanManager: dispatch clean index=12
04-18 15:29:28.141  1092  1266 D ActivityTaskManager: getRecentTasksImpl call by 1000 flags = 2, 3 task(s):
04-18 15:29:28.141  1092  1266 D ActivityTaskManager: Recent Task 0: taskId = 2425, comp = null
04-18 15:29:28.141  1092  1266 D ActivityTaskManager: Recent Task 1: taskId = 2422, comp = ComponentInfo{com.zhiliaoapp.musically/com.ss.android.ugc.aweme.splash.SplashActivity}
04-18 15:29:28.141  1092  1266 D ActivityTaskManager: Recent Task 2: taskId = 2343, comp = null
04-18 15:29:28.176  1092  1289 D AppOps  : PNForegroundeval-evalMode-op:27 ,mode: 4 ,capability: 0
04-18 15:29:28.181  1092  1289 D AppOps  : PNForegroundeval-evalMode-op:26 ,mode: 4 ,capability: 0
04-18 15:29:28.501  1092  5600 D CompatibilityChangeReporter: Compat change id reported: 161145287; UID 10113; state: DISABLED
04-18 15:29:28.533  1092  1835 I Hiber/nativeService: check binder uid=10282
04-18 15:29:28.536  1092  1833 D Hiber/cgroup: writeDevFile pid: 20936
04-18 15:29:28.538  1092  1833 I Hiber/sceneManager: unfreeze uid: 10282 com.zhiliaoapp.musically pids:[20936]  reason:transBinder   cpninfo:FROZEN_TRANS_THREAD/-1 costTime=2ms
04-18 15:29:28.538  1092  1831 D Hiber/appStateMachine: uid=10282, pkg=com.zhiliaoapp.musically, transition from Frozen to Running, reason=transBinder
04-18 15:29:28.538  1092  1831 D Hiber/appStateMachine: uid:10282 exit FrozenState
04-18 15:29:28.538  1092  1832 D Hiber/proxyManager: up_service: 10282
04-18 15:29:28.538  1092  1832 D Hiber/proxyManager: up_job: 10282
04-18 15:29:28.538  1092  1832 D Hiber/proxyManager: un_job: 10282
04-18 15:29:28.538  1092  1832 D Hiber/alarmManagerServiceExtImpl: unproxyAlarms leave, uid=10282, packageName=null
04-18 15:29:28.538  1092  2232 D Hiber/proxyWakeLock: remove uid: 10282 wiht all pids from wakelockUidInfo list
04-18 15:29:28.891  1092  3503 I ActivityManager: Process com.google.process.gapps (pid 25023) has died: cch+45 CEM 
04-18 15:29:28.892  1092  3503 D os.ActivityManagerServiceLice: make process inactive com.google.process.gapps(25023)
04-18 15:29:28.974  1092  1398 D BroadcastQueue: Add broadcast <BroadcastRecord{6a4e6fc u-1 android.net.wifi.RSSI_CHANGED}> into [parallel | background], pending size 0
04-18 15:29:28.976  1092  1275 D BroadcastQueue: Done with parallel broadcast [background] [BroadcastRecord{6a4e6fc u-1 android.net.wifi.RSSI_CHANGED}]
04-18 15:29:29.239  1092  3503 E AppOps  : Bad call made by uid 10113. Package "com.google.android.gms" does not belong to uid 10113.
04-18 15:29:29.252  1092  9594 E AppOps  : Bad call made by uid 10113. Package "com.google.android.gms" does not belong to uid 10113.
04-18 15:29:29.287  1092  1092 D NetworkStatusMonitor: getAllInterfaceNames network type is wifi
04-18 15:29:29.287  1092  1092 D NetworkStatusMonitor: onNetworkTypeChanged wifi => wifi
04-18 15:29:29.850  1092  9594 D ActivityManager: PROFILE_FROM_SHELL is disabled for ProcessRecord{897f665 0:com.android.chrome:privileged_process0/u0a113}
04-18 15:29:29.851  1092  9594 D CompatibilityChangeReporter: Compat change id reported: 135634846; UID 10113; state: DISABLED
04-18 15:29:29.852  1092  1276 D ActivityManager: asking zygote to start proc:ProcessRecord{897f665 0:com.android.chrome:privileged_process0/u0a113}
04-18 15:29:29.852  1092  1276 D CompatibilityChangeReporter: Compat change id reported: 143937733; UID 10113; state: ENABLED
04-18 15:29:29.852  1092  1276 D Prefork : startResult is empty and running normal execution.
04-18 15:29:29.860  1092  1276 I ActivityManager: Start proc 25673:com.android.chrome:privileged_process0/u0a113 for service {com.android.chrome/org.chromium.content.app.PrivilegedProcessService0}
04-18 15:29:29.894  1092  1547 D os.ActivityManagerServiceLice: make process active com.android.chrome:privileged_process0(25673)
04-18 15:29:29.908 25673 25673 D TranClassInfo: instance successfully. com.transsion.hubcore.graphics.TranGraphicImpl@7901d30 from com.transsion.hubcore.graphics.ITranGraphic
04-18 15:29:30.759 25523 25523 D TranClassInfo: instance successfully. com.transsion.hubcore.view.TranViewImpl@cdf2a25 from com.transsion.hubcore.view.ITranView
04-18 15:29:30.807  1092  9594 D PackageManager: Considering set com.android.chrome/org.chromium.chrome.browser.quickactionsearchwidget.QuickActionSearchWidgetProvider$QuickActionSearchWidgetProviderSearch's state as 1 with userId = 0, callingPackage = null
04-18 15:29:30.823  1092  9594 D PackageManager: Considering set com.android.chrome/org.chromium.chrome.browser.quickactionsearchwidget.QuickActionSearchWidgetProvider$QuickActionSearchWidgetProviderDino's state as 1 with userId = 0, callingPackage = null
04-18 15:29:30.840 25523 25523 D AppResolutionTuner: loadTunerAppList + 
04-18 15:29:30.841 25523 25523 W AppResolutionTuner: Target file doesn't exist: /data/retuner/sf_resolution_tuner_app_list.xml
04-18 15:29:30.858 25523 25523 D AppResolutionTuner: dom2xml: App{packageName='com.tencent.ig', scale='1.0', filteredWindows= []', scalingFlow= surfaceview'}
04-18 15:29:30.860 25523 25523 D AppResolutionTuner: dom2xml: App{packageName='com.tencent.tmgp.pubgmhd', scale='1.0', filteredWindows= []', scalingFlow= surfaceview'}
04-18 15:29:30.861 25523 25523 D AppResolutionTuner: dom2xml: App{packageName='com.pubg.krmobile', scale='1.0', filteredWindows= []', scalingFlow= surfaceview'}
04-18 15:29:30.861 25523 25523 D AppResolutionTuner: dom2xml: App{packageName='vn.vng.pubgmobile', scale='1.0', filteredWindows= []', scalingFlow= surfaceview'}
04-18 15:29:30.862 25523 25523 D AppResolutionTuner: dom2xml: App{packageName='com.rekoo.pubgm', scale='1.0', filteredWindows= []', scalingFlow= surfaceview'}
04-18 15:29:30.863 25523 25523 D AppResolutionTuner: dom2xml: App{packageName='com.tencent.tmgp.sgame', scale='1.0', filteredWindows= []', scalingFlow= surfaceview'}
04-18 15:29:30.864 25523 25523 D AppResolutionTuner: dom2xml: App{packageName='com.dts.freefireth', scale='1.2', filteredWindows= []', scalingFlow= wms'}
04-18 15:29:30.865 25523 25523 D AppResolutionTuner: dom2xml: App{packageName='com.dts.freefiremax', scale='1.0', filteredWindows= []', scalingFlow= surfaceview'}
04-18 15:29:30.866 25523 25523 D AppResolutionTuner: dom2xml: App{packageName='com.mobile.legends', scale='1.0', filteredWindows= []', scalingFlow= surfaceview'}
04-18 15:29:30.866 25523 25523 D AppResolutionTuner: dom2xml: App{packageName='com.tencent.tmgp.cod', scale='1.0', filteredWindows= []', scalingFlow= surfaceview'}
04-18 15:29:30.867 25523 25523 D AppResolutionTuner: dom2xml: App{packageName='com.activision.callofduty.shooter', scale='1.0', filteredWindows= []', scalingFlow= surfaceview'}
04-18 15:29:30.868 25523 25523 D AppResolutionTuner: dom2xml: App{packageName='com.garena.game.codm', scale='1.0', filteredWindows= []', scalingFlow= surfaceview'}
04-18 15:29:30.869 25523 25523 D AppResolutionTuner: dom2xml: App{packageName='com.vng.codmvn', scale='1.0', filteredWindows= []', scalingFlow= surfaceview'}
04-18 15:29:30.869 25523 25523 D AppResolutionTuner: loadTunerAppList - 
04-18 15:29:30.869 25523 25523 D AppResolutionTuner: loadTunerAppList + 
04-18 15:29:30.869 25523 25523 W AppResolutionTuner: Target file doesn't exist: /data/retuner/sf_resolution_tuner_app_list.xml
04-18 15:29:30.879 25523 25523 D AppResolutionTuner: dom2xml: App{packageName='com.tencent.ig', scale='1.0', filteredWindows= []', scalingFlow= surfaceview'}
04-18 15:29:30.880 25523 25523 D AppResolutionTuner: dom2xml: App{packageName='com.tencent.tmgp.pubgmhd', scale='1.0', filteredWindows= []', scalingFlow= surfaceview'}
04-18 15:29:30.880 25523 25523 D AppResolutionTuner: dom2xml: App{packageName='com.pubg.krmobile', scale='1.0', filteredWindows= []', scalingFlow= surfaceview'}
04-18 15:29:30.881 25523 25523 D AppResolutionTuner: dom2xml: App{packageName='vn.vng.pubgmobile', scale='1.0', filteredWindows= []', scalingFlow= surfaceview'}
04-18 15:29:30.882 25523 25523 D AppResolutionTuner: dom2xml: App{packageName='com.rekoo.pubgm', scale='1.0', filteredWindows= []', scalingFlow= surfaceview'}
04-18 15:29:30.883 25523 25523 D AppResolutionTuner: dom2xml: App{packageName='com.tencent.tmgp.sgame', scale='1.0', filteredWindows= []', scalingFlow= surfaceview'}
04-18 15:29:30.884 25523 25523 D AppResolutionTuner: dom2xml: App{packageName='com.dts.freefireth', scale='1.2', filteredWindows= []', scalingFlow= wms'}
04-18 15:29:30.885 25523 25523 D AppResolutionTuner: dom2xml: App{packageName='com.dts.freefiremax', scale='1.0', filteredWindows= []', scalingFlow= surfaceview'}
04-18 15:29:30.885 25523 25523 D AppResolutionTuner: dom2xml: App{packageName='com.mobile.legends', scale='1.0', filteredWindows= []', scalingFlow= surfaceview'}
04-18 15:29:30.886 25523 25523 D AppResolutionTuner: dom2xml: App{packageName='com.tencent.tmgp.cod', scale='1.0', filteredWindows= []', scalingFlow= surfaceview'}
04-18 15:29:30.887 25523 25523 D AppResolutionTuner: dom2xml: App{packageName='com.activision.callofduty.shooter', scale='1.0', filteredWindows= []', scalingFlow= surfaceview'}
04-18 15:29:30.888 25523 25523 D AppResolutionTuner: dom2xml: App{packageName='com.garena.game.codm', scale='1.0', filteredWindows= []', scalingFlow= surfaceview'}
04-18 15:29:30.889 25523 25523 D AppResolutionTuner: dom2xml: App{packageName='com.vng.codmvn', scale='1.0', filteredWindows= []', scalingFlow= surfaceview'}
04-18 15:29:30.889 25523 25523 D AppResolutionTuner: loadTunerAppList - 
04-18 15:29:30.890 25523 25523 D TranClassInfo: instance successfully. com.transsion.hubcore.view.TranSurfaceImpl@9fd43a1 from com.transsion.hubcore.view.ITranSurface
04-18 15:29:30.964 25555 25715 D TranClassInfo: instance successfully. com.transsion.hubcore.camadapter.Implement.TranCamAdapterComponentImpl@2431a21 from com.transsion.hubcore.camadapter.ITranCamAdapterComponent
04-18 15:29:30.965 25555 25715 D TranClassInfo: instance successfully. com.transsion.hubcore.hardware.camera2.TranCameraManagerImpl@f0e5e46 from com.transsion.hubcore.hardware.camera2.ITranCameraManager
04-18 15:29:30.996 25555 25555 D TranClassInfo: instance successfully. com.transsion.hubcore.view.TranViewImpl@550e4f6 from com.transsion.hubcore.view.ITranView
04-18 15:29:31.114  1092  3503 W ActivityManager: Slow operation: 92ms so far, now at startProcess: done creating new process record
04-18 15:29:31.114  1092  3503 W ActivityManager: Slow operation: 92ms so far, now at startProcess: stepping in to startProcess
04-18 15:29:31.114  1092  3503 D ActivityManager: PROFILE_FROM_SHELL is disabled for ProcessRecord{7712913 0:com.android.chrome:sandboxed_process0:org.chromium.content.app.SandboxedProcessService0:0/u0a113i-9000}
04-18 15:29:31.115  1092  3503 W ActivityManager: Slow operation: 93ms so far, now at startProcess: done starting proc!
04-18 15:29:31.115  1092  1276 D ActivityManager: asking zygote to start proc:ProcessRecord{7712913 0:com.android.chrome:sandboxed_process0:org.chromium.content.app.SandboxedProcessService0:0/u0a113i-9000}
04-18 15:29:31.115  1092  1276 D CompatibilityChangeReporter: Compat change id reported: 143937733; UID 10113; state: ENABLED
04-18 15:29:31.125  1092  1276 D CompatibilityChangeReporter: Compat change id reported: 135634846; UID 10113; state: DISABLED
04-18 15:29:31.125  1092  1276 D CompatibilityChangeReporter: Compat change id reported: 207557677; UID 10113; state: ENABLED
04-18 15:29:31.149  1092  1308 I Hiber/hiberManager: unfreeze: uid=10113, packageName=com.android.chrome, reason=AppZygote.
04-18 15:29:31.165 25523 25523 D TranClassInfo: instance successfully. com.transsion.hubcore.internal.TranInternalViewImpl@e7e695 from com.transsion.hubcore.internal.ITranInternalView
04-18 15:29:31.187  1092  9594 D os.WindowManagerServiceLice: received send OSMessage 110001 request from 25523 to [-1]
04-18 15:29:31.191  1092  9594 D os.CommonLice: onOSServerMessage 110001
04-18 15:29:31.218 25523 25523 D TranActivityAppturboImpl: onResumeHork
04-18 15:29:31.308  1092  1242 V WindowState: toString mSurfaceNameCache= mLastTitle=null title=com.aurel.nexusStorage/com.aurel.nexusStorage.MainActivity
04-18 15:29:31.312  1092  1276 W ActivityManager: Slow operation: 198ms so far, now at startProcess: returned from zygote!
04-18 15:29:31.312  1092  1276 W ActivityManager: Slow operation: 199ms so far, now at startProcess: done updating battery stats
04-18 15:29:31.312  1092  1276 W ActivityManager: Slow operation: 199ms so far, now at startProcess: building log message
04-18 15:29:31.313  1092  1276 I ActivityManager: Start proc 25744:com.android.chrome:sandboxed_process0:org.chromium.content.app.SandboxedProcessService0:0/u0ai0 for  {com.android.chrome/org.chromium.content.app.SandboxedProcessService0:0}
04-18 15:29:31.313  1092  1276 W ActivityManager: Slow operation: 199ms so far, now at startProcess: starting to update pids map
04-18 15:29:31.317  1092  5600 D CoreBackPreview: Window{41fbefe u0 com.aurel.nexusStorage/com.aurel.nexusStorage.MainActivity}: Setting back callback OnBackInvokedCallbackInfo{mCallback=android.window.IOnBackInvokedCallback$Stub$Proxy@3beb975, mPriority=0}
04-18 15:29:31.317  1092  1276 W ActivityManager: Slow operation: 204ms so far, now at startProcess: done updating pids map
04-18 15:29:31.349  1092  5600 I ActivityTaskManager: LUCID activityResumed package name: com.aurel.nexusStorage
04-18 15:29:31.355  1092  9594 D os.ActivityManagerServiceLice: make process active com.android.chrome:sandboxed_process0:org.chromium.content.app.SandboxedProcessService0:0(25744)
04-18 15:29:31.374 25744 25744 D TranClassInfo: instance successfully. com.transsion.hubcore.graphics.TranGraphicImpl@7e6ef2e from com.transsion.hubcore.graphics.ITranGraphic
04-18 15:29:31.377 25555 25555 D AppResolutionTuner: loadTunerAppList + 
04-18 15:29:31.378 25555 25555 W AppResolutionTuner: Target file doesn't exist: /data/retuner/sf_resolution_tuner_app_list.xml
04-18 15:29:31.383  1092  9594 V AlarmManager: set(PendingIntent{2ce77f1: PendingIntentRecord{fdaafd6 com.google.android.gms/com.google.android.gms.container startService}}) : type=3 listener=null listenerTag=null workSource=null callingPackage=com.google.android.gms callingUid=10106 triggerAtTime=316213010705 win=3600000 tElapsed=316213010705 maxElapsed=316216610705 interval=0 flags=0x0
04-18 15:29:31.384  1092  9594 D AlarmManager: Add alarm packageName=com.google.android.gms, type=3, when=316213010705, tag=null, callingUid=10106, callingPackage=com.google.android.gms
04-18 15:29:31.386 25555 25555 D AppResolutionTuner: dom2xml: App{packageName='com.tencent.ig', scale='1.0', filteredWindows= []', scalingFlow= surfaceview'}
04-18 15:29:31.386 25555 25555 D AppResolutionTuner: dom2xml: App{packageName='com.tencent.tmgp.pubgmhd', scale='1.0', filteredWindows= []', scalingFlow= surfaceview'}
04-18 15:29:31.387 25555 25555 D AppResolutionTuner: dom2xml: App{packageName='com.pubg.krmobile', scale='1.0', filteredWindows= []', scalingFlow= surfaceview'}
04-18 15:29:31.387 25555 25555 D AppResolutionTuner: dom2xml: App{packageName='vn.vng.pubgmobile', scale='1.0', filteredWindows= []', scalingFlow= surfaceview'}
04-18 15:29:31.387 25555 25555 D AppResolutionTuner: dom2xml: App{packageName='com.rekoo.pubgm', scale='1.0', filteredWindows= []', scalingFlow= surfaceview'}
04-18 15:29:31.387 25555 25555 D AppResolutionTuner: dom2xml: App{packageName='com.tencent.tmgp.sgame', scale='1.0', filteredWindows= []', scalingFlow= surfaceview'}
04-18 15:29:31.390 25555 25555 D AppResolutionTuner: dom2xml: App{packageName='com.dts.freefireth', scale='1.2', filteredWindows= []', scalingFlow= wms'}
04-18 15:29:31.391 25555 25555 D AppResolutionTuner: dom2xml: App{packageName='com.dts.freefiremax', scale='1.0', filteredWindows= []', scalingFlow= surfaceview'}
04-18 15:29:31.391 25555 25555 D AppResolutionTuner: dom2xml: App{packageName='com.mobile.legends', scale='1.0', filteredWindows= []', scalingFlow= surfaceview'}
04-18 15:29:31.391 25555 25555 D AppResolutionTuner: dom2xml: App{packageName='com.tencent.tmgp.cod', scale='1.0', filteredWindows= []', scalingFlow= surfaceview'}
04-18 15:29:31.391 25555 25555 D AppResolutionTuner: dom2xml: App{packageName='com.activision.callofduty.shooter', scale='1.0', filteredWindows= []', scalingFlow= surfaceview'}
04-18 15:29:31.392 25555 25555 D AppResolutionTuner: dom2xml: App{packageName='com.garena.game.codm', scale='1.0', filteredWindows= []', scalingFlow= surfaceview'}
04-18 15:29:31.392 25555 25555 D AppResolutionTuner: dom2xml: App{packageName='com.vng.codmvn', scale='1.0', filteredWindows= []', scalingFlow= surfaceview'}
04-18 15:29:31.392 25555 25555 D AppResolutionTuner: loadTunerAppList - 
04-18 15:29:31.392 25555 25555 D AppResolutionTuner: loadTunerAppList + 
04-18 15:29:31.392 25555 25555 W AppResolutionTuner: Target file doesn't exist: /data/retuner/sf_resolution_tuner_app_list.xml
04-18 15:29:31.394 25555 25555 D AppResolutionTuner: dom2xml: App{packageName='com.tencent.ig', scale='1.0', filteredWindows= []', scalingFlow= surfaceview'}
04-18 15:29:31.394 25555 25555 D AppResolutionTuner: dom2xml: App{packageName='com.tencent.tmgp.pubgmhd', scale='1.0', filteredWindows= []', scalingFlow= surfaceview'}
04-18 15:29:31.394 25555 25555 D AppResolutionTuner: dom2xml: App{packageName='com.pubg.krmobile', scale='1.0', filteredWindows= []', scalingFlow= surfaceview'}
04-18 15:29:31.394 25555 25555 D AppResolutionTuner: dom2xml: App{packageName='vn.vng.pubgmobile', scale='1.0', filteredWindows= []', scalingFlow= surfaceview'}
04-18 15:29:31.394 25555 25555 D AppResolutionTuner: dom2xml: App{packageName='com.rekoo.pubgm', scale='1.0', filteredWindows= []', scalingFlow= surfaceview'}
04-18 15:29:31.395 25555 25555 D AppResolutionTuner: dom2xml: App{packageName='com.tencent.tmgp.sgame', scale='1.0', filteredWindows= []', scalingFlow= surfaceview'}
04-18 15:29:31.395 25555 25555 D AppResolutionTuner: dom2xml: App{packageName='com.dts.freefireth', scale='1.2', filteredWindows= []', scalingFlow= wms'}
04-18 15:29:31.395 25555 25555 D AppResolutionTuner: dom2xml: App{packageName='com.dts.freefiremax', scale='1.0', filteredWindows= []', scalingFlow= surfaceview'}
04-18 15:29:31.395 25555 25555 D AppResolutionTuner: dom2xml: App{packageName='com.mobile.legends', scale='1.0', filteredWindows= []', scalingFlow= surfaceview'}
04-18 15:29:31.395 25555 25555 D AppResolutionTuner: dom2xml: App{packageName='com.tencent.tmgp.cod', scale='1.0', filteredWindows= []', scalingFlow= surfaceview'}
04-18 15:29:31.395 25555 25555 D AppResolutionTuner: dom2xml: App{packageName='com.activision.callofduty.shooter', scale='1.0', filteredWindows= []', scalingFlow= surfaceview'}
04-18 15:29:31.395 25555 25555 D AppResolutionTuner: dom2xml: App{packageName='com.garena.game.codm', scale='1.0', filteredWindows= []', scalingFlow= surfaceview'}
04-18 15:29:31.396 25555 25555 D AppResolutionTuner: dom2xml: App{packageName='com.vng.codmvn', scale='1.0', filteredWindows= []', scalingFlow= surfaceview'}
04-18 15:29:31.396 25555 25555 D AppResolutionTuner: loadTunerAppList - 
04-18 15:29:31.396 25555 25555 D TranClassInfo: instance successfully. com.transsion.hubcore.view.TranSurfaceImpl@5c1a59e from com.transsion.hubcore.view.ITranSurface
04-18 15:29:31.605  1092  9594 V AlarmManager: set(PendingIntent{6b1e9e5: PendingIntentRecord{2fa0a4e com.google.android.gms/com.google.android.gms.scheduler broadcastIntent}}) : type=3 listener=null listenerTag=null workSource=WorkSource{10106 com.google.android.gms} callingPackage=com.google.android.gms callingUid=10106 triggerAtTime=853011915 win=0 tElapsed=853015932 maxElapsed=853015932 interval=0 flags=0x0
04-18 15:29:31.606  1092  9594 D AlarmManager: Add alarm packageName=com.google.android.gms, type=3, when=853011915, tag=null, callingUid=10106, callingPackage=com.google.android.gms
04-18 15:29:31.631  1092  9594 D CompatibilityChangeReporter: Compat change id reported: 161145287; UID 10106; state: DISABLED
04-18 15:29:31.708  1092  9594 V AlarmManager: set(PendingIntent{672c76b: PendingIntentRecord{2fa0a4e com.google.android.gms/com.google.android.gms.scheduler broadcastIntent}}) : type=3 listener=null listenerTag=null workSource=WorkSource{10106 com.google.android.gms} callingPackage=com.google.android.gms callingUid=10106 triggerAtTime=854419477 win=1056332 tElapsed=854419477 maxElapsed=855475809 interval=0 flags=0x0
04-18 15:29:31.709  1092  9594 D AlarmManager: Add alarm packageName=com.google.android.gms, type=3, when=854419477, tag=null, callingUid=10106, callingPackage=com.google.android.gms
04-18 15:29:31.957  1092  1547 D BroadcastQueue: Add broadcast <BroadcastRecord{eba945e u-1 android.intent.action.BATTERY_CHANGED}> into [parallel | background], pending size 0
04-18 15:29:31.959  1092  1275 D BroadcastQueue: Done with parallel broadcast [background] [BroadcastRecord{eba945e u-1 android.intent.action.BATTERY_CHANGED}]
04-18 15:29:32.151  1092  9594 D WindowManager: Changing focus from null to Window{41fbefe u0 com.aurel.nexusStorage/com.aurel.nexusStorage.MainActivity}-[Surface(name=*Title#118515)/@0x7b9f912] displayId = 0 Callers = com.android.server.wm.RootWindowContainer.updateFocusedWindowLocked:493 com.android.server.wm.WindowManagerService.updateFocusedWindowLocked:6415 com.android.server.wm.WindowManagerService.relayoutWindow:2697 com.android.server.wm.Session.relayout:266 
