04-18 15:31:28.877  1092  5606 D Griffin/DeviceState: AudioPlayerItem{playerId=92879, playerState=3, lastUpdateTime=853128204, currentTime= 853128204}
04-18 15:31:28.878  1092  5606 D Griffin/DeviceState: update playerItem, pid = 20936, uid = 10282, package = com.zhiliaoapp.musically, playerId = 92887, playerState = 2
04-18 15:31:28.878  1092  5606 D Griffin/DeviceState: update playerItem, pid = 20936, uid = 10282, package = com.zhiliaoapp.musically, playerId = 92879, playerState = 4
04-18 15:31:28.878  1092  5606 D Griffin/DeviceState: Caller from 2, create the new playerItem: 
04-18 15:31:28.878  1092  5606 D Griffin/DeviceState: AudioPlayerItem{playerId=92879, playerState=4, lastUpdateTime=853128204, currentTime= 853128204}
04-18 15:31:28.879  1092  5606 D Griffin/DeviceState: update playerItem, pid = 20936, uid = 10282, package = com.zhiliaoapp.musically, playerId = 92879, playerState = 0
04-18 15:31:28.879  1092  5606 D Griffin/DeviceState: Caller from 2, create the new playerItem: 
04-18 15:31:28.879  1092  5606 D Griffin/DeviceState: AudioPlayerItem{playerId=92879, playerState=0, lastUpdateTime=853128206, currentTime= 853128206}
04-18 15:31:28.908  1092  2969 D Griffin/DeviceState: update playerItem, pid = 20936, uid = 10282, package = com.zhiliaoapp.musically, playerId = 92887, playerState = 2
04-18 15:31:29.372  1092  2969 D BroadcastQueue: Add broadcast <BroadcastRecord{e8e6489 u-1 android.intent.action.BATTERY_CHANGED}> into [parallel | background], pending size 0
04-18 15:31:29.372  1092  1275 D BroadcastQueue: Done with parallel broadcast [background] [BroadcastRecord{e8e6489 u-1 android.intent.action.BATTERY_CHANGED}]
04-18 15:31:30.281  1092  1346 D AlarmManager: Package com.google.android.inputmethod.latin for user 0 now in bucket 45
04-18 15:31:30.294  1092  1092 E JobScheduler.Concurrency: Had fewer than 16 in existence
04-18 15:31:30.297  1092  1092 E JobScheduler.Concurrency: Had fewer than 16 in existence
04-18 15:31:30.299  1092  1092 E JobScheduler.Concurrency: Had fewer than 16 in existence
04-18 15:31:30.302  1092  1092 E JobScheduler.Concurrency: Had fewer than 16 in existence
04-18 15:31:30.309  1092  1092 D Griffin/ComponentManager: Limit start proc:com.deepseek.chat for 3rd-normal-service caller=system/1092,Intent { cmp=com.deepseek.chat/com.google.android.datatransport.runtime.scheduling.jobscheduling.JobInfoSchedulerService }
04-18 15:31:30.310  1092  1092 W ActivityManager: Unable to launch app com.deepseek.chat/10286 for service Intent { cmp=com.deepseek.chat/com.google.android.datatransport.runtime.scheduling.jobscheduling.JobInfoSchedulerService }: AutoStart Limit
04-18 15:31:30.310  1092  1092 D ActivityManager: isGriffinSupport  bringUpServiceLocked and unbindServiceLockedIntent { cmp=com.deepseek.chat/com.google.android.datatransport.runtime.scheduling.jobscheduling.JobInfoSchedulerService }
04-18 15:31:30.311  1092  1092 W ActivityManager: Unbind failed: could not find connection for android.app.LoadedApk$ServiceDispatcher$InnerConnection@f8574cb
04-18 15:31:30.311  1092  1092 E JobScheduler.Concurrency: Error executing JobStatus{52e50ff #u0a286/-814799897 com.deepseek.chat/com.google.android.datatransport.runtime.scheduling.jobscheduling.JobInfoSchedulerService u=0 s=10286 TIME=-4d22h20m34s989ms:none NET READY}
04-18 15:31:30.318  1092  1092 D Griffin/ComponentManager: Limit start proc:com.anthropic.claude for 3rd-normal-service caller=system/1092,Intent { cmp=com.anthropic.claude/com.google.android.datatransport.runtime.scheduling.jobscheduling.JobInfoSchedulerService }
04-18 15:31:30.318  1092  1092 W ActivityManager: Unable to launch app com.anthropic.claude/10330 for service Intent { cmp=com.anthropic.claude/com.google.android.datatransport.runtime.scheduling.jobscheduling.JobInfoSchedulerService }: AutoStart Limit
04-18 15:31:30.318  1092  1092 D ActivityManager: isGriffinSupport  bringUpServiceLocked and unbindServiceLockedIntent { cmp=com.anthropic.claude/com.google.android.datatransport.runtime.scheduling.jobscheduling.JobInfoSchedulerService }
04-18 15:31:30.319  1092  1092 W ActivityManager: Unbind failed: could not find connection for android.app.LoadedApk$ServiceDispatcher$InnerConnection@9f492a7
04-18 15:31:30.319  1092  1092 E JobScheduler.Concurrency: Error executing JobStatus{bf61f9c #u0a330/1387341111 com.anthropic.claude/com.google.android.datatransport.runtime.scheduling.jobscheduling.JobInfoSchedulerService u=0 s=10330 TIME=-1d20h0m2s309ms:none NET failures=1 READY}
04-18 15:31:30.325  1092  1092 D Griffin/ComponentManager: Limit start proc:com.openai.chatgpt for 3rd-normal-service caller=system/1092,Intent { cmp=com.openai.chatgpt/androidx.work.impl.background.systemjob.SystemJobService }
04-18 15:31:30.325  1092  1092 W ActivityManager: Unable to launch app com.openai.chatgpt/10270 for service Intent { cmp=com.openai.chatgpt/androidx.work.impl.background.systemjob.SystemJobService }: AutoStart Limit
04-18 15:31:30.326  1092  1092 D ActivityManager: isGriffinSupport  bringUpServiceLocked and unbindServiceLockedIntent { cmp=com.openai.chatgpt/androidx.work.impl.background.systemjob.SystemJobService }
04-18 15:31:30.326  1092  1092 W ActivityManager: Unbind failed: could not find connection for android.app.LoadedApk$ServiceDispatcher$InnerConnection@64db243
04-18 15:31:30.327  1092  1092 E JobScheduler.Concurrency: Error executing JobStatus{be53a34 #u0a270/3252 com.openai.chatgpt/androidx.work.impl.background.systemjob.SystemJobService u=0 s=10270 TIME=-2h35m45s154ms:none NET READY}
04-18 15:31:30.332  1092  1092 D Griffin/ComponentManager: Limit start proc:com.facebook.lite for 3rd-normal-service caller=system/1092,Intent { cmp=com.facebook.lite/.intent.PeriodicTaskJobService }
04-18 15:31:30.332  1092  1092 W ActivityManager: Unable to launch app com.facebook.lite/10195 for service Intent { cmp=com.facebook.lite/.intent.PeriodicTaskJobService }: AutoStart Limit
04-18 15:31:30.332  1092  1092 D ActivityManager: isGriffinSupport  bringUpServiceLocked and unbindServiceLockedIntent { cmp=com.facebook.lite/.intent.PeriodicTaskJobService }
04-18 15:31:30.332  1092  1092 W ActivityManager: Unbind failed: could not find connection for android.app.LoadedApk$ServiceDispatcher$InnerConnection@48f2f9f
04-18 15:31:30.333  1092  1092 E JobScheduler.Concurrency: Error executing JobStatus{c1c53ef #u0a195/10016 com.facebook.lite/.intent.PeriodicTaskJobService u=0 s=10195 TIME=-1h35m7s898ms:-35m7s898ms PERIODIC PERSISTED READY}
04-18 15:31:32.927  1092  1300 D AutomaticBrightnessController: updateAutoBrightness: mScreenAutoBrightness=0.1113509, newScreenAutoBrightness=0.082079366, mAmbientLux=2.25, mScreenDarkeningThreshold= 0.08908072, mScreenBrighteningThreshold=0.122485995, mAmbientLightRingBuffer=[4.375 / 4383ms, 4.375 / 484ms, 4.375 / 1611ms, 4.375 / 321ms, 3.25 / 323ms, 2.25 / 2878ms]
04-18 15:31:32.927  1092  1300 D DisplayPowerController[0]: animateScreenBrightness: target=0.082079366, rate=0.033333335    mShouldUpdateBrightnessSettingLater=true
04-18 15:31:32.928  1092  1300 D DisplayPowerController[0]: animateScreenBrightness: putScreenBrightnessSetting currentBrightness=0.1113509, duration=0.878146
04-18 15:31:32.930  1092  1300 I DisplayPowerController[0]: BrightnessEvent: disp=0, brt=0.082079366, rcmdBrt=0.082079366, preBrt=0.1113509, lux=2.25, preLux=4.375, hbmMax=1.0, hbmMode=off, thrmMax=1.0, flags=, reason=automatic
04-18 15:31:32.931  1092  1092 I BrightnessSynchronizer: [27822] New Update 0.082079366(f) set brightness values:  22(i)
04-18 15:31:32.931  1092  1092 I BrightnessSynchronizer: New PendingUpdate: {[27823] 0.082079366(f), mUpdatedTypes=0, mConfirmedTypes=0, mTimeUpdated=0}, prev=null
04-18 15:31:32.932  1092  1092 I BrightnessSynchronizer: Swallowing update of 22(i) by update: {[27822] 0.082079366(f), mUpdatedTypes=1, mConfirmedTypes=1, mTimeUpdated=756322400}
04-18 15:31:32.933  1092  1092 I BrightnessSynchronizer: Completed Update: {[27822] 0.082079366(f), mUpdatedTypes=1, mConfirmedTypes=1, mTimeUpdated=756322400}
04-18 15:31:34.466  1092  1381 I Telecom : DefaultDialerCache: Package Manager could not find ComponentName:com.android.incallui: TSI.iR@MiE
04-18 15:31:34.468  1092  1381 I Telecom : DefaultDialerCache: Package Manager could not find ComponentName:com.android.incallui: TSI.iIC@MiI
04-18 15:31:34.621  1092  1092 I Telecom : DefaultDialerCache: Package Manager could not find ComponentName:com.android.incallui: TSI.iIC@MiM
04-18 15:31:34.627  1092  1092 D BroadcastQueue: Add broadcast <BroadcastRecord{2d4de16 u-1 android.media.VOLUME_CHANGED_ACTION}> into [parallel | foreground], pending size 0
04-18 15:31:34.629  1092  1275 D BroadcastQueue: Done with parallel broadcast [foreground] [BroadcastRecord{2d4de16 u-1 android.media.VOLUME_CHANGED_ACTION}]
04-18 15:31:34.630  1092  1092 D BroadcastQueue: Add broadcast <BroadcastRecord{b517397 u-1 android.media.VOLUME_CHANGED_ACTION}> into [parallel | foreground], pending size 0
04-18 15:31:34.632  1092  1275 D BroadcastQueue: Done with parallel broadcast [foreground] [BroadcastRecord{b517397 u-1 android.media.VOLUME_CHANGED_ACTION}]
04-18 15:31:34.633  1092  1092 D BroadcastQueue: Add broadcast <BroadcastRecord{b06984 u-1 android.media.VOLUME_CHANGED_ACTION}> into [parallel | foreground], pending size 0
04-18 15:31:34.634  1092  1275 D BroadcastQueue: Done with parallel broadcast [foreground] [BroadcastRecord{b06984 u-1 android.media.VOLUME_CHANGED_ACTION}]
04-18 15:31:34.636  1092  1092 D BroadcastQueue: Add broadcast <BroadcastRecord{b5b556d u-1 android.media.VOLUME_CHANGED_ACTION}> into [parallel | foreground], pending size 0
04-18 15:31:34.638  1092  1275 D BroadcastQueue: Done with parallel broadcast [foreground] [BroadcastRecord{b5b556d u-1 android.media.VOLUME_CHANGED_ACTION}]
04-18 15:31:34.654  1092  2969 D PowerManagerService: userActivityNoUpdateLocked: Scene not defined, event:0
04-18 15:31:34.664  1092  2969 V WindowState: toString mSurfaceNameCache= mLastTitle=null title=TrVolumeDialogImpl
04-18 15:31:34.664  1092  2969 D CoreBackPreview: Window{78c99f0 u0 TrVolumeDialogImpl}: Setting back callback OnBackInvokedCallbackInfo{mCallback=android.window.IOnBackInvokedCallback$Stub$Proxy@b0199ee, mPriority=0}
04-18 15:31:34.705  1092  2969 D WindowManager: finishDrawing: syncSeqId=0, postDrawTransaction=android.view.SurfaceControl$Transaction@2b9651c, mSyncState=0, mDrawState=1, hasSyncHandlers=false, mClientWasDrawingForSync=false, win=Window{78c99f0 u0 TrVolumeDialogImpl}-[Surface(name=*Title#118553)/@0x8a93e8f]
04-18 15:31:34.710  1092  1092 I Telecom : DefaultDialerCache: Package Manager could not find ComponentName:com.android.incallui: TSI.iIC@MiQ
04-18 15:31:35.033  1092  1300 D AutomaticBrightnessController: updateAutoBrightness: mScreenAutoBrightness=0.082079366, newScreenAutoBrightness=0.106077656, mAmbientLux=4.008254, mScreenDarkeningThreshold= 0.065663494, mScreenBrighteningThreshold=0.090287305, mAmbientLightRingBuffer=[4.375 / 2277ms, 4.375 / 484ms, 4.375 / 1611ms, 4.375 / 321ms, 3.25 / 323ms, 2.25 / 3384ms, 4.375 / 645ms, 4.375 / 955ms]
04-18 15:31:35.034  1092  1300 D DisplayPowerController[0]: animateScreenBrightness: target=0.106077656, rate=0.23809525    mShouldUpdateBrightnessSettingLater=true
04-18 15:31:35.034  1092  1300 D DisplayPowerController[0]: animateScreenBrightness: putScreenBrightnessSetting currentBrightness=0.082079366, duration=0.5
04-18 15:31:35.035  1092  1300 I DisplayPowerController[0]: BrightnessEvent: disp=0, brt=0.106077656, rcmdBrt=0.106077656, preBrt=0.082079366, lux=4.008254, preLux=2.25, hbmMax=1.0, hbmMode=off, thrmMax=1.0, flags=, reason=automatic
04-18 15:31:35.037  1092  1092 I BrightnessSynchronizer: [27824] New Update 0.106077656(f) set brightness values:  28(i)
04-18 15:31:35.037  1092  1092 I BrightnessSynchronizer: New PendingUpdate: {[27825] 0.106077656(f), mUpdatedTypes=0, mConfirmedTypes=0, mTimeUpdated=0}, prev=null
04-18 15:31:35.038  1092  1092 I BrightnessSynchronizer: Swallowing update of 28(i) by update: {[27824] 0.106077656(f), mUpdatedTypes=1, mConfirmedTypes=1, mTimeUpdated=756324506}
04-18 15:31:35.038  1092  1092 I BrightnessSynchronizer: Completed Update: {[27824] 0.106077656(f), mUpdatedTypes=1, mConfirmedTypes=1, mTimeUpdated=756324506}
04-18 15:31:35.242  1092  9388 D PowerManagerService: userActivityNoUpdateLocked: Scene not defined, event:0
04-18 15:31:35.430  1092  2969 D CoreBackPreview: Window{78c99f0 u0 TrVolumeDialogImpl}-[Surface(name=*Title#118553)/@0x8a93e8f]: Setting back callback null
04-18 15:31:40.511  1092  1241 I DisplayDeviceRepository: Display device changed: DisplayDeviceInfo{"Built-in Screen": uniqueId="local:0", 720 x 1612, modeId 2, defaultModeId 1, supportedModes [{id=1, width=720, height=1612, fps=60.0, alternativeRefreshRates=[90.0]}, {id=2, width=720, height=1612, fps=90.0, alternativeRefreshRates=[60.0]}], colorMode 0, supportedColorModes [0], hdrCapabilities HdrCapabilities{mSupportedHdrTypes=[], mMaxLuminance=500.0, mMaxAverageLuminance=500.0, mMinLuminance=0.0}, allmSupported false, gameContentTypeSupported false, density 320, 268.941 x 269.373 dpi, appVsyncOff 2000000, presDeadline 11111111, cutout DisplayCutout{insets=Rect(0, 80 - 0, 0) waterfall=Insets{left=0, top=0, right=0, bottom=0} boundingRect={Bounds=[Rect(0, 0 - 0, 0), Rect(312, 0 - 408, 80), Rect(0, 0 - 0, 0), Rect(0, 0 - 0, 0)]} cutoutPathParserInfo={CutoutPathParserInfo{displayWidth=720 displayHeight=1612 physicalDisplayWidth=720 physicalDisplayHeight=1612 density={2.0} cutoutSpec={M -24,0 L -24,40 L 24,40 L 24,0 Z @dp} rotation={0} scale={1.0} physicalPixelDisplaySizeRatio={1.0}}}}, touch INTERNAL, rotation 0, type INTERNAL, address {port=0}, deviceProductInfo null, state ON, frameRateOverride , brightnessMinimum 0.0, brightnessMaximum 1.0, brightnessDefault 0.096576735, FLAG_ALLOWED_TO_BE_DEFAULT_DISPLAY, FLAG_ROTATES_WITH_CONTENT, FLAG_SECURE, FLAG_SUPPORTS_PROTECTED_BUFFERS, installOrientation 0}
04-18 15:31:41.373  1092  1370 D AlarmManager: waitForAlarm result:8currentTime=1776522701373, elapsedRealtime=853140699
04-18 15:31:41.373  1092  1370 I AlarmManager: going to acquire mWakeLock actually.
04-18 15:31:41.373  1092  1092 D JobScheduler.Time: evaluateConstraint job for: com.facebook.lite sourceUid:10195 app is not started!!
04-18 15:31:41.374  1092  1092 D JobScheduler.Time: evaluateConstraint job for: com.anthropic.claude sourceUid:10330 app is not started!!
04-18 15:31:41.375  1092  1370 D AlarmManager: sending alarm.type = 3, action = null, alarm = Alarm{27e5a9e type 3 origWhen 853128284 whenElapsed 853128284 android}, cn = null, operation = null, listener=android.app.AlarmManager$ListenerWrapper@a6f57aa, listenerTag=*job.delay*, workSource=WorkSource{10108 com.google.android.apps.wellbeing}
04-18 15:31:41.377  1092  1092 V AlarmManager: set(null) : type=3 listener=android.app.AlarmManager$ListenerWrapper@a6f57aa listenerTag=*job.delay* workSource=WorkSource{10104 com.google.android.apps.messaging} callingPackage=android callingUid=1000 triggerAtTime=853172921 win=24165 tElapsed=853172921 maxElapsed=853197086 interval=0 flags=0x0
04-18 15:31:41.377  1092  1092 D AlarmManager: Add alarm packageName=android, type=3, when=853172921, tag=*job.delay*, callingUid=1000, callingPackage=android
04-18 15:31:41.378  1092  1092 E JobScheduler.Concurrency: Had fewer than 16 in existence
04-18 15:31:41.380  1092  1092 E JobScheduler.Concurrency: Had fewer than 16 in existence
04-18 15:31:41.382  1092  1092 E JobScheduler.Concurrency: Had fewer than 16 in existence
04-18 15:31:41.383  1092  1092 E JobScheduler.Concurrency: Had fewer than 16 in existence
04-18 15:31:41.388  1092  1092 D ActivityManager: PROFILE_FROM_SHELL is disabled for ProcessRecord{cbd1f76 0:com.google.android.apps.wellbeing/u0a108}
04-18 15:31:41.406  1092  1092 D CompatibilityChangeReporter: Compat change id reported: 135634846; UID 10108; state: DISABLED
04-18 15:31:41.411  1092  1092 D CompatibilityChangeReporter: Compat change id reported: 177438394; UID 10108; state: DISABLED
04-18 15:31:41.411  1092  1092 D CompatibilityChangeReporter: Compat change id reported: 135772972; UID 10108; state: DISABLED
04-18 15:31:41.411  1092  1092 D CompatibilityChangeReporter: Compat change id reported: 135754954; UID 10108; state: ENABLED
04-18 15:31:41.412  1092  1276 D ActivityManager: asking zygote to start proc:ProcessRecord{cbd1f76 0:com.google.android.apps.wellbeing/u0a108}
04-18 15:31:41.412  1092  1276 D CompatibilityChangeReporter: Compat change id reported: 143937733; UID 10108; state: ENABLED
04-18 15:31:41.412  1092  1276 D Prefork : startResult is empty and running normal execution.
04-18 15:31:41.423  1092  1276 I ActivityManager: Start proc 26288:com.google.android.apps.wellbeing/u0a108 for service {com.google.android.apps.wellbeing/androidx.work.impl.background.systemjob.SystemJobService}
04-18 15:31:41.445  1092  1241 I DisplayDeviceRepository: Display device changed: DisplayDeviceInfo{"Built-in Screen": uniqueId="local:0", 720 x 1612, modeId 1, defaultModeId 1, supportedModes [{id=1, width=720, height=1612, fps=60.0, alternativeRefreshRates=[90.0]}, {id=2, width=720, height=1612, fps=90.0, alternativeRefreshRates=[60.0]}], colorMode 0, supportedColorModes [0], hdrCapabilities HdrCapabilities{mSupportedHdrTypes=[], mMaxLuminance=500.0, mMaxAverageLuminance=500.0, mMinLuminance=0.0}, allmSupported false, gameContentTypeSupported false, density 320, 268.941 x 269.373 dpi, appVsyncOff 1000000, presDeadline 16666667, cutout DisplayCutout{insets=Rect(0, 80 - 0, 0) waterfall=Insets{left=0, top=0, right=0, bottom=0} boundingRect={Bounds=[Rect(0, 0 - 0, 0), Rect(312, 0 - 408, 80), Rect(0, 0 - 0, 0), Rect(0, 0 - 0, 0)]} cutoutPathParserInfo={CutoutPathParserInfo{displayWidth=720 displayHeight=1612 physicalDisplayWidth=720 physicalDisplayHeight=1612 density={2.0} cutoutSpec={M -24,0 L -24,40 L 24,40 L 24,0 Z @dp} rotation={0} scale={1.0} physicalPixelDisplaySizeRatio={1.0}}}}, touch INTERNAL, rotation 0, type INTERNAL, address {port=0}, deviceProductInfo null, state ON, frameRateOverride , brightnessMinimum 0.0, brightnessMaximum 1.0, brightnessDefault 0.096576735, FLAG_ALLOWED_TO_BE_DEFAULT_DISPLAY, FLAG_ROTATES_WITH_CONTENT, FLAG_SECURE, FLAG_SUPPORTS_PROTECTED_BUFFERS, installOrientation 0}
04-18 15:31:41.624  1092  2969 D os.ActivityManagerServiceLice: make process active com.google.android.apps.wellbeing(26288)
04-18 15:31:41.645 26288 26288 D TranClassInfo: instance successfully. com.transsion.hubcore.graphics.TranGraphicImpl@d5c8fb3 from com.transsion.hubcore.graphics.ITranGraphic
04-18 15:31:42.300  1092  5606 D CompatibilityChangeReporter: Compat change id reported: 161145287; UID 10108; state: DISABLED
04-18 15:31:42.367  1092  5606 D CompatibilityChangeReporter: Compat change id reported: 194532703; UID 10108; state: ENABLED
04-18 15:31:42.370  1092  5606 D JobScheduler.Time: evaluateConstraint job for: com.facebook.lite sourceUid:10195 app is not started!!
04-18 15:31:42.372  1092  5606 D JobScheduler.Time: evaluateConstraint job for: com.anthropic.claude sourceUid:10330 app is not started!!
04-18 15:31:42.372  1092  5606 D JobScheduler.Time: evaluateConstraint job for: com.facebook.lite sourceUid:10195 app is not started!!
04-18 15:31:42.375  1092  2969 D JobScheduler.Time: evaluateConstraint job for: com.facebook.lite sourceUid:10195 app is not started!!
04-18 15:31:42.376  1092  2969 D JobScheduler.Time: evaluateConstraint job for: com.anthropic.claude sourceUid:10330 app is not started!!
04-18 15:31:42.376  1092  2969 D JobScheduler.Time: evaluateConstraint job for: com.facebook.lite sourceUid:10195 app is not started!!
04-18 15:31:42.378  1092  1092 I AlarmManager: going to release mWakeLock actually.
04-18 15:31:42.381  1092  2969 D JobScheduler.Time: evaluateConstraint job for: com.facebook.lite sourceUid:10195 app is not started!!
04-18 15:31:42.382  1092  2969 D JobScheduler.Time: evaluateConstraint job for: com.anthropic.claude sourceUid:10330 app is not started!!
04-18 15:31:42.382  1092  2969 D JobScheduler.Time: evaluateConstraint job for: com.facebook.lite sourceUid:10195 app is not started!!
04-18 15:31:42.386  1092  5606 D JobScheduler.Time: evaluateConstraint job for: com.facebook.lite sourceUid:10195 app is not started!!
04-18 15:31:42.386  1092  5606 D JobScheduler.Time: evaluateConstraint job for: com.anthropic.claude sourceUid:10330 app is not started!!
04-18 15:31:42.386  1092  5606 D JobScheduler.Time: evaluateConstraint job for: com.facebook.lite sourceUid:10195 app is not started!!
04-18 15:31:42.391  1092  5606 D JobScheduler.Time: evaluateConstraint job for: com.facebook.lite sourceUid:10195 app is not started!!
04-18 15:31:42.393  1092  5606 D JobScheduler.Time: evaluateConstraint job for: com.anthropic.claude sourceUid:10330 app is not started!!
04-18 15:31:42.393  1092  5606 D JobScheduler.Time: evaluateConstraint job for: com.facebook.lite sourceUid:10195 app is not started!!
04-18 15:31:42.408  1092  2969 W JobScheduler: Job didn't exist in JobStore: 7e5cf28 #u0a108/38417 com.google.android.apps.wellbeing/androidx.work.impl.background.systemjob.SystemJobService
04-18 15:31:42.452  1092  5606 D JobScheduler.Time: evaluateConstraint job for: com.facebook.lite sourceUid:10195 app is not started!!
04-18 15:31:42.453  1092  5606 D JobScheduler.Time: evaluateConstraint job for: com.anthropic.claude sourceUid:10330 app is not started!!
04-18 15:31:42.453  1092  5606 D JobScheduler.Time: evaluateConstraint job for: com.facebook.lite sourceUid:10195 app is not started!!
04-18 15:31:43.356 26288 26316 D TranClassInfo: instance successfully. com.transsion.hubcore.view.TranViewImpl@1f3ef78 from com.transsion.hubcore.view.ITranView
04-18 15:31:43.475  1092  1244 E UnisocWatchdog: WDT_Monitor: writeWDTMonitor duration=50,shutdowning=false
04-18 15:31:44.711  1092  1241 I DisplayDeviceRepository: Display device changed: DisplayDeviceInfo{"Built-in Screen": uniqueId="local:0", 720 x 1612, modeId 2, defaultModeId 1, supportedModes [{id=1, width=720, height=1612, fps=60.0, alternativeRefreshRates=[90.0]}, {id=2, width=720, height=1612, fps=90.0, alternativeRefreshRates=[60.0]}], colorMode 0, supportedColorModes [0], hdrCapabilities HdrCapabilities{mSupportedHdrTypes=[], mMaxLuminance=500.0, mMaxAverageLuminance=500.0, mMinLuminance=0.0}, allmSupported false, gameContentTypeSupported false, density 320, 268.941 x 269.373 dpi, appVsyncOff 2000000, presDeadline 11111111, cutout DisplayCutout{insets=Rect(0, 80 - 0, 0) waterfall=Insets{left=0, top=0, right=0, bottom=0} boundingRect={Bounds=[Rect(0, 0 - 0, 0), Rect(312, 0 - 408, 80), Rect(0, 0 - 0, 0), Rect(0, 0 - 0, 0)]} cutoutPathParserInfo={CutoutPathParserInfo{displayWidth=720 displayHeight=1612 physicalDisplayWidth=720 physicalDisplayHeight=1612 density={2.0} cutoutSpec={M -24,0 L -24,40 L 24,40 L 24,0 Z @dp} rotation={0} scale={1.0} physicalPixelDisplaySizeRatio={1.0}}}}, touch INTERNAL, rotation 0, type INTERNAL, address {port=0}, deviceProductInfo null, state ON, frameRateOverride , brightnessMinimum 0.0, brightnessMaximum 1.0, brightnessDefault 0.096576735, FLAG_ALLOWED_TO_BE_DEFAULT_DISPLAY, FLAG_ROTATES_WITH_CONTENT, FLAG_SECURE, FLAG_SUPPORTS_PROTECTED_BUFFERS, installOrientation 0}
04-18 15:31:44.849  1092  5600 D TranGriffin/AppWidget: Start to hook widget[8], operation type: 1
04-18 15:31:44.849  1092  5600 D TranGriffin/AppWidget: widget provider: ProviderId{user:0, app:10108, cmp:ComponentInfo{com.google.android.apps.wellbeing/com.google.android.apps.wellbeing.widget.screentime.ScreenTimeWidgetProviderReceiver_Receiver}}
04-18 15:31:44.849  1092  5600 D TranGriffin/AppWidget: widget host: HostId{user:0, app:10174, hostId:1024, pkg:com.transsion.XOSLauncher}
04-18 15:31:44.849  1092  5600 D TranGriffin/AppWidget: End to hook appWidget coast 0(ms)
--------- beginning of main
04-18 15:31:45.029   679  2915 I DPUModule: DpuR5P0::checkTransform <35>: checkTransform: Transform(0), SRCRect(0,0)
04-18 15:31:45.029   679  2915 I DPUModule: DpuR5P0::checkAFBCBlockSize <97>: checkAFBCBlockSize: compressed(1),format(1), pitch(720), vstride(96)
04-18 15:31:45.029   679  2915 D DPUModule: [ …śhu] support: 0
04-18 15:31:45.029  1092  1381 D InputReader: syncTouch: pointerCount 1 -> 1, touching ids 0x80000000 -> 0x80000000, hovering ids 0x00000000 -> 0x00000000, canceled ids 0x00000000
04-18 15:31:45.029  1092  1381 D InputReader: dispatchTouches action MOVE now(ns): 756334497787755
04-18 15:31:45.029  1092  1381 D InputReader: notifyMotion call dispatcher
04-18 15:31:45.035  1092  1381 D InputReader: syncTouch: pointerCount 1 -> 1, touching ids 0x80000000 -> 0x80000000, hovering ids 0x00000000 -> 0x00000000, canceled ids 0x00000000
04-18 15:31:45.035  1092  1381 D InputReader: dispatchTouches action MOVE now(ns): 756334503992024
04-18 15:31:45.035  1092  1381 D InputReader: notifyMotion call dispatcher
04-18 15:31:45.040   679  2915 I DPUModule: DpuR5P0::checkLayerFormat <142>: checkLayerFormat: Format(1)
04-18 15:31:45.040   679  2915 I DPUModule: DpuR5P0::checkTransform <35>: checkTransform: Transform(0), SRCRect(0,0)
04-18 15:31:45.040   679  2915 I DPUModule: DpuR5P0::checkAFBCBlockSize <97>: checkAFBCBlockSize: compressed(1),format(1), pitch(720), vstride(1616)
04-18 15:31:45.040   679  2915 I DPUModule: DpuR5P0::checkLayerFormat <142>: checkLayerFormat: Format(1)
04-18 15:31:45.040   679  2915 I DPUModule: DpuR5P0::checkTransform <35>: checkTransform: Transform(0), SRCRect(0,0)
04-18 15:31:45.040   679  2915 I DPUModule: DpuR5P0::checkAFBCBlockSize <97>: checkAFBCBlockSize: compressed(1),format(1), pitch(720), vstride(80)
04-18 15:31:45.040   679  2915 I DPUModule: DpuR5P0::checkLayerFormat <142>: checkLayerFormat: Format(1)
04-18 15:31:45.040   679  2915 I DPUModule: DpuR5P0::checkTransform <35>: checkTransform: Transform(0), SRCRect(0,0)
04-18 15:31:45.040   679  2915 I DPUModule: DpuR5P0::checkAFBCBlockSize <97>: checkAFBCBlockSize: compressed(1),format(1), pitch(720), vstride(96)
04-18 15:31:45.040   679  2915 D DPUModule: [ …śhu] support: 0
04-18 15:31:45.040  1092  1381 D InputReader: syncTouch: pointerCount 1 -> 1, touching ids 0x80000000 -> 0x80000000, hovering ids 0x00000000 -> 0x00000000, canceled ids 0x00000000
04-18 15:31:45.040  1092  1381 D InputReader: dispatchTouches action MOVE now(ns): 756334509126947
04-18 15:31:45.040  1092  1381 D InputReader: notifyMotion call dispatcher
04-18 15:31:45.046  1092  1381 D InputReader: syncTouch: pointerCount 1 -> 1, touching ids 0x80000000 -> 0x80000000, hovering ids 0x00000000 -> 0x00000000, canceled ids 0x00000000
04-18 15:31:45.046  1092  1381 D InputReader: dispatchTouches action MOVE now(ns): 756334515023832
04-18 15:31:45.046  1092  1381 D InputReader: notifyMotion call dispatcher
04-18 15:31:45.051   679  2915 I DPUModule: DpuR5P0::checkLayerFormat <142>: checkLayerFormat: Format(1)
04-18 15:31:45.051   679  2915 I DPUModule: DpuR5P0::checkTransform <35>: checkTransform: Transform(0), SRCRect(0,0)
04-18 15:31:45.051   679  2915 I DPUModule: DpuR5P0::checkAFBCBlockSize <97>: checkAFBCBlockSize: compressed(1),format(1), pitch(720), vstride(1616)
04-18 15:31:45.051   679  2915 I DPUModule: DpuR5P0::checkLayerFormat <142>: checkLayerFormat: Format(1)
04-18 15:31:45.051   679  2915 I DPUModule: DpuR5P0::checkTransform <35>: checkTransform: Transform(0), SRCRect(0,0)
04-18 15:31:45.051   679  2915 I DPUModule: DpuR5P0::checkAFBCBlockSize <97>: checkAFBCBlockSize: compressed(1),format(1), pitch(720), vstride(80)
04-18 15:31:45.051   679  2915 I DPUModule: DpuR5P0::checkLayerFormat <142>: checkLayerFormat: Format(1)
04-18 15:31:45.051   679  2915 I DPUModule: DpuR5P0::checkTransform <35>: checkTransform: Transform(0), SRCRect(0,0)
04-18 15:31:45.051   679  2915 I DPUModule: DpuR5P0::checkAFBCBlockSize <97>: checkAFBCBlockSize: compressed(1),format(1), pitch(720), vstride(96)
04-18 15:31:45.051   679  2915 D DPUModule: [ …śhu] support: 0
04-18 15:31:45.052  1092  1381 D InputReader: syncTouch: pointerCount 1 -> 1, touching ids 0x80000000 -> 0x80000000, hovering ids 0x00000000 -> 0x00000000, canceled ids 0x00000000
04-18 15:31:45.052  1092  1381 D InputReader: dispatchTouches action MOVE now(ns): 756334520633178
04-18 15:31:45.052  1092  1381 D InputReader: notifyMotion call dispatcher
04-18 15:31:45.059  1092  1381 D InputReader: syncTouch: pointerCount 1 -> 1, touching ids 0x80000000 -> 0x80000000, hovering ids 0x00000000 -> 0x00000000, canceled ids 0x00000000
04-18 15:31:45.059   674 11196 I audio_hw_primary: app type:0x   0, is_voip:0, device:2, pcm:-352510464, usecase:0x   8
04-18 15:31:45.059  1092  1381 D InputReader: dispatchTouches action MOVE now(ns): 756334528371486
04-18 15:31:45.060  1092  1381 D InputReader: notifyMotion call dispatcher
04-18 15:31:45.062   679  2915 I DPUModule: DpuR5P0::checkLayerFormat <142>: checkLayerFormat: Format(1)
04-18 15:31:45.062   679  2915 I DPUModule: DpuR5P0::checkTransform <35>: checkTransform: Transform(0), SRCRect(0,0)
04-18 15:31:45.062   679  2915 I DPUModule: DpuR5P0::checkAFBCBlockSize <97>: checkAFBCBlockSize: compressed(1),format(1), pitch(720), vstride(1616)
04-18 15:31:45.062   679  2915 I DPUModule: DpuR5P0::checkLayerFormat <142>: checkLayerFormat: Format(1)
04-18 15:31:45.062   679  2915 I DPUModule: DpuR5P0::checkTransform <35>: checkTransform: Transform(0), SRCRect(0,0)
04-18 15:31:45.062   679  2915 I DPUModule: DpuR5P0::checkAFBCBlockSize <97>: checkAFBCBlockSize: compressed(1),format(1), pitch(720), vstride(80)
04-18 15:31:45.062   679  2915 I DPUModule: DpuR5P0::checkLayerFormat <142>: checkLayerFormat: Format(1)
04-18 15:31:45.062   679  2915 I DPUModule: DpuR5P0::checkTransform <35>: checkTransform: Transform(0), SRCRect(0,0)
04-18 15:31:45.062   679  2915 I DPUModule: DpuR5P0::checkAFBCBlockSize <97>: checkAFBCBlockSize: compressed(1),format(1), pitch(720), vstride(96)
04-18 15:31:45.062   679  2915 D DPUModule: [ …śhu] support: 0
04-18 15:31:45.062  1092  1381 D InputReader: syncTouch: pointerCount 1 -> 1, touching ids 0x80000000 -> 0x80000000, hovering ids 0x00000000 -> 0x00000000, canceled ids 0x00000000
04-18 15:31:45.062  1092  1381 D InputReader: dispatchTouches action MOVE now(ns): 756334531131255
04-18 15:31:45.062  1092  1381 D InputReader: notifyMotion call dispatcher
04-18 15:31:45.068  1092  1381 D InputReader: syncTouch: pointerCount 1 -> 1, touching ids 0x80000000 -> 0x80000000, hovering ids 0x00000000 -> 0x00000000, canceled ids 0x00000000
04-18 15:31:45.069  1092  1381 D InputReader: dispatchTouches action MOVE now(ns): 756334537832524
04-18 15:31:45.069  1092  1381 D InputReader: notifyMotion call dispatcher
04-18 15:31:45.073  1092  1381 D InputReader: syncTouch: pointerCount 1 -> 1, touching ids 0x80000000 -> 0x80000000, hovering ids 0x00000000 -> 0x00000000, canceled ids 0x00000000
04-18 15:31:45.073  1092  1381 D InputReader: dispatchTouches action MOVE now(ns): 756334542444486
04-18 15:31:45.073  1092  1381 D InputReader: notifyMotion call dispatcher
04-18 15:31:45.079  1092  1381 D InputReader: syncTouch: pointerCount 1 -> 1, touching ids 0x80000000 -> 0x80000000, hovering ids 0x00000000 -> 0x00000000, canceled ids 0x00000000
04-18 15:31:45.079  1092  1381 D InputReader: dispatchTouches action MOVE now(ns): 756334548074101
04-18 15:31:45.079  1092  1381 D InputReader: notifyMotion call dispatcher
04-18 15:31:45.084   679  2915 I DPUModule: DpuR5P0::checkLayerFormat <142>: checkLayerFormat: Format(1)
04-18 15:31:45.084   679  2915 I DPUModule: DpuR5P0::checkTransform <35>: checkTransform: Transform(0), SRCRect(0,0)
04-18 15:31:45.084   679  2915 I DPUModule: DpuR5P0::checkAFBCBlockSize <97>: checkAFBCBlockSize: compressed(1),format(1), pitch(720), vstride(1616)
04-18 15:31:45.084   679  2915 I DPUModule: DpuR5P0::checkLayerFormat <142>: checkLayerFormat: Format(1)
04-18 15:31:45.084   679  2915 I DPUModule: DpuR5P0::checkTransform <35>: checkTransform: Transform(0), SRCRect(0,0)
04-18 15:31:45.084   679  2915 I DPUModule: DpuR5P0::checkAFBCBlockSize <97>: checkAFBCBlockSize: compressed(1),format(1), pitch(720), vstride(80)
04-18 15:31:45.084   679  2915 I DPUModule: DpuR5P0::checkLayerFormat <142>: checkLayerFormat: Format(1)
04-18 15:31:45.084   679  2915 I DPUModule: DpuR5P0::checkTransform <35>: checkTransform: Transform(0), SRCRect(0,0)
04-18 15:31:45.084   679  2915 I DPUModule: DpuR5P0::checkAFBCBlockSize <97>: checkAFBCBlockSize: compressed(1),format(1), pitch(720), vstride(96)
04-18 15:31:45.084   679  2915 D DPUModule: [ …śhu] support: 0
04-18 15:31:45.084  1092  1381 D InputReader: syncTouch: pointerCount 1 -> 1, touching ids 0x80000000 -> 0x80000000, hovering ids 0x00000000 -> 0x00000000, canceled ids 0x00000000
04-18 15:31:45.085  1092  1381 D InputReader: dispatchTouches action MOVE now(ns): 756334553521024
04-18 15:31:45.085  1092  1381 D InputReader: notifyMotion call dispatcher
04-18 15:31:45.090  1092  1381 D InputReader: syncTouch: pointerCount 1 -> 1, touching ids 0x80000000 -> 0x80000000, hovering ids 0x00000000 -> 0x00000000, canceled ids 0x00000000
04-18 15:31:45.090  1092  1381 D InputReader: dispatchTouches action MOVE now(ns): 756334559162101
04-18 15:31:45.090  1092  1381 D InputReader: notifyMotion call dispatcher
04-18 15:31:45.095   679  2915 I DPUModule: DpuR5P0::checkLayerFormat <142>: checkLayerFormat: Format(1)
04-18 15:31:45.095   679  2915 I DPUModule: DpuR5P0::checkTransform <35>: checkTransform: Transform(0), SRCRect(0,0)
04-18 15:31:45.095   679  2915 I DPUModule: DpuR5P0::checkAFBCBlockSize <97>: checkAFBCBlockSize: compressed(1),format(1), pitch(720), vstride(1616)
04-18 15:31:45.095   679  2915 I DPUModule: DpuR5P0::checkLayerFormat <142>: checkLayerFormat: Format(1)
04-18 15:31:45.095   679  2915 I DPUModule: DpuR5P0::checkTransform <35>: checkTransform: Transform(0), SRCRect(0,0)
04-18 15:31:45.095   679  2915 I DPUModule: DpuR5P0::checkAFBCBlockSize <97>: checkAFBCBlockSize: compressed(1),format(1), pitch(720), vstride(80)
04-18 15:31:45.095   679  2915 I DPUModule: DpuR5P0::checkLayerFormat <142>: checkLayerFormat: Format(1)
04-18 15:31:45.095   679  2915 I DPUModule: DpuR5P0::checkTransform <35>: checkTransform: Transform(0), SRCRect(0,0)
04-18 15:31:45.095   679  2915 I DPUModule: DpuR5P0::checkAFBCBlockSize <97>: checkAFBCBlockSize: compressed(1),format(1), pitch(720), vstride(96)
04-18 15:31:45.095   679  2915 D DPUModule: [ …śhu] support: 0
04-18 15:31:45.096  1092  1381 D InputReader: syncTouch: pointerCount 1 -> 1, touching ids 0x80000000 -> 0x80000000, hovering ids 0x00000000 -> 0x00000000, canceled ids 0x00000000
04-18 15:31:45.096  1092  1381 D InputReader: dispatchTouches action MOVE now(ns): 756334564743755
04-18 15:31:45.096  1092  1381 D InputReader: notifyMotion call dispatcher
04-18 15:31:45.099   674 11196 I audio_hw_primary: app type:0x   0, is_voip:0, device:2, pcm:-352510464, usecase:0x   8
04-18 15:31:45.101  1092  1381 D InputReader: syncTouch: pointerCount 1 -> 1, touching ids 0x80000000 -> 0x80000000, hovering ids 0x00000000 -> 0x00000000, canceled ids 0x00000000
04-18 15:31:45.101  1092  1381 D InputReader: dispatchTouches action MOVE now(ns): 756334570033024
04-18 15:31:45.101  1092  1381 D InputReader: notifyMotion call dispatcher
04-18 15:31:45.106  1092  1381 D InputReader: syncTouch: pointerCount 1 -> 1, touching ids 0x80000000 -> 0x80000000, hovering ids 0x00000000 -> 0x00000000, canceled ids 0x00000000
04-18 15:31:45.107  1092  1381 D InputReader: dispatchTouches action MOVE now(ns): 756334575532332
04-18 15:31:45.107  1092  1381 D InputReader: notifyMotion call dispatcher
04-18 15:31:45.112  1092  1381 D InputReader: syncTouch: pointerCount 1 -> 1, touching ids 0x80000000 -> 0x80000000, hovering ids 0x00000000 -> 0x00000000, canceled ids 0x00000000
04-18 15:31:45.112  1092  1381 D InputReader: dispatchTouches action MOVE now(ns): 756334581439986
04-18 15:31:45.112  1092  1381 D InputReader: notifyMotion call dispatcher
04-18 15:31:45.118   679  2915 I DPUModule: DpuR5P0::checkLayerFormat <142>: checkLayerFormat: Format(1)
04-18 15:31:45.118   679  2915 I DPUModule: DpuR5P0::checkTransform <35>: checkTransform: Transform(0), SRCRect(0,0)
04-18 15:31:45.118   679  2915 I DPUModule: DpuR5P0::checkAFBCBlockSize <97>: checkAFBCBlockSize: compressed(1),format(1), pitch(720), vstride(1616)
04-18 15:31:45.118   679  2915 I DPUModule: DpuR5P0::checkLayerFormat <142>: checkLayerFormat: Format(1)
04-18 15:31:45.118   679  2915 I DPUModule: DpuR5P0::checkTransform <35>: checkTransform: Transform(0), SRCRect(0,0)
04-18 15:31:45.118   679  2915 I DPUModule: DpuR5P0::checkAFBCBlockSize <97>: checkAFBCBlockSize: compressed(1),format(1), pitch(720), vstride(80)
04-18 15:31:45.118   679  2915 I DPUModule: DpuR5P0::checkLayerFormat <142>: checkLayerFormat: Format(1)
04-18 15:31:45.118   679  2915 I DPUModule: DpuR5P0::checkTransform <35>: checkTransform: Transform(0), SRCRect(0,0)
04-18 15:31:45.118   679  2915 I DPUModule: DpuR5P0::checkAFBCBlockSize <97>: checkAFBCBlockSize: compressed(1),format(1), pitch(720), vstride(96)
04-18 15:31:45.118   679  2915 D DPUModule: [ …śhu] support: 0
04-18 15:31:45.118  1092  1381 D InputReader: syncTouch: pointerCount 1 -> 1, touching ids 0x80000000 -> 0x80000000, hovering ids 0x00000000 -> 0x00000000, canceled ids 0x00000000
04-18 15:31:45.118  1092  1381 D InputReader: dispatchTouches action MOVE now(ns): 756334586693870
04-18 15:31:45.118  1092  1381 D InputReader: notifyMotion call dispatcher
04-18 15:31:45.124  1092  1381 D InputReader: syncTouch: pointerCount 1 -> 1, touching ids 0x80000000 -> 0x80000000, hovering ids 0x00000000 -> 0x00000000, canceled ids 0x00000000
04-18 15:31:45.124  1092  1381 D InputReader: dispatchTouches action MOVE now(ns): 756334592626063
04-18 15:31:45.124  1092  1381 D InputReader: notifyMotion call dispatcher
04-18 15:31:45.129   679  2915 I DPUModule: DpuR5P0::checkLayerFormat <142>: checkLayerFormat: Format(1)
04-18 15:31:45.129   679  2915 I DPUModule: DpuR5P0::checkTransform <35>: checkTransform: Transform(0), SRCRect(0,0)
04-18 15:31:45.129   679  2915 I DPUModule: DpuR5P0::checkAFBCBlockSize <97>: checkAFBCBlockSize: compressed(1),format(1), pitch(720), vstride(1616)
04-18 15:31:45.129   679  2915 I DPUModule: DpuR5P0::checkLayerFormat <142>: checkLayerFormat: Format(1)
04-18 15:31:45.129   679  2915 I DPUModule: DpuR5P0::checkTransform <35>: checkTransform: Transform(0), SRCRect(0,0)
04-18 15:31:45.129   679  2915 I DPUModule: DpuR5P0::checkAFBCBlockSize <97>: checkAFBCBlockSize: compressed(1),format(1), pitch(720), vstride(80)
04-18 15:31:45.129   679  2915 I DPUModule: DpuR5P0::checkLayerFormat <142>: checkLayerFormat: Format(1)
04-18 15:31:45.129   679  2915 I DPUModule: DpuR5P0::checkTransform <35>: checkTransform: Transform(0), SRCRect(0,0)
04-18 15:31:45.129   679  2915 I DPUModule: DpuR5P0::checkAFBCBlockSize <97>: checkAFBCBlockSize: compressed(1),format(1), pitch(720), vstride(96)
04-18 15:31:45.129   679  2915 D DPUModule: [ …śhu] support: 0
04-18 15:31:45.129  1092  1381 D InputReader: syncTouch: pointerCount 1 -> 1, touching ids 0x80000000 -> 0x80000000, hovering ids 0x00000000 -> 0x00000000, canceled ids 0x00000000
04-18 15:31:45.129  1092  1381 D InputReader: dispatchTouches action MOVE now(ns): 756334597997447
04-18 15:31:45.129  1092  1381 D InputReader: notifyMotion call dispatcher
04-18 15:31:45.134  1092  1381 D InputReader: syncTouch: pointerCount 1 -> 1, touching ids 0x80000000 -> 0x80000000, hovering ids 0x00000000 -> 0x00000000, canceled ids 0x00000000
04-18 15:31:45.134  1092  1381 D InputReader: dispatchTouches action MOVE now(ns): 756334603398601
04-18 15:31:45.134  1092  1381 D InputReader: notifyMotion call dispatcher
04-18 15:31:45.137 20936 26317 I ByteVC1_dec: bytevc1_dec [info]: Bytedance bytevc1 ByteVC1 decoder (V2.2.3-commit-e81491c) is created.
04-18 15:31:45.137 20936 26317 I ByteVC1_dec: 
04-18 15:31:45.140   674 11196 I audio_hw_primary: app type:0x   0, is_voip:0, device:2, pcm:-352510464, usecase:0x   8
04-18 15:31:45.140  1092  1381 D InputReader: syncTouch: pointerCount 1 -> 1, touching ids 0x80000000 -> 0x80000000, hovering ids 0x00000000 -> 0x00000000, canceled ids 0x00000000
04-18 15:31:45.140  1092  1381 D InputReader: dispatchTouches action MOVE now(ns): 756334608984101
04-18 15:31:45.140  1092  1381 D InputReader: notifyMotion call dispatcher
04-18 15:31:45.140   922   959 E SLOGCP  : data_rate_stat: agdsp rate: total size(MB)=0.000000; per second(bytes)=0.000000, drop_cnt_=0, drop_data_size_=0
04-18 15:31:45.145  1092  1381 D InputReader: syncTouch: pointerCount 1 -> 1, touching ids 0x80000000 -> 0x80000000, hovering ids 0x00000000 -> 0x00000000, canceled ids 0x00000000
04-18 15:31:45.146  1092  1381 D InputReader: dispatchTouches action MOVE now(ns): 756334614551139
04-18 15:31:45.146  1092  1381 D InputReader: notifyMotion call dispatcher
04-18 15:31:45.151   679  2915 I DPUModule: DpuR5P0::checkLayerFormat <142>: checkLayerFormat: Format(1)
04-18 15:31:45.151   679  2915 I DPUModule: DpuR5P0::checkTransform <35>: checkTransform: Transform(0), SRCRect(0,0)
04-18 15:31:45.151   679  2915 I DPUModule: DpuR5P0::checkAFBCBlockSize <97>: checkAFBCBlockSize: compressed(1),format(1), pitch(720), vstride(1616)
04-18 15:31:45.151   679  2915 I DPUModule: DpuR5P0::checkLayerFormat <142>: checkLayerFormat: Format(1)
04-18 15:31:45.151   679  2915 I DPUModule: DpuR5P0::checkTransform <35>: checkTransform: Transform(0), SRCRect(0,0)
04-18 15:31:45.151   679  2915 I DPUModule: DpuR5P0::checkAFBCBlockSize <97>: checkAFBCBlockSize: compressed(1),format(1), pitch(720), vstride(80)
04-18 15:31:45.151   679  2915 I DPUModule: DpuR5P0::checkLayerFormat <142>: checkLayerFormat: Format(1)
04-18 15:31:45.151   679  2915 I DPUModule: DpuR5P0::checkTransform <35>: checkTransform: Transform(0), SRCRect(0,0)
04-18 15:31:45.151   679  2915 I DPUModule: DpuR5P0::checkAFBCBlockSize <97>: checkAFBCBlockSize: compressed(1),format(1), pitch(720), vstride(96)
04-18 15:31:45.151   679  2915 D DPUModule: [ …śhu] support: 0
04-18 15:31:45.151  1092  1381 D InputReader: syncTouch: pointerCount 1 -> 1, touching ids 0x80000000 -> 0x80000000, hovering ids 0x00000000 -> 0x00000000, canceled ids 0x00000000
04-18 15:31:45.151  1092  1381 D InputReader: dispatchTouches action MOVE now(ns): 756334620243063
04-18 15:31:45.151  1092  1381 D InputReader: notifyMotion call dispatcher
04-18 15:31:45.157  1092  1381 D InputReader: syncTouch: pointerCount 1 -> 1, touching ids 0x80000000 -> 0x80000000, hovering ids 0x00000000 -> 0x00000000, canceled ids 0x00000000
04-18 15:31:45.157  1092  1381 D InputReader: dispatchTouches action MOVE now(ns): 756334626211293
04-18 15:31:45.157  1092  1381 D InputReader: notifyMotion call dispatcher
04-18 15:31:45.162   679  2915 I DPUModule: DpuR5P0::checkLayerFormat <142>: checkLayerFormat: Format(1)
04-18 15:31:45.162   679  2915 I DPUModule: DpuR5P0::checkTransform <35>: checkTransform: Transform(0), SRCRect(0,0)
04-18 15:31:45.162   679  2915 I DPUModule: DpuR5P0::checkAFBCBlockSize <97>: checkAFBCBlockSize: compressed(1),format(1), pitch(720), vstride(1616)
04-18 15:31:45.162   679  2915 I DPUModule: DpuR5P0::checkLayerFormat <142>: checkLayerFormat: Format(1)
04-18 15:31:45.162   679  2915 I DPUModule: DpuR5P0::checkTransform <35>: checkTransform: Transform(0), SRCRect(0,0)
04-18 15:31:45.162  1092  1381 D InputReader: syncTouch: pointerCount 1 -> 1, touching ids 0x80000000 -> 0x80000000, hovering ids 0x00000000 -> 0x00000000, canceled ids 0x00000000
04-18 15:31:45.162   679  2915 I DPUModule: DpuR5P0::checkAFBCBlockSize <97>: checkAFBCBlockSize: compressed(1),format(1), pitch(720), vstride(80)
04-18 15:31:45.162   679  2915 I DPUModule: DpuR5P0::checkLayerFormat <142>: checkLayerFormat: Format(1)
04-18 15:31:45.162   679  2915 I DPUModule: DpuR5P0::checkTransform <35>: checkTransform: Transform(0), SRCRect(0,0)
04-18 15:31:45.162   679  2915 I DPUModule: DpuR5P0::checkAFBCBlockSize <97>: checkAFBCBlockSize: compressed(1),format(1), pitch(720), vstride(96)
04-18 15:31:45.162  1092  1381 D InputReader: dispatchTouches action MOVE now(ns): 756334630974024
04-18 15:31:45.162   679  2915 D DPUModule: [ …śhu] support: 0
04-18 15:31:45.162  1092  1381 D InputReader: notifyMotion call dispatcher
04-18 15:31:45.168  1092  1381 D InputReader: syncTouch: pointerCount 1 -> 1, touching ids 0x80000000 -> 0x80000000, hovering ids 0x00000000 -> 0x00000000, canceled ids 0x00000000
04-18 15:31:45.168  1092  1381 D InputReader: dispatchTouches action MOVE now(ns): 756334636904716
04-18 15:31:45.168  1092  1381 D InputReader: notifyMotion call dispatcher
04-18 15:31:45.173  1092  1381 D InputReader: syncTouch: pointerCount 1 -> 1, touching ids 0x80000000 -> 0x80000000, hovering ids 0x00000000 -> 0x00000000, canceled ids 0x00000000
04-18 15:31:45.173  1092  1381 D InputReader: dispatchTouches action MOVE now(ns): 756334642320524
04-18 15:31:45.173  1092  1381 D InputReader: notifyMotion call dispatcher
04-18 15:31:45.179  1092  1381 D InputReader: syncTouch: pointerCount 1 -> 1, touching ids 0x80000000 -> 0x80000000, hovering ids 0x00000000 -> 0x00000000, canceled ids 0x00000000
04-18 15:31:45.179  1092  1381 D InputReader: dispatchTouches action MOVE now(ns): 756334647973601
04-18 15:31:45.179  1092  1381 D InputReader: notifyMotion call dispatcher
04-18 15:31:45.181   674 11196 I audio_hw_primary: app type:0x   0, is_voip:0, device:2, pcm:-352510464, usecase:0x   8
04-18 15:31:45.184   679  2915 I DPUModule: DpuR5P0::checkLayerFormat <142>: checkLayerFormat: Format(1)
04-18 15:31:45.184   679  2915 I DPUModule: DpuR5P0::checkTransform <35>: checkTransform: Transform(0), SRCRect(0,0)
04-18 15:31:45.184   679  2915 I DPUModule: DpuR5P0::checkAFBCBlockSize <97>: checkAFBCBlockSize: compressed(1),format(1), pitch(720), vstride(1616)
04-18 15:31:45.184   679  2915 I DPUModule: DpuR5P0::checkLayerFormat <142>: checkLayerFormat: Format(1)
04-18 15:31:45.184   679  2915 I DPUModule: DpuR5P0::checkTransform <35>: checkTransform: Transform(0), SRCRect(0,0)
04-18 15:31:45.184   679  2915 I DPUModule: DpuR5P0::checkAFBCBlockSize <97>: checkAFBCBlockSize: compressed(1),format(1), pitch(720), vstride(80)
04-18 15:31:45.184   679  2915 I DPUModule: DpuR5P0::checkLayerFormat <142>: checkLayerFormat: Format(1)
04-18 15:31:45.184   679  2915 I DPUModule: DpuR5P0::checkTransform <35>: checkTransform: Transform(0), SRCRect(0,0)
04-18 15:31:45.184   679  2915 I DPUModule: DpuR5P0::checkAFBCBlockSize <97>: checkAFBCBlockSize: compressed(1),format(1), pitch(720), vstride(96)
04-18 15:31:45.184   679  2915 D DPUModule: [ …śhu] support: 0
04-18 15:31:45.184  1092  1381 D InputReader: syncTouch: pointerCount 1 -> 1, touching ids 0x80000000 -> 0x80000000, hovering ids 0x00000000 -> 0x00000000, canceled ids 0x00000000
04-18 15:31:45.184  1092  1381 D InputReader: dispatchTouches action MOVE now(ns): 756334653345293
04-18 15:31:45.184  1092  1381 D InputReader: notifyMotion call dispatcher
04-18 15:31:45.190  1092  1381 D InputReader: syncTouch: pointerCount 1 -> 1, touching ids 0x80000000 -> 0x80000000, hovering ids 0x00000000 -> 0x00000000, canceled ids 0x00000000
04-18 15:31:45.190  1092  1381 D InputReader: dispatchTouches action MOVE now(ns): 756334659105678
04-18 15:31:45.190  1092  1381 D InputReader: notifyMotion call dispatcher
04-18 15:31:45.195   679  2915 I DPUModule: DpuR5P0::checkLayerFormat <142>: checkLayerFormat: Format(1)
04-18 15:31:45.195   679  2915 I DPUModule: DpuR5P0::checkTransform <35>: checkTransform: Transform(0), SRCRect(0,0)
04-18 15:31:45.195   679  2915 I DPUModule: DpuR5P0::checkAFBCBlockSize <97>: checkAFBCBlockSize: compressed(1),format(1), pitch(720), vstride(1616)
04-18 15:31:45.195   679  2915 I DPUModule: DpuR5P0::checkLayerFormat <142>: checkLayerFormat: Format(1)
04-18 15:31:45.195   679  2915 I DPUModule: DpuR5P0::checkTransform <35>: checkTransform: Transform(0), SRCRect(0,0)
04-18 15:31:45.195   679  2915 I DPUModule: DpuR5P0::checkAFBCBlockSize <97>: checkAFBCBlockSize: compressed(1),format(1), pitch(720), vstride(80)
04-18 15:31:45.195  1092  1381 D InputReader: syncTouch: pointerCount 1 -> 1, touching ids 0x80000000 -> 0x80000000, hovering ids 0x00000000 -> 0x00000000, canceled ids 0x00000000
04-18 15:31:45.195   679  2915 I DPUModule: DpuR5P0::checkLayerFormat <142>: checkLayerFormat: Format(1)
04-18 15:31:45.195   679  2915 I DPUModule: DpuR5P0::checkTransform <35>: checkTransform: Transform(0), SRCRect(0,0)
04-18 15:31:45.195   679  2915 I DPUModule: DpuR5P0::checkAFBCBlockSize <97>: checkAFBCBlockSize: compressed(1),format(1), pitch(720), vstride(96)
04-18 15:31:45.195   679  2915 D DPUModule: [ …śhu] support: 0
04-18 15:31:45.195  1092  1381 D InputReader: dispatchTouches action MOVE now(ns): 756334664379293
04-18 15:31:45.195  1092  1381 D InputReader: notifyMotion call dispatcher
04-18 15:31:45.201  1092  1381 D InputReader: syncTouch: pointerCount 1 -> 1, touching ids 0x80000000 -> 0x80000000, hovering ids 0x00000000 -> 0x00000000, canceled ids 0x00000000
04-18 15:31:45.201  1092  1381 D InputReader: dispatchTouches action MOVE now(ns): 756334670044909
04-18 15:31:45.201  1092  1381 D InputReader: notifyMotion call dispatcher
04-18 15:31:45.206  1092  1381 D InputReader: syncTouch: pointerCount 1 -> 1, touching ids 0x80000000 -> 0x80000000, hovering ids 0x00000000 -> 0x00000000, canceled ids 0x00000000
04-18 15:31:45.207  1092  1381 D InputReader: dispatchTouches action MOVE now(ns): 756334675497409
04-18 15:31:45.207  1092  1381 D InputReader: notifyMotion call dispatcher
04-18 15:31:45.212  1092  1381 D InputReader: syncTouch: pointerCount 1 -> 1, touching ids 0x80000000 -> 0x80000000, hovering ids 0x00000000 -> 0x00000000, canceled ids 0x00000000
04-18 15:31:45.212  1092  1381 D InputReader: dispatchTouches action MOVE now(ns): 756334681412909
04-18 15:31:45.212  1092  1381 D InputReader: notifyMotion call dispatcher
