04-18 15:33:56.585 26624 26745 I ogle.android.gm: WaitForGcToComplete blocked AddRemoveAppImageSpace on Background for 21.193ms
04-18 15:33:56.586 26624 26745 D nativeloader: Configuring clns-7 for other apk /system/framework/com.android.location.provider.jar. target_sdk_version=37, uses_libraries=ALL, library_path=/data/app/~~umrKDfUpHzWGuiFKYFN7Zw==/com.google.android.gms-9FeGsjliGFfYRaKOB9ziRw==/lib/arm64:/data/app/~~umrKDfUpHzWGuiFKYFN7Zw==/com.google.android.gms-9FeGsjliGFfYRaKOB9ziRw==/base.apk!/lib/arm64-v8a, permitted_path=/data:/mnt/expand:/data/user/0/com.google.android.gms
04-18 15:33:56.598 26624 26745 D nativeloader: Configuring clns-8 for other apk /system/framework/com.android.media.remotedisplay.jar. target_sdk_version=37, uses_libraries=ALL, library_path=/data/app/~~umrKDfUpHzWGuiFKYFN7Zw==/com.google.android.gms-9FeGsjliGFfYRaKOB9ziRw==/lib/arm64:/data/app/~~umrKDfUpHzWGuiFKYFN7Zw==/com.google.android.gms-9FeGsjliGFfYRaKOB9ziRw==/base.apk!/lib/arm64-v8a, permitted_path=/data:/mnt/expand:/data/user/0/com.google.android.gms
04-18 15:33:56.603 20936 20936 W View    : requestLayout() improperly called by android.widget.FrameLayout{91baaf2 V.E...... ......I. 0,1014-720,1230 #7f0b2584 app:id/gor aid=1073741912} during layout: running second layout pass
04-18 15:33:56.603 20936 20936 W View    : requestLayout() improperly called by android.view.View{f740eed V.ED..... ......I. 0,1016-720,1418 #7f0b29dd app:id/gradual_bottom aid=1073741910} during layout: running second layout pass
04-18 15:33:56.616   674 11196 I audio_hw_primary: app type:0x   0, is_voip:0, device:2, pcm:-352510464, usecase:0x   8
04-18 15:33:56.617 26624 26745 D nativeloader: Configuring clns-9 for other apk /data/app/~~umrKDfUpHzWGuiFKYFN7Zw==/com.google.android.gms-9FeGsjliGFfYRaKOB9ziRw==/base.apk. target_sdk_version=37, uses_libraries=, library_path=/data/app/~~umrKDfUpHzWGuiFKYFN7Zw==/com.google.android.gms-9FeGsjliGFfYRaKOB9ziRw==/lib/arm64:/data/app/~~umrKDfUpHzWGuiFKYFN7Zw==/com.google.android.gms-9FeGsjliGFfYRaKOB9ziRw==/base.apk!/lib/arm64-v8a, permitted_path=/data:/mnt/expand:/data/user/0/com.google.android.gms
04-18 15:33:56.618 20936 20936 W View    : requestLayout() improperly called by android.widget.FrameLayout{91baaf2 V.E...... ......I. 0,1035-720,1251 #7f0b2584 app:id/gor aid=1073741912} during layout: running second layout pass
04-18 15:33:56.618 20936 20936 W View    : requestLayout() improperly called by android.view.View{f740eed V.ED..... ......I. 0,1037-720,1418 #7f0b29dd app:id/gradual_bottom aid=1073741910} during layout: running second layout pass
04-18 15:33:56.641  1092  9594 D JobScheduler.Time: evaluateConstraint job for: com.facebook.lite sourceUid:10195 app is not started!!
04-18 15:33:56.642  1092  9594 D JobScheduler.Time: evaluateConstraint job for: com.anthropic.claude sourceUid:10330 app is not started!!
04-18 15:33:56.643  1092  9594 D JobScheduler.Time: evaluateConstraint job for: com.facebook.lite sourceUid:10195 app is not started!!
04-18 15:33:56.662   674 11196 I audio_hw_primary: app type:0x   0, is_voip:0, device:2, pcm:-352510464, usecase:0x   8
04-18 15:33:56.662 20936 20936 W View    : requestLayout() improperly called by android.widget.FrameLayout{91baaf2 V.E...... ......I. 0,1075-720,1291 #7f0b2584 app:id/gor aid=1073741912} during layout: running second layout pass
04-18 15:33:56.662 20936 20936 W View    : requestLayout() improperly called by android.view.View{f740eed V.ED..... ......I. 0,1077-720,1418 #7f0b29dd app:id/gradual_bottom aid=1073741910} during layout: running second layout pass
04-18 15:33:56.701   674 11196 I audio_hw_primary: app type:0x   0, is_voip:0, device:2, pcm:-352510464, usecase:0x   8
04-18 15:33:56.710  1092  9594 D JobScheduler.Time: evaluateConstraint job for: com.facebook.lite sourceUid:10195 app is not started!!
04-18 15:33:56.711  1092  9594 D JobScheduler.Time: evaluateConstraint job for: com.anthropic.claude sourceUid:10330 app is not started!!
04-18 15:33:56.711   679  2915 I DPUModule: DpuR5P0::checkLayerFormat <142>: checkLayerFormat: Format(1)
04-18 15:33:56.711   679  2915 I DPUModule: DpuR5P0::checkTransform <35>: checkTransform: Transform(0), SRCRect(0,0)
04-18 15:33:56.711   679  2915 I DPUModule: DpuR5P0::checkAFBCBlockSize <97>: checkAFBCBlockSize: compressed(1),format(1), pitch(720), vstride(1616)
04-18 15:33:56.711   679  2915 I DPUModule: DpuR5P0::checkLayerFormat <142>: checkLayerFormat: Format(1)
04-18 15:33:56.711   679  2915 I DPUModule: DpuR5P0::checkTransform <35>: checkTransform: Transform(0), SRCRect(0,0)
04-18 15:33:56.711   679  2915 I DPUModule: DpuR5P0::checkAFBCBlockSize <97>: checkAFBCBlockSize: compressed(1),format(1), pitch(720), vstride(80)
04-18 15:33:56.711   679  2915 I DPUModule: DpuR5P0::checkLayerFormat <142>: checkLayerFormat: Format(1)
04-18 15:33:56.711   679  2915 I DPUModule: DpuR5P0::checkTransform <35>: checkTransform: Transform(0), SRCRect(0,0)
04-18 15:33:56.711   679  2915 I DPUModule: DpuR5P0::checkAFBCBlockSize <97>: checkAFBCBlockSize: compressed(1),format(1), pitch(720), vstride(96)
04-18 15:33:56.711   679  2915 D DPUModule: [ …śhu] support: 0
04-18 15:33:56.711  1092  9594 D JobScheduler.Time: evaluateConstraint job for: com.facebook.lite sourceUid:10195 app is not started!!
04-18 15:33:56.713 24198 24210 I MdiSyncModule: (REDACTED) Receiving API connection from package '%s'...
04-18 15:33:56.728   679  2915 I DPUModule: DpuR5P0::checkLayerFormat <142>: checkLayerFormat: Format(1)
04-18 15:33:56.728   679  2915 I DPUModule: DpuR5P0::checkTransform <35>: checkTransform: Transform(0), SRCRect(0,0)
04-18 15:33:56.728   679  2915 I DPUModule: DpuR5P0::checkAFBCBlockSize <97>: checkAFBCBlockSize: compressed(1),format(1), pitch(720), vstride(1616)
04-18 15:33:56.728   679  2915 I DPUModule: DpuR5P0::checkLayerFormat <142>: checkLayerFormat: Format(1)
04-18 15:33:56.728   679  2915 I DPUModule: DpuR5P0::checkTransform <35>: checkTransform: Transform(0), SRCRect(0,0)
04-18 15:33:56.728   679  2915 I DPUModule: DpuR5P0::checkAFBCBlockSize <97>: checkAFBCBlockSize: compressed(1),format(1), pitch(720), vstride(80)
04-18 15:33:56.728   679  2915 I DPUModule: DpuR5P0::checkLayerFormat <142>: checkLayerFormat: Format(1)
04-18 15:33:56.728   679  2915 I DPUModule: DpuR5P0::checkTransform <35>: checkTransform: Transform(0), SRCRect(0,0)
04-18 15:33:56.728   679  2915 I DPUModule: DpuR5P0::checkAFBCBlockSize <97>: checkAFBCBlockSize: compressed(1),format(1), pitch(720), vstride(96)
04-18 15:33:56.728   679  2915 D DPUModule: [ …śhu] support: 0
04-18 15:33:56.733 24198 24210 I MdiSyncModule: API connection successful!
04-18 15:33:56.736 24198 24210 I MdiSyncModule: (REDACTED) Receiving API connection from package '%s'...
04-18 15:33:56.737 26624 26745 D nativeloader: Load /data/app/~~umrKDfUpHzWGuiFKYFN7Zw==/com.google.android.gms-9FeGsjliGFfYRaKOB9ziRw==/base.apk!/lib/arm64-v8a/libconscrypt_gmscore_jni.so using class loader ns clns-9 (caller=/data/app/~~umrKDfUpHzWGuiFKYFN7Zw==/com.google.android.gms-9FeGsjliGFfYRaKOB9ziRw==/base.apk): ok
04-18 15:33:56.738 24198 24210 I MdiSyncModule: API connection successful!
04-18 15:33:56.739   674 11196 I audio_hw_primary: app type:0x   0, is_voip:0, device:2, pcm:-352510464, usecase:0x   8
04-18 15:33:56.741 24198 24206 I MdiSyncModule: (REDACTED) Receiving API connection from package '%s'...
04-18 15:33:56.742 24198 24206 I MdiSyncModule: API connection successful!
04-18 15:33:56.744   679  2915 I DPUModule: DpuR5P0::checkLayerFormat <142>: checkLayerFormat: Format(1)
04-18 15:33:56.744   679  2915 I DPUModule: DpuR5P0::checkTransform <35>: checkTransform: Transform(0), SRCRect(0,0)
04-18 15:33:56.744   679  2915 I DPUModule: DpuR5P0::checkAFBCBlockSize <97>: checkAFBCBlockSize: compressed(1),format(1), pitch(720), vstride(1616)
04-18 15:33:56.744   679  2915 I DPUModule: DpuR5P0::checkLayerFormat <142>: checkLayerFormat: Format(1)
04-18 15:33:56.744   679  2915 I DPUModule: DpuR5P0::checkTransform <35>: checkTransform: Transform(0), SRCRect(0,0)
04-18 15:33:56.744   679  2915 I DPUModule: DpuR5P0::checkAFBCBlockSize <97>: checkAFBCBlockSize: compressed(1),format(1), pitch(720), vstride(80)
04-18 15:33:56.744   679  2915 I DPUModule: DpuR5P0::checkLayerFormat <142>: checkLayerFormat: Format(1)
04-18 15:33:56.744   679  2915 I DPUModule: DpuR5P0::checkTransform <35>: checkTransform: Transform(0), SRCRect(0,0)
04-18 15:33:56.744   679  2915 I DPUModule: DpuR5P0::checkAFBCBlockSize <97>: checkAFBCBlockSize: compressed(1),format(1), pitch(720), vstride(96)
04-18 15:33:56.744   679  2915 D DPUModule: [ …śhu] support: 0
04-18 15:33:56.745 24198 24210 I MdiSyncModule: (REDACTED) Receiving API connection from package '%s'...
04-18 15:33:56.759 24198 24210 I MdiSyncModule: API connection successful!
04-18 15:33:56.761   679  2915 I DPUModule: DpuR5P0::checkLayerFormat <142>: checkLayerFormat: Format(1)
04-18 15:33:56.761   679  2915 I DPUModule: DpuR5P0::checkTransform <35>: checkTransform: Transform(0), SRCRect(0,0)
04-18 15:33:56.761   679  2915 I DPUModule: DpuR5P0::checkAFBCBlockSize <97>: checkAFBCBlockSize: compressed(1),format(1), pitch(720), vstride(1616)
04-18 15:33:56.761   679  2915 I DPUModule: DpuR5P0::checkLayerFormat <142>: checkLayerFormat: Format(1)
04-18 15:33:56.761   679  2915 I DPUModule: DpuR5P0::checkTransform <35>: checkTransform: Transform(0), SRCRect(0,0)
04-18 15:33:56.761   679  2915 I DPUModule: DpuR5P0::checkAFBCBlockSize <97>: checkAFBCBlockSize: compressed(1),format(1), pitch(720), vstride(80)
04-18 15:33:56.761   679  2915 I DPUModule: DpuR5P0::checkLayerFormat <142>: checkLayerFormat: Format(1)
04-18 15:33:56.761   679  2915 I DPUModule: DpuR5P0::checkTransform <35>: checkTransform: Transform(0), SRCRect(0,0)
04-18 15:33:56.761   679  2915 I DPUModule: DpuR5P0::checkAFBCBlockSize <97>: checkAFBCBlockSize: compressed(1),format(1), pitch(720), vstride(96)
04-18 15:33:56.761   679  2915 D DPUModule: [ …śhu] support: 0
04-18 15:33:56.769 26624 26745 V NativeCrypto: Registering com/google/android/gms/org/conscrypt/NativeCrypto's 336 native methods...
04-18 15:33:56.771 24198 24210 I MdiSyncModule: (REDACTED) Receiving API connection from package '%s'...
04-18 15:33:56.773 24198 24210 I MdiSyncModule: API connection successful!
04-18 15:33:56.777   679  2915 I DPUModule: DpuR5P0::checkLayerFormat <142>: checkLayerFormat: Format(1)
04-18 15:33:56.778   679  2915 I DPUModule: DpuR5P0::checkTransform <35>: checkTransform: Transform(0), SRCRect(0,0)
04-18 15:33:56.778   679  2915 I DPUModule: DpuR5P0::checkAFBCBlockSize <97>: checkAFBCBlockSize: compressed(1),format(1), pitch(720), vstride(1616)
04-18 15:33:56.778   679  2915 I DPUModule: DpuR5P0::checkLayerFormat <142>: checkLayerFormat: Format(1)
04-18 15:33:56.778   679  2915 I DPUModule: DpuR5P0::checkTransform <35>: checkTransform: Transform(0), SRCRect(0,0)
04-18 15:33:56.778   679  2915 I DPUModule: DpuR5P0::checkAFBCBlockSize <97>: checkAFBCBlockSize: compressed(1),format(1), pitch(720), vstride(80)
04-18 15:33:56.778   679  2915 I DPUModule: DpuR5P0::checkLayerFormat <142>: checkLayerFormat: Format(1)
04-18 15:33:56.778   679  2915 I DPUModule: DpuR5P0::checkTransform <35>: checkTransform: Transform(0), SRCRect(0,0)
04-18 15:33:56.778   679  2915 I DPUModule: DpuR5P0::checkAFBCBlockSize <97>: checkAFBCBlockSize: compressed(1),format(1), pitch(720), vstride(96)
04-18 15:33:56.778   679  2915 D DPUModule: [ …śhu] support: 0
04-18 15:33:56.780   674 11196 I audio_hw_primary: app type:0x   0, is_voip:0, device:2, pcm:-352510464, usecase:0x   8
04-18 15:33:56.784  1092  2391 D SmartBandWith_Controller2: [handleMessage] what: 1004
04-18 15:33:56.784  1092  2391 D SmartBandWith_Controller2: [isNetworkRateSatisfy]mUid = 10282, curWhiteAppByte = 16056133104 Byte
04-18 15:33:56.784  1092  2391 D SmartBandWith_Controller2: [isNetworkRateSatisfy]System totalRate = 86.68848 kbps
04-18 15:33:56.784  1092  2391 D SmartBandWith_Controller2: system network is out of limit scale or fg App not using
04-18 15:33:56.784  1092  2391 D SmartBandWith_Controller2: isNetworkRateSatisfy: false
04-18 15:33:56.794   679  2915 I DPUModule: DpuR5P0::checkLayerFormat <142>: checkLayerFormat: Format(1)
04-18 15:33:56.794   679  2915 I DPUModule: DpuR5P0::checkTransform <35>: checkTransform: Transform(0), SRCRect(0,0)
04-18 15:33:56.794   679  2915 I DPUModule: DpuR5P0::checkAFBCBlockSize <97>: checkAFBCBlockSize: compressed(1),format(1), pitch(720), vstride(1616)
04-18 15:33:56.794   679  2915 I DPUModule: DpuR5P0::checkLayerFormat <142>: checkLayerFormat: Format(1)
04-18 15:33:56.794   679  2915 I DPUModule: DpuR5P0::checkTransform <35>: checkTransform: Transform(0), SRCRect(0,0)
04-18 15:33:56.794   679  2915 I DPUModule: DpuR5P0::checkAFBCBlockSize <97>: checkAFBCBlockSize: compressed(1),format(1), pitch(720), vstride(80)
04-18 15:33:56.794   679  2915 I DPUModule: DpuR5P0::checkLayerFormat <142>: checkLayerFormat: Format(1)
04-18 15:33:56.794   679  2915 I DPUModule: DpuR5P0::checkTransform <35>: checkTransform: Transform(0), SRCRect(0,0)
04-18 15:33:56.794   679  2915 I DPUModule: DpuR5P0::checkAFBCBlockSize <97>: checkAFBCBlockSize: compressed(1),format(1), pitch(720), vstride(96)
04-18 15:33:56.794   679  2915 D DPUModule: [ …śhu] support: 0
04-18 15:33:56.811   679  2915 I DPUModule: DpuR5P0::checkLayerFormat <142>: checkLayerFormat: Format(1)
04-18 15:33:56.811   679  2915 I DPUModule: DpuR5P0::checkTransform <35>: checkTransform: Transform(0), SRCRect(0,0)
04-18 15:33:56.811   679  2915 I DPUModule: DpuR5P0::checkAFBCBlockSize <97>: checkAFBCBlockSize: compressed(1),format(1), pitch(720), vstride(1616)
04-18 15:33:56.811   679  2915 I DPUModule: DpuR5P0::checkLayerFormat <142>: checkLayerFormat: Format(1)
04-18 15:33:56.811   679  2915 I DPUModule: DpuR5P0::checkTransform <35>: checkTransform: Transform(0), SRCRect(0,0)
04-18 15:33:56.811   679  2915 I DPUModule: DpuR5P0::checkAFBCBlockSize <97>: checkAFBCBlockSize: compressed(1),format(1), pitch(720), vstride(80)
04-18 15:33:56.811   679  2915 I DPUModule: DpuR5P0::checkLayerFormat <142>: checkLayerFormat: Format(1)
04-18 15:33:56.811   679  2915 I DPUModule: DpuR5P0::checkTransform <35>: checkTransform: Transform(0), SRCRect(0,0)
04-18 15:33:56.811   679  2915 I DPUModule: DpuR5P0::checkAFBCBlockSize <97>: checkAFBCBlockSize: compressed(1),format(1), pitch(720), vstride(96)
04-18 15:33:56.811   679  2915 D DPUModule: [ …śhu] support: 0
04-18 15:33:56.819   674 11196 I audio_hw_primary: app type:0x   0, is_voip:0, device:2, pcm:-352510464, usecase:0x   8
04-18 15:33:56.827   679  2915 I DPUModule: DpuR5P0::checkLayerFormat <142>: checkLayerFormat: Format(1)
04-18 15:33:56.828   679  2915 I DPUModule: DpuR5P0::checkTransform <35>: checkTransform: Transform(0), SRCRect(0,0)
04-18 15:33:56.828   679  2915 I DPUModule: DpuR5P0::checkAFBCBlockSize <97>: checkAFBCBlockSize: compressed(1),format(1), pitch(720), vstride(1616)
04-18 15:33:56.828   679  2915 I DPUModule: DpuR5P0::checkLayerFormat <142>: checkLayerFormat: Format(1)
04-18 15:33:56.828   679  2915 I DPUModule: DpuR5P0::checkTransform <35>: checkTransform: Transform(0), SRCRect(0,0)
04-18 15:33:56.828   679  2915 I DPUModule: DpuR5P0::checkAFBCBlockSize <97>: checkAFBCBlockSize: compressed(1),format(1), pitch(720), vstride(80)
04-18 15:33:56.828   679  2915 I DPUModule: DpuR5P0::checkLayerFormat <142>: checkLayerFormat: Format(1)
04-18 15:33:56.828   679  2915 I DPUModule: DpuR5P0::checkTransform <35>: checkTransform: Transform(0), SRCRect(0,0)
04-18 15:33:56.828   679  2915 I DPUModule: DpuR5P0::checkAFBCBlockSize <97>: checkAFBCBlockSize: compressed(1),format(1), pitch(720), vstride(96)
04-18 15:33:56.828   679  2915 D DPUModule: [ …śhu] support: 0
04-18 15:33:56.844   679  2915 I DPUModule: DpuR5P0::checkLayerFormat <142>: checkLayerFormat: Format(1)
04-18 15:33:56.844   679  2915 I DPUModule: DpuR5P0::checkTransform <35>: checkTransform: Transform(0), SRCRect(0,0)
04-18 15:33:56.844   679  2915 I DPUModule: DpuR5P0::checkAFBCBlockSize <97>: checkAFBCBlockSize: compressed(1),format(1), pitch(720), vstride(1616)
04-18 15:33:56.844   679  2915 I DPUModule: DpuR5P0::checkLayerFormat <142>: checkLayerFormat: Format(1)
04-18 15:33:56.844   679  2915 I DPUModule: DpuR5P0::checkTransform <35>: checkTransform: Transform(0), SRCRect(0,0)
04-18 15:33:56.844   679  2915 I DPUModule: DpuR5P0::checkAFBCBlockSize <97>: checkAFBCBlockSize: compressed(1),format(1), pitch(720), vstride(80)
04-18 15:33:56.844   679  2915 I DPUModule: DpuR5P0::checkLayerFormat <142>: checkLayerFormat: Format(1)
04-18 15:33:56.844   679  2915 I DPUModule: DpuR5P0::checkTransform <35>: checkTransform: Transform(0), SRCRect(0,0)
04-18 15:33:56.844   679  2915 I DPUModule: DpuR5P0::checkAFBCBlockSize <97>: checkAFBCBlockSize: compressed(1),format(1), pitch(720), vstride(96)
04-18 15:33:56.844   679  2915 D DPUModule: [ …śhu] support: 0
04-18 15:33:56.861   679  2915 I DPUModule: DpuR5P0::checkLayerFormat <142>: checkLayerFormat: Format(1)
04-18 15:33:56.861   679  2915 I DPUModule: DpuR5P0::checkTransform <35>: checkTransform: Transform(0), SRCRect(0,0)
04-18 15:33:56.861   679  2915 I DPUModule: DpuR5P0::checkAFBCBlockSize <97>: checkAFBCBlockSize: compressed(1),format(1), pitch(720), vstride(1616)
04-18 15:33:56.861   679  2915 I DPUModule: DpuR5P0::checkLayerFormat <142>: checkLayerFormat: Format(1)
04-18 15:33:56.861   679  2915 I DPUModule: DpuR5P0::checkTransform <35>: checkTransform: Transform(0), SRCRect(0,0)
04-18 15:33:56.861   679  2915 I DPUModule: DpuR5P0::checkAFBCBlockSize <97>: checkAFBCBlockSize: compressed(1),format(1), pitch(720), vstride(80)
04-18 15:33:56.861   679  2915 I DPUModule: DpuR5P0::checkLayerFormat <142>: checkLayerFormat: Format(1)
04-18 15:33:56.861   679  2915 I DPUModule: DpuR5P0::checkTransform <35>: checkTransform: Transform(0), SRCRect(0,0)
04-18 15:33:56.861   679  2915 I DPUModule: DpuR5P0::checkAFBCBlockSize <97>: checkAFBCBlockSize: compressed(1),format(1), pitch(720), vstride(96)
04-18 15:33:56.861   679  2915 D DPUModule: [ …śhu] support: 0
04-18 15:33:56.865 20936 24563 W ttmn    : <0,tt_player_bridge.cpp,native_setAlogWriteFunc,89>set a_alog_write func526667026296
04-18 15:33:56.865 20936 24563 W ttmp    : set_logger_level:28d0001
04-18 15:33:56.866 20936 24563 D MediaStrategy: <vc_log.cpp,event,147>[center][event] on event, id = 7396188573567682053_1776522553223_7628868214734490901, key = 3007, value = 1, info = , jsonLog = null
04-18 15:33:56.866   674 11196 I audio_hw_primary: app type:0x   0, is_voip:0, device:2, pcm:-352510464, usecase:0x   8
04-18 15:33:56.868 20936 21164 W ttmn    : <72e8951700,av_wrapper.cpp,initPlaybackBin,1496>init bin, control: 1, distribute: 0 
04-18 15:33:56.871 20936 25035 D MediaStrategy: <vc_log.cpp,event,147>[center][event] on event, id = 7396188573567682053_1776522553223_7628868214734490901, key = 3008, value = 204800, info = , jsonLog = null
04-18 15:33:56.871 20936 25035 D MediaStrategy: <vc_log.cpp,event,147>[center][event] on event, id = 7396188573567682053_1776522553223_7628868214734490901, key = 3039, value = 4, info = , jsonLog = null
04-18 15:33:56.871 20936 25035 D MediaStrategy: <vc_log.cpp,event,147>[center][event] on event, id = 7396188573567682053_1776522553223_7628868214734490901, key = 3030, value = 0, info = , jsonLog = {"hash":"7613949387907255062","off":204800,"size":307200}
04-18 15:33:56.871 20936 25035 D MediaStrategy: <vc_play_task.cpp,obtainAVMDLDownloadContext,887>[center] [range] play strategy, range control, off = 204800, size = 307200, blockFlag = 0, pieceSize = 0, minRangeSize = 0, jitterBufMin = 0, abrReadEndOff = -1, extraInfo = cmcd_priority=3, ret = 0
04-18 15:33:56.877   679  2915 I DPUModule: DpuR5P0::checkLayerFormat <142>: checkLayerFormat: Format(1)
04-18 15:33:56.878   679  2915 I DPUModule: DpuR5P0::checkTransform <35>: checkTransform: Transform(0), SRCRect(0,0)
04-18 15:33:56.878   679  2915 I DPUModule: DpuR5P0::checkAFBCBlockSize <97>: checkAFBCBlockSize: compressed(1),format(1), pitch(720), vstride(1616)
04-18 15:33:56.878   679  2915 I DPUModule: DpuR5P0::checkLayerFormat <142>: checkLayerFormat: Format(1)
04-18 15:33:56.878   679  2915 I DPUModule: DpuR5P0::checkTransform <35>: checkTransform: Transform(0), SRCRect(0,0)
04-18 15:33:56.878   679  2915 I DPUModule: DpuR5P0::checkAFBCBlockSize <97>: checkAFBCBlockSize: compressed(1),format(1), pitch(720), vstride(80)
04-18 15:33:56.878   679  2915 I DPUModule: DpuR5P0::checkLayerFormat <142>: checkLayerFormat: Format(1)
04-18 15:33:56.878   679  2915 I DPUModule: DpuR5P0::checkTransform <35>: checkTransform: Transform(0), SRCRect(0,0)
04-18 15:33:56.878   679  2915 I DPUModule: DpuR5P0::checkAFBCBlockSize <97>: checkAFBCBlockSize: compressed(1),format(1), pitch(720), vstride(96)
04-18 15:33:56.878   679  2915 D DPUModule: [ …śhu] support: 0
04-18 15:33:56.894   679  2915 I DPUModule: DpuR5P0::checkLayerFormat <142>: checkLayerFormat: Format(1)
04-18 15:33:56.894   679  2915 I DPUModule: DpuR5P0::checkTransform <35>: checkTransform: Transform(0), SRCRect(0,0)
04-18 15:33:56.894   679  2915 I DPUModule: DpuR5P0::checkAFBCBlockSize <97>: checkAFBCBlockSize: compressed(1),format(1), pitch(720), vstride(1616)
04-18 15:33:56.894   679  2915 I DPUModule: DpuR5P0::checkLayerFormat <142>: checkLayerFormat: Format(1)
04-18 15:33:56.894   679  2915 I DPUModule: DpuR5P0::checkTransform <35>: checkTransform: Transform(0), SRCRect(0,0)
04-18 15:33:56.894   679  2915 I DPUModule: DpuR5P0::checkAFBCBlockSize <97>: checkAFBCBlockSize: compressed(1),format(1), pitch(720), vstride(80)
04-18 15:33:56.894   679  2915 I DPUModule: DpuR5P0::checkLayerFormat <142>: checkLayerFormat: Format(1)
04-18 15:33:56.894   679  2915 I DPUModule: DpuR5P0::checkTransform <35>: checkTransform: Transform(0), SRCRect(0,0)
04-18 15:33:56.894   679  2915 I DPUModule: DpuR5P0::checkAFBCBlockSize <97>: checkAFBCBlockSize: compressed(1),format(1), pitch(720), vstride(96)
04-18 15:33:56.894   679  2915 D DPUModule: [ …śhu] support: 0
04-18 15:33:56.901   674 11196 I audio_hw_primary: app type:0x   0, is_voip:0, device:2, pcm:-352510464, usecase:0x   8
04-18 15:33:56.902   700  2900 I APM_AudioPolicyManager: selectOutput new bestOutput 13 criteria 0 100 0 0 0 0 0 2 
04-18 15:33:56.902   700  2900 I APM_AudioPolicyManager: getOutput() stream 3 selected devices {AUDIO_DEVICE_OUT_SPEAKER, @:}, output 13
04-18 15:33:56.903   700  2900 I APM_AudioPolicyManager: selectOutput new bestOutput 13 criteria 0 100 0 0 0 0 0 2 
04-18 15:33:56.903   700  2900 I APM_AudioPolicyManager: getOutput() stream 3 selected devices {AUDIO_DEVICE_OUT_SPEAKER, @:}, output 13
04-18 15:33:56.903   700  2900 I APM_AudioPolicyManager: selectOutput new bestOutput 13 criteria 0 100 0 0 0 0 0 2 
04-18 15:33:56.903   700  2900 I APM_AudioPolicyManager: getOutput() stream 3 selected devices {AUDIO_DEVICE_OUT_SPEAKER, @:}, output 13
04-18 15:33:56.903 20936 21297 I AudioTrack: set(): streamType -1, sampleRate 44100, format 0x1, channelMask 0x3, frameCount 7072, flags #0, notificationFrames 0, sessionId 0, transferType 3, uid -1, pid -1
04-18 15:33:56.904 20936 21297 I AudioTrack: set(): Building AudioTrack with attributes: usage=1 content=2 flags=0xa00 tags=[]
04-18 15:33:56.911   679  2915 I DPUModule: DpuR5P0::checkLayerFormat <142>: checkLayerFormat: Format(1)
04-18 15:33:56.911   679  2915 I DPUModule: DpuR5P0::checkTransform <35>: checkTransform: Transform(0), SRCRect(0,0)
04-18 15:33:56.911   679  2915 I DPUModule: DpuR5P0::checkAFBCBlockSize <97>: checkAFBCBlockSize: compressed(1),format(1), pitch(720), vstride(1616)
04-18 15:33:56.911   679  2915 I DPUModule: DpuR5P0::checkLayerFormat <142>: checkLayerFormat: Format(1)
04-18 15:33:56.911   679  2915 I DPUModule: DpuR5P0::checkTransform <35>: checkTransform: Transform(0), SRCRect(0,0)
04-18 15:33:56.911   679  2915 I DPUModule: DpuR5P0::checkAFBCBlockSize <97>: checkAFBCBlockSize: compressed(1),format(1), pitch(720), vstride(80)
04-18 15:33:56.911   679  2915 I DPUModule: DpuR5P0::checkLayerFormat <142>: checkLayerFormat: Format(1)
04-18 15:33:56.911   679  2915 I DPUModule: DpuR5P0::checkTransform <35>: checkTransform: Transform(0), SRCRect(0,0)
04-18 15:33:56.911   679  2915 I DPUModule: DpuR5P0::checkAFBCBlockSize <97>: checkAFBCBlockSize: compressed(1),format(1), pitch(720), vstride(96)
04-18 15:33:56.911   679  2915 D DPUModule: [ …śhu] support: 0
04-18 15:33:56.913 20936 26131 I ByteVC1_dec: bytevc1_dec [info]: Bytedance bytevc1 ByteVC1 decoder (V2.2.3-commit-e81491c) is created.
04-18 15:33:56.913 20936 26131 I ByteVC1_dec: 
04-18 15:33:56.914   700  1016 I APM_AudioPolicyManager: getOutputForAttrInt() attributes={ Content type: AUDIO_CONTENT_TYPE_MUSIC Usage: AUDIO_USAGE_MEDIA Source: AUDIO_SOURCE_DEFAULT Flags: 0xa00 Tags:  } stream=AUDIO_STREAM_MUSIC session 74225 selectedDeviceId 0
04-18 15:33:56.916   700  1016 I APM_AudioPolicyManager: getOutputForAttrInt() device {AUDIO_DEVICE_OUT_SPEAKER, @:}, sampling rate 44100, format 0x1, channel mask 0x3, flags 0x8 stream AUDIO_STREAM_MUSIC
04-18 15:33:56.916   700  1016 I AudioPolicyManagerCustomImplwhale: isHifiEnable: hifi audio playback not enabled in this product
04-18 15:33:56.916  1092  5600 D ConnectivityService: requestNetwork for uid/pid:10128/26624 activeRequest: null callbackRequest: 31669 [NetworkRequest [ REQUEST id=31670, [ Capabilities: INTERNET&NOT_RESTRICTED&TRUSTED&NOT_VCN_MANAGED Uid: 10128 RequestorUid: 10128 RequestorPkg: com.google.android.gm UnderlyingNetworks: Null] ]] callback flags: 0 order: 2147483647
04-18 15:33:56.917   700  1016 I APM_AudioPolicyManager: selectOutput new bestOutput 13 criteria 0 100 0 0 0 0 4 2 
04-18 15:33:56.917   700  1016 I APM_AudioPolicyManager: getOutputForAttrInt returns output 13 selectedDeviceId 3
04-18 15:33:56.917   700  1016 I APM_AudioPolicyManager: getOutputForAttr() returns output 13 requestedPortId 0 selectedDeviceId 3 for port ID 11611
04-18 15:33:56.918  1092  1398 D WifiNetworkFactory: got request NetworkRequest [ REQUEST id=31670, [ Capabilities: INTERNET&NOT_RESTRICTED&TRUSTED&NOT_VCN_MANAGED Uid: 10128 RequestorUid: 10128 RequestorPkg: com.google.android.gm UnderlyingNetworks: Null] ]
04-18 15:33:56.918  1092  1398 D UntrustedWifiNetworkFactory: got request NetworkRequest [ REQUEST id=31670, [ Capabilities: INTERNET&NOT_RESTRICTED&TRUSTED&NOT_VCN_MANAGED Uid: 10128 RequestorUid: 10128 RequestorPkg: com.google.android.gm UnderlyingNetworks: Null] ]
04-18 15:33:56.918  1092  1398 D OemPaidWifiNetworkFactory: got request NetworkRequest [ REQUEST id=31670, [ Capabilities: INTERNET&NOT_RESTRICTED&TRUSTED&NOT_VCN_MANAGED Uid: 10128 RequestorUid: 10128 RequestorPkg: com.google.android.gm UnderlyingNetworks: Null] ]
04-18 15:33:56.918  1092  1398 D MultiInternetWifiNetworkFactory: got request NetworkRequest [ REQUEST id=31670, [ Capabilities: INTERNET&NOT_RESTRICTED&TRUSTED&NOT_VCN_MANAGED Uid: 10128 RequestorUid: 10128 RequestorPkg: com.google.android.gm UnderlyingNetworks: Null] ]
04-18 15:33:56.917   700  1016 W AudioFlinger: createTrack_l(): mismatch between requested flags (00000008) and output flags (00000002)
04-18 15:33:56.919  1092  1409 D ConnectivityService: NetReassign [31670 : null â†’ 251] [c 0] [a 1] [i 1]
04-18 15:33:56.919   700  1016 D AudioFlinger: Client defaulted notificationFrames to 3536 for frameCount 7072
04-18 15:33:56.921   700  1016 D AF::TrackHandle: OpPlayAudio:not muting track:11513 usage:1 system not ready
04-18 15:33:56.922 20936 26739 I ByteVC1_dec: bytevc1_dec [info]: Bytedance bytevc1 ByteVC1 decoder (V2.2.3-commit-e81491c) is created.
04-18 15:33:56.922 20936 26739 I ByteVC1_dec: 
04-18 15:33:56.927   679  2915 I DPUModule: DpuR5P0::checkLayerFormat <142>: checkLayerFormat: Format(1)
04-18 15:33:56.927   679  2915 I DPUModule: DpuR5P0::checkTransform <35>: checkTransform: Transform(0), SRCRect(0,0)
04-18 15:33:56.927   679  2915 I DPUModule: DpuR5P0::checkAFBCBlockSize <97>: checkAFBCBlockSize: compressed(1),format(1), pitch(720), vstride(1616)
04-18 15:33:56.927   679  2915 I DPUModule: DpuR5P0::checkLayerFormat <142>: checkLayerFormat: Format(1)
04-18 15:33:56.927   679  2915 I DPUModule: DpuR5P0::checkTransform <35>: checkTransform: Transform(0), SRCRect(0,0)
04-18 15:33:56.927   679  2915 I DPUModule: DpuR5P0::checkAFBCBlockSize <97>: checkAFBCBlockSize: compressed(1),format(1), pitch(720), vstride(80)
04-18 15:33:56.927   679  2915 I DPUModule: DpuR5P0::checkLayerFormat <142>: checkLayerFormat: Format(1)
04-18 15:33:56.927   679  2915 I DPUModule: DpuR5P0::checkTransform <35>: checkTransform: Transform(0), SRCRect(0,0)
04-18 15:33:56.927   679  2915 I DPUModule: DpuR5P0::checkAFBCBlockSize <97>: checkAFBCBlockSize: compressed(1),format(1), pitch(720), vstride(96)
04-18 15:33:56.927   679  2915 D DPUModule: [ …śhu] support: 0
04-18 15:33:56.932 20936 21297 W AudioTrack: Use of stream types is deprecated for operations other than volume control
04-18 15:33:56.932 20936 21297 W AudioTrack: See the documentation of AudioTrack() for what to use instead with android.media.AudioAttributes to qualify your playback use case
04-18 15:33:56.932 20936 21297 D AudioTrack: setSuperVolume: Get process name success, filename = /proc/20936/cmdline, com.zhiliaoapp.musically
04-18 15:33:56.933  1092  5600 D Griffin/DeviceState: update playerItem, pid = 20936, uid = 10282, package = com.zhiliaoapp.musically, playerId = 92967, playerState = 3
04-18 15:33:56.933  1092  5600 D Griffin/DeviceState: Caller from 2, create the new playerItem: 
04-18 15:33:56.933  1092  5600 D Griffin/DeviceState: AudioPlayerItem{playerId=92967, playerState=3, lastUpdateTime=853276260, currentTime= 853276260}
04-18 15:33:56.936 26624 26624 W atvj    : Failed to find local clusters.
04-18 15:33:56.937   674 11196 I audio_hw_primary: app type:0x   0, is_voip:0, device:2, pcm:-352510464, usecase:0x   8
04-18 15:33:56.938  1092  5600 E AppOps  : Bad call made by uid 10106. Package "com.google.android.gms" does not belong to uid 10128.
04-18 15:33:56.946 26624 26774 E GoogleApiManager: Failed to get service from broker. 
04-18 15:33:56.946 26624 26774 E GoogleApiManager: java.lang.SecurityException: Unknown calling package name 'com.google.android.gms'.
04-18 15:33:56.946 26624 26774 E GoogleApiManager: 	at android.os.Parcel.createExceptionOrNull(Parcel.java:3039)
04-18 15:33:56.946 26624 26774 E GoogleApiManager: 	at android.os.Parcel.createException(Parcel.java:3023)
04-18 15:33:56.946 26624 26774 E GoogleApiManager: 	at android.os.Parcel.readException(Parcel.java:3006)
04-18 15:33:56.946 26624 26774 E GoogleApiManager: 	at android.os.Parcel.readException(Parcel.java:2948)
04-18 15:33:56.946 26624 26774 E GoogleApiManager: 	at bbsp.a(:com.google.android.gms@261332062@26.13.32 (200400-895912391):36)
04-18 15:33:56.946 26624 26774 E GoogleApiManager: 	at bbqq.z(:com.google.android.gms@261332062@26.13.32 (200400-895912391):143)
04-18 15:33:56.946 26624 26774 E GoogleApiManager: 	at bawt.run(:com.google.android.gms@261332062@26.13.32 (200400-895912391):42)
04-18 15:33:56.946 26624 26774 E GoogleApiManager: 	at android.os.Handler.handleCallback(Handler.java:942)
04-18 15:33:56.946 26624 26774 E GoogleApiManager: 	at android.os.Handler.dispatchMessage(Handler.java:99)
04-18 15:33:56.946 26624 26774 E GoogleApiManager: 	at cidw.lP(:com.google.android.gms@261332062@26.13.32 (200400-895912391):1)
04-18 15:33:56.946 26624 26774 E GoogleApiManager: 	at cidw.dispatchMessage(:com.google.android.gms@261332062@26.13.32 (200400-895912391):5)
04-18 15:33:56.946 26624 26774 E GoogleApiManager: 	at android.os.Looper.loopOnce(Looper.java:201)
04-18 15:33:56.946 26624 26774 E GoogleApiManager: 	at android.os.Looper.loop(Looper.java:288)
04-18 15:33:56.946 26624 26774 E GoogleApiManager: 	at android.os.HandlerThread.run(HandlerThread.java:67)
04-18 15:33:56.947 26624 26774 W GoogleApiManager: Not showing notification since connectionResult is not user-facing: ConnectionResult{statusCode=DEVELOPER_ERROR, resolution=null, message=null, clientMethodKey=null}
04-18 15:33:56.951 26624 26772 W FlagRegistrar: Failed to register com.google.android.gms.providerinstaller#com.google.android.gm
04-18 15:33:56.951 26624 26772 W FlagRegistrar: eihv: 17: 17: API: Phenotype.API is not available on this device. Connection failed with: ConnectionResult{statusCode=DEVELOPER_ERROR, resolution=null, message=null, clientMethodKey=null}
04-18 15:33:56.951 26624 26772 W FlagRegistrar: 	at eihx.a(:com.google.android.gms@261332062@26.13.32 (200400-895912391):13)
04-18 15:33:56.951 26624 26772 W FlagRegistrar: 	at fdpk.d(:com.google.android.gms@261332062@26.13.32 (200400-895912391):3)
04-18 15:33:56.951 26624 26772 W FlagRegistrar: 	at fdpm.run(:com.google.android.gms@261332062@26.13.32 (200400-895912391):130)
04-18 15:33:56.951 26624 26772 W FlagRegistrar: 	at fdrv.execute(:com.google.android.gms@261332062@26.13.32 (200400-895912391):1)
04-18 15:33:56.951 26624 26772 W FlagRegistrar: 	at fdpu.f(:com.google.android.gms@261332062@26.13.32 (200400-895912391):1)
04-18 15:33:56.951 26624 26772 W FlagRegistrar: 	at fdpu.k(:com.google.android.gms@261332062@26.13.32 (200400-895912391):99)
04-18 15:33:56.951 26624 26772 W FlagRegistrar: 	at fdpu.p(:com.google.android.gms@261332062@26.13.32 (200400-895912391):17)
04-18 15:33:56.951 26624 26772 W FlagRegistrar: 	at eakf.hp(:com.google.android.gms@261332062@26.13.32 (200400-895912391):35)
04-18 15:33:56.951 26624 26772 W FlagRegistrar: 	at dtxi.run(:com.google.android.gms@261332062@26.13.32 (200400-895912391):12)
04-18 15:33:56.951 26624 26772 W FlagRegistrar: 	at fdrv.execute(:com.google.android.gms@261332062@26.13.32 (200400-895912391):1)
04-18 15:33:56.951 26624 26772 W FlagRegistrar: 	at dtxj.b(:com.google.android.gms@261332062@26.13.32 (200400-895912391):18)
04-18 15:33:56.951 26624 26772 W FlagRegistrar: 	at dtxy.b(:com.google.android.gms@261332062@26.13.32 (200400-895912391):34)
04-18 15:33:56.951 26624 26772 W FlagRegistrar: 	at dtya.d(:com.google.android.gms@261332062@26.13.32 (200400-895912391):25)
04-18 15:33:56.951 26624 26772 W FlagRegistrar: 	at bauc.c(:com.google.android.gms@261332062@26.13.32 (200400-895912391):7)
04-18 15:33:56.951 26624 26772 W FlagRegistrar: 	at bawr.q(:com.google.android.gms@261332062@26.13.32 (200400-895912391):48)
04-18 15:33:56.951 26624 26772 W FlagRegistrar: 	at bawr.d(:com.google.android.gms@261332062@26.13.32 (200400-895912391):10)
04-18 15:33:56.951 26624 26772 W FlagRegistrar: 	at bawr.g(:com.google.android.gms@261332062@26.13.32 (200400-895912391):191)
04-18 15:33:56.951 26624 26772 W FlagRegistrar: 	at bawr.onConnectionFailed(:com.google.android.gms@261332062@26.13.32 (200400-895912391):2)
04-18 15:33:56.951 26624 26772 W FlagRegistrar: 	at bawt.run(:com.google.android.gms@261332062@26.13.32 (200400-895912391):70)
04-18 15:33:56.951 26624 26772 W FlagRegistrar: 	at android.os.Handler.handleCallback(Handler.java:942)
04-18 15:33:56.951 26624 26772 W FlagRegistrar: 	at android.os.Handler.dispatchMessage(Handler.java:99)
04-18 15:33:56.951 26624 26772 W FlagRegistrar: 	at cidw.lP(:com.google.android.gms@261332062@26.13.32 (200400-895912391):1)
04-18 15:33:56.951 26624 26772 W FlagRegistrar: 	at cidw.dispatchMessage(:com.google.android.gms@261332062@26.13.32 (200400-895912391):5)
04-18 15:33:56.951 26624 26772 W FlagRegistrar: 	at android.os.Looper.loopOnce(Looper.java:201)
04-18 15:33:56.951 26624 26772 W FlagRegistrar: 	at android.os.Looper.loop(Looper.java:288)
04-18 15:33:56.951 26624 26772 W FlagRegistrar: 	at android.os.HandlerThread.run(HandlerThread.java:67)
04-18 15:33:56.951 26624 26772 W FlagRegistrar: Caused by: basj: 17: API: Phenotype.API is not available on this device. Connection failed with: ConnectionResult{statusCode=DEVELOPER_ERROR, resolution=null, message=null, clientMethodKey=null}
04-18 15:33:56.951 26624 26772 W FlagRegistrar: 	at bbqc.a(:com.google.android.gms@261332062@26.13.32 (200400-895912391):15)
04-18 15:33:56.951 26624 26772 W FlagRegistrar: 	at bauc.c(:com.google.android.gms@261332062@26.13.32 (200400-895912391):3)
04-18 15:33:56.951 26624 26772 W FlagRegistrar: 	... 12 more
04-18 15:33:56.970 20936 26146 I ByteVC1_dec: bytevc1_dec [info]: Bytedance bytevc1 ByteVC1 decoder (V2.2.3-commit-e81491c) is created.
04-18 15:33:56.970 20936 26146 I ByteVC1_dec: 
04-18 15:33:56.982   674 11196 I audio_hw_primary: app type:0x   0, is_voip:0, device:2, pcm:-352510464, usecase:0x   8
04-18 15:33:56.990 26624 26745 I ProviderInstaller: Installed default security provider GmsCore_OpenSSL
04-18 15:33:57.001 20936 26611 I ByteVC1_dec: bytevc1_dec [info]: Bytedance bytevc1 ByteVC1 decoder (V2.2.3-commit-e81491c) is created.
04-18 15:33:57.001 20936 26611 I ByteVC1_dec: 
04-18 15:33:57.010   955  1727 D GNSSMGT : watchdog: PowerState: CP SLEEP
04-18 15:33:57.022   674 11196 I audio_hw_primary: app type:0x   0, is_voip:0, device:2, pcm:-352510464, usecase:0x   8
04-18 15:33:57.062   674 11196 I audio_hw_primary: app type:0x   0, is_voip:0, device:2, pcm:-352510464, usecase:0x   8
04-18 15:33:57.100   674 11196 I audio_hw_primary: app type:0x   0, is_voip:0, device:2, pcm:-352510464, usecase:0x   8
04-18 15:33:57.139   674 11196 I audio_hw_primary: app type:0x   0, is_voip:0, device:2, pcm:-352510464, usecase:0x   8
04-18 15:33:57.161   679  2915 I DPUModule: DpuR5P0::checkLayerFormat <142>: checkLayerFormat: Format(1)
04-18 15:33:57.161   679  2915 I DPUModule: DpuR5P0::checkTransform <35>: checkTransform: Transform(0), SRCRect(0,0)
04-18 15:33:57.161   679  2915 I DPUModule: DpuR5P0::checkAFBCBlockSize <97>: checkAFBCBlockSize: compressed(1),format(1), pitch(720), vstride(1616)
04-18 15:33:57.161   679  2915 I DPUModule: DpuR5P0::checkLayerFormat <142>: checkLayerFormat: Format(1)
04-18 15:33:57.161   679  2915 I DPUModule: DpuR5P0::checkTransform <35>: checkTransform: Transform(0), SRCRect(0,0)
04-18 15:33:57.161   679  2915 I DPUModule: DpuR5P0::checkAFBCBlockSize <97>: checkAFBCBlockSize: compressed(1),format(1), pitch(720), vstride(80)
04-18 15:33:57.161   679  2915 I DPUModule: DpuR5P0::checkLayerFormat <142>: checkLayerFormat: Format(1)
04-18 15:33:57.161   679  2915 I DPUModule: DpuR5P0::checkTransform <35>: checkTransform: Transform(0), SRCRect(0,0)
04-18 15:33:57.161   679  2915 I DPUModule: DpuR5P0::checkAFBCBlockSize <97>: checkAFBCBlockSize: compressed(1),format(1), pitch(720), vstride(96)
04-18 15:33:57.161   679  2915 D DPUModule: [ …śhu] support: 0
04-18 15:33:57.177   679  2915 I DPUModule: DpuR5P0::checkLayerFormat <142>: checkLayerFormat: Format(1)
04-18 15:33:57.177   679  2915 I DPUModule: DpuR5P0::checkTransform <35>: checkTransform: Transform(0), SRCRect(0,0)
04-18 15:33:57.177   679  2915 I DPUModule: DpuR5P0::checkAFBCBlockSize <97>: checkAFBCBlockSize: compressed(1),format(1), pitch(720), vstride(1616)
04-18 15:33:57.177   679  2915 I DPUModule: DpuR5P0::checkLayerFormat <142>: checkLayerFormat: Format(1)
04-18 15:33:57.177   679  2915 I DPUModule: DpuR5P0::checkTransform <35>: checkTransform: Transform(0), SRCRect(0,0)
04-18 15:33:57.177   679  2915 I DPUModule: DpuR5P0::checkAFBCBlockSize <97>: checkAFBCBlockSize: compressed(1),format(1), pitch(720), vstride(80)
04-18 15:33:57.177   679  2915 I DPUModule: DpuR5P0::checkLayerFormat <142>: checkLayerFormat: Format(1)
04-18 15:33:57.177   679  2915 I DPUModule: DpuR5P0::checkTransform <35>: checkTransform: Transform(0), SRCRect(0,0)
04-18 15:33:57.177   679  2915 I DPUModule: DpuR5P0::checkAFBCBlockSize <97>: checkAFBCBlockSize: compressed(1),format(1), pitch(720), vstride(96)
04-18 15:33:57.177   679  2915 D DPUModule: [ …śhu] support: 0
04-18 15:33:57.179   674 11196 I audio_hw_primary: app type:0x   0, is_voip:0, device:2, pcm:-352510464, usecase:0x   8
04-18 15:33:57.211   679  2915 I DPUModule: DpuR5P0::checkLayerFormat <142>: checkLayerFormat: Format(1)
04-18 15:33:57.211   679  2915 I DPUModule: DpuR5P0::checkTransform <35>: checkTransform: Transform(0), SRCRect(0,0)
04-18 15:33:57.211   679  2915 I DPUModule: DpuR5P0::checkAFBCBlockSize <97>: checkAFBCBlockSize: compressed(1),format(1), pitch(720), vstride(1616)
04-18 15:33:57.211   679  2915 I DPUModule: DpuR5P0::checkLayerFormat <142>: checkLayerFormat: Format(1)
04-18 15:33:57.211   679  2915 I DPUModule: DpuR5P0::checkTransform <35>: checkTransform: Transform(0), SRCRect(0,0)
04-18 15:33:57.211   679  2915 I DPUModule: DpuR5P0::checkAFBCBlockSize <97>: checkAFBCBlockSize: compressed(1),format(1), pitch(720), vstride(80)
04-18 15:33:57.211   679  2915 I DPUModule: DpuR5P0::checkLayerFormat <142>: checkLayerFormat: Format(1)
04-18 15:33:57.211   679  2915 I DPUModule: DpuR5P0::checkTransform <35>: checkTransform: Transform(0), SRCRect(0,0)
04-18 15:33:57.211   679  2915 I DPUModule: DpuR5P0::checkAFBCBlockSize <97>: checkAFBCBlockSize: compressed(1),format(1), pitch(720), vstride(96)
04-18 15:33:57.211   679  2915 D DPUModule: [ …śhu] support: 0
04-18 15:33:57.221   674 11196 I audio_hw_primary: app type:0x   0, is_voip:0, device:2, pcm:-352510464, usecase:0x   8
04-18 15:33:57.227   679  2915 I DPUModule: DpuR5P0::checkLayerFormat <142>: checkLayerFormat: Format(1)
04-18 15:33:57.227   679  2915 I DPUModule: DpuR5P0::checkTransform <35>: checkTransform: Transform(0), SRCRect(0,0)
04-18 15:33:57.227   679  2915 I DPUModule: DpuR5P0::checkAFBCBlockSize <97>: checkAFBCBlockSize: compressed(1),format(1), pitch(720), vstride(1616)
04-18 15:33:57.227   679  2915 I DPUModule: DpuR5P0::checkLayerFormat <142>: checkLayerFormat: Format(1)
04-18 15:33:57.227   679  2915 I DPUModule: DpuR5P0::checkTransform <35>: checkTransform: Transform(0), SRCRect(0,0)
04-18 15:33:57.227   679  2915 I DPUModule: DpuR5P0::checkAFBCBlockSize <97>: checkAFBCBlockSize: compressed(1),format(1), pitch(720), vstride(80)
04-18 15:33:57.227   679  2915 I DPUModule: DpuR5P0::checkLayerFormat <142>: checkLayerFormat: Format(1)
04-18 15:33:57.227   679  2915 I DPUModule: DpuR5P0::checkTransform <35>: checkTransform: Transform(0), SRCRect(0,0)
04-18 15:33:57.228   679  2915 I DPUModule: DpuR5P0::checkAFBCBlockSize <97>: checkAFBCBlockSize: compressed(1),format(1), pitch(720), vstride(96)
04-18 15:33:57.228   679  2915 D DPUModule: [ …śhu] support: 0
04-18 15:33:57.231 26624 26778 D nativeloader: Configuring clns-10 for other apk . target_sdk_version=35, uses_libraries=ALL, library_path=/data/app/~~umrKDfUpHzWGuiFKYFN7Zw==/com.google.android.gms-9FeGsjliGFfYRaKOB9ziRw==/split_CronetDynamite_installtime.apk!/lib/arm64-v8a, permitted_path=/data:/mnt/expand
04-18 15:33:57.240 20936 26407 D Native  : [TTNativeML] NativeMLTaskRunner 2.3-2.4 codeďĽšBuildInputs: CostTime 0.13 ms
04-18 15:33:57.240 20936 26407 D Native  : [TTNativeML] NativeMLTaskRunner 3-4 codeďĽšAdapterSetInputs: cost time 0.07 ms
04-18 15:33:57.240 20936 26407 D Native  : [TTNativeML] NativeMLTaskRunner 4-5 codeďĽšAdapterInference: cost time 0.33 ms
04-18 15:33:57.244   679  2915 I DPUModule: DpuR5P0::checkLayerFormat <142>: checkLayerFormat: Format(1)
04-18 15:33:57.244   679  2915 I DPUModule: DpuR5P0::checkTransform <35>: checkTransform: Transform(0), SRCRect(0,0)
04-18 15:33:57.244   679  2915 I DPUModule: DpuR5P0::checkAFBCBlockSize <97>: checkAFBCBlockSize: compressed(1),format(1), pitch(720), vstride(1616)
04-18 15:33:57.244   679  2915 I DPUModule: DpuR5P0::checkLayerFormat <142>: checkLayerFormat: Format(1)
04-18 15:33:57.244   679  2915 I DPUModule: DpuR5P0::checkTransform <35>: checkTransform: Transform(0), SRCRect(0,0)
04-18 15:33:57.244   679  2915 I DPUModule: DpuR5P0::checkAFBCBlockSize <97>: checkAFBCBlockSize: compressed(1),format(1), pitch(720), vstride(80)
04-18 15:33:57.244   679  2915 I DPUModule: DpuR5P0::checkLayerFormat <142>: checkLayerFormat: Format(1)
04-18 15:33:57.244   679  2915 I DPUModule: DpuR5P0::checkTransform <35>: checkTransform: Transform(0), SRCRect(0,0)
04-18 15:33:57.244   679  2915 I DPUModule: DpuR5P0::checkAFBCBlockSize <97>: checkAFBCBlockSize: compressed(1),format(1), pitch(720), vstride(96)
04-18 15:33:57.244   679  2915 D DPUModule: [ …śhu] support: 0
04-18 15:33:57.255 26624 26808 I HttpFlagsLoader: HTTP flags log line (Impl): Using live production flag values from Google
04-18 15:33:57.256   674 11196 I audio_hw_primary: app type:0x   0, is_voip:0, device:2, pcm:-352510464, usecase:0x   8
04-18 15:33:57.261   679  2915 I DPUModule: DpuR5P0::checkLayerFormat <142>: checkLayerFormat: Format(1)
04-18 15:33:57.261   679  2915 I DPUModule: DpuR5P0::checkTransform <35>: checkTransform: Transform(0), SRCRect(0,0)
04-18 15:33:57.261   679  2915 I DPUModule: DpuR5P0::checkAFBCBlockSize <97>: checkAFBCBlockSize: compressed(1),format(1), pitch(720), vstride(1616)
04-18 15:33:57.261   679  2915 I DPUModule: DpuR5P0::checkLayerFormat <142>: checkLayerFormat: Format(1)
04-18 15:33:57.261   679  2915 I DPUModule: DpuR5P0::checkTransform <35>: checkTransform: Transform(0), SRCRect(0,0)
04-18 15:33:57.261   679  2915 I DPUModule: DpuR5P0::checkAFBCBlockSize <97>: checkAFBCBlockSize: compressed(1),format(1), pitch(720), vstride(80)
04-18 15:33:57.261   679  2915 I DPUModule: DpuR5P0::checkLayerFormat <142>: checkLayerFormat: Format(1)
04-18 15:33:57.261   679  2915 I DPUModule: DpuR5P0::checkTransform <35>: checkTransform: Transform(0), SRCRect(0,0)
04-18 15:33:57.261   679  2915 I DPUModule: DpuR5P0::checkAFBCBlockSize <97>: checkAFBCBlockSize: compressed(1),format(1), pitch(720), vstride(96)
04-18 15:33:57.261   679  2915 D DPUModule: [ …śhu] support: 0
04-18 15:33:57.264  1092  2969 D ConnectivityService: requestNetwork for uid/pid:10128/26624 activeRequest: null callbackRequest: 31671 [NetworkRequest [ REQUEST id=31672, [ Capabilities: INTERNET&NOT_RESTRICTED&TRUSTED&NOT_VCN_MANAGED Uid: 10128 RequestorUid: 10128 RequestorPkg: com.google.android.gm UnderlyingNetworks: Null] ]] callback flags: 0 order: 2147483647
04-18 15:33:57.266  1092  1398 D WifiNetworkFactory: got request NetworkRequest [ REQUEST id=31672, [ Capabilities: INTERNET&NOT_RESTRICTED&TRUSTED&NOT_VCN_MANAGED Uid: 10128 RequestorUid: 10128 RequestorPkg: com.google.android.gm UnderlyingNetworks: Null] ]
04-18 15:33:57.266  1092  1398 D UntrustedWifiNetworkFactory: got request NetworkRequest [ REQUEST id=31672, [ Capabilities: INTERNET&NOT_RESTRICTED&TRUSTED&NOT_VCN_MANAGED Uid: 10128 RequestorUid: 10128 RequestorPkg: com.google.android.gm UnderlyingNetworks: Null] ]
04-18 15:33:57.266  1092  1398 D OemPaidWifiNetworkFactory: got request NetworkRequest [ REQUEST id=31672, [ Capabilities: INTERNET&NOT_RESTRICTED&TRUSTED&NOT_VCN_MANAGED Uid: 10128 RequestorUid: 10128 RequestorPkg: com.google.android.gm UnderlyingNetworks: Null] ]
04-18 15:33:57.266  1092  1398 D MultiInternetWifiNetworkFactory: got request NetworkRequest [ REQUEST id=31672, [ Capabilities: INTERNET&NOT_RESTRICTED&TRUSTED&NOT_VCN_MANAGED Uid: 10128 RequestorUid: 10128 RequestorPkg: com.google.android.gm UnderlyingNetworks: Null] ]
04-18 15:33:57.266  1092  1409 D ConnectivityService: NetReassign [31672 : null â†’ 251] [c 0] [a 0] [i 2]
04-18 15:33:57.270  1092  1409 D ConnectivityService: NetReassign [no changes] [c 0] [a 0] [i 1]
04-18 15:33:57.274 26624 26778 D nativeloader: Load /data/app/~~umrKDfUpHzWGuiFKYFN7Zw==/com.google.android.gms-9FeGsjliGFfYRaKOB9ziRw==/split_CronetDynamite_installtime.apk!/lib/arm64-v8a/libcronet.146.0.7680.144.so using isolated ns clns-10 (caller=/data/app/~~umrKDfUpHzWGuiFKYFN7Zw==/com.google.android.gms-9FeGsjliGFfYRaKOB9ziRw==/split_CronetDynamite_installtime.apk!classes2.dex): ok
04-18 15:33:57.277   679  2915 I DPUModule: DpuR5P0::checkLayerFormat <142>: checkLayerFormat: Format(1)
04-18 15:33:57.277   679  2915 I DPUModule: DpuR5P0::checkTransform <35>: checkTransform: Transform(0), SRCRect(0,0)
04-18 15:33:57.277   679  2915 I DPUModule: DpuR5P0::checkAFBCBlockSize <97>: checkAFBCBlockSize: compressed(1),format(1), pitch(720), vstride(1616)
04-18 15:33:57.277   679  2915 I DPUModule: DpuR5P0::checkLayerFormat <142>: checkLayerFormat: Format(1)
04-18 15:33:57.277   679  2915 I DPUModule: DpuR5P0::checkTransform <35>: checkTransform: Transform(0), SRCRect(0,0)
04-18 15:33:57.277   679  2915 I DPUModule: DpuR5P0::checkAFBCBlockSize <97>: checkAFBCBlockSize: compressed(1),format(1), pitch(720), vstride(80)
04-18 15:33:57.277   679  2915 I DPUModule: DpuR5P0::checkLayerFormat <142>: checkLayerFormat: Format(1)
04-18 15:33:57.277   679  2915 I DPUModule: DpuR5P0::checkTransform <35>: checkTransform: Transform(0), SRCRect(0,0)
04-18 15:33:57.277   679  2915 I DPUModule: DpuR5P0::checkAFBCBlockSize <97>: checkAFBCBlockSize: compressed(1),format(1), pitch(720), vstride(96)
04-18 15:33:57.277   679  2915 D DPUModule: [ …śhu] support: 0
04-18 15:33:57.294   679  2915 I DPUModule: DpuR5P0::checkLayerFormat <142>: checkLayerFormat: Format(1)
04-18 15:33:57.294   679  2915 I DPUModule: DpuR5P0::checkTransform <35>: checkTransform: Transform(0), SRCRect(0,0)
04-18 15:33:57.294   679  2915 I DPUModule: DpuR5P0::checkAFBCBlockSize <97>: checkAFBCBlockSize: compressed(1),format(1), pitch(720), vstride(1616)
04-18 15:33:57.294   679  2915 I DPUModule: DpuR5P0::checkLayerFormat <142>: checkLayerFormat: Format(1)
04-18 15:33:57.294   679  2915 I DPUModule: DpuR5P0::checkTransform <35>: checkTransform: Transform(0), SRCRect(0,0)
04-18 15:33:57.294   679  2915 I DPUModule: DpuR5P0::checkAFBCBlockSize <97>: checkAFBCBlockSize: compressed(1),format(1), pitch(720), vstride(80)
04-18 15:33:57.294   679  2915 I DPUModule: DpuR5P0::checkLayerFormat <142>: checkLayerFormat: Format(1)
04-18 15:33:57.294   679  2915 I DPUModule: DpuR5P0::checkTransform <35>: checkTransform: Transform(0), SRCRect(0,0)
04-18 15:33:57.294   679  2915 I DPUModule: DpuR5P0::checkAFBCBlockSize <97>: checkAFBCBlockSize: compressed(1),format(1), pitch(720), vstride(96)
04-18 15:33:57.294   679  2915 D DPUModule: [ …śhu] support: 0
04-18 15:33:57.299   674 11196 I audio_hw_primary: app type:0x   0, is_voip:0, device:2, pcm:-352510464, usecase:0x   8
