04-18 15:33:15.753  1092  3503 D Griffin/DeviceState: AudioPlayerItem{playerId=92927, playerState=3, lastUpdateTime=853235080, currentTime= 853235080}
04-18 15:33:15.756  1092  9388 D Griffin/DeviceState: update playerItem, pid = 20936, uid = 10282, package = com.zhiliaoapp.musically, playerId = 92927, playerState = 4
04-18 15:33:15.756  1092  9388 D Griffin/DeviceState: Caller from 2, create the new playerItem: 
04-18 15:33:15.756  1092  9388 D Griffin/DeviceState: AudioPlayerItem{playerId=92927, playerState=4, lastUpdateTime=853235083, currentTime= 853235083}
04-18 15:33:15.757  1092  9388 D Griffin/DeviceState: update playerItem, pid = 20936, uid = 10282, package = com.zhiliaoapp.musically, playerId = 92927, playerState = 0
04-18 15:33:15.757  1092  9388 D Griffin/DeviceState: Caller from 2, create the new playerItem: 
04-18 15:33:15.757  1092  9388 D Griffin/DeviceState: AudioPlayerItem{playerId=92927, playerState=0, lastUpdateTime=853235083, currentTime= 853235083}
04-18 15:33:15.764  1092  2969 D Griffin/DeviceState: update playerItem, pid = 20936, uid = 10282, package = com.zhiliaoapp.musically, playerId = 92935, playerState = 2
04-18 15:33:15.789  1092  3503 D Griffin/DeviceState: update playerItem, pid = 20936, uid = 10282, package = com.zhiliaoapp.musically, playerId = 92935, playerState = 2
04-18 15:33:16.358  1092  3503 D Griffin/DeviceState: update playerItem, pid = 20936, uid = 10282, package = com.zhiliaoapp.musically, playerId = 92943, playerState = 3
04-18 15:33:16.359  1092  3503 D Griffin/DeviceState: Caller from 2, create the new playerItem: 
04-18 15:33:16.359  1092  3503 D Griffin/DeviceState: AudioPlayerItem{playerId=92943, playerState=3, lastUpdateTime=853235685, currentTime= 853235685}
04-18 15:33:17.217  1092  2969 D Griffin/DeviceState: update playerItem, pid = 20936, uid = 10282, package = com.zhiliaoapp.musically, playerId = 92943, playerState = 2
04-18 15:33:17.217  1092  2969 D Griffin/DeviceState: Caller from 2, create the new playerItem: 
04-18 15:33:17.217  1092  2969 D Griffin/DeviceState: AudioPlayerItem{playerId=92943, playerState=2, lastUpdateTime=853236543, currentTime= 853236543}
04-18 15:33:17.223  1092  3503 D Griffin/DeviceState: update playerItem, pid = 20936, uid = 10282, package = com.zhiliaoapp.musically, playerId = 92935, playerState = 3
04-18 15:33:17.223  1092  3503 D Griffin/DeviceState: Caller from 2, create the new playerItem: 
04-18 15:33:17.223  1092  3503 D Griffin/DeviceState: AudioPlayerItem{playerId=92935, playerState=3, lastUpdateTime=853236550, currentTime= 853236550}
04-18 15:33:17.224  1092  3503 D Griffin/DeviceState: update playerItem, pid = 20936, uid = 10282, package = com.zhiliaoapp.musically, playerId = 92943, playerState = 2
04-18 15:33:17.225  1092  9388 D Griffin/DeviceState: update playerItem, pid = 20936, uid = 10282, package = com.zhiliaoapp.musically, playerId = 92935, playerState = 4
04-18 15:33:17.225  1092  9388 D Griffin/DeviceState: Caller from 2, create the new playerItem: 
04-18 15:33:17.225  1092  9388 D Griffin/DeviceState: AudioPlayerItem{playerId=92935, playerState=4, lastUpdateTime=853236551, currentTime= 853236551}
04-18 15:33:17.226  1092  9388 D Griffin/DeviceState: update playerItem, pid = 20936, uid = 10282, package = com.zhiliaoapp.musically, playerId = 92935, playerState = 0
04-18 15:33:17.226  1092  9388 D Griffin/DeviceState: Caller from 2, create the new playerItem: 
04-18 15:33:17.226  1092  9388 D Griffin/DeviceState: AudioPlayerItem{playerId=92935, playerState=0, lastUpdateTime=853236552, currentTime= 853236552}
04-18 15:33:17.266  1092  2969 D Griffin/DeviceState: update playerItem, pid = 20936, uid = 10282, package = com.zhiliaoapp.musically, playerId = 92943, playerState = 2
04-18 15:33:17.906  1092  2969 D Griffin/DeviceState: update playerItem, pid = 20936, uid = 10282, package = com.zhiliaoapp.musically, playerId = 92951, playerState = 3
04-18 15:33:17.906  1092  2969 D Griffin/DeviceState: Caller from 2, create the new playerItem: 
04-18 15:33:17.906  1092  2969 D Griffin/DeviceState: AudioPlayerItem{playerId=92951, playerState=3, lastUpdateTime=853237232, currentTime= 853237232}
04-18 15:33:21.615  1092  1092 D BroadcastQueue: Add broadcast <BroadcastRecord{c4dff35 u-1 android.intent.action.BATTERY_CHANGED}> into [parallel | background], pending size 0
04-18 15:33:21.622  1604  8710 D PowerUI : can't show warning due to - plugged: true status unknown: false
04-18 15:33:21.624  1092  1275 D BroadcastQueue: Done with parallel broadcast [background] [BroadcastRecord{c4dff35 u-1 android.intent.action.BATTERY_CHANGED}]
04-18 15:33:21.669  1092  3503 D CompatibilityChangeReporter: Compat change id reported: 161252188; UID 10163; state: DISABLED
04-18 15:33:21.670  1092  3503 D ActivityManager: PROFILE_FROM_SHELL is disabled for ProcessRecord{e758458 0:com.transsion.dynamicbar/u0a163}
04-18 15:33:21.671  1092  3503 D CompatibilityChangeReporter: Compat change id reported: 135634846; UID 10163; state: DISABLED
04-18 15:33:21.671  1092  3503 D CompatibilityChangeReporter: Compat change id reported: 177438394; UID 10163; state: DISABLED
04-18 15:33:21.671  1092  3503 D CompatibilityChangeReporter: Compat change id reported: 135772972; UID 10163; state: DISABLED
04-18 15:33:21.671  1092  3503 D CompatibilityChangeReporter: Compat change id reported: 135754954; UID 10163; state: ENABLED
04-18 15:33:21.671  1092  1276 D ActivityManager: asking zygote to start proc:ProcessRecord{e758458 0:com.transsion.dynamicbar/u0a163}
04-18 15:33:21.671  1092  1276 D CompatibilityChangeReporter: Compat change id reported: 143937733; UID 10163; state: ENABLED
04-18 15:33:21.672  1092  1276 D Prefork : startResult is empty and running normal execution.
04-18 15:33:21.707  1092  1276 I ActivityManager: Start proc 26544:com.transsion.dynamicbar/u0a163 for service {com.transsion.dynamicbar/com.transsion.dynamicbar.DynamicIslandService}
04-18 15:33:21.840  1092  3503 D CompatibilityChangeReporter: Compat change id reported: 168419799; UID 10163; state: DISABLED
04-18 15:33:21.842  1092  3503 D os.ActivityManagerServiceLice: make process active com.transsion.dynamicbar(26544)
04-18 15:33:21.863 26544 26544 D TranClassInfo: instance successfully. com.transsion.hubcore.graphics.TranGraphicImpl@d5c8fb3 from com.transsion.hubcore.graphics.ITranGraphic
04-18 15:33:21.967  1092  3503 D CompatibilityChangeReporter: Compat change id reported: 161145287; UID 10163; state: DISABLED
04-18 15:33:21.967  1092  3503 D BroadcastQueue: Add broadcast <BroadcastRecord{4038de9 u-1 android.net.conn.CONNECTIVITY_CHANGE}> into [parallel | background], pending size 0
04-18 15:33:21.967  1092  1275 D BroadcastQueue: Done with parallel broadcast [background] [BroadcastRecord{4038de9 u-1 android.net.conn.CONNECTIVITY_CHANGE}]
04-18 15:33:21.975  1092  3503 D CompatibilityChangeReporter: Compat change id reported: 168419799; UID 10106; state: DISABLED
04-18 15:33:21.980  1092  3503 D BroadcastQueue: Add broadcast <BroadcastRecord{3561121 u-1 android.net.conn.CONNECTIVITY_CHANGE}> into [parallel | background], pending size 0
04-18 15:33:21.981  1092  1275 D BroadcastQueue: Done with parallel broadcast [background] [BroadcastRecord{3561121 u-1 android.net.conn.CONNECTIVITY_CHANGE}]
04-18 15:33:21.982  1092  3503 D BroadcastQueue: Add broadcast <BroadcastRecord{6619e5d u-1 android.net.conn.CONNECTIVITY_CHANGE}> into [parallel | background], pending size 0
04-18 15:33:21.983  1092  1275 D BroadcastQueue: Done with parallel broadcast [background] [BroadcastRecord{6619e5d u-1 android.net.conn.CONNECTIVITY_CHANGE}]
04-18 15:33:22.006 26544 26544 D TranClassInfo: instance successfully. com.transsion.hubcore.view.TranViewImpl@cc94b91 from com.transsion.hubcore.view.ITranView
04-18 15:33:22.782 26544 26560 W PowerProfile: screen.on is deprecated! Use screen.on.display0 instead.
04-18 15:33:22.783 26544 26560 W PowerProfile: screen.full is deprecated! Use screen.full.display0 instead.
04-18 15:33:22.783 26544 26560 W ModemPowerProfile: getAverageBatteryDrainMaH called with unexpected key: 0x0, drain:0,RAT:DEFAULT
04-18 15:33:22.783 26544 26560 W ModemPowerProfile: getAverageBatteryDrainMaH called with unexpected key: 0x10000000, drain:IDLE,RAT:DEFAULT
04-18 15:33:22.783 26544 26560 W ModemPowerProfile: getAverageBatteryDrainMaH called with unexpected key: 0x20000000, drain:RX,RAT:DEFAULT
04-18 15:33:22.785 26544 26560 W ModemPowerProfile: getAverageBatteryDrainMaH called with unexpected key: 0x30000000, drain:TX,level:UNKNOWN(0x0)RAT:DEFAULT
04-18 15:33:22.785 26544 26560 W ModemPowerProfile: getAverageBatteryDrainMaH called with unexpected key: 0x31000000, drain:TX,level:UNKNOWN(0x1000000)RAT:DEFAULT
04-18 15:33:22.785 26544 26560 W ModemPowerProfile: getAverageBatteryDrainMaH called with unexpected key: 0x32000000, drain:TX,level:UNKNOWN(0x2000000)RAT:DEFAULT
04-18 15:33:22.785 26544 26560 W ModemPowerProfile: getAverageBatteryDrainMaH called with unexpected key: 0x33000000, drain:TX,level:UNKNOWN(0x3000000)RAT:DEFAULT
04-18 15:33:22.785 26544 26560 W ModemPowerProfile: getAverageBatteryDrainMaH called with unexpected key: 0x34000000, drain:TX,level:UNKNOWN(0x4000000)RAT:DEFAULT
04-18 15:33:30.805  1092  1241 I DisplayDeviceRepository: Display device changed: DisplayDeviceInfo{"Built-in Screen": uniqueId="local:0", 720 x 1612, modeId 2, defaultModeId 1, supportedModes [{id=1, width=720, height=1612, fps=60.0, alternativeRefreshRates=[90.0]}, {id=2, width=720, height=1612, fps=90.0, alternativeRefreshRates=[60.0]}], colorMode 0, supportedColorModes [0], hdrCapabilities HdrCapabilities{mSupportedHdrTypes=[], mMaxLuminance=500.0, mMaxAverageLuminance=500.0, mMinLuminance=0.0}, allmSupported false, gameContentTypeSupported false, density 320, 268.941 x 269.373 dpi, appVsyncOff 2000000, presDeadline 11111111, cutout DisplayCutout{insets=Rect(0, 80 - 0, 0) waterfall=Insets{left=0, top=0, right=0, bottom=0} boundingRect={Bounds=[Rect(0, 0 - 0, 0), Rect(312, 0 - 408, 80), Rect(0, 0 - 0, 0), Rect(0, 0 - 0, 0)]} cutoutPathParserInfo={CutoutPathParserInfo{displayWidth=720 displayHeight=1612 physicalDisplayWidth=720 physicalDisplayHeight=1612 density={2.0} cutoutSpec={M -24,0 L -24,40 L 24,40 L 24,0 Z @dp} rotation={0} scale={1.0} physicalPixelDisplaySizeRatio={1.0}}}}, touch INTERNAL, rotation 0, type INTERNAL, address {port=0}, deviceProductInfo null, state ON, frameRateOverride , brightnessMinimum 0.0, brightnessMaximum 1.0, brightnessDefault 0.096576735, FLAG_ALLOWED_TO_BE_DEFAULT_DISPLAY, FLAG_ROTATES_WITH_CONTENT, FLAG_SECURE, FLAG_SUPPORTS_PROTECTED_BUFFERS, installOrientation 0}
04-18 15:33:31.200  1092  1241 I DisplayDeviceRepository: Display device changed: DisplayDeviceInfo{"Built-in Screen": uniqueId="local:0", 720 x 1612, modeId 1, defaultModeId 1, supportedModes [{id=1, width=720, height=1612, fps=60.0, alternativeRefreshRates=[90.0]}, {id=2, width=720, height=1612, fps=90.0, alternativeRefreshRates=[60.0]}], colorMode 0, supportedColorModes [0], hdrCapabilities HdrCapabilities{mSupportedHdrTypes=[], mMaxLuminance=500.0, mMaxAverageLuminance=500.0, mMinLuminance=0.0}, allmSupported false, gameContentTypeSupported false, density 320, 268.941 x 269.373 dpi, appVsyncOff 1000000, presDeadline 16666667, cutout DisplayCutout{insets=Rect(0, 80 - 0, 0) waterfall=Insets{left=0, top=0, right=0, bottom=0} boundingRect={Bounds=[Rect(0, 0 - 0, 0), Rect(312, 0 - 408, 80), Rect(0, 0 - 0, 0), Rect(0, 0 - 0, 0)]} cutoutPathParserInfo={CutoutPathParserInfo{displayWidth=720 displayHeight=1612 physicalDisplayWidth=720 physicalDisplayHeight=1612 density={2.0} cutoutSpec={M -24,0 L -24,40 L 24,40 L 24,0 Z @dp} rotation={0} scale={1.0} physicalPixelDisplaySizeRatio={1.0}}}}, touch INTERNAL, rotation 0, type INTERNAL, address {port=0}, deviceProductInfo null, state ON, frameRateOverride , brightnessMinimum 0.0, brightnessMaximum 1.0, brightnessDefault 0.096576735, FLAG_ALLOWED_TO_BE_DEFAULT_DISPLAY, FLAG_ROTATES_WITH_CONTENT, FLAG_SECURE, FLAG_SUPPORTS_PROTECTED_BUFFERS, installOrientation 0}
04-18 15:33:31.640  1092  9388 D Griffin/DeviceState: update playerItem, pid = 20936, uid = 10282, package = com.zhiliaoapp.musically, playerId = 92951, playerState = 2
04-18 15:33:31.640  1092  9388 D Griffin/DeviceState: Caller from 2, create the new playerItem: 
04-18 15:33:31.640  1092  9388 D Griffin/DeviceState: AudioPlayerItem{playerId=92951, playerState=2, lastUpdateTime=853250966, currentTime= 853250966}
04-18 15:33:31.645  1092  5600 D Griffin/DeviceState: update playerItem, pid = 20936, uid = 10282, package = com.zhiliaoapp.musically, playerId = 92943, playerState = 3
04-18 15:33:31.645  1092  5600 D Griffin/DeviceState: Caller from 2, create the new playerItem: 
04-18 15:33:31.645  1092  5600 D Griffin/DeviceState: AudioPlayerItem{playerId=92943, playerState=3, lastUpdateTime=853250972, currentTime= 853250972}
04-18 15:33:31.647  1092  3503 D Griffin/DeviceState: update playerItem, pid = 20936, uid = 10282, package = com.zhiliaoapp.musically, playerId = 92943, playerState = 4
04-18 15:33:31.647  1092  3503 D Griffin/DeviceState: Caller from 2, create the new playerItem: 
04-18 15:33:31.647  1092  3503 D Griffin/DeviceState: AudioPlayerItem{playerId=92943, playerState=4, lastUpdateTime=853250973, currentTime= 853250973}
04-18 15:33:31.648  1092  3503 D Griffin/DeviceState: update playerItem, pid = 20936, uid = 10282, package = com.zhiliaoapp.musically, playerId = 92943, playerState = 0
04-18 15:33:31.648  1092  3503 D Griffin/DeviceState: Caller from 2, create the new playerItem: 
04-18 15:33:31.648  1092  3503 D Griffin/DeviceState: AudioPlayerItem{playerId=92943, playerState=0, lastUpdateTime=853250974, currentTime= 853250974}
04-18 15:33:31.651  1092  9388 D Griffin/DeviceState: update playerItem, pid = 20936, uid = 10282, package = com.zhiliaoapp.musically, playerId = 92951, playerState = 2
04-18 15:33:31.673  1092  9388 D Griffin/DeviceState: update playerItem, pid = 20936, uid = 10282, package = com.zhiliaoapp.musically, playerId = 92951, playerState = 2
04-18 15:33:32.250  1092  3503 D Griffin/DeviceState: update playerItem, pid = 20936, uid = 10282, package = com.zhiliaoapp.musically, playerId = 92959, playerState = 3
04-18 15:33:32.250  1092  3503 D Griffin/DeviceState: Caller from 2, create the new playerItem: 
04-18 15:33:32.250  1092  3503 D Griffin/DeviceState: AudioPlayerItem{playerId=92959, playerState=3, lastUpdateTime=853251577, currentTime= 853251577}
04-18 15:33:32.768   440 26565 I keystore2: keystore2::watchdog: Watchdog thread idle -> terminating. Have a great day.
04-18 15:33:43.479  1092  1244 E UnisocWatchdog: WDT_Monitor: writeWDTMonitor duration=50,shutdowning=false
--------- beginning of main
04-18 15:33:51.584   674 11196 I audio_hw_primary: app type:0x   0, is_voip:0, device:2, pcm:-352510464, usecase:0x   8
04-18 15:33:51.625   674 11196 I audio_hw_primary: app type:0x   0, is_voip:0, device:2, pcm:-352510464, usecase:0x   8
04-18 15:33:51.662   674 11196 I audio_hw_primary: app type:0x   0, is_voip:0, device:2, pcm:-352510464, usecase:0x   8
04-18 15:33:51.701   674 11196 I audio_hw_primary: app type:0x   0, is_voip:0, device:2, pcm:-352510464, usecase:0x   8
04-18 15:33:51.740   674 11196 I audio_hw_primary: app type:0x   0, is_voip:0, device:2, pcm:-352510464, usecase:0x   8
04-18 15:33:51.784   674 11196 I audio_hw_primary: app type:0x   0, is_voip:0, device:2, pcm:-352510464, usecase:0x   8
04-18 15:33:51.825   674 11196 I audio_hw_primary: app type:0x   0, is_voip:0, device:2, pcm:-352510464, usecase:0x   8
04-18 15:33:51.862   674 11196 I audio_hw_primary: app type:0x   0, is_voip:0, device:2, pcm:-352510464, usecase:0x   8
04-18 15:33:51.899   674 11196 I audio_hw_primary: app type:0x   0, is_voip:0, device:2, pcm:-352510464, usecase:0x   8
04-18 15:33:51.941  1092  1381 D InputReader: syncTouch: pointerCount 0 -> 1, touching ids 0x00000000 -> 0x80000000, hovering ids 0x00000000 -> 0x00000000, canceled ids 0x00000000
04-18 15:33:51.941  1092  1381 D InputReader: dispatchTouches action DOWN now(ns): 756461410063664
04-18 15:33:51.941  1092  1381 D InputReader: notifyMotion call dispatcher
04-18 15:33:51.944   674 11196 I audio_hw_primary: app type:0x   0, is_voip:0, device:2, pcm:-352510464, usecase:0x   8
04-18 15:33:51.980   679  2915 I DPUModule: DpuR5P0::checkLayerFormat <142>: checkLayerFormat: Format(1)
04-18 15:33:51.980   679  2915 I DPUModule: DpuR5P0::checkTransform <35>: checkTransform: Transform(0), SRCRect(0,0)
04-18 15:33:51.980   679  2915 I DPUModule: DpuR5P0::checkAFBCBlockSize <97>: checkAFBCBlockSize: compressed(1),format(1), pitch(720), vstride(1616)
04-18 15:33:51.980   679  2915 I DPUModule: DpuR5P0::checkLayerFormat <142>: checkLayerFormat: Format(1)
04-18 15:33:51.980   679  2915 I DPUModule: DpuR5P0::checkTransform <35>: checkTransform: Transform(0), SRCRect(0,0)
04-18 15:33:51.980   679  2915 I DPUModule: DpuR5P0::checkAFBCBlockSize <97>: checkAFBCBlockSize: compressed(1),format(1), pitch(720), vstride(80)
04-18 15:33:51.980   679  2915 I DPUModule: DpuR5P0::checkLayerFormat <142>: checkLayerFormat: Format(1)
04-18 15:33:51.980   679  2915 I DPUModule: DpuR5P0::checkTransform <35>: checkTransform: Transform(0), SRCRect(0,0)
04-18 15:33:51.980   679  2915 I DPUModule: DpuR5P0::checkAFBCBlockSize <97>: checkAFBCBlockSize: compressed(1),format(1), pitch(720), vstride(96)
04-18 15:33:51.980   679  2915 D DPUModule: [ …śhu] support: 0
04-18 15:33:51.985   674 11196 I audio_hw_primary: app type:0x   0, is_voip:0, device:2, pcm:-352510464, usecase:0x   8
04-18 15:33:52.007  1092  1381 D InputReader: syncTouch: pointerCount 1 -> 1, touching ids 0x80000000 -> 0x80000000, hovering ids 0x00000000 -> 0x00000000, canceled ids 0x00000000
04-18 15:33:52.007  1092  1381 D InputReader: dispatchTouches action MOVE now(ns): 756461476393895
04-18 15:33:52.007  1092  1381 D InputReader: notifyMotion call dispatcher
04-18 15:33:52.013   679  2915 I DPUModule: DpuR5P0::checkLayerFormat <142>: checkLayerFormat: Format(1)
04-18 15:33:52.013   679  2915 I DPUModule: DpuR5P0::checkTransform <35>: checkTransform: Transform(0), SRCRect(0,0)
04-18 15:33:52.013   679  2915 I DPUModule: DpuR5P0::checkAFBCBlockSize <97>: checkAFBCBlockSize: compressed(1),format(1), pitch(720), vstride(1616)
04-18 15:33:52.013   679  2915 I DPUModule: DpuR5P0::checkLayerFormat <142>: checkLayerFormat: Format(1)
04-18 15:33:52.013   679  2915 I DPUModule: DpuR5P0::checkTransform <35>: checkTransform: Transform(0), SRCRect(0,0)
04-18 15:33:52.013   679  2915 I DPUModule: DpuR5P0::checkAFBCBlockSize <97>: checkAFBCBlockSize: compressed(1),format(1), pitch(720), vstride(80)
04-18 15:33:52.013   679  2915 I DPUModule: DpuR5P0::checkLayerFormat <142>: checkLayerFormat: Format(1)
04-18 15:33:52.013   679  2915 I DPUModule: DpuR5P0::checkTransform <35>: checkTransform: Transform(0), SRCRect(0,0)
04-18 15:33:52.013   679  2915 I DPUModule: DpuR5P0::checkAFBCBlockSize <97>: checkAFBCBlockSize: compressed(1),format(1), pitch(720), vstride(96)
04-18 15:33:52.013   679  2915 D DPUModule: [ …śhu] support: 0
04-18 15:33:52.015  1092  1381 D InputReader: syncTouch: pointerCount 1 -> 1, touching ids 0x80000000 -> 0x80000000, hovering ids 0x00000000 -> 0x00000000, canceled ids 0x00000000
04-18 15:33:52.016  1092  1381 D InputReader: dispatchTouches action MOVE now(ns): 756461484564356
04-18 15:33:52.016  1092  1381 D InputReader: notifyMotion call dispatcher
04-18 15:33:52.024  1092  1381 D InputReader: syncTouch: pointerCount 1 -> 1, touching ids 0x80000000 -> 0x80000000, hovering ids 0x00000000 -> 0x00000000, canceled ids 0x00000000
04-18 15:33:52.024  1092  1381 D InputReader: dispatchTouches action MOVE now(ns): 756461493115895
04-18 15:33:52.024  1092  1381 D InputReader: notifyMotion call dispatcher
04-18 15:33:52.026   674 11196 I audio_hw_primary: app type:0x   0, is_voip:0, device:2, pcm:-352510464, usecase:0x   8
04-18 15:33:52.029 20936 20936 D TranFlingManagerImpl: onOverScrollerFinish()
04-18 15:33:52.032  1092  1381 D InputReader: syncTouch: pointerCount 1 -> 1, touching ids 0x80000000 -> 0x80000000, hovering ids 0x00000000 -> 0x00000000, canceled ids 0x00000000
04-18 15:33:52.033  1092  1381 D InputReader: dispatchTouches action MOVE now(ns): 756461501672856
04-18 15:33:52.033  1092  1381 D InputReader: notifyMotion call dispatcher
04-18 15:33:52.040  1092  1381 D InputReader: syncTouch: pointerCount 1 -> 1, touching ids 0x80000000 -> 0x80000000, hovering ids 0x00000000 -> 0x00000000, canceled ids 0x00000000
04-18 15:33:52.041  1092  1381 D InputReader: dispatchTouches action MOVE now(ns): 756461509717356
04-18 15:33:52.041  1092  1381 D InputReader: notifyMotion call dispatcher
04-18 15:33:52.046   679  2915 I DPUModule: DpuR5P0::checkLayerFormat <142>: checkLayerFormat: Format(1)
04-18 15:33:52.046   679  2915 I DPUModule: DpuR5P0::checkTransform <35>: checkTransform: Transform(0), SRCRect(0,0)
04-18 15:33:52.046   679  2915 I DPUModule: DpuR5P0::checkAFBCBlockSize <97>: checkAFBCBlockSize: compressed(1),format(1), pitch(720), vstride(1616)
04-18 15:33:52.046   679  2915 I DPUModule: DpuR5P0::checkLayerFormat <142>: checkLayerFormat: Format(1)
04-18 15:33:52.046   679  2915 I DPUModule: DpuR5P0::checkTransform <35>: checkTransform: Transform(0), SRCRect(0,0)
04-18 15:33:52.046   679  2915 I DPUModule: DpuR5P0::checkAFBCBlockSize <97>: checkAFBCBlockSize: compressed(1),format(1), pitch(720), vstride(80)
04-18 15:33:52.046   679  2915 I DPUModule: DpuR5P0::checkLayerFormat <142>: checkLayerFormat: Format(1)
04-18 15:33:52.046   679  2915 I DPUModule: DpuR5P0::checkTransform <35>: checkTransform: Transform(0), SRCRect(0,0)
04-18 15:33:52.046   679  2915 I DPUModule: DpuR5P0::checkAFBCBlockSize <97>: checkAFBCBlockSize: compressed(1),format(1), pitch(720), vstride(96)
04-18 15:33:52.046   679  2915 D DPUModule: [ …śhu] support: 0
04-18 15:33:52.049  1092  1381 D InputReader: syncTouch: pointerCount 1 -> 1, touching ids 0x80000000 -> 0x80000000, hovering ids 0x00000000 -> 0x00000000, canceled ids 0x00000000
04-18 15:33:52.049  1092  1381 D InputReader: dispatchTouches action MOVE now(ns): 756461518014587
04-18 15:33:52.049  1092  1381 D InputReader: notifyMotion call dispatcher
04-18 15:33:52.057  1092  1381 D InputReader: syncTouch: pointerCount 1 -> 1, touching ids 0x80000000 -> 0x80000000, hovering ids 0x00000000 -> 0x00000000, canceled ids 0x00000000
04-18 15:33:52.058   674 11196 I audio_hw_primary: app type:0x   0, is_voip:0, device:2, pcm:-352510464, usecase:0x   8
04-18 15:33:52.060  1092  1381 D InputReader: dispatchTouches action MOVE now(ns): 756461528863318
04-18 15:33:52.060  1092  1381 D InputReader: notifyMotion call dispatcher
04-18 15:33:52.065  1092  1381 D InputReader: syncTouch: pointerCount 1 -> 1, touching ids 0x80000000 -> 0x80000000, hovering ids 0x00000000 -> 0x00000000, canceled ids 0x00000000
04-18 15:33:52.065  1092  1381 D InputReader: dispatchTouches action MOVE now(ns): 756461534278741
04-18 15:33:52.065  1092  1381 D InputReader: notifyMotion call dispatcher
04-18 15:33:52.073  1092  1381 D InputReader: syncTouch: pointerCount 1 -> 1, touching ids 0x80000000 -> 0x80000000, hovering ids 0x00000000 -> 0x00000000, canceled ids 0x00000000
04-18 15:33:52.073  1092  1381 D InputReader: dispatchTouches action MOVE now(ns): 756461542486356
04-18 15:33:52.074  1092  1381 D InputReader: notifyMotion call dispatcher
04-18 15:33:52.079   679  2915 I DPUModule: DpuR5P0::checkLayerFormat <142>: checkLayerFormat: Format(1)
04-18 15:33:52.079   679  2915 I DPUModule: DpuR5P0::checkTransform <35>: checkTransform: Transform(0), SRCRect(0,0)
04-18 15:33:52.079   679  2915 I DPUModule: DpuR5P0::checkAFBCBlockSize <97>: checkAFBCBlockSize: compressed(1),format(1), pitch(720), vstride(1616)
04-18 15:33:52.079   679  2915 I DPUModule: DpuR5P0::checkLayerFormat <142>: checkLayerFormat: Format(1)
04-18 15:33:52.079   679  2915 I DPUModule: DpuR5P0::checkTransform <35>: checkTransform: Transform(0), SRCRect(0,0)
04-18 15:33:52.079   679  2915 I DPUModule: DpuR5P0::checkAFBCBlockSize <97>: checkAFBCBlockSize: compressed(1),format(1), pitch(720), vstride(80)
04-18 15:33:52.079   679  2915 I DPUModule: DpuR5P0::checkLayerFormat <142>: checkLayerFormat: Format(1)
04-18 15:33:52.079   679  2915 I DPUModule: DpuR5P0::checkTransform <35>: checkTransform: Transform(0), SRCRect(0,0)
04-18 15:33:52.079   679  2915 I DPUModule: DpuR5P0::checkAFBCBlockSize <97>: checkAFBCBlockSize: compressed(1),format(1), pitch(720), vstride(96)
04-18 15:33:52.079   679  2915 D DPUModule: [ …śhu] support: 0
04-18 15:33:52.082  1092  1381 D InputReader: syncTouch: pointerCount 1 -> 1, touching ids 0x80000000 -> 0x80000000, hovering ids 0x00000000 -> 0x00000000, canceled ids 0x00000000
04-18 15:33:52.082  1092  1381 D InputReader: dispatchTouches action MOVE now(ns): 756461551033279
04-18 15:33:52.082  1092  1381 D InputReader: notifyMotion call dispatcher
04-18 15:33:52.090  1092  1381 D InputReader: syncTouch: pointerCount 1 -> 1, touching ids 0x80000000 -> 0x80000000, hovering ids 0x00000000 -> 0x00000000, canceled ids 0x00000000
04-18 15:33:52.090  1092  1381 D InputReader: dispatchTouches action MOVE now(ns): 756461559215664
04-18 15:33:52.090  1092  1381 D InputReader: notifyMotion call dispatcher
04-18 15:33:52.096   679  2915 I DPUModule: DpuR5P0::checkLayerFormat <142>: checkLayerFormat: Format(1)
04-18 15:33:52.096   679  2915 I DPUModule: DpuR5P0::checkTransform <35>: checkTransform: Transform(0), SRCRect(0,0)
04-18 15:33:52.096   679  2915 I DPUModule: DpuR5P0::checkAFBCBlockSize <97>: checkAFBCBlockSize: compressed(1),format(1), pitch(720), vstride(1616)
04-18 15:33:52.096   679  2915 I DPUModule: DpuR5P0::checkLayerFormat <142>: checkLayerFormat: Format(1)
04-18 15:33:52.096   679  2915 I DPUModule: DpuR5P0::checkTransform <35>: checkTransform: Transform(0), SRCRect(0,0)
04-18 15:33:52.096   679  2915 I DPUModule: DpuR5P0::checkAFBCBlockSize <97>: checkAFBCBlockSize: compressed(1),format(1), pitch(720), vstride(80)
04-18 15:33:52.096   679  2915 I DPUModule: DpuR5P0::checkLayerFormat <142>: checkLayerFormat: Format(1)
04-18 15:33:52.096   679  2915 I DPUModule: DpuR5P0::checkTransform <35>: checkTransform: Transform(0), SRCRect(0,0)
04-18 15:33:52.097   679  2915 I DPUModule: DpuR5P0::checkAFBCBlockSize <97>: checkAFBCBlockSize: compressed(1),format(1), pitch(720), vstride(96)
04-18 15:33:52.097   679  2915 D DPUModule: [ …śhu] support: 0
04-18 15:33:52.099  1092  1381 D InputReader: syncTouch: pointerCount 1 -> 1, touching ids 0x80000000 -> 0x80000000, hovering ids 0x00000000 -> 0x00000000, canceled ids 0x00000000
04-18 15:33:52.099  1092  1381 D InputReader: dispatchTouches action MOVE now(ns): 756461567760549
04-18 15:33:52.099  1092  1381 D InputReader: notifyMotion call dispatcher
04-18 15:33:52.099  1604  2026 I IslandManager: unbindService: com.android.systemui
04-18 15:33:52.102 26544 26544 I DynamicIslandService:1.0.0.078: onUnbind: ------------> Intent { act=com.transsion.island.action.DYNAMIC_ISLAND_SERVICE pkg=com.android.systemui cmp=com.transsion.dynamicbar/.DynamicIslandService }
04-18 15:33:52.102   674 11196 I audio_hw_primary: app type:0x   0, is_voip:0, device:2, pcm:-352510464, usecase:0x   8
04-18 15:33:52.103 26544 26563 I IslandShareProxy: removeShareProxy: com.android.systemui
04-18 15:33:52.103 26544 26544 I DynamicIslandService:1.0.0.078: onDestroy: 
04-18 15:33:52.104 26544 26544 I VersionsUtils:  getVersion mCurrentVersion 1000000019
04-18 15:33:52.104 26544 26544 I DynamicIslandService:1.0.0.078: island no message kill self
04-18 15:33:52.104 26544 26544 I Process : Sending signal. PID: 26544 SIG: 9
04-18 15:33:52.107  1092  1381 D InputReader: syncTouch: pointerCount 1 -> 1, touching ids 0x80000000 -> 0x80000000, hovering ids 0x00000000 -> 0x00000000, canceled ids 0x00000000
04-18 15:33:52.107  1092  1381 D InputReader: dispatchTouches action MOVE now(ns): 756461575851318
04-18 15:33:52.107  1092  1381 D InputReader: notifyMotion call dispatcher
04-18 15:33:52.112   679  2915 I DPUModule: DpuR5P0::checkLayerFormat <142>: checkLayerFormat: Format(1)
04-18 15:33:52.112   679  2915 I DPUModule: DpuR5P0::checkTransform <35>: checkTransform: Transform(0), SRCRect(0,0)
04-18 15:33:52.112   679  2915 I DPUModule: DpuR5P0::checkAFBCBlockSize <97>: checkAFBCBlockSize: compressed(1),format(1), pitch(720), vstride(1616)
04-18 15:33:52.112   679  2915 I DPUModule: DpuR5P0::checkLayerFormat <142>: checkLayerFormat: Format(1)
04-18 15:33:52.112   679  2915 I DPUModule: DpuR5P0::checkTransform <35>: checkTransform: Transform(0), SRCRect(0,0)
04-18 15:33:52.112   679  2915 I DPUModule: DpuR5P0::checkAFBCBlockSize <97>: checkAFBCBlockSize: compressed(1),format(1), pitch(720), vstride(80)
04-18 15:33:52.112   679  2915 I DPUModule: DpuR5P0::checkLayerFormat <142>: checkLayerFormat: Format(1)
04-18 15:33:52.112   679  2915 I DPUModule: DpuR5P0::checkTransform <35>: checkTransform: Transform(0), SRCRect(0,0)
04-18 15:33:52.112   679  2915 I DPUModule: DpuR5P0::checkAFBCBlockSize <97>: checkAFBCBlockSize: compressed(1),format(1), pitch(720), vstride(96)
04-18 15:33:52.112   679  2915 D DPUModule: [ …śhu] support: 0
04-18 15:33:52.115  1092  1381 D InputReader: syncTouch: pointerCount 1 -> 1, touching ids 0x80000000 -> 0x80000000, hovering ids 0x00000000 -> 0x00000000, canceled ids 0x00000000
04-18 15:33:52.115  1092  1381 D InputReader: dispatchTouches action MOVE now(ns): 756461584302126
04-18 15:33:52.115  1092  1381 D InputReader: notifyMotion call dispatcher
04-18 15:33:52.124  1092  1381 D InputReader: syncTouch: pointerCount 1 -> 1, touching ids 0x80000000 -> 0x80000000, hovering ids 0x00000000 -> 0x00000000, canceled ids 0x00000000
04-18 15:33:52.124  1092  1381 D InputReader: dispatchTouches action MOVE now(ns): 756461592714279
04-18 15:33:52.124  1092  1381 D InputReader: notifyMotion call dispatcher
04-18 15:33:52.129   679  2915 I DPUModule: DpuR5P0::checkLayerFormat <142>: checkLayerFormat: Format(1)
04-18 15:33:52.129   679  2915 I DPUModule: DpuR5P0::checkTransform <35>: checkTransform: Transform(0), SRCRect(0,0)
04-18 15:33:52.129   679  2915 I DPUModule: DpuR5P0::checkAFBCBlockSize <97>: checkAFBCBlockSize: compressed(1),format(1), pitch(720), vstride(1616)
04-18 15:33:52.129   679  2915 I DPUModule: DpuR5P0::checkLayerFormat <142>: checkLayerFormat: Format(1)
04-18 15:33:52.129   679  2915 I DPUModule: DpuR5P0::checkTransform <35>: checkTransform: Transform(0), SRCRect(0,0)
04-18 15:33:52.129   679  2915 I DPUModule: DpuR5P0::checkAFBCBlockSize <97>: checkAFBCBlockSize: compressed(1),format(1), pitch(720), vstride(80)
04-18 15:33:52.129   679  2915 I DPUModule: DpuR5P0::checkLayerFormat <142>: checkLayerFormat: Format(1)
04-18 15:33:52.129   679  2915 I DPUModule: DpuR5P0::checkTransform <35>: checkTransform: Transform(0), SRCRect(0,0)
04-18 15:33:52.129   679  2915 I DPUModule: DpuR5P0::checkAFBCBlockSize <97>: checkAFBCBlockSize: compressed(1),format(1), pitch(720), vstride(96)
04-18 15:33:52.129   679  2915 D DPUModule: [ …śhu] support: 0
04-18 15:33:52.132  1092  1381 D InputReader: syncTouch: pointerCount 1 -> 1, touching ids 0x80000000 -> 0x80000000, hovering ids 0x00000000 -> 0x00000000, canceled ids 0x00000000
04-18 15:33:52.132  1092  1381 D InputReader: dispatchTouches action MOVE now(ns): 756461600871510
04-18 15:33:52.132  1092  1381 D InputReader: notifyMotion call dispatcher
04-18 15:33:52.134  1092  2969 I ActivityManager: Process com.transsion.dynamicbar (pid 26544) has died: fg  SVC 
04-18 15:33:52.135  1092  2969 D os.ActivityManagerServiceLice: make process inactive com.transsion.dynamicbar(26544)
04-18 15:33:52.135  1092  1278 I libprocessgroup: Successfully killed process cgroup uid 10163 pid 26544 in 0ms
04-18 15:33:52.137   658   658 I Zygote  : Process 26544 exited due to signal 9 (Killed)
04-18 15:33:52.140  1092  1381 D InputReader: syncTouch: pointerCount 1 -> 1, touching ids 0x80000000 -> 0x80000000, hovering ids 0x00000000 -> 0x00000000, canceled ids 0x00000000
04-18 15:33:52.140  1092  1381 D InputReader: dispatchTouches action MOVE now(ns): 756461609454895
04-18 15:33:52.141  1092  1381 D InputReader: notifyMotion call dispatcher
04-18 15:33:52.142   674 11196 I audio_hw_primary: app type:0x   0, is_voip:0, device:2, pcm:-352510464, usecase:0x   8
04-18 15:33:52.146   679  2915 I DPUModule: DpuR5P0::checkLayerFormat <142>: checkLayerFormat: Format(1)
04-18 15:33:52.146   679  2915 I DPUModule: DpuR5P0::checkTransform <35>: checkTransform: Transform(0), SRCRect(0,0)
04-18 15:33:52.146   679  2915 I DPUModule: DpuR5P0::checkAFBCBlockSize <97>: checkAFBCBlockSize: compressed(1),format(1), pitch(720), vstride(1616)
04-18 15:33:52.146   679  2915 I DPUModule: DpuR5P0::checkLayerFormat <142>: checkLayerFormat: Format(1)
04-18 15:33:52.146   679  2915 I DPUModule: DpuR5P0::checkTransform <35>: checkTransform: Transform(0), SRCRect(0,0)
04-18 15:33:52.146   679  2915 I DPUModule: DpuR5P0::checkAFBCBlockSize <97>: checkAFBCBlockSize: compressed(1),format(1), pitch(720), vstride(80)
04-18 15:33:52.146   679  2915 I DPUModule: DpuR5P0::checkLayerFormat <142>: checkLayerFormat: Format(1)
04-18 15:33:52.147   679  2915 I DPUModule: DpuR5P0::checkTransform <35>: checkTransform: Transform(0), SRCRect(0,0)
04-18 15:33:52.147   679  2915 I DPUModule: DpuR5P0::checkAFBCBlockSize <97>: checkAFBCBlockSize: compressed(1),format(1), pitch(720), vstride(96)
04-18 15:33:52.147   679  2915 D DPUModule: [ …śhu] support: 0
04-18 15:33:52.149  1092  1381 D InputReader: syncTouch: pointerCount 1 -> 1, touching ids 0x80000000 -> 0x80000000, hovering ids 0x00000000 -> 0x00000000, canceled ids 0x00000000
04-18 15:33:52.150  1092  1381 D InputReader: dispatchTouches action MOVE now(ns): 756461618934972
04-18 15:33:52.150  1092  1381 D InputReader: notifyMotion call dispatcher
04-18 15:33:52.158  1092  1381 D InputReader: syncTouch: pointerCount 1 -> 1, touching ids 0x80000000 -> 0x80000000, hovering ids 0x00000000 -> 0x00000000, canceled ids 0x00000000
04-18 15:33:52.158  1092  1381 D InputReader: dispatchTouches action MOVE now(ns): 756461626694472
04-18 15:33:52.158  1092  1381 D InputReader: notifyMotion call dispatcher
04-18 15:33:52.163   679  2915 I DPUModule: DpuR5P0::checkLayerFormat <142>: checkLayerFormat: Format(1)
04-18 15:33:52.163   679  2915 I DPUModule: DpuR5P0::checkTransform <35>: checkTransform: Transform(0), SRCRect(0,0)
04-18 15:33:52.163   679  2915 I DPUModule: DpuR5P0::checkAFBCBlockSize <97>: checkAFBCBlockSize: compressed(1),format(1), pitch(720), vstride(1616)
04-18 15:33:52.163   679  2915 I DPUModule: DpuR5P0::checkLayerFormat <142>: checkLayerFormat: Format(1)
04-18 15:33:52.163   679  2915 I DPUModule: DpuR5P0::checkTransform <35>: checkTransform: Transform(0), SRCRect(0,0)
04-18 15:33:52.163   679  2915 I DPUModule: DpuR5P0::checkAFBCBlockSize <97>: checkAFBCBlockSize: compressed(1),format(1), pitch(720), vstride(80)
04-18 15:33:52.163   679  2915 I DPUModule: DpuR5P0::checkLayerFormat <142>: checkLayerFormat: Format(1)
04-18 15:33:52.163   679  2915 I DPUModule: DpuR5P0::checkTransform <35>: checkTransform: Transform(0), SRCRect(0,0)
04-18 15:33:52.163   679  2915 I DPUModule: DpuR5P0::checkAFBCBlockSize <97>: checkAFBCBlockSize: compressed(1),format(1), pitch(720), vstride(96)
04-18 15:33:52.163   679  2915 D DPUModule: [ …śhu] support: 0
04-18 15:33:52.167  1092  1381 D InputReader: syncTouch: pointerCount 1 -> 1, touching ids 0x80000000 -> 0x80000000, hovering ids 0x00000000 -> 0x00000000, canceled ids 0x00000000
04-18 15:33:52.167  1092  1381 D InputReader: dispatchTouches action MOVE now(ns): 756461636126318
04-18 15:33:52.167  1092  1381 D InputReader: notifyMotion call dispatcher
04-18 15:33:52.173  1092  1381 D InputReader: syncTouch: pointerCount 1 -> 1, touching ids 0x80000000 -> 0x80000000, hovering ids 0x00000000 -> 0x00000000, canceled ids 0x00000000
04-18 15:33:52.174  1092  1381 D InputReader: dispatchTouches action MOVE now(ns): 756461642511856
04-18 15:33:52.174  1092  1381 D InputReader: notifyMotion call dispatcher
04-18 15:33:52.179   679  2915 I DPUModule: DpuR5P0::checkLayerFormat <142>: checkLayerFormat: Format(1)
04-18 15:33:52.179   679  2915 I DPUModule: DpuR5P0::checkTransform <35>: checkTransform: Transform(0), SRCRect(0,0)
04-18 15:33:52.179   679  2915 I DPUModule: DpuR5P0::checkAFBCBlockSize <97>: checkAFBCBlockSize: compressed(1),format(1), pitch(720), vstride(1616)
04-18 15:33:52.179   679  2915 I DPUModule: DpuR5P0::checkLayerFormat <142>: checkLayerFormat: Format(1)
04-18 15:33:52.179   679  2915 I DPUModule: DpuR5P0::checkTransform <35>: checkTransform: Transform(0), SRCRect(0,0)
04-18 15:33:52.179   679  2915 I DPUModule: DpuR5P0::checkAFBCBlockSize <97>: checkAFBCBlockSize: compressed(1),format(1), pitch(720), vstride(80)
04-18 15:33:52.179   679  2915 I DPUModule: DpuR5P0::checkLayerFormat <142>: checkLayerFormat: Format(1)
04-18 15:33:52.179   679  2915 I DPUModule: DpuR5P0::checkTransform <35>: checkTransform: Transform(0), SRCRect(0,0)
04-18 15:33:52.179   679  2915 I DPUModule: DpuR5P0::checkAFBCBlockSize <97>: checkAFBCBlockSize: compressed(1),format(1), pitch(720), vstride(96)
04-18 15:33:52.179   679  2915 D DPUModule: [ …śhu] support: 0
04-18 15:33:52.180   674 11196 I audio_hw_primary: app type:0x   0, is_voip:0, device:2, pcm:-352510464, usecase:0x   8
04-18 15:33:52.182  1092  1381 D InputReader: syncTouch: pointerCount 1 -> 1, touching ids 0x80000000 -> 0x80000000, hovering ids 0x00000000 -> 0x00000000, canceled ids 0x00000000
04-18 15:33:52.182  1092  1381 D InputReader: dispatchTouches action MOVE now(ns): 756461650754087
04-18 15:33:52.182  1092  1381 D InputReader: notifyMotion call dispatcher
04-18 15:33:52.191  1092  1381 D InputReader: syncTouch: pointerCount 1 -> 1, touching ids 0x80000000 -> 0x80000000, hovering ids 0x00000000 -> 0x00000000, canceled ids 0x00000000
04-18 15:33:52.191  1092  1381 D InputReader: dispatchTouches action MOVE now(ns): 756461659826779
04-18 15:33:52.191  1092  1381 D InputReader: notifyMotion call dispatcher
04-18 15:33:52.196   679  2915 I DPUModule: DpuR5P0::checkLayerFormat <142>: checkLayerFormat: Format(1)
04-18 15:33:52.196   679  2915 I DPUModule: DpuR5P0::checkTransform <35>: checkTransform: Transform(0), SRCRect(0,0)
04-18 15:33:52.196   679  2915 I DPUModule: DpuR5P0::checkAFBCBlockSize <97>: checkAFBCBlockSize: compressed(1),format(1), pitch(720), vstride(1616)
04-18 15:33:52.196   679  2915 I DPUModule: DpuR5P0::checkLayerFormat <142>: checkLayerFormat: Format(1)
04-18 15:33:52.196   679  2915 I DPUModule: DpuR5P0::checkTransform <35>: checkTransform: Transform(0), SRCRect(0,0)
04-18 15:33:52.196   679  2915 I DPUModule: DpuR5P0::checkAFBCBlockSize <97>: checkAFBCBlockSize: compressed(1),format(1), pitch(720), vstride(80)
04-18 15:33:52.196   679  2915 I DPUModule: DpuR5P0::checkLayerFormat <142>: checkLayerFormat: Format(1)
04-18 15:33:52.196   679  2915 I DPUModule: DpuR5P0::checkTransform <35>: checkTransform: Transform(0), SRCRect(0,0)
04-18 15:33:52.196   679  2915 I DPUModule: DpuR5P0::checkAFBCBlockSize <97>: checkAFBCBlockSize: compressed(1),format(1), pitch(720), vstride(96)
04-18 15:33:52.196   679  2915 D DPUModule: [ …śhu] support: 0
04-18 15:33:52.198  1092  1381 D InputReader: syncTouch: pointerCount 1 -> 1, touching ids 0x80000000 -> 0x80000000, hovering ids 0x00000000 -> 0x00000000, canceled ids 0x00000000
04-18 15:33:52.199  1092  1381 D InputReader: dispatchTouches action MOVE now(ns): 756461667690049
04-18 15:33:52.199  1092  1381 D InputReader: notifyMotion call dispatcher
04-18 15:33:52.207  1092  1381 D InputReader: syncTouch: pointerCount 1 -> 1, touching ids 0x80000000 -> 0x80000000, hovering ids 0x00000000 -> 0x00000000, canceled ids 0x00000000
04-18 15:33:52.207  1092  1381 D InputReader: dispatchTouches action MOVE now(ns): 756461675757972
04-18 15:33:52.207  1092  1381 D InputReader: notifyMotion call dispatcher
04-18 15:33:52.213   679  2915 I DPUModule: DpuR5P0::checkLayerFormat <142>: checkLayerFormat: Format(1)
04-18 15:33:52.213   679  2915 I DPUModule: DpuR5P0::checkTransform <35>: checkTransform: Transform(0), SRCRect(0,0)
04-18 15:33:52.213   679  2915 I DPUModule: DpuR5P0::checkAFBCBlockSize <97>: checkAFBCBlockSize: compressed(1),format(1), pitch(720), vstride(1616)
04-18 15:33:52.213   679  2915 I DPUModule: DpuR5P0::checkLayerFormat <142>: checkLayerFormat: Format(1)
04-18 15:33:52.213   679  2915 I DPUModule: DpuR5P0::checkTransform <35>: checkTransform: Transform(0), SRCRect(0,0)
04-18 15:33:52.213   679  2915 I DPUModule: DpuR5P0::checkAFBCBlockSize <97>: checkAFBCBlockSize: compressed(1),format(1), pitch(720), vstride(80)
04-18 15:33:52.213   679  2915 I DPUModule: DpuR5P0::checkLayerFormat <142>: checkLayerFormat: Format(1)
04-18 15:33:52.213   679  2915 I DPUModule: DpuR5P0::checkTransform <35>: checkTransform: Transform(0), SRCRect(0,0)
04-18 15:33:52.213   679  2915 I DPUModule: DpuR5P0::checkAFBCBlockSize <97>: checkAFBCBlockSize: compressed(1),format(1), pitch(720), vstride(96)
04-18 15:33:52.213   679  2915 D DPUModule: [ …śhu] support: 0
04-18 15:33:52.215  1092  1381 D InputReader: syncTouch: pointerCount 1 -> 1, touching ids 0x80000000 -> 0x80000000, hovering ids 0x00000000 -> 0x00000000, canceled ids 0x00000000
04-18 15:33:52.215  1092  1381 D InputReader: dispatchTouches action MOVE now(ns): 756461684350087
04-18 15:33:52.215  1092  1381 D InputReader: notifyMotion call dispatcher
04-18 15:33:52.220   674 11196 I audio_hw_primary: app type:0x   0, is_voip:0, device:2, pcm:-352510464, usecase:0x   8
04-18 15:33:52.224  1092  1381 D InputReader: syncTouch: pointerCount 1 -> 1, touching ids 0x80000000 -> 0x80000000, hovering ids 0x00000000 -> 0x00000000, canceled ids 0x00000000
04-18 15:33:52.224  1092  1381 D InputReader: dispatchTouches action MOVE now(ns): 756461692673472
04-18 15:33:52.224  1092  1381 D InputReader: notifyMotion call dispatcher
04-18 15:33:52.229   679  2915 I DPUModule: DpuR5P0::checkLayerFormat <142>: checkLayerFormat: Format(1)
04-18 15:33:52.229   679  2915 I DPUModule: DpuR5P0::checkTransform <35>: checkTransform: Transform(0), SRCRect(0,0)
04-18 15:33:52.229   679  2915 I DPUModule: DpuR5P0::checkAFBCBlockSize <97>: checkAFBCBlockSize: compressed(1),format(1), pitch(720), vstride(1616)
04-18 15:33:52.229   679  2915 I DPUModule: DpuR5P0::checkLayerFormat <142>: checkLayerFormat: Format(1)
04-18 15:33:52.229   679  2915 I DPUModule: DpuR5P0::checkTransform <35>: checkTransform: Transform(0), SRCRect(0,0)
04-18 15:33:52.229   679  2915 I DPUModule: DpuR5P0::checkAFBCBlockSize <97>: checkAFBCBlockSize: compressed(1),format(1), pitch(720), vstride(80)
04-18 15:33:52.229   679  2915 I DPUModule: DpuR5P0::checkLayerFormat <142>: checkLayerFormat: Format(1)
04-18 15:33:52.229   679  2915 I DPUModule: DpuR5P0::checkTransform <35>: checkTransform: Transform(0), SRCRect(0,0)
04-18 15:33:52.229   679  2915 I DPUModule: DpuR5P0::checkAFBCBlockSize <97>: checkAFBCBlockSize: compressed(1),format(1), pitch(720), vstride(96)
04-18 15:33:52.229   679  2915 D DPUModule: [ …śhu] support: 0
04-18 15:33:52.232  1092  1381 D InputReader: syncTouch: pointerCount 1 -> 1, touching ids 0x80000000 -> 0x80000000, hovering ids 0x00000000 -> 0x00000000, canceled ids 0x00000000
04-18 15:33:52.232  1092  1381 D InputReader: dispatchTouches action MOVE now(ns): 756461701069664
04-18 15:33:52.232  1092  1381 D InputReader: notifyMotion call dispatcher
04-18 15:33:52.240  1092  1381 D InputReader: syncTouch: pointerCount 1 -> 1, touching ids 0x80000000 -> 0x80000000, hovering ids 0x00000000 -> 0x00000000, canceled ids 0x00000000
04-18 15:33:52.240  1092  1381 D InputReader: dispatchTouches action MOVE now(ns): 756461709033664
04-18 15:33:52.240  1092  1381 D InputReader: notifyMotion call dispatcher
04-18 15:33:52.246   679  2915 I DPUModule: DpuR5P0::checkLayerFormat <142>: checkLayerFormat: Format(1)
04-18 15:33:52.246   679  2915 I DPUModule: DpuR5P0::checkTransform <35>: checkTransform: Transform(0), SRCRect(0,0)
04-18 15:33:52.246   679  2915 I DPUModule: DpuR5P0::checkAFBCBlockSize <97>: checkAFBCBlockSize: compressed(1),format(1), pitch(720), vstride(1616)
04-18 15:33:52.246   679  2915 I DPUModule: DpuR5P0::checkLayerFormat <142>: checkLayerFormat: Format(1)
04-18 15:33:52.246   679  2915 I DPUModule: DpuR5P0::checkTransform <35>: checkTransform: Transform(0), SRCRect(0,0)
04-18 15:33:52.246   679  2915 I DPUModule: DpuR5P0::checkAFBCBlockSize <97>: checkAFBCBlockSize: compressed(1),format(1), pitch(720), vstride(80)
04-18 15:33:52.246   679  2915 I DPUModule: DpuR5P0::checkLayerFormat <142>: checkLayerFormat: Format(1)
04-18 15:33:52.246   679  2915 I DPUModule: DpuR5P0::checkTransform <35>: checkTransform: Transform(0), SRCRect(0,0)
04-18 15:33:52.246   679  2915 I DPUModule: DpuR5P0::checkAFBCBlockSize <97>: checkAFBCBlockSize: compressed(1),format(1), pitch(720), vstride(96)
04-18 15:33:52.246   679  2915 D DPUModule: [ …śhu] support: 0
04-18 15:33:52.248  1092  1381 D InputReader: syncTouch: pointerCount 1 -> 1, touching ids 0x80000000 -> 0x80000000, hovering ids 0x00000000 -> 0x00000000, canceled ids 0x00000000
04-18 15:33:52.249  1092  1381 D InputReader: dispatchTouches action MOVE now(ns): 756461717519933
04-18 15:33:52.249  1092  1381 D InputReader: notifyMotion call dispatcher
04-18 15:33:52.257  1092  1381 I InputReader: processEventsLocked: type=3 Count=4 code=57 value=-1 deviceId=1 when=756461725418000
04-18 15:33:52.257  1092  1381 D InputReader: syncTouch: pointerCount 1 -> 0, touching ids 0x80000000 -> 0x00000000, hovering ids 0x00000000 -> 0x00000000, canceled ids 0x00000000
04-18 15:33:52.257  1092  1381 D InputReader: dispatchTouches action UP now(ns): 756461725858356
04-18 15:33:52.257  1092  1381 D InputReader: notifyMotion call dispatcher
04-18 15:33:52.260 20936 20936 D TranFlingManagerImpl: onOverScrollerFinish()
04-18 15:33:52.261   674 11196 I audio_hw_primary: app type:0x   0, is_voip:0, device:2, pcm:-352510464, usecase:0x   8
04-18 15:33:52.263   679  2915 I DPUModule: DpuR5P0::checkLayerFormat <142>: checkLayerFormat: Format(1)
04-18 15:33:52.263   679  2915 I DPUModule: DpuR5P0::checkTransform <35>: checkTransform: Transform(0), SRCRect(0,0)
04-18 15:33:52.263   679  2915 I DPUModule: DpuR5P0::checkAFBCBlockSize <97>: checkAFBCBlockSize: compressed(1),format(1), pitch(720), vstride(1616)
04-18 15:33:52.263   679  2915 I DPUModule: DpuR5P0::checkLayerFormat <142>: checkLayerFormat: Format(1)
04-18 15:33:52.263   679  2915 I DPUModule: DpuR5P0::checkTransform <35>: checkTransform: Transform(0), SRCRect(0,0)
04-18 15:33:52.263   679  2915 I DPUModule: DpuR5P0::checkAFBCBlockSize <97>: checkAFBCBlockSize: compressed(1),format(1), pitch(720), vstride(80)
04-18 15:33:52.263   679  2915 I DPUModule: DpuR5P0::checkLayerFormat <142>: checkLayerFormat: Format(1)
04-18 15:33:52.263   679  2915 I DPUModule: DpuR5P0::checkTransform <35>: checkTransform: Transform(0), SRCRect(0,0)
04-18 15:33:52.263   679  2915 I DPUModule: DpuR5P0::checkAFBCBlockSize <97>: checkAFBCBlockSize: compressed(1),format(1), pitch(720), vstride(96)
04-18 15:33:52.263   679  2915 D DPUModule: [ …śhu] support: 0
04-18 15:33:52.277 20936 26611 I ByteVC1_dec: bytevc1_dec [info]: Bytedance bytevc1 ByteVC1 decoder (V2.2.3-commit-e81491c) is created.
04-18 15:33:52.277 20936 26611 I ByteVC1_dec: 
04-18 15:33:52.279   679  2915 I DPUModule: DpuR5P0::checkLayerFormat <142>: checkLayerFormat: Format(1)
04-18 15:33:52.279   679  2915 I DPUModule: DpuR5P0::checkTransform <35>: checkTransform: Transform(0), SRCRect(0,0)
04-18 15:33:52.279   679  2915 I DPUModule: DpuR5P0::checkAFBCBlockSize <97>: checkAFBCBlockSize: compressed(1),format(1), pitch(720), vstride(1616)
04-18 15:33:52.279   679  2915 I DPUModule: DpuR5P0::checkLayerFormat <142>: checkLayerFormat: Format(1)
04-18 15:33:52.279   679  2915 I DPUModule: DpuR5P0::checkTransform <35>: checkTransform: Transform(0), SRCRect(0,0)
04-18 15:33:52.279   679  2915 I DPUModule: DpuR5P0::checkAFBCBlockSize <97>: checkAFBCBlockSize: compressed(1),format(1), pitch(720), vstride(80)
04-18 15:33:52.279   679  2915 I DPUModule: DpuR5P0::checkLayerFormat <142>: checkLayerFormat: Format(1)
04-18 15:33:52.279   679  2915 I DPUModule: DpuR5P0::checkTransform <35>: checkTransform: Transform(0), SRCRect(0,0)
04-18 15:33:52.279   679  2915 I DPUModule: DpuR5P0::checkAFBCBlockSize <97>: checkAFBCBlockSize: compressed(1),format(1), pitch(720), vstride(96)
04-18 15:33:52.279   679  2915 D DPUModule: [ …śhu] support: 0
04-18 15:33:52.296   679  2915 I DPUModule: DpuR5P0::checkLayerFormat <142>: checkLayerFormat: Format(1)
04-18 15:33:52.296   679  2915 I DPUModule: DpuR5P0::checkTransform <35>: checkTransform: Transform(0), SRCRect(0,0)
04-18 15:33:52.296   679  2915 I DPUModule: DpuR5P0::checkAFBCBlockSize <97>: checkAFBCBlockSize: compressed(1),format(1), pitch(720), vstride(1616)
04-18 15:33:52.296   679  2915 I DPUModule: DpuR5P0::checkLayerFormat <142>: checkLayerFormat: Format(1)
04-18 15:33:52.296   679  2915 I DPUModule: DpuR5P0::checkTransform <35>: checkTransform: Transform(0), SRCRect(0,0)
04-18 15:33:52.296   679  2915 I DPUModule: DpuR5P0::checkAFBCBlockSize <97>: checkAFBCBlockSize: compressed(1),format(1), pitch(720), vstride(80)
04-18 15:33:52.296   679  2915 I DPUModule: DpuR5P0::checkLayerFormat <142>: checkLayerFormat: Format(1)
04-18 15:33:52.296   679  2915 I DPUModule: DpuR5P0::checkTransform <35>: checkTransform: Transform(0), SRCRect(0,0)
04-18 15:33:52.296   679  2915 I DPUModule: DpuR5P0::checkAFBCBlockSize <97>: checkAFBCBlockSize: compressed(1),format(1), pitch(720), vstride(96)
04-18 15:33:52.296   679  2915 D DPUModule: [ …śhu] support: 0
04-18 15:33:52.300   674 11196 I audio_hw_primary: app type:0x   0, is_voip:0, device:2, pcm:-352510464, usecase:0x   8
