04-14 18:18:29.649   679   679 I DPUModule: DpuR5P0::checkLayerFormat <142>: checkLayerFormat: Format(1)
04-14 18:18:29.650   679   679 I DPUModule: DpuR5P0::checkTransform <35>: checkTransform: Transform(0), SRCRect(0,0)
04-14 18:18:29.650   679   679 I DPUModule: DpuR5P0::checkLayerFormat <142>: checkLayerFormat: Format(1)
04-14 18:18:29.650   679   679 I DPUModule: DpuR5P0::checkTransform <35>: checkTransform: Transform(0), SRCRect(0,0)
04-14 18:18:29.650   679   679 I DPUModule: DpuR5P0::checkAFBCBlockSize <97>: checkAFBCBlockSize: compressed(1),format(1), pitch(720), vstride(80)
04-14 18:18:29.650   679   679 I DPUModule: DpuR5P0::checkLayerFormat <142>: checkLayerFormat: Format(1)
04-14 18:18:29.650   679   679 I DPUModule: DpuR5P0::checkTransform <35>: checkTransform: Transform(0), SRCRect(0,0)
04-14 18:18:29.650   679   679 I DPUModule: DpuR5P0::checkAFBCBlockSize <97>: checkAFBCBlockSize: compressed(1),format(1), pitch(720), vstride(96)
04-14 18:18:29.650   679   679 D DPUModule: [] support: 0
04-14 18:18:29.654  2973  3011 I MediaProvider: Observed non-standard /storage/emulated/0/Documents/Scans/downloads/.nomedia
04-14 18:18:29.660   679   679 I DPUModule: DpuR5P0::checkLayerFormat <142>: checkLayerFormat: Format(1)
04-14 18:18:29.660   679   679 I DPUModule: DpuR5P0::checkTransform <35>: checkTransform: Transform(0), SRCRect(0,0)
04-14 18:18:29.660   679   679 I DPUModule: DpuR5P0::checkAFBCBlockSize <97>: checkAFBCBlockSize: compressed(1),format(1), pitch(800), vstride(1616)
04-14 18:18:29.660   679   679 I DPUModule: DpuR5P0::checkLayerFormat <142>: checkLayerFormat: Format(1)
04-14 18:18:29.660   679   679 I DPUModule: DpuR5P0::checkTransform <35>: checkTransform: Transform(0), SRCRect(0,0)
04-14 18:18:29.660   679   679 I DPUModule: DpuR5P0::checkAFBCBlockSize <97>: checkAFBCBlockSize: compressed(1),format(1), pitch(720), vstride(1616)
04-14 18:18:29.660   679   679 I DPUModule: DpuR5P0::checkLayerFormat <142>: checkLayerFormat: Format(1)
04-14 18:18:29.660   679   679 I DPUModule: DpuR5P0::checkTransform <35>: checkTransform: Transform(0), SRCRect(0,0)
04-14 18:18:29.660   679   679 I DPUModule: DpuR5P0::checkLayerFormat <142>: checkLayerFormat: Format(1)
04-14 18:18:29.660   679   679 I DPUModule: DpuR5P0::checkTransform <35>: checkTransform: Transform(0), SRCRect(0,0)
04-14 18:18:29.660   679   679 I DPUModule: DpuR5P0::checkAFBCBlockSize <97>: checkAFBCBlockSize: compressed(1),format(1), pitch(720), vstride(80)
04-14 18:18:29.660   679   679 I DPUModule: DpuR5P0::checkLayerFormat <142>: checkLayerFormat: Format(1)
04-14 18:18:29.660   679   679 I DPUModule: DpuR5P0::checkTransform <35>: checkTransform: Transform(0), SRCRect(0,0)
04-14 18:18:29.660   679   679 I DPUModule: DpuR5P0::checkAFBCBlockSize <97>: checkAFBCBlockSize: compressed(1),format(1), pitch(720), vstride(96)
04-14 18:18:29.660   679   679 D DPUModule: [] support: 0
04-14 18:18:29.661  1092  9594 W ActivityManager: Background start not allowed: service Intent { cmp=com.google.android.apps.messaging/.shared.datamodel.action.execution.ActionExecutorImpl$EmptyService } to com.google.android.apps.messaging/.shared.datamodel.action.execution.ActionExecutorImpl$EmptyService from pid=13351 uid=10104 pkg=com.google.android.apps.messaging startFg?=false
04-14 18:18:29.663 13351 13445 I BugleDataModel: ActionExecutorImpl: ACTION_EXECUTE_QUEUED_SendReportAction
04-14 18:18:29.666 13351 13417 I BugleDataModel: ExecuteActionRunnable: running action SendReportAction
04-14 18:18:29.667 13351 13417 I BugleDataModel: ActionExecutorImpl: ACTION_BACKGROUND_QUEUED_SendReportAction
04-14 18:18:29.671   679   679 I DPUModule: DpuR5P0::checkLayerFormat <142>: checkLayerFormat: Format(1)
04-14 18:18:29.671   679   679 I DPUModule: DpuR5P0::checkTransform <35>: checkTransform: Transform(0), SRCRect(0,0)
04-14 18:18:29.671   679   679 I DPUModule: DpuR5P0::checkAFBCBlockSize <97>: checkAFBCBlockSize: compressed(1),format(1), pitch(800), vstride(1616)
04-14 18:18:29.671   679   679 I DPUModule: DpuR5P0::checkLayerFormat <142>: checkLayerFormat: Format(1)
04-14 18:18:29.671   679   679 I DPUModule: DpuR5P0::checkTransform <35>: checkTransform: Transform(0), SRCRect(0,0)
04-14 18:18:29.671   679   679 I DPUModule: DpuR5P0::checkAFBCBlockSize <97>: checkAFBCBlockSize: compressed(1),format(1), pitch(720), vstride(1616)
04-14 18:18:29.671   679   679 I DPUModule: DpuR5P0::checkLayerFormat <142>: checkLayerFormat: Format(1)
04-14 18:18:29.671   679   679 I DPUModule: DpuR5P0::checkTransform <35>: checkTransform: Transform(0), SRCRect(0,0)
04-14 18:18:29.671   679   679 I DPUModule: DpuR5P0::checkLayerFormat <142>: checkLayerFormat: Format(1)
04-14 18:18:29.671   679   679 I DPUModule: DpuR5P0::checkTransform <35>: checkTransform: Transform(0), SRCRect(0,0)
04-14 18:18:29.671   679   679 I DPUModule: DpuR5P0::checkAFBCBlockSize <97>: checkAFBCBlockSize: compressed(1),format(1), pitch(720), vstride(80)
04-14 18:18:29.671   679   679 I DPUModule: DpuR5P0::checkLayerFormat <142>: checkLayerFormat: Format(1)
04-14 18:18:29.671   679   679 I DPUModule: DpuR5P0::checkTransform <35>: checkTransform: Transform(0), SRCRect(0,0)
04-14 18:18:29.671   679   679 I DPUModule: DpuR5P0::checkAFBCBlockSize <97>: checkAFBCBlockSize: compressed(1),format(1), pitch(720), vstride(96)
04-14 18:18:29.671   679   679 D DPUModule: [] support: 0
04-14 18:18:29.675  1092  5611 V AlarmManager: set(null) : type=3 listener=android.app.AlarmManager$ListenerWrapper@724a974 listenerTag=*job.delay* workSource=WorkSource{10191 com.whatsapp} callingPackage=android callingUid=1000 triggerAtTime=517610770 win=43023 tElapsed=517610770 maxElapsed=517653793 interval=0 flags=0x0
04-14 18:18:29.675  1092  5611 D AlarmManager: Add alarm packageName=android, type=3, when=517610770, tag=*job.delay*, callingUid=1000, callingPackage=android
04-14 18:18:29.676  1092  5611 D AlarmManagerService: set alarm to kernel: 517570.109000000, type=2 
04-14 18:18:29.676  1092  5611 D AlarmManagerService: set alarm to kernel: 517570.109000000, type=2 
04-14 18:18:29.676  1092  5611 V AlarmManager: set(null) : type=2 listener=android.app.AlarmManager$ListenerWrapper@ff7c8c8 listenerTag=*job.deadline* workSource=WorkSource{10191 com.whatsapp} callingPackage=android callingUid=1000 triggerAtTime=517910770 win=268023 tElapsed=517910770 maxElapsed=518178793 interval=0 flags=0x0
04-14 18:18:29.677  1092  5611 D AlarmManager: Add alarm packageName=android, type=2, when=517910770, tag=*job.deadline*, callingUid=1000, callingPackage=android
04-14 18:18:29.678  1092  5611 D AlarmManagerService: set alarm to kernel: 517570.109000000, type=2 
04-14 18:18:29.678  1092  5611 D AlarmManagerService: set alarm to kernel: 517570.109000000, type=2 
04-14 18:18:29.680  1514  2120 D MultiLinkController: onTaskStackChanged 
04-14 18:18:29.681  1092  5611 V AlarmManager: set(null) : type=2 listener=android.app.AlarmManager$ListenerWrapper@ff7c8c8 listenerTag=*job.deadline* workSource=WorkSource{10104 com.google.android.apps.messaging} callingPackage=android callingUid=1000 triggerAtTime=517713404 win=119995 tElapsed=517713404 maxElapsed=517833399 interval=0 flags=0x0
04-14 18:18:29.682   679   679 I DPUModule: DpuR5P0::checkLayerFormat <142>: checkLayerFormat: Format(1)
04-14 18:18:29.682  1092  5611 D AlarmManager: Add alarm packageName=android, type=2, when=517713404, tag=*job.deadline*, callingUid=1000, callingPackage=android
04-14 18:18:29.682   679   679 I DPUModule: DpuR5P0::checkTransform <35>: checkTransform: Transform(0), SRCRect(0,0)
04-14 18:18:29.682   679   679 I DPUModule: DpuR5P0::checkAFBCBlockSize <97>: checkAFBCBlockSize: compressed(1),format(1), pitch(800), vstride(1616)
04-14 18:18:29.682   679   679 I DPUModule: DpuR5P0::checkLayerFormat <142>: checkLayerFormat: Format(1)
04-14 18:18:29.682   679   679 I DPUModule: DpuR5P0::checkTransform <35>: checkTransform: Transform(0), SRCRect(0,0)
04-14 18:18:29.682   679   679 I DPUModule: DpuR5P0::checkAFBCBlockSize <97>: checkAFBCBlockSize: compressed(1),format(1), pitch(720), vstride(1616)
04-14 18:18:29.682   679   679 I DPUModule: DpuR5P0::checkLayerFormat <142>: checkLayerFormat: Format(1)
04-14 18:18:29.682   679   679 I DPUModule: DpuR5P0::checkTransform <35>: checkTransform: Transform(0), SRCRect(0,0)
04-14 18:18:29.682   679   679 I DPUModule: DpuR5P0::checkLayerFormat <142>: checkLayerFormat: Format(1)
04-14 18:18:29.682  1092  5611 D AlarmManagerService: set alarm to kernel: 517570.109000000, type=2 
04-14 18:18:29.682   679   679 I DPUModule: DpuR5P0::checkTransform <35>: checkTransform: Transform(0), SRCRect(0,0)
04-14 18:18:29.682   679   679 I DPUModule: DpuR5P0::checkAFBCBlockSize <97>: checkAFBCBlockSize: compressed(1),format(1), pitch(720), vstride(80)
04-14 18:18:29.682   679   679 I DPUModule: DpuR5P0::checkLayerFormat <142>: checkLayerFormat: Format(1)
04-14 18:18:29.682   679   679 I DPUModule: DpuR5P0::checkTransform <35>: checkTransform: Transform(0), SRCRect(0,0)
04-14 18:18:29.682   679   679 I DPUModule: DpuR5P0::checkAFBCBlockSize <97>: checkAFBCBlockSize: compressed(1),format(1), pitch(720), vstride(96)
04-14 18:18:29.682   679   679 D DPUModule: [] support: 0
04-14 18:18:29.682  1092  5611 D AlarmManagerService: set alarm to kernel: 517570.109000000, type=2 
04-14 18:18:29.683 13351 13384 I BugleDataModel: ActionExecutorImpl: ACTION_RESPONSE_QUEUED_SendReportAction
04-14 18:18:29.686  1092  2971 D os.permission.PermissionInfo: checkPermission 10174:android.permission.INTERACT_ACROSS_USERS:true
04-14 18:18:29.686  1092  2971 I os.permission: Grant permission: android.permission.INTERACT_ACROSS_USERS to uid: 10174
04-14 18:18:29.686  1514  2120 D MultiLinkController: onTaskStackChanged topPackage: com.zhiliaoapp.musically,mCachedUid: 10174, newUid:  10282
04-14 18:18:29.689  1092  9594 W JobScheduler: Job didn't exist in JobStore: 85a3b6d #u0a104/101 com.google.android.apps.messaging/.shared.datamodel.action.execution.ActionJobService
04-14 18:18:29.691  1092  2971 D ActivityTaskManager: getRecentTasksImpl call by 10151 flags = 2, 3 task(s):
04-14 18:18:29.692  1092  2971 D ActivityTaskManager: Recent Task 0: taskId = 2005, comp = ComponentInfo{com.zhiliaoapp.musically/com.ss.android.ugc.aweme.splash.SplashActivity}
04-14 18:18:29.692  1092  2971 D ActivityTaskManager: Recent Task 1: taskId = 1899, comp = null
04-14 18:18:29.692  1092  2971 D ActivityTaskManager: Recent Task 2: taskId = 1994, comp = null
04-14 18:18:29.693   679   679 I DPUModule: DpuR5P0::checkLayerFormat <142>: checkLayerFormat: Format(1)
04-14 18:18:29.693   679   679 I DPUModule: DpuR5P0::checkTransform <35>: checkTransform: Transform(0), SRCRect(0,0)
04-14 18:18:29.693   679   679 I DPUModule: DpuR5P0::checkAFBCBlockSize <97>: checkAFBCBlockSize: compressed(1),format(1), pitch(800), vstride(1616)
04-14 18:18:29.693   679   679 I DPUModule: DpuR5P0::checkLayerFormat <142>: checkLayerFormat: Format(1)
04-14 18:18:29.693   679   679 I DPUModule: DpuR5P0::checkTransform <35>: checkTransform: Transform(0), SRCRect(0,0)
04-14 18:18:29.693   679   679 I DPUModule: DpuR5P0::checkAFBCBlockSize <97>: checkAFBCBlockSize: compressed(1),format(1), pitch(720), vstride(1616)
04-14 18:18:29.693   679   679 I DPUModule: DpuR5P0::checkLayerFormat <142>: checkLayerFormat: Format(1)
04-14 18:18:29.693   679   679 I DPUModule: DpuR5P0::checkTransform <35>: checkTransform: Transform(0), SRCRect(0,0)
04-14 18:18:29.693   679   679 I DPUModule: DpuR5P0::checkLayerFormat <142>: checkLayerFormat: Format(1)
04-14 18:18:29.693   679   679 I DPUModule: DpuR5P0::checkTransform <35>: checkTransform: Transform(0), SRCRect(0,0)
04-14 18:18:29.693   679   679 I DPUModule: DpuR5P0::checkAFBCBlockSize <97>: checkAFBCBlockSize: compressed(1),format(1), pitch(720), vstride(80)
04-14 18:18:29.693   679   679 I DPUModule: DpuR5P0::checkLayerFormat <142>: checkLayerFormat: Format(1)
04-14 18:18:29.693   679   679 I DPUModule: DpuR5P0::checkTransform <35>: checkTransform: Transform(0), SRCRect(0,0)
04-14 18:18:29.693   679   679 I DPUModule: DpuR5P0::checkAFBCBlockSize <97>: checkAFBCBlockSize: compressed(1),format(1), pitch(720), vstride(96)
04-14 18:18:29.693   679   679 D DPUModule: [] support: 0
04-14 18:18:29.704   679   679 I DPUModule: DpuR5P0::checkLayerFormat <142>: checkLayerFormat: Format(1)
04-14 18:18:29.704   679   679 I DPUModule: DpuR5P0::checkTransform <35>: checkTransform: Transform(0), SRCRect(0,0)
04-14 18:18:29.704   679   679 I DPUModule: DpuR5P0::checkAFBCBlockSize <97>: checkAFBCBlockSize: compressed(1),format(1), pitch(800), vstride(1616)
04-14 18:18:29.704   679   679 I DPUModule: DpuR5P0::checkLayerFormat <142>: checkLayerFormat: Format(1)
04-14 18:18:29.704   679   679 I DPUModule: DpuR5P0::checkTransform <35>: checkTransform: Transform(0), SRCRect(0,0)
04-14 18:18:29.704   679   679 I DPUModule: DpuR5P0::checkAFBCBlockSize <97>: checkAFBCBlockSize: compressed(1),format(1), pitch(720), vstride(1616)
04-14 18:18:29.704   679   679 I DPUModule: DpuR5P0::checkLayerFormat <142>: checkLayerFormat: Format(1)
04-14 18:18:29.704   679   679 I DPUModule: DpuR5P0::checkTransform <35>: checkTransform: Transform(0), SRCRect(0,0)
04-14 18:18:29.704   679   679 I DPUModule: DpuR5P0::checkLayerFormat <142>: checkLayerFormat: Format(1)
04-14 18:18:29.704   679   679 I DPUModule: DpuR5P0::checkTransform <35>: checkTransform: Transform(0), SRCRect(0,0)
04-14 18:18:29.704   679   679 I DPUModule: DpuR5P0::checkAFBCBlockSize <97>: checkAFBCBlockSize: compressed(1),format(1), pitch(720), vstride(80)
04-14 18:18:29.704   679   679 I DPUModule: DpuR5P0::checkLayerFormat <142>: checkLayerFormat: Format(1)
04-14 18:18:29.704   679   679 I DPUModule: DpuR5P0::checkTransform <35>: checkTransform: Transform(0), SRCRect(0,0)
04-14 18:18:29.704   679   679 I DPUModule: DpuR5P0::checkAFBCBlockSize <97>: checkAFBCBlockSize: compressed(1),format(1), pitch(720), vstride(96)
04-14 18:18:29.704   679   679 D DPUModule: [] support: 0
04-14 18:18:29.711  1092  2971 D BroadcastQueue: Add broadcast <BroadcastRecord{e78211e u0 android.intent.action.MEDIA_SCANNER_SCAN_FILE}> into [ordered | background], pending size 0
04-14 18:18:29.715   679   679 I DPUModule: DpuR5P0::checkLayerFormat <142>: checkLayerFormat: Format(1)
04-14 18:18:29.715   679   679 I DPUModule: DpuR5P0::checkTransform <35>: checkTransform: Transform(0), SRCRect(0,0)
04-14 18:18:29.715   679   679 I DPUModule: DpuR5P0::checkAFBCBlockSize <97>: checkAFBCBlockSize: compressed(1),format(1), pitch(800), vstride(1616)
04-14 18:18:29.715   679   679 I DPUModule: DpuR5P0::checkLayerFormat <142>: checkLayerFormat: Format(1)
04-14 18:18:29.715   679   679 I DPUModule: DpuR5P0::checkTransform <35>: checkTransform: Transform(0), SRCRect(0,0)
04-14 18:18:29.715   679   679 I DPUModule: DpuR5P0::checkAFBCBlockSize <97>: checkAFBCBlockSize: compressed(1),format(1), pitch(720), vstride(1616)
04-14 18:18:29.715   679   679 I DPUModule: DpuR5P0::checkLayerFormat <142>: checkLayerFormat: Format(1)
04-14 18:18:29.715   679   679 I DPUModule: DpuR5P0::checkTransform <35>: checkTransform: Transform(0), SRCRect(0,0)
04-14 18:18:29.715   679   679 I DPUModule: DpuR5P0::checkLayerFormat <142>: checkLayerFormat: Format(1)
04-14 18:18:29.715   679   679 I DPUModule: DpuR5P0::checkTransform <35>: checkTransform: Transform(0), SRCRect(0,0)
04-14 18:18:29.715   679   679 I DPUModule: DpuR5P0::checkAFBCBlockSize <97>: checkAFBCBlockSize: compressed(1),format(1), pitch(720), vstride(80)
04-14 18:18:29.715   679   679 I DPUModule: DpuR5P0::checkLayerFormat <142>: checkLayerFormat: Format(1)
04-14 18:18:29.715   679   679 I DPUModule: DpuR5P0::checkTransform <35>: checkTransform: Transform(0), SRCRect(0,0)
04-14 18:18:29.715   679   679 I DPUModule: DpuR5P0::checkAFBCBlockSize <97>: checkAFBCBlockSize: compressed(1),format(1), pitch(720), vstride(96)
04-14 18:18:29.715   679   679 D DPUModule: [] support: 0
04-14 18:18:29.726   679   679 I DPUModule: DpuR5P0::checkLayerFormat <142>: checkLayerFormat: Format(1)
04-14 18:18:29.726   679   679 I DPUModule: DpuR5P0::checkTransform <35>: checkTransform: Transform(0), SRCRect(0,0)
04-14 18:18:29.726   679   679 I DPUModule: DpuR5P0::checkAFBCBlockSize <97>: checkAFBCBlockSize: compressed(1),format(1), pitch(800), vstride(1616)
04-14 18:18:29.726   679   679 I DPUModule: DpuR5P0::checkLayerFormat <142>: checkLayerFormat: Format(1)
04-14 18:18:29.727   679   679 I DPUModule: DpuR5P0::checkTransform <35>: checkTransform: Transform(0), SRCRect(0,0)
04-14 18:18:29.727   679   679 I DPUModule: DpuR5P0::checkAFBCBlockSize <97>: checkAFBCBlockSize: compressed(1),format(1), pitch(720), vstride(1616)
04-14 18:18:29.727   679   679 I DPUModule: DpuR5P0::checkLayerFormat <142>: checkLayerFormat: Format(1)
04-14 18:18:29.727   679   679 I DPUModule: DpuR5P0::checkTransform <35>: checkTransform: Transform(0), SRCRect(0,0)
04-14 18:18:29.727   679   679 I DPUModule: DpuR5P0::checkLayerFormat <142>: checkLayerFormat: Format(1)
04-14 18:18:29.727   679   679 I DPUModule: DpuR5P0::checkTransform <35>: checkTransform: Transform(0), SRCRect(0,0)
04-14 18:18:29.727   679   679 I DPUModule: DpuR5P0::checkAFBCBlockSize <97>: checkAFBCBlockSize: compressed(1),format(1), pitch(720), vstride(80)
04-14 18:18:29.727   679   679 I DPUModule: DpuR5P0::checkLayerFormat <142>: checkLayerFormat: Format(1)
04-14 18:18:29.727   679   679 I DPUModule: DpuR5P0::checkTransform <35>: checkTransform: Transform(0), SRCRect(0,0)
04-14 18:18:29.727   679   679 I DPUModule: DpuR5P0::checkAFBCBlockSize <97>: checkAFBCBlockSize: compressed(1),format(1), pitch(720), vstride(96)
04-14 18:18:29.727   679   679 D DPUModule: [] support: 0
04-14 18:18:29.738   679   679 I DPUModule: DpuR5P0::checkLayerFormat <142>: checkLayerFormat: Format(1)
04-14 18:18:29.738   679   679 I DPUModule: DpuR5P0::checkTransform <35>: checkTransform: Transform(0), SRCRect(0,0)
04-14 18:18:29.738   679   679 I DPUModule: DpuR5P0::checkAFBCBlockSize <97>: checkAFBCBlockSize: compressed(1),format(1), pitch(800), vstride(1616)
04-14 18:18:29.738   679   679 I DPUModule: DpuR5P0::checkLayerFormat <142>: checkLayerFormat: Format(1)
04-14 18:18:29.738   679   679 I DPUModule: DpuR5P0::checkTransform <35>: checkTransform: Transform(0), SRCRect(0,0)
04-14 18:18:29.738   679   679 I DPUModule: DpuR5P0::checkAFBCBlockSize <97>: checkAFBCBlockSize: compressed(1),format(1), pitch(720), vstride(1616)
04-14 18:18:29.738   679   679 I DPUModule: DpuR5P0::checkLayerFormat <142>: checkLayerFormat: Format(1)
04-14 18:18:29.738   679   679 I DPUModule: DpuR5P0::checkTransform <35>: checkTransform: Transform(0), SRCRect(0,0)
04-14 18:18:29.738   679   679 I DPUModule: DpuR5P0::checkLayerFormat <142>: checkLayerFormat: Format(1)
04-14 18:18:29.738   679   679 I DPUModule: DpuR5P0::checkTransform <35>: checkTransform: Transform(0), SRCRect(0,0)
04-14 18:18:29.738   679   679 I DPUModule: DpuR5P0::checkAFBCBlockSize <97>: checkAFBCBlockSize: compressed(1),format(1), pitch(720), vstride(80)
04-14 18:18:29.738   679   679 I DPUModule: DpuR5P0::checkLayerFormat <142>: checkLayerFormat: Format(1)
04-14 18:18:29.738   679   679 I DPUModule: DpuR5P0::checkTransform <35>: checkTransform: Transform(0), SRCRect(0,0)
04-14 18:18:29.738   679   679 I DPUModule: DpuR5P0::checkAFBCBlockSize <97>: checkAFBCBlockSize: compressed(1),format(1), pitch(720), vstride(96)
04-14 18:18:29.738   679   679 D DPUModule: [] support: 0
04-14 18:18:29.739  6883  7159 E DatabaseUtils: Writing exception to parcel
04-14 18:18:29.739  6883  7159 E DatabaseUtils: java.lang.IllegalArgumentException: Failed to determine if primary:Documents/Scans/downloads/Mangas-Origines.fr (FR)/Perfect Surgeon/Chapitre 66 - Une nouvelle sanction_c7e49f.cbz_tmp is child of primary:Documents/Scans: java.io.FileNotFoundException: Missing file for primary:Documents/Scans/downloads/Mangas-Origines.fr (FR)/Perfect Surgeon/Chapitre 66 - Une nouvelle sanction_c7e49f.cbz_tmp at /storage/emulated/0/Documents/Scans/downloads/Mangas-Origines.fr (FR)/Perfect Surgeon/Chapitre 66 - Une nouvelle sanction_c7e49f.cbz_tmp
04-14 18:18:29.739  6883  7159 E DatabaseUtils: 	at com.android.internal.content.FileSystemProvider.isChildDocument(FileSystemProvider.java:145)
04-14 18:18:29.739  6883  7159 E DatabaseUtils: 	at android.provider.DocumentsProvider.enforceTree(DocumentsProvider.java:235)
04-14 18:18:29.739  6883  7159 E DatabaseUtils: 	at android.provider.DocumentsProvider.query(DocumentsProvider.java:923)
04-14 18:18:29.739  6883  7159 E DatabaseUtils: 	at android.content.ContentProvider$Transport.query(ContentProvider.java:293)
04-14 18:18:29.739  6883  7159 E DatabaseUtils: 	at android.content.ContentProviderNative.onTransact(ContentProviderNative.java:107)
04-14 18:18:29.739  6883  7159 E DatabaseUtils: 	at android.os.Binder.execTransactInternal(Binder.java:1281)
04-14 18:18:29.739  6883  7159 E DatabaseUtils: 	at android.os.Binder.execTransact(Binder.java:1244)
04-14 18:18:29.742  1092  2971 E JobScheduler.Concurrency: Had fewer than 16 in existence
04-14 18:18:29.745  1092  2971 E JobScheduler.Concurrency: Had fewer than 16 in existence
04-14 18:18:29.748  1092  2971 E JobScheduler.Concurrency: Had fewer than 16 in existence
04-14 18:18:29.749   679   679 I DPUModule: DpuR5P0::checkLayerFormat <142>: checkLayerFormat: Format(1)
04-14 18:18:29.749   679   679 I DPUModule: DpuR5P0::checkTransform <35>: checkTransform: Transform(0), SRCRect(0,0)
04-14 18:18:29.749   679   679 I DPUModule: DpuR5P0::checkAFBCBlockSize <97>: checkAFBCBlockSize: compressed(1),format(1), pitch(800), vstride(1616)
04-14 18:18:29.749   679   679 I DPUModule: DpuR5P0::checkLayerFormat <142>: checkLayerFormat: Format(1)
04-14 18:18:29.749   679   679 I DPUModule: DpuR5P0::checkTransform <35>: checkTransform: Transform(0), SRCRect(0,0)
04-14 18:18:29.749   679   679 I DPUModule: DpuR5P0::checkAFBCBlockSize <97>: checkAFBCBlockSize: compressed(1),format(1), pitch(720), vstride(1616)
04-14 18:18:29.749   679   679 I DPUModule: DpuR5P0::checkLayerFormat <142>: checkLayerFormat: Format(1)
04-14 18:18:29.749   679   679 I DPUModule: DpuR5P0::checkTransform <35>: checkTransform: Transform(0), SRCRect(0,0)
04-14 18:18:29.749   679   679 I DPUModule: DpuR5P0::checkLayerFormat <142>: checkLayerFormat: Format(1)
04-14 18:18:29.749   679   679 I DPUModule: DpuR5P0::checkTransform <35>: checkTransform: Transform(0), SRCRect(0,0)
04-14 18:18:29.749   679   679 I DPUModule: DpuR5P0::checkAFBCBlockSize <97>: checkAFBCBlockSize: compressed(1),format(1), pitch(720), vstride(80)
04-14 18:18:29.749   679   679 I DPUModule: DpuR5P0::checkLayerFormat <142>: checkLayerFormat: Format(1)
04-14 18:18:29.749   679   679 I DPUModule: DpuR5P0::checkTransform <35>: checkTransform: Transform(0), SRCRect(0,0)
04-14 18:18:29.749   679   679 I DPUModule: DpuR5P0::checkAFBCBlockSize <97>: checkAFBCBlockSize: compressed(1),format(1), pitch(720), vstride(96)
04-14 18:18:29.749   679   679 D DPUModule: [] support: 0
04-14 18:18:29.752  1092  2971 E JobScheduler.Concurrency: Had fewer than 16 in existence
04-14 18:18:29.756  1092  2971 E JobScheduler.Concurrency: Had fewer than 16 in existence
04-14 18:18:29.760   679   679 I DPUModule: DpuR5P0::checkLayerFormat <142>: checkLayerFormat: Format(1)
04-14 18:18:29.760   679   679 I DPUModule: DpuR5P0::checkTransform <35>: checkTransform: Transform(0), SRCRect(0,0)
04-14 18:18:29.760   679   679 I DPUModule: DpuR5P0::checkAFBCBlockSize <97>: checkAFBCBlockSize: compressed(1),format(1), pitch(800), vstride(1616)
04-14 18:18:29.760   679   679 I DPUModule: DpuR5P0::checkLayerFormat <142>: checkLayerFormat: Format(1)
04-14 18:18:29.760   679   679 I DPUModule: DpuR5P0::checkTransform <35>: checkTransform: Transform(0), SRCRect(0,0)
04-14 18:18:29.760   679   679 I DPUModule: DpuR5P0::checkAFBCBlockSize <97>: checkAFBCBlockSize: compressed(1),format(1), pitch(720), vstride(1616)
04-14 18:18:29.761   679   679 I DPUModule: DpuR5P0::checkLayerFormat <142>: checkLayerFormat: Format(1)
04-14 18:18:29.761   679   679 I DPUModule: DpuR5P0::checkTransform <35>: checkTransform: Transform(0), SRCRect(0,0)
04-14 18:18:29.761   679   679 I DPUModule: DpuR5P0::checkLayerFormat <142>: checkLayerFormat: Format(1)
04-14 18:18:29.761   679   679 I DPUModule: DpuR5P0::checkTransform <35>: checkTransform: Transform(0), SRCRect(0,0)
04-14 18:18:29.761   679   679 I DPUModule: DpuR5P0::checkAFBCBlockSize <97>: checkAFBCBlockSize: compressed(1),format(1), pitch(720), vstride(80)
04-14 18:18:29.761   679   679 I DPUModule: DpuR5P0::checkLayerFormat <142>: checkLayerFormat: Format(1)
04-14 18:18:29.761   679   679 I DPUModule: DpuR5P0::checkTransform <35>: checkTransform: Transform(0), SRCRect(0,0)
04-14 18:18:29.761   679   679 I DPUModule: DpuR5P0::checkAFBCBlockSize <97>: checkAFBCBlockSize: compressed(1),format(1), pitch(720), vstride(96)
04-14 18:18:29.761   679   679 D DPUModule: [] support: 0
04-14 18:18:29.770  2973  7441 I MediaProvider: Observed non-standard /storage/emulated/0/Documents/Scans/downloads/.nomedia
04-14 18:18:29.771   679   679 I DPUModule: DpuR5P0::checkLayerFormat <142>: checkLayerFormat: Format(1)
04-14 18:18:29.771   679   679 I DPUModule: DpuR5P0::checkTransform <35>: checkTransform: Transform(0), SRCRect(0,0)
04-14 18:18:29.771   679   679 I DPUModule: DpuR5P0::checkAFBCBlockSize <97>: checkAFBCBlockSize: compressed(1),format(1), pitch(800), vstride(1616)
04-14 18:18:29.771   679   679 I DPUModule: DpuR5P0::checkLayerFormat <142>: checkLayerFormat: Format(1)
04-14 18:18:29.771   679   679 I DPUModule: DpuR5P0::checkTransform <35>: checkTransform: Transform(0), SRCRect(0,0)
04-14 18:18:29.771   679   679 I DPUModule: DpuR5P0::checkAFBCBlockSize <97>: checkAFBCBlockSize: compressed(1),format(1), pitch(720), vstride(1616)
04-14 18:18:29.771   679   679 I DPUModule: DpuR5P0::checkLayerFormat <142>: checkLayerFormat: Format(1)
04-14 18:18:29.771   679   679 I DPUModule: DpuR5P0::checkTransform <35>: checkTransform: Transform(0), SRCRect(0,0)
04-14 18:18:29.771   679   679 I DPUModule: DpuR5P0::checkLayerFormat <142>: checkLayerFormat: Format(1)
04-14 18:18:29.771   679   679 I DPUModule: DpuR5P0::checkTransform <35>: checkTransform: Transform(0), SRCRect(0,0)
04-14 18:18:29.771   679   679 I DPUModule: DpuR5P0::checkAFBCBlockSize <97>: checkAFBCBlockSize: compressed(1),format(1), pitch(720), vstride(80)
04-14 18:18:29.771   679   679 I DPUModule: DpuR5P0::checkLayerFormat <142>: checkLayerFormat: Format(1)
04-14 18:18:29.771   679   679 I DPUModule: DpuR5P0::checkTransform <35>: checkTransform: Transform(0), SRCRect(0,0)
04-14 18:18:29.771   679   679 I DPUModule: DpuR5P0::checkAFBCBlockSize <97>: checkAFBCBlockSize: compressed(1),format(1), pitch(720), vstride(96)
04-14 18:18:29.771   679   679 D DPUModule: [] support: 0
04-14 18:18:29.772  2973  7441 W MediaProvider: isAppCloneUserPair for user 0: false
04-14 18:18:29.782  1092  1332 D F_TranHibernation: screen off bc restricted1 by uid 10202
04-14 18:18:29.782   679   679 I DPUModule: DpuR5P0::checkLayerFormat <142>: checkLayerFormat: Format(1)
04-14 18:18:29.782   679   679 I DPUModule: DpuR5P0::checkTransform <35>: checkTransform: Transform(0), SRCRect(0,0)
04-14 18:18:29.782   679   679 I DPUModule: DpuR5P0::checkAFBCBlockSize <97>: checkAFBCBlockSize: compressed(1),format(1), pitch(800), vstride(1616)
04-14 18:18:29.782   679   679 I DPUModule: DpuR5P0::checkLayerFormat <142>: checkLayerFormat: Format(1)
04-14 18:18:29.782   679   679 I DPUModule: DpuR5P0::checkTransform <35>: checkTransform: Transform(0), SRCRect(0,0)
04-14 18:18:29.782   679   679 I DPUModule: DpuR5P0::checkAFBCBlockSize <97>: checkAFBCBlockSize: compressed(1),format(1), pitch(720), vstride(1616)
04-14 18:18:29.782   679   679 I DPUModule: DpuR5P0::checkLayerFormat <142>: checkLayerFormat: Format(1)
04-14 18:18:29.782   679   679 I DPUModule: DpuR5P0::checkTransform <35>: checkTransform: Transform(0), SRCRect(0,0)
04-14 18:18:29.782   679   679 I DPUModule: DpuR5P0::checkLayerFormat <142>: checkLayerFormat: Format(1)
04-14 18:18:29.782   679   679 I DPUModule: DpuR5P0::checkTransform <35>: checkTransform: Transform(0), SRCRect(0,0)
04-14 18:18:29.782   679   679 I DPUModule: DpuR5P0::checkAFBCBlockSize <97>: checkAFBCBlockSize: compressed(1),format(1), pitch(720), vstride(80)
04-14 18:18:29.782   679   679 I DPUModule: DpuR5P0::checkLayerFormat <142>: checkLayerFormat: Format(1)
04-14 18:18:29.782   679   679 I DPUModule: DpuR5P0::checkTransform <35>: checkTransform: Transform(0), SRCRect(0,0)
04-14 18:18:29.782   679   679 I DPUModule: DpuR5P0::checkAFBCBlockSize <97>: checkAFBCBlockSize: compressed(1),format(1), pitch(720), vstride(96)
04-14 18:18:29.782   679   679 D DPUModule: [] support: 0
04-14 18:18:29.785   955  1727 D GNSSMGT : watchdog: PowerState: CP SLEEP
04-14 18:18:29.787  1092  1275 D BroadcastQueue: Finished with ordered broadcast BroadcastRecord{e78211e u0 android.intent.action.MEDIA_SCANNER_SCAN_FILE} receivers:([ResolveInfo{247d4ef com.google.android.providers.media.module/com.android.providers.media.MediaReceiver m=0x208000}, ResolveInfo{b50abfc com.folderv.file/.UsbBroadcastReceiver m=0x208000}]) take 76ms in [background], remains -1
04-14 18:18:29.792  2973  3813 I MediaProvider: Begin Intent { act=android.intent.action.MEDIA_SCANNER_SCAN_FILE dat=file:///... flg=0x1000010 cmp=com.google.android.providers.media.module/com.android.providers.media.MediaService }
04-14 18:18:29.793   679   679 I DPUModule: DpuR5P0::checkLayerFormat <142>: checkLayerFormat: Format(1)
04-14 18:18:29.793   679   679 I DPUModule: DpuR5P0::checkTransform <35>: checkTransform: Transform(0), SRCRect(0,0)
04-14 18:18:29.793   679   679 I DPUModule: DpuR5P0::checkAFBCBlockSize <97>: checkAFBCBlockSize: compressed(1),format(1), pitch(800), vstride(1616)
04-14 18:18:29.793   679   679 I DPUModule: DpuR5P0::checkLayerFormat <142>: checkLayerFormat: Format(1)
04-14 18:18:29.793   679   679 I DPUModule: DpuR5P0::checkTransform <35>: checkTransform: Transform(0), SRCRect(0,0)
04-14 18:18:29.793   679   679 I DPUModule: DpuR5P0::checkAFBCBlockSize <97>: checkAFBCBlockSize: compressed(1),format(1), pitch(720), vstride(1616)
04-14 18:18:29.793   679   679 I DPUModule: DpuR5P0::checkLayerFormat <142>: checkLayerFormat: Format(1)
04-14 18:18:29.793   679   679 I DPUModule: DpuR5P0::checkTransform <35>: checkTransform: Transform(0), SRCRect(0,0)
04-14 18:18:29.793   679   679 I DPUModule: DpuR5P0::checkLayerFormat <142>: checkLayerFormat: Format(1)
04-14 18:18:29.793   679   679 I DPUModule: DpuR5P0::checkTransform <35>: checkTransform: Transform(0), SRCRect(0,0)
04-14 18:18:29.793   679   679 I DPUModule: DpuR5P0::checkAFBCBlockSize <97>: checkAFBCBlockSize: compressed(1),format(1), pitch(720), vstride(80)
04-14 18:18:29.793   679   679 I DPUModule: DpuR5P0::checkLayerFormat <142>: checkLayerFormat: Format(1)
04-14 18:18:29.793   679   679 I DPUModule: DpuR5P0::checkTransform <35>: checkTransform: Transform(0), SRCRect(0,0)
04-14 18:18:29.793   679   679 I DPUModule: DpuR5P0::checkAFBCBlockSize <97>: checkAFBCBlockSize: compressed(1),format(1), pitch(720), vstride(96)
04-14 18:18:29.793   679   679 D DPUModule: [] support: 0
04-14 18:18:29.800  2973  3813 I MediaProvider: Observed non-standard /storage/emulated/0/Documents/Scans/downloads/.nomedia
04-14 18:18:29.805   679   679 I DPUModule: DpuR5P0::checkLayerFormat <142>: checkLayerFormat: Format(1)
04-14 18:18:29.805   679   679 I DPUModule: DpuR5P0::checkTransform <35>: checkTransform: Transform(0), SRCRect(0,0)
04-14 18:18:29.805   679   679 I DPUModule: DpuR5P0::checkAFBCBlockSize <97>: checkAFBCBlockSize: compressed(1),format(1), pitch(800), vstride(1616)
04-14 18:18:29.805   679   679 I DPUModule: DpuR5P0::checkLayerFormat <142>: checkLayerFormat: Format(1)
04-14 18:18:29.805   679   679 I DPUModule: DpuR5P0::checkTransform <35>: checkTransform: Transform(0), SRCRect(0,0)
04-14 18:18:29.805   679   679 I DPUModule: DpuR5P0::checkAFBCBlockSize <97>: checkAFBCBlockSize: compressed(1),format(1), pitch(720), vstride(1616)
04-14 18:18:29.805   679   679 I DPUModule: DpuR5P0::checkLayerFormat <142>: checkLayerFormat: Format(1)
04-14 18:18:29.805   679   679 I DPUModule: DpuR5P0::checkTransform <35>: checkTransform: Transform(0), SRCRect(0,0)
04-14 18:18:29.805   679   679 I DPUModule: DpuR5P0::checkLayerFormat <142>: checkLayerFormat: Format(1)
04-14 18:18:29.805   679   679 I DPUModule: DpuR5P0::checkTransform <35>: checkTransform: Transform(0), SRCRect(0,0)
04-14 18:18:29.805   679   679 I DPUModule: DpuR5P0::checkAFBCBlockSize <97>: checkAFBCBlockSize: compressed(1),format(1), pitch(720), vstride(80)
04-14 18:18:29.805   679   679 I DPUModule: DpuR5P0::checkLayerFormat <142>: checkLayerFormat: Format(1)
04-14 18:18:29.805   679   679 I DPUModule: DpuR5P0::checkTransform <35>: checkTransform: Transform(0), SRCRect(0,0)
04-14 18:18:29.805   679   679 I DPUModule: DpuR5P0::checkAFBCBlockSize <97>: checkAFBCBlockSize: compressed(1),format(1), pitch(720), vstride(96)
04-14 18:18:29.805   679   679 D DPUModule: [] support: 0
04-14 18:18:29.806  2973  8852 I MediaProvider: Observed non-standard /storage/emulated/0/Documents/Scans/downloads/.nomedia
04-14 18:18:29.811  1092  1224 I system_server: Background young concurrent mark compact GC freed 24MB AllocSpace bytes, 4(80KB) LOS objects, 22% free, 61MB/80MB, paused 3.133ms,8.877ms total 188.435ms
04-14 18:18:29.815   679   679 I DPUModule: DpuR5P0::checkLayerFormat <142>: checkLayerFormat: Format(1)
04-14 18:18:29.815   679   679 I DPUModule: DpuR5P0::checkTransform <35>: checkTransform: Transform(0), SRCRect(0,0)
04-14 18:18:29.815   679   679 I DPUModule: DpuR5P0::checkAFBCBlockSize <97>: checkAFBCBlockSize: compressed(1),format(1), pitch(800), vstride(1616)
04-14 18:18:29.815   679   679 I DPUModule: DpuR5P0::checkLayerFormat <142>: checkLayerFormat: Format(1)
04-14 18:18:29.815   679   679 I DPUModule: DpuR5P0::checkTransform <35>: checkTransform: Transform(0), SRCRect(0,0)
04-14 18:18:29.815   679   679 I DPUModule: DpuR5P0::checkAFBCBlockSize <97>: checkAFBCBlockSize: compressed(1),format(1), pitch(720), vstride(1616)
04-14 18:18:29.815   679   679 I DPUModule: DpuR5P0::checkLayerFormat <142>: checkLayerFormat: Format(1)
04-14 18:18:29.815   679   679 I DPUModule: DpuR5P0::checkTransform <35>: checkTransform: Transform(0), SRCRect(0,0)
04-14 18:18:29.815   679   679 I DPUModule: DpuR5P0::checkLayerFormat <142>: checkLayerFormat: Format(1)
04-14 18:18:29.815   679   679 I DPUModule: DpuR5P0::checkTransform <35>: checkTransform: Transform(0), SRCRect(0,0)
04-14 18:18:29.815   679   679 I DPUModule: DpuR5P0::checkAFBCBlockSize <97>: checkAFBCBlockSize: compressed(1),format(1), pitch(720), vstride(80)
04-14 18:18:29.815   679   679 I DPUModule: DpuR5P0::checkLayerFormat <142>: checkLayerFormat: Format(1)
04-14 18:18:29.815   679   679 I DPUModule: DpuR5P0::checkTransform <35>: checkTransform: Transform(0), SRCRect(0,0)
04-14 18:18:29.815   679   679 I DPUModule: DpuR5P0::checkAFBCBlockSize <97>: checkAFBCBlockSize: compressed(1),format(1), pitch(720), vstride(96)
04-14 18:18:29.815   679   679 D DPUModule: [] support: 0
04-14 18:18:29.820  2973  3813 I MediaProvider: End Intent { act=android.intent.action.MEDIA_SCANNER_SCAN_FILE dat=file:///... flg=0x1000010 cmp=com.google.android.providers.media.module/com.android.providers.media.MediaService }
04-14 18:18:29.824  1092  1226 W System  : A resource failed to call HardwareBuffer.close. 
04-14 18:18:29.824  1092  1226 I mali_gralloc: unregister: id=0x2a600019530, base=0x0, importpid=1092
04-14 18:18:29.824  1092  1226 W System  : A resource failed to call HardwareBuffer.close. 
04-14 18:18:29.824  1092  1226 W System  : A resource failed to call HardwareBuffer.close. 
04-14 18:18:29.826   679   679 I DPUModule: DpuR5P0::checkLayerFormat <142>: checkLayerFormat: Format(1)
04-14 18:18:29.826   679   679 I DPUModule: DpuR5P0::checkTransform <35>: checkTransform: Transform(0), SRCRect(0,0)
04-14 18:18:29.826   679   679 I DPUModule: DpuR5P0::checkAFBCBlockSize <97>: checkAFBCBlockSize: compressed(1),format(1), pitch(800), vstride(1616)
04-14 18:18:29.826   679   679 I DPUModule: DpuR5P0::checkLayerFormat <142>: checkLayerFormat: Format(1)
04-14 18:18:29.826   679   679 I DPUModule: DpuR5P0::checkTransform <35>: checkTransform: Transform(0), SRCRect(0,0)
04-14 18:18:29.826   679   679 I DPUModule: DpuR5P0::checkAFBCBlockSize <97>: checkAFBCBlockSize: compressed(1),format(1), pitch(720), vstride(1616)
04-14 18:18:29.826   679   679 I DPUModule: DpuR5P0::checkLayerFormat <142>: checkLayerFormat: Format(1)
04-14 18:18:29.826   679   679 I DPUModule: DpuR5P0::checkTransform <35>: checkTransform: Transform(0), SRCRect(0,0)
04-14 18:18:29.826   679   679 I DPUModule: DpuR5P0::checkLayerFormat <142>: checkLayerFormat: Format(1)
04-14 18:18:29.826   679   679 I DPUModule: DpuR5P0::checkTransform <35>: checkTransform: Transform(0), SRCRect(0,0)
04-14 18:18:29.826   679   679 I DPUModule: DpuR5P0::checkAFBCBlockSize <97>: checkAFBCBlockSize: compressed(1),format(1), pitch(720), vstride(80)
04-14 18:18:29.826   679   679 I DPUModule: DpuR5P0::checkLayerFormat <142>: checkLayerFormat: Format(1)
04-14 18:18:29.826   679   679 I DPUModule: DpuR5P0::checkTransform <35>: checkTransform: Transform(0), SRCRect(0,0)
04-14 18:18:29.826   679   679 I DPUModule: DpuR5P0::checkAFBCBlockSize <97>: checkAFBCBlockSize: compressed(1),format(1), pitch(720), vstride(96)
04-14 18:18:29.826   679   679 D DPUModule: [] support: 0
04-14 18:18:29.837   679   679 I DPUModule: DpuR5P0::checkLayerFormat <142>: checkLayerFormat: Format(1)
04-14 18:18:29.837   679   679 I DPUModule: DpuR5P0::checkTransform <35>: checkTransform: Transform(0), SRCRect(0,0)
04-14 18:18:29.837   679   679 I DPUModule: DpuR5P0::checkAFBCBlockSize <97>: checkAFBCBlockSize: compressed(1),format(1), pitch(800), vstride(1616)
04-14 18:18:29.837   679   679 I DPUModule: DpuR5P0::checkLayerFormat <142>: checkLayerFormat: Format(1)
04-14 18:18:29.837   679   679 I DPUModule: DpuR5P0::checkTransform <35>: checkTransform: Transform(0), SRCRect(0,0)
04-14 18:18:29.837   679   679 I DPUModule: DpuR5P0::checkAFBCBlockSize <97>: checkAFBCBlockSize: compressed(1),format(1), pitch(720), vstride(1616)
04-14 18:18:29.837   679   679 I DPUModule: DpuR5P0::checkLayerFormat <142>: checkLayerFormat: Format(1)
04-14 18:18:29.837   679   679 I DPUModule: DpuR5P0::checkTransform <35>: checkTransform: Transform(0), SRCRect(0,0)
04-14 18:18:29.837   679   679 I DPUModule: DpuR5P0::checkLayerFormat <142>: checkLayerFormat: Format(1)
04-14 18:18:29.837   679   679 I DPUModule: DpuR5P0::checkTransform <35>: checkTransform: Transform(0), SRCRect(0,0)
04-14 18:18:29.837   679   679 I DPUModule: DpuR5P0::checkAFBCBlockSize <97>: checkAFBCBlockSize: compressed(1),format(1), pitch(720), vstride(80)
04-14 18:18:29.837   679   679 I DPUModule: DpuR5P0::checkLayerFormat <142>: checkLayerFormat: Format(1)
04-14 18:18:29.837   679   679 I DPUModule: DpuR5P0::checkTransform <35>: checkTransform: Transform(0), SRCRect(0,0)
04-14 18:18:29.837   679   679 I DPUModule: DpuR5P0::checkAFBCBlockSize <97>: checkAFBCBlockSize: compressed(1),format(1), pitch(720), vstride(96)
04-14 18:18:29.837   679   679 D DPUModule: [] support: 0
04-14 18:18:29.849   679   679 I DPUModule: DpuR5P0::checkLayerFormat <142>: checkLayerFormat: Format(1)
04-14 18:18:29.849   679   679 I DPUModule: DpuR5P0::checkTransform <35>: checkTransform: Transform(0), SRCRect(0,0)
04-14 18:18:29.849   679   679 I DPUModule: DpuR5P0::checkAFBCBlockSize <97>: checkAFBCBlockSize: compressed(1),format(1), pitch(800), vstride(1616)
04-14 18:18:29.849   679   679 I DPUModule: DpuR5P0::checkLayerFormat <142>: checkLayerFormat: Format(1)
04-14 18:18:29.849   679   679 I DPUModule: DpuR5P0::checkTransform <35>: checkTransform: Transform(0), SRCRect(0,0)
04-14 18:18:29.849   679   679 I DPUModule: DpuR5P0::checkAFBCBlockSize <97>: checkAFBCBlockSize: compressed(1),format(1), pitch(720), vstride(1616)
04-14 18:18:29.849   679   679 I DPUModule: DpuR5P0::checkLayerFormat <142>: checkLayerFormat: Format(1)
04-14 18:18:29.849   679   679 I DPUModule: DpuR5P0::checkTransform <35>: checkTransform: Transform(0), SRCRect(0,0)
04-14 18:18:29.849   679   679 I DPUModule: DpuR5P0::checkLayerFormat <142>: checkLayerFormat: Format(1)
04-14 18:18:29.849   679   679 I DPUModule: DpuR5P0::checkTransform <35>: checkTransform: Transform(0), SRCRect(0,0)
04-14 18:18:29.849   679   679 I DPUModule: DpuR5P0::checkAFBCBlockSize <97>: checkAFBCBlockSize: compressed(1),format(1), pitch(720), vstride(80)
04-14 18:18:29.849   679   679 I DPUModule: DpuR5P0::checkLayerFormat <142>: checkLayerFormat: Format(1)
04-14 18:18:29.849   679   679 I DPUModule: DpuR5P0::checkTransform <35>: checkTransform: Transform(0), SRCRect(0,0)
04-14 18:18:29.849   679   679 I DPUModule: DpuR5P0::checkAFBCBlockSize <97>: checkAFBCBlockSize: compressed(1),format(1), pitch(720), vstride(96)
04-14 18:18:29.849   679   679 D DPUModule: [] support: 0
04-14 18:18:29.860   679   679 I DPUModule: DpuR5P0::checkLayerFormat <142>: checkLayerFormat: Format(1)
04-14 18:18:29.860   679   679 I DPUModule: DpuR5P0::checkTransform <35>: checkTransform: Transform(0), SRCRect(0,0)
04-14 18:18:29.860   679   679 I DPUModule: DpuR5P0::checkAFBCBlockSize <97>: checkAFBCBlockSize: compressed(1),format(1), pitch(800), vstride(1616)
04-14 18:18:29.860   679   679 I DPUModule: DpuR5P0::checkLayerFormat <142>: checkLayerFormat: Format(1)
04-14 18:18:29.860   679   679 I DPUModule: DpuR5P0::checkTransform <35>: checkTransform: Transform(0), SRCRect(0,0)
04-14 18:18:29.860   679   679 I DPUModule: DpuR5P0::checkAFBCBlockSize <97>: checkAFBCBlockSize: compressed(1),format(1), pitch(720), vstride(1616)
04-14 18:18:29.860   679   679 I DPUModule: DpuR5P0::checkLayerFormat <142>: checkLayerFormat: Format(1)
04-14 18:18:29.860   679   679 I DPUModule: DpuR5P0::checkTransform <35>: checkTransform: Transform(0), SRCRect(0,0)
04-14 18:18:29.860   679   679 I DPUModule: DpuR5P0::checkLayerFormat <142>: checkLayerFormat: Format(1)
04-14 18:18:29.860   679   679 I DPUModule: DpuR5P0::checkTransform <35>: checkTransform: Transform(0), SRCRect(0,0)
04-14 18:18:29.860   679   679 I DPUModule: DpuR5P0::checkAFBCBlockSize <97>: checkAFBCBlockSize: compressed(1),format(1), pitch(720), vstride(80)
04-14 18:18:29.860   679   679 I DPUModule: DpuR5P0::checkLayerFormat <142>: checkLayerFormat: Format(1)
04-14 18:18:29.860   679   679 I DPUModule: DpuR5P0::checkTransform <35>: checkTransform: Transform(0), SRCRect(0,0)
04-14 18:18:29.860   679   679 I DPUModule: DpuR5P0::checkAFBCBlockSize <97>: checkAFBCBlockSize: compressed(1),format(1), pitch(720), vstride(96)
04-14 18:18:29.860   679   679 D DPUModule: [] support: 0
04-14 18:18:29.871   679   679 I DPUModule: DpuR5P0::checkLayerFormat <142>: checkLayerFormat: Format(1)
04-14 18:18:29.871 13282 13282 I System.out: SAFActivity: com.ss.android.ugc.aweme.main.MainActivity@db2d86f,  onStart Start
04-14 18:18:29.871   679   679 I DPUModule: DpuR5P0::checkTransform <35>: checkTransform: Transform(0), SRCRect(0,0)
04-14 18:18:29.871   679   679 I DPUModule: DpuR5P0::checkAFBCBlockSize <97>: checkAFBCBlockSize: compressed(1),format(1), pitch(800), vstride(1616)
04-14 18:18:29.871   679   679 I DPUModule: DpuR5P0::checkLayerFormat <142>: checkLayerFormat: Format(1)
04-14 18:18:29.871   679   679 I DPUModule: DpuR5P0::checkTransform <35>: checkTransform: Transform(0), SRCRect(0,0)
04-14 18:18:29.871   679   679 I DPUModule: DpuR5P0::checkAFBCBlockSize <97>: checkAFBCBlockSize: compressed(1),format(1), pitch(720), vstride(1616)
04-14 18:18:29.871   679   679 I DPUModule: DpuR5P0::checkLayerFormat <142>: checkLayerFormat: Format(1)
04-14 18:18:29.871   679   679 I DPUModule: DpuR5P0::checkTransform <35>: checkTransform: Transform(0), SRCRect(0,0)
04-14 18:18:29.871   679   679 I DPUModule: DpuR5P0::checkLayerFormat <142>: checkLayerFormat: Format(1)
04-14 18:18:29.871   679   679 I DPUModule: DpuR5P0::checkTransform <35>: checkTransform: Transform(0), SRCRect(0,0)
04-14 18:18:29.871   679   679 I DPUModule: DpuR5P0::checkAFBCBlockSize <97>: checkAFBCBlockSize: compressed(1),format(1), pitch(720), vstride(80)
04-14 18:18:29.871   679   679 I DPUModule: DpuR5P0::checkLayerFormat <142>: checkLayerFormat: Format(1)
04-14 18:18:29.871   679   679 I DPUModule: DpuR5P0::checkTransform <35>: checkTransform: Transform(0), SRCRect(0,0)
04-14 18:18:29.871   679   679 I DPUModule: DpuR5P0::checkAFBCBlockSize <97>: checkAFBCBlockSize: compressed(1),format(1), pitch(720), vstride(96)
04-14 18:18:29.871   679   679 D DPUModule: [] support: 0
04-14 18:18:29.882   679   679 I DPUModule: DpuR5P0::checkLayerFormat <142>: checkLayerFormat: Format(1)
04-14 18:18:29.882   679   679 I DPUModule: DpuR5P0::checkTransform <35>: checkTransform: Transform(0), SRCRect(0,0)
04-14 18:18:29.882   679   679 I DPUModule: DpuR5P0::checkAFBCBlockSize <97>: checkAFBCBlockSize: compressed(1),format(1), pitch(800), vstride(1616)
04-14 18:18:29.882   679   679 I DPUModule: DpuR5P0::checkLayerFormat <142>: checkLayerFormat: Format(1)
04-14 18:18:29.882   679   679 I DPUModule: DpuR5P0::checkTransform <35>: checkTransform: Transform(0), SRCRect(0,0)
04-14 18:18:29.882   679   679 I DPUModule: DpuR5P0::checkAFBCBlockSize <97>: checkAFBCBlockSize: compressed(1),format(1), pitch(720), vstride(1616)
04-14 18:18:29.882   679   679 I DPUModule: DpuR5P0::checkLayerFormat <142>: checkLayerFormat: Format(1)
04-14 18:18:29.882   679   679 I DPUModule: DpuR5P0::checkTransform <35>: checkTransform: Transform(0), SRCRect(0,0)
04-14 18:18:29.882   679   679 I DPUModule: DpuR5P0::checkLayerFormat <142>: checkLayerFormat: Format(1)
04-14 18:18:29.882   679   679 I DPUModule: DpuR5P0::checkTransform <35>: checkTransform: Transform(0), SRCRect(0,0)
04-14 18:18:29.882   679   679 I DPUModule: DpuR5P0::checkAFBCBlockSize <97>: checkAFBCBlockSize: compressed(1),format(1), pitch(720), vstride(80)
04-14 18:18:29.882   679   679 I DPUModule: DpuR5P0::checkLayerFormat <142>: checkLayerFormat: Format(1)
04-14 18:18:29.882   679   679 I DPUModule: DpuR5P0::checkTransform <35>: checkTransform: Transform(0), SRCRect(0,0)
04-14 18:18:29.882   679   679 I DPUModule: DpuR5P0::checkAFBCBlockSize <97>: checkAFBCBlockSize: compressed(1),format(1), pitch(720), vstride(96)
04-14 18:18:29.882   679   679 D DPUModule: [] support: 0
04-14 18:18:29.893   679   679 I DPUModule: DpuR5P0::checkLayerFormat <142>: checkLayerFormat: Format(1)
04-14 18:18:29.893   679   679 I DPUModule: DpuR5P0::checkTransform <35>: checkTransform: Transform(0), SRCRect(0,0)
04-14 18:18:29.893   679   679 I DPUModule: DpuR5P0::checkAFBCBlockSize <97>: checkAFBCBlockSize: compressed(1),format(1), pitch(800), vstride(1616)
04-14 18:18:29.893   679   679 I DPUModule: DpuR5P0::checkLayerFormat <142>: checkLayerFormat: Format(1)
04-14 18:18:29.893   679   679 I DPUModule: DpuR5P0::checkTransform <35>: checkTransform: Transform(0), SRCRect(0,0)
04-14 18:18:29.893   679   679 I DPUModule: DpuR5P0::checkAFBCBlockSize <97>: checkAFBCBlockSize: compressed(1),format(1), pitch(720), vstride(1616)
04-14 18:18:29.893   679   679 I DPUModule: DpuR5P0::checkLayerFormat <142>: checkLayerFormat: Format(1)
04-14 18:18:29.893   679   679 I DPUModule: DpuR5P0::checkTransform <35>: checkTransform: Transform(0), SRCRect(0,0)
04-14 18:18:29.893   679   679 I DPUModule: DpuR5P0::checkLayerFormat <142>: checkLayerFormat: Format(1)
04-14 18:18:29.893   679   679 I DPUModule: DpuR5P0::checkTransform <35>: checkTransform: Transform(0), SRCRect(0,0)
04-14 18:18:29.893   679   679 I DPUModule: DpuR5P0::checkAFBCBlockSize <97>: checkAFBCBlockSize: compressed(1),format(1), pitch(720), vstride(80)
04-14 18:18:29.893   679   679 I DPUModule: DpuR5P0::checkLayerFormat <142>: checkLayerFormat: Format(1)
04-14 18:18:29.893   679   679 I DPUModule: DpuR5P0::checkTransform <35>: checkTransform: Transform(0), SRCRect(0,0)
04-14 18:18:29.893   679   679 I DPUModule: DpuR5P0::checkAFBCBlockSize <97>: checkAFBCBlockSize: compressed(1),format(1), pitch(720), vstride(96)
04-14 18:18:29.893   679   679 D DPUModule: [] support: 0
04-14 18:18:29.904   679   679 I DPUModule: DpuR5P0::checkLayerFormat <142>: checkLayerFormat: Format(1)
04-14 18:18:29.904   679   679 I DPUModule: DpuR5P0::checkTransform <35>: checkTransform: Transform(0), SRCRect(0,0)
04-14 18:18:29.904   679   679 I DPUModule: DpuR5P0::checkAFBCBlockSize <97>: checkAFBCBlockSize: compressed(1),format(1), pitch(800), vstride(1616)
04-14 18:18:29.904   679   679 I DPUModule: DpuR5P0::checkLayerFormat <142>: checkLayerFormat: Format(1)
04-14 18:18:29.904   679   679 I DPUModule: DpuR5P0::checkTransform <35>: checkTransform: Transform(0), SRCRect(0,0)
04-14 18:18:29.904   679   679 I DPUModule: DpuR5P0::checkAFBCBlockSize <97>: checkAFBCBlockSize: compressed(1),format(1), pitch(720), vstride(1616)
04-14 18:18:29.904   679   679 I DPUModule: DpuR5P0::checkLayerFormat <142>: checkLayerFormat: Format(1)
04-14 18:18:29.904   679   679 I DPUModule: DpuR5P0::checkTransform <35>: checkTransform: Transform(0), SRCRect(0,0)
04-14 18:18:29.904   679   679 I DPUModule: DpuR5P0::checkLayerFormat <142>: checkLayerFormat: Format(1)
04-14 18:18:29.904   679   679 I DPUModule: DpuR5P0::checkTransform <35>: checkTransform: Transform(0), SRCRect(0,0)
04-14 18:18:29.904   679   679 I DPUModule: DpuR5P0::checkAFBCBlockSize <97>: checkAFBCBlockSize: compressed(1),format(1), pitch(720), vstride(80)
04-14 18:18:29.904   679   679 I DPUModule: DpuR5P0::checkLayerFormat <142>: checkLayerFormat: Format(1)
04-14 18:18:29.904   679   679 I DPUModule: DpuR5P0::checkTransform <35>: checkTransform: Transform(0), SRCRect(0,0)
04-14 18:18:29.904   679   679 I DPUModule: DpuR5P0::checkAFBCBlockSize <97>: checkAFBCBlockSize: compressed(1),format(1), pitch(720), vstride(96)
