04-14 18:18:32.559   679   776 I DPUModule: DpuR5P0::checkTransform <35>: checkTransform: Transform(0), SRCRect(0,0)
04-14 18:18:32.559   679   776 I DPUModule: DpuR5P0::checkAFBCBlockSize <97>: checkAFBCBlockSize: compressed(1),format(1), pitch(720), vstride(80)
04-14 18:18:32.559   679   776 I DPUModule: DpuR5P0::checkLayerFormat <142>: checkLayerFormat: Format(1)
04-14 18:18:32.559   679   776 I DPUModule: DpuR5P0::checkTransform <35>: checkTransform: Transform(0), SRCRect(0,0)
04-14 18:18:32.559   679   776 I DPUModule: DpuR5P0::checkAFBCBlockSize <97>: checkAFBCBlockSize: compressed(1),format(1), pitch(720), vstride(96)
04-14 18:18:32.559   679   776 D DPUModule: [ …śhu] support: 0
04-14 18:18:32.563   717   799 I mali_gralloc: register: id=0x2a600019533, importpid=13282
04-14 18:18:32.564  1092  1530 D TranWindowManagerService: hookIMEVisibleChanged(), show:false
04-14 18:18:32.564  1092  1530 I input_debug: package: com.zhiliaoapp.musically isPassWordInput: false inputType: 0 mMethodMap: false isKeyguardShowing: false enable: 0 isSplitScreen: false
04-14 18:18:32.567  4761  4761 I GoogleInputMethodService: GoogleInputMethodService.onFinishInput():2057 
04-14 18:18:32.568  4761  4761 I Module  : DeviceLockedStatusModuleProvider$Module.updateDeviceLockedStatus():100 repeatCheckTimes = 0, locked = false
04-14 18:18:32.568  4761  4761 I GoogleInputMethodService: GoogleInputMethodService.onStartInput():1318 onStartInput(EditorInfo{EditorInfo{packageName=com.zhiliaoapp.musically, inputType=0, inputTypeString=NULL, enableLearning=false, autoCorrection=false, autoComplete=false, imeOptions=0, privateImeOptions=null, actionName=UNSPECIFIED, actionLabel=null, initialSelStart=-1, initialSelEnd=-1, initialCapsMode=0, label=null, fieldId=2131450431, fieldName=null, extras=null, hintText=null, hintLocales=[]}}, false)
04-14 18:18:32.571  4761  4761 I Module  : DeviceLockedStatusModuleProvider$Module.updateDeviceLockedStatus():100 repeatCheckTimes = 1, locked = false
04-14 18:18:32.574   700  1040 D AudioFlinger: mixer(0xb4000075000dba80) throttle end: throttle time(17)
04-14 18:18:32.577   679   776 I mali_gralloc: register: id=0x2a600019533, importpid=717
04-14 18:18:32.577   679   776 I DPUModule: DpuR5P0::checkLayerFormat <142>: checkLayerFormat: Format(1)
04-14 18:18:32.577   679   776 I DPUModule: DpuR5P0::checkTransform <35>: checkTransform: Transform(0), SRCRect(0,0)
04-14 18:18:32.577   679   776 I DPUModule: DpuR5P0::checkAFBCBlockSize <97>: checkAFBCBlockSize: compressed(1),format(1), pitch(720), vstride(1616)
04-14 18:18:32.577   679   776 I DPUModule: DpuR5P0::checkLayerFormat <142>: checkLayerFormat: Format(1)
04-14 18:18:32.577   679   776 I DPUModule: DpuR5P0::checkTransform <35>: checkTransform: Transform(0), SRCRect(0,0)
04-14 18:18:32.577   679   776 I DPUModule: DpuR5P0::checkLayerFormat <142>: checkLayerFormat: Format(1)
04-14 18:18:32.577   679   776 I DPUModule: DpuR5P0::checkTransform <35>: checkTransform: Transform(0), SRCRect(0,0)
04-14 18:18:32.577   679   776 I DPUModule: DpuR5P0::checkAFBCBlockSize <97>: checkAFBCBlockSize: compressed(1),format(1), pitch(720), vstride(80)
04-14 18:18:32.577   679   776 I DPUModule: DpuR5P0::checkLayerFormat <142>: checkLayerFormat: Format(1)
04-14 18:18:32.577   679   776 I DPUModule: DpuR5P0::checkTransform <35>: checkTransform: Transform(0), SRCRect(0,0)
04-14 18:18:32.577   679   776 I DPUModule: DpuR5P0::checkAFBCBlockSize <97>: checkAFBCBlockSize: compressed(1),format(1), pitch(720), vstride(96)
04-14 18:18:32.577   679   776 D DPUModule: [ …śhu] support: 0
04-14 18:18:32.579   674 11196 I audio_hw_primary: app type:0x   0, is_voip:0, device:2, pcm:-352510464, usecase:0x   8
04-14 18:18:32.582  2973  3813 I MediaProvider: Deleted 1 0 0 0 0 0 0 items on external_primary due to scan triggered by reason: REASON_DEMAND
04-14 18:18:32.584  2973  3813 I MediaProvider: Scanned external_primary due to REASON_DEMAND, found 0 items in 65ms, 0 inserts 0 updates 1 deletes
04-14 18:18:32.585  2973  3813 I MediaProvider: End Intent { act=android.intent.action.MEDIA_SCANNER_SCAN_FILE dat=file:///... flg=0x1000010 cmp=com.google.android.providers.media.module/com.android.providers.media.MediaService }
04-14 18:18:32.592   679   776 I DPUModule: DpuR5P0::checkLayerFormat <142>: checkLayerFormat: Format(1)
04-14 18:18:32.592   679   776 I DPUModule: DpuR5P0::checkTransform <35>: checkTransform: Transform(0), SRCRect(0,0)
04-14 18:18:32.593   679   776 I DPUModule: DpuR5P0::checkAFBCBlockSize <97>: checkAFBCBlockSize: compressed(1),format(1), pitch(720), vstride(1616)
04-14 18:18:32.593   679   776 I DPUModule: DpuR5P0::checkLayerFormat <142>: checkLayerFormat: Format(1)
04-14 18:18:32.593   679   776 I DPUModule: DpuR5P0::checkTransform <35>: checkTransform: Transform(0), SRCRect(0,0)
04-14 18:18:32.593   679   776 I DPUModule: DpuR5P0::checkLayerFormat <142>: checkLayerFormat: Format(1)
04-14 18:18:32.593   679   776 I DPUModule: DpuR5P0::checkTransform <35>: checkTransform: Transform(0), SRCRect(0,0)
04-14 18:18:32.593   679   776 I DPUModule: DpuR5P0::checkAFBCBlockSize <97>: checkAFBCBlockSize: compressed(1),format(1), pitch(720), vstride(80)
04-14 18:18:32.593   679   776 I DPUModule: DpuR5P0::checkLayerFormat <142>: checkLayerFormat: Format(1)
04-14 18:18:32.593   679   776 I DPUModule: DpuR5P0::checkTransform <35>: checkTransform: Transform(0), SRCRect(0,0)
04-14 18:18:32.593   679   776 I DPUModule: DpuR5P0::checkAFBCBlockSize <97>: checkAFBCBlockSize: compressed(1),format(1), pitch(720), vstride(96)
04-14 18:18:32.593   679   776 D DPUModule: [ …śhu] support: 0
04-14 18:18:32.597 13282 13487 E mali_winsys: Unrecognised Android chroma siting range: [2, 2]. Applying default
04-14 18:18:32.600  2973  8852 I MediaProvider: Scanned external_primary due to REASON_DEMAND, found 0 items in 50ms, 0 inserts 0 updates 0 deletes
04-14 18:18:32.603  1092  1238 W Looper  : Slow dispatch took 212ms android.fg h=android.os.Handler c=com.android.server.wm.ActivityMetricsLogger$$ExternalSyntheticLambda4@5acb66 m=0
04-14 18:18:32.603  1092  1238 W Looper  : Slow delivery took 213ms android.fg h=android.os.Handler c=com.android.server.wm.ActivityMetricsLogger$$ExternalSyntheticLambda5@785dea7 m=0
04-14 18:18:32.605  2973  3011 I MediaProvider: Observed non-standard /storage/emulated/0/Documents/Scans/downloads/.nomedia
04-14 18:18:32.608  2973  3011 W MediaProvider: isAppCloneUserPair for user 0: false
04-14 18:18:32.609   679   776 I DPUModule: DpuR5P0::checkLayerFormat <142>: checkLayerFormat: Format(1)
04-14 18:18:32.609   679   776 I DPUModule: DpuR5P0::checkTransform <35>: checkTransform: Transform(0), SRCRect(0,0)
04-14 18:18:32.609   679   776 I DPUModule: DpuR5P0::checkAFBCBlockSize <97>: checkAFBCBlockSize: compressed(1),format(1), pitch(720), vstride(1616)
04-14 18:18:32.609   679   776 I DPUModule: DpuR5P0::checkLayerFormat <142>: checkLayerFormat: Format(1)
04-14 18:18:32.609   679   776 I DPUModule: DpuR5P0::checkTransform <35>: checkTransform: Transform(0), SRCRect(0,0)
04-14 18:18:32.609   679   776 I DPUModule: DpuR5P0::checkLayerFormat <142>: checkLayerFormat: Format(1)
04-14 18:18:32.609   679   776 I DPUModule: DpuR5P0::checkTransform <35>: checkTransform: Transform(0), SRCRect(0,0)
04-14 18:18:32.609   679   776 I DPUModule: DpuR5P0::checkAFBCBlockSize <97>: checkAFBCBlockSize: compressed(1),format(1), pitch(720), vstride(80)
04-14 18:18:32.609   679   776 I DPUModule: DpuR5P0::checkLayerFormat <142>: checkLayerFormat: Format(1)
04-14 18:18:32.609   679   776 I DPUModule: DpuR5P0::checkTransform <35>: checkTransform: Transform(0), SRCRect(0,0)
04-14 18:18:32.609   679   776 I DPUModule: DpuR5P0::checkAFBCBlockSize <97>: checkAFBCBlockSize: compressed(1),format(1), pitch(720), vstride(96)
04-14 18:18:32.609   679   776 D DPUModule: [ …śhu] support: 0
04-14 18:18:32.612   717   799 I mali_gralloc: register: id=0x2a600019532, importpid=13282
04-14 18:18:32.618   674 11196 I audio_hw_primary: app type:0x   0, is_voip:0, device:2, pcm:-352510464, usecase:0x   8
04-14 18:18:32.626   679   776 I mali_gralloc: register: id=0x2a600019532, importpid=717
04-14 18:18:32.626   679   776 I DPUModule: DpuR5P0::checkLayerFormat <142>: checkLayerFormat: Format(1)
04-14 18:18:32.626   679   776 I DPUModule: DpuR5P0::checkTransform <35>: checkTransform: Transform(0), SRCRect(0,0)
04-14 18:18:32.626   679   776 I DPUModule: DpuR5P0::checkAFBCBlockSize <97>: checkAFBCBlockSize: compressed(1),format(1), pitch(720), vstride(1616)
04-14 18:18:32.626   679   776 I DPUModule: DpuR5P0::checkLayerFormat <142>: checkLayerFormat: Format(1)
04-14 18:18:32.626   679   776 I DPUModule: DpuR5P0::checkTransform <35>: checkTransform: Transform(0), SRCRect(0,0)
04-14 18:18:32.626   679   776 I DPUModule: DpuR5P0::checkLayerFormat <142>: checkLayerFormat: Format(1)
04-14 18:18:32.626   679   776 I DPUModule: DpuR5P0::checkTransform <35>: checkTransform: Transform(0), SRCRect(0,0)
04-14 18:18:32.626   679   776 I DPUModule: DpuR5P0::checkAFBCBlockSize <97>: checkAFBCBlockSize: compressed(1),format(1), pitch(720), vstride(80)
04-14 18:18:32.626   679   776 I DPUModule: DpuR5P0::checkLayerFormat <142>: checkLayerFormat: Format(1)
04-14 18:18:32.626   679   776 I DPUModule: DpuR5P0::checkTransform <35>: checkTransform: Transform(0), SRCRect(0,0)
04-14 18:18:32.626   679   776 I DPUModule: DpuR5P0::checkAFBCBlockSize <97>: checkAFBCBlockSize: compressed(1),format(1), pitch(720), vstride(96)
04-14 18:18:32.626   679   776 D DPUModule: [ …śhu] support: 0
04-14 18:18:32.634   717   799 I mali_gralloc: register: id=0x2a600019531, importpid=13282
04-14 18:18:32.642   679   776 I mali_gralloc: register: id=0x2a600019531, importpid=717
04-14 18:18:32.643   679   776 I DPUModule: DpuR5P0::checkLayerFormat <142>: checkLayerFormat: Format(1)
04-14 18:18:32.643   679   776 I DPUModule: DpuR5P0::checkTransform <35>: checkTransform: Transform(0), SRCRect(0,0)
04-14 18:18:32.643   679   776 I DPUModule: DpuR5P0::checkAFBCBlockSize <97>: checkAFBCBlockSize: compressed(1),format(1), pitch(720), vstride(1616)
04-14 18:18:32.643   679   776 I DPUModule: DpuR5P0::checkLayerFormat <142>: checkLayerFormat: Format(1)
04-14 18:18:32.643   679   776 I DPUModule: DpuR5P0::checkTransform <35>: checkTransform: Transform(0), SRCRect(0,0)
04-14 18:18:32.643   679   776 I DPUModule: DpuR5P0::checkLayerFormat <142>: checkLayerFormat: Format(1)
04-14 18:18:32.643   679   776 I DPUModule: DpuR5P0::checkTransform <35>: checkTransform: Transform(0), SRCRect(0,0)
04-14 18:18:32.643   679   776 I DPUModule: DpuR5P0::checkAFBCBlockSize <97>: checkAFBCBlockSize: compressed(1),format(1), pitch(720), vstride(80)
04-14 18:18:32.643   679   776 I DPUModule: DpuR5P0::checkLayerFormat <142>: checkLayerFormat: Format(1)
04-14 18:18:32.643   679   776 I DPUModule: DpuR5P0::checkTransform <35>: checkTransform: Transform(0), SRCRect(0,0)
04-14 18:18:32.643   679   776 I DPUModule: DpuR5P0::checkAFBCBlockSize <97>: checkAFBCBlockSize: compressed(1),format(1), pitch(720), vstride(96)
04-14 18:18:32.643   679   776 D DPUModule: [ …śhu] support: 0
04-14 18:18:32.659   679   776 I DPUModule: DpuR5P0::checkLayerFormat <142>: checkLayerFormat: Format(1)
04-14 18:18:32.659   679   776 I DPUModule: DpuR5P0::checkTransform <35>: checkTransform: Transform(0), SRCRect(0,0)
04-14 18:18:32.659   679   776 I DPUModule: DpuR5P0::checkAFBCBlockSize <97>: checkAFBCBlockSize: compressed(1),format(1), pitch(720), vstride(1616)
04-14 18:18:32.659   679   776 I DPUModule: DpuR5P0::checkLayerFormat <142>: checkLayerFormat: Format(1)
04-14 18:18:32.659   679   776 I DPUModule: DpuR5P0::checkTransform <35>: checkTransform: Transform(0), SRCRect(0,0)
04-14 18:18:32.659   679   776 I DPUModule: DpuR5P0::checkLayerFormat <142>: checkLayerFormat: Format(1)
04-14 18:18:32.659   679   776 I DPUModule: DpuR5P0::checkTransform <35>: checkTransform: Transform(0), SRCRect(0,0)
04-14 18:18:32.659   679   776 I DPUModule: DpuR5P0::checkAFBCBlockSize <97>: checkAFBCBlockSize: compressed(1),format(1), pitch(720), vstride(80)
04-14 18:18:32.659   679   776 I DPUModule: DpuR5P0::checkLayerFormat <142>: checkLayerFormat: Format(1)
04-14 18:18:32.659   679   776 I DPUModule: DpuR5P0::checkTransform <35>: checkTransform: Transform(0), SRCRect(0,0)
04-14 18:18:32.659   679   776 I DPUModule: DpuR5P0::checkAFBCBlockSize <97>: checkAFBCBlockSize: compressed(1),format(1), pitch(720), vstride(96)
04-14 18:18:32.659   679   776 D DPUModule: [ …śhu] support: 0
04-14 18:18:32.663   674 11196 I audio_hw_primary: app type:0x   0, is_voip:0, device:2, pcm:-352510464, usecase:0x   8
04-14 18:18:32.676  2973 31396 I MediaProvider: Deleted 1 0 0 0 0 0 0 items on external_primary due to com.android.externalstorage
04-14 18:18:32.676   679   776 I mali_gralloc: unregister: id=0x2a600019504, base=0x0, importpid=679
04-14 18:18:32.676  1092  1242 W TranSprdPowerHintComponentImpl: release BoostAnim
04-14 18:18:32.677   679   776 I DPUModule: DpuR5P0::checkLayerFormat <142>: checkLayerFormat: Format(1)
04-14 18:18:32.677   679   776 I DPUModule: DpuR5P0::checkTransform <35>: checkTransform: Transform(0), SRCRect(0,0)
04-14 18:18:32.677   679   776 I DPUModule: DpuR5P0::checkAFBCBlockSize <97>: checkAFBCBlockSize: compressed(1),format(1), pitch(720), vstride(1616)
04-14 18:18:32.677   679   776 I DPUModule: DpuR5P0::checkLayerFormat <142>: checkLayerFormat: Format(1)
04-14 18:18:32.677   679   776 I DPUModule: DpuR5P0::checkTransform <35>: checkTransform: Transform(0), SRCRect(0,0)
04-14 18:18:32.677   679   776 I DPUModule: DpuR5P0::checkAFBCBlockSize <97>: checkAFBCBlockSize: compressed(1),format(1), pitch(720), vstride(80)
04-14 18:18:32.677   679   776 I DPUModule: DpuR5P0::checkLayerFormat <142>: checkLayerFormat: Format(1)
04-14 18:18:32.677   679   776 I DPUModule: DpuR5P0::checkTransform <35>: checkTransform: Transform(0), SRCRect(0,0)
04-14 18:18:32.677   679   776 I DPUModule: DpuR5P0::checkAFBCBlockSize <97>: checkAFBCBlockSize: compressed(1),format(1), pitch(720), vstride(96)
04-14 18:18:32.677   679   776 D DPUModule: [ …śhu] support: 0
04-14 18:18:32.679   717   808 I mali_gralloc: unregister: id=0x2a600019504, base=0x0, importpid=717
04-14 18:18:32.692   679   776 I DPUModule: DpuR5P0::checkLayerFormat <142>: checkLayerFormat: Format(1)
04-14 18:18:32.692   679   776 I DPUModule: DpuR5P0::checkTransform <35>: checkTransform: Transform(0), SRCRect(0,0)
04-14 18:18:32.692   679   776 I DPUModule: DpuR5P0::checkAFBCBlockSize <97>: checkAFBCBlockSize: compressed(1),format(1), pitch(720), vstride(1616)
04-14 18:18:32.692   679   776 I DPUModule: DpuR5P0::checkLayerFormat <142>: checkLayerFormat: Format(1)
04-14 18:18:32.692   679   776 I DPUModule: DpuR5P0::checkTransform <35>: checkTransform: Transform(0), SRCRect(0,0)
04-14 18:18:32.692   679   776 I DPUModule: DpuR5P0::checkAFBCBlockSize <97>: checkAFBCBlockSize: compressed(1),format(1), pitch(720), vstride(80)
04-14 18:18:32.692   679   776 I DPUModule: DpuR5P0::checkLayerFormat <142>: checkLayerFormat: Format(1)
04-14 18:18:32.692   679   776 I DPUModule: DpuR5P0::checkTransform <35>: checkTransform: Transform(0), SRCRect(0,0)
04-14 18:18:32.692   679   776 I DPUModule: DpuR5P0::checkAFBCBlockSize <97>: checkAFBCBlockSize: compressed(1),format(1), pitch(720), vstride(96)
04-14 18:18:32.692   679   776 D DPUModule: [ …śhu] support: 0
04-14 18:18:32.697  2973 14510 I MediaProvider: Deleted 1 0 0 0 0 0 0 items on external_primary due to com.android.externalstorage
04-14 18:18:32.701   674 11196 I audio_hw_primary: app type:0x   0, is_voip:0, device:2, pcm:-352510464, usecase:0x   8
04-14 18:18:32.725  2973  7441 I MediaProvider: Deleted 1 0 0 0 0 0 0 items on external_primary due to com.android.externalstorage
04-14 18:18:32.742  2973  9929 I MediaProvider: Deleted 1 0 0 0 0 0 0 items on external_primary due to com.android.externalstorage
04-14 18:18:32.743   674 11196 I audio_hw_primary: app type:0x   0, is_voip:0, device:2, pcm:-352510464, usecase:0x   8
04-14 18:18:32.756  2973 31490 I MediaProvider: Deleted 1 0 0 0 0 0 0 items on external_primary due to com.android.externalstorage
04-14 18:18:32.760 13282 13487 E mali_winsys: Unrecognised Android chroma siting range: [2, 2]. Applying default
04-14 18:18:32.770  2973 31397 I MediaProvider: Deleted 1 0 0 0 0 0 0 items on external_primary due to com.android.externalstorage
04-14 18:18:32.782  2973 31488 I MediaProvider: Deleted 1 0 0 0 0 0 0 items on external_primary due to com.android.externalstorage
04-14 18:18:32.784   674 11196 I audio_hw_primary: app type:0x   0, is_voip:0, device:2, pcm:-352510464, usecase:0x   8
04-14 18:18:32.791   717   717 D SurfaceFlinger: unisoc-graphics, commit has frameMissed:2, vysncId:149933279
04-14 18:18:32.793   679   776 I DPUModule: DpuR5P0::checkLayerFormat <142>: checkLayerFormat: Format(1)
04-14 18:18:32.793   679   776 I DPUModule: DpuR5P0::checkTransform <35>: checkTransform: Transform(0), SRCRect(0,0)
04-14 18:18:32.793   679   776 I DPUModule: DpuR5P0::checkAFBCBlockSize <97>: checkAFBCBlockSize: compressed(1),format(1), pitch(720), vstride(1616)
04-14 18:18:32.793   679   776 I DPUModule: DpuR5P0::checkLayerFormat <142>: checkLayerFormat: Format(1)
04-14 18:18:32.793   679   776 I DPUModule: DpuR5P0::checkTransform <35>: checkTransform: Transform(0), SRCRect(0,0)
04-14 18:18:32.793   679   776 I DPUModule: DpuR5P0::checkAFBCBlockSize <97>: checkAFBCBlockSize: compressed(1),format(1), pitch(720), vstride(80)
04-14 18:18:32.793   679   776 I DPUModule: DpuR5P0::checkLayerFormat <142>: checkLayerFormat: Format(1)
04-14 18:18:32.793   679   776 I DPUModule: DpuR5P0::checkTransform <35>: checkTransform: Transform(0), SRCRect(0,0)
04-14 18:18:32.793   679   776 I DPUModule: DpuR5P0::checkAFBCBlockSize <97>: checkAFBCBlockSize: compressed(1),format(1), pitch(720), vstride(96)
04-14 18:18:32.793   679   776 D DPUModule: [ …śhu] support: 0
04-14 18:18:32.798  2973 13256 I MediaProvider: Deleted 1 0 0 0 0 0 0 items on external_primary due to com.android.externalstorage
04-14 18:18:32.813  2973 14510 I MediaProvider: Deleted 1 0 0 0 0 0 0 items on external_primary due to com.android.externalstorage
04-14 18:18:32.824   674 11196 I audio_hw_primary: app type:0x   0, is_voip:0, device:2, pcm:-352510464, usecase:0x   8
04-14 18:18:32.829  2973  9227 I MediaProvider: Deleted 1 0 0 0 0 0 0 items on external_primary due to com.android.externalstorage
04-14 18:18:32.846  2973 31488 I MediaProvider: Deleted 1 0 0 0 0 0 0 items on external_primary due to com.android.externalstorage
04-14 18:18:32.862  2973 31478 I MediaProvider: Deleted 1 0 0 0 0 0 0 items on external_primary due to com.android.externalstorage
04-14 18:18:32.863   674 11196 I audio_hw_primary: app type:0x   0, is_voip:0, device:2, pcm:-352510464, usecase:0x   8
04-14 18:18:32.879  2973  7441 I MediaProvider: Deleted 1 0 0 0 0 0 0 items on external_primary due to com.android.externalstorage
04-14 18:18:32.886  1092  1238 W Looper  : Drained
04-14 18:18:32.896  2973  9929 I MediaProvider: Deleted 1 0 0 0 0 0 0 items on external_primary due to com.android.externalstorage
04-14 18:18:32.900   674 11196 I audio_hw_primary: app type:0x   0, is_voip:0, device:2, pcm:-352510464, usecase:0x   8
04-14 18:18:32.946   674 11196 I audio_hw_primary: app type:0x   0, is_voip:0, device:2, pcm:-352510464, usecase:0x   8
04-14 18:18:32.959  2973 31490 I MediaProvider: Deleted 1 0 0 0 0 0 0 items on external_primary due to com.android.externalstorage
04-14 18:18:32.979  2973 31397 I MediaProvider: Deleted 1 0 0 0 0 0 0 items on external_primary due to com.android.externalstorage
04-14 18:18:32.985   674 11196 I audio_hw_primary: app type:0x   0, is_voip:0, device:2, pcm:-352510464, usecase:0x   8
04-14 18:18:32.990  1514  1514 D TranCellSignalStrengthImpl: [LTE] dbm: -96
04-14 18:18:32.990  1514  1514 D TranCellSignalStrengthImpl: [LTE] dbm: -96
04-14 18:18:32.992  1092  1282 D TranCellSignalStrengthImpl: [LTE] dbm: -96
04-14 18:18:32.994  1604  1762 D Dito    : mcc=616, mnc=03
04-14 18:18:32.994  1514  1514 D TranCellSignalStrengthImpl: [LTE] dbm: -98
04-14 18:18:32.995  1514  1514 D TranCellSignalStrengthImpl: [LTE] dbm: -98
04-14 18:18:32.996  1092  1282 D TranCellSignalStrengthImpl: [LTE] dbm: -98
04-14 18:18:32.997  2973 31396 I MediaProvider: Deleted 1 0 0 0 0 0 0 items on external_primary due to com.android.externalstorage
04-14 18:18:32.997  1514  1514 D TranPhoneInterfaceManagerEx: [onSignalStrengthsChanged]
04-14 18:18:32.997  1514  1514 D TranSmartAllocController: mDefaultDataSubId = 5  subId = 5
04-14 18:18:32.997  1514  1514 D TranSmartAllocController: mSupport = true  mBwAllocEnable = true mSimReady =true  mScreenOn =true
04-14 18:18:33.010  2973 13256 I MediaProvider: Deleted 1 0 0 0 0 0 0 items on external_primary due to com.android.externalstorage
04-14 18:18:33.022  2973 14510 I MediaProvider: Deleted 1 0 0 0 0 0 0 items on external_primary due to com.android.externalstorage
04-14 18:18:33.025   674 11196 I audio_hw_primary: app type:0x   0, is_voip:0, device:2, pcm:-352510464, usecase:0x   8
04-14 18:18:33.026   679   776 I DPUModule: DpuR5P0::checkLayerFormat <142>: checkLayerFormat: Format(1)
04-14 18:18:33.026   679   776 I DPUModule: DpuR5P0::checkTransform <35>: checkTransform: Transform(0), SRCRect(0,0)
04-14 18:18:33.026   679   776 I DPUModule: DpuR5P0::checkAFBCBlockSize <97>: checkAFBCBlockSize: compressed(1),format(1), pitch(720), vstride(1616)
04-14 18:18:33.026   679   776 I DPUModule: DpuR5P0::checkLayerFormat <142>: checkLayerFormat: Format(1)
04-14 18:18:33.026   679   776 I DPUModule: DpuR5P0::checkTransform <35>: checkTransform: Transform(0), SRCRect(0,0)
04-14 18:18:33.026   679   776 I DPUModule: DpuR5P0::checkAFBCBlockSize <97>: checkAFBCBlockSize: compressed(1),format(1), pitch(720), vstride(80)
04-14 18:18:33.026   679   776 I DPUModule: DpuR5P0::checkLayerFormat <142>: checkLayerFormat: Format(1)
04-14 18:18:33.026   679   776 I DPUModule: DpuR5P0::checkTransform <35>: checkTransform: Transform(0), SRCRect(0,0)
04-14 18:18:33.026   679   776 I DPUModule: DpuR5P0::checkAFBCBlockSize <97>: checkAFBCBlockSize: compressed(1),format(1), pitch(720), vstride(96)
04-14 18:18:33.026   679   776 D DPUModule: [ …śhu] support: 0
04-14 18:18:33.036  2973 14510 I MediaProvider: Deleted 1 0 0 0 0 0 0 items on external_primary due to com.android.externalstorage
04-14 18:18:33.059   679   776 I DPUModule: DpuR5P0::checkLayerFormat <142>: checkLayerFormat: Format(1)
04-14 18:18:33.059   679   776 I DPUModule: DpuR5P0::checkTransform <35>: checkTransform: Transform(0), SRCRect(0,0)
04-14 18:18:33.059   679   776 I DPUModule: DpuR5P0::checkAFBCBlockSize <97>: checkAFBCBlockSize: compressed(1),format(1), pitch(720), vstride(1616)
04-14 18:18:33.059   679   776 I DPUModule: DpuR5P0::checkLayerFormat <142>: checkLayerFormat: Format(1)
04-14 18:18:33.059   679   776 I DPUModule: DpuR5P0::checkTransform <35>: checkTransform: Transform(0), SRCRect(0,0)
04-14 18:18:33.059   679   776 I DPUModule: DpuR5P0::checkAFBCBlockSize <97>: checkAFBCBlockSize: compressed(1),format(1), pitch(720), vstride(80)
04-14 18:18:33.059   679   776 I DPUModule: DpuR5P0::checkLayerFormat <142>: checkLayerFormat: Format(1)
04-14 18:18:33.059   679   776 I DPUModule: DpuR5P0::checkTransform <35>: checkTransform: Transform(0), SRCRect(0,0)
04-14 18:18:33.059   679   776 I DPUModule: DpuR5P0::checkAFBCBlockSize <97>: checkAFBCBlockSize: compressed(1),format(1), pitch(720), vstride(96)
04-14 18:18:33.059   679   776 D DPUModule: [ …śhu] support: 0
04-14 18:18:33.066   674 11196 I audio_hw_primary: app type:0x   0, is_voip:0, device:2, pcm:-352510464, usecase:0x   8
04-14 18:18:33.067  2973 31488 I MediaProvider: Deleted 1 0 0 0 0 0 0 items on external_primary due to com.android.externalstorage
04-14 18:18:33.083  2973 31490 I MediaProvider: Deleted 1 0 0 0 0 0 0 items on external_primary due to com.android.externalstorage
04-14 18:18:33.083  1092  2391 D SmartBandWith_Controller2: [handleMessage] what: 1004
04-14 18:18:33.084  1092  2391 D SmartBandWith_Controller2: [isNetworkRateSatisfy]mUid = 10282, curWhiteAppByte = 9794031765 Byte
04-14 18:18:33.084  1092  2391 D SmartBandWith_Controller2: [isNetworkRateSatisfy]System totalRate = 30.827799 kbps
04-14 18:18:33.084  1092  2391 D SmartBandWith_Controller2: system network is out of limit scale or fg App not using
04-14 18:18:33.084  1092  2391 D SmartBandWith_Controller2: isNetworkRateSatisfy: false
04-14 18:18:33.097  2973  9227 I MediaProvider: Deleted 1 0 0 0 0 0 0 items on external_primary due to com.android.externalstorage
04-14 18:18:33.102   674 11196 I audio_hw_primary: app type:0x   0, is_voip:0, device:2, pcm:-352510464, usecase:0x   8
04-14 18:18:33.112  2973  9929 I MediaProvider: Deleted 1 0 0 0 0 0 0 items on external_primary due to com.android.externalstorage
04-14 18:18:33.131  2973 13256 I MediaProvider: Deleted 1 0 0 0 0 0 0 items on external_primary due to com.android.externalstorage
04-14 18:18:33.141   674 11196 I audio_hw_primary: app type:0x   0, is_voip:0, device:2, pcm:-352510464, usecase:0x   8
04-14 18:18:33.143  2973  7441 I MediaProvider: Deleted 1 0 0 0 0 0 0 items on external_primary due to com.android.externalstorage
