04-14 18:18:28.746  1092  1381 D InputReader: notifyMotion call dispatcher
04-14 18:18:28.749  2973  8852 I MediaProvider: Scanned external_primary due to REASON_DEMAND, found 0 items in 76ms, 0 inserts 0 updates 0 deletes
04-14 18:18:28.749  1092  1381 D InputReader: syncTouch: pointerCount 1 -> 1, touching ids 0x80000000 -> 0x80000000, hovering ids 0x00000000 -> 0x00000000, canceled ids 0x00000000
04-14 18:18:28.749  1092  1381 D InputReader: dispatchTouches action MOVE now(ns): 449201565418242
04-14 18:18:28.749  1092  1381 D InputReader: notifyMotion call dispatcher
04-14 18:18:28.753  2973  3813 I MediaProvider: Begin Intent { act=android.intent.action.MEDIA_SCANNER_SCAN_FILE dat=file:///... flg=0x1000010 cmp=com.google.android.providers.media.module/com.android.providers.media.MediaService }
04-14 18:18:28.754  2973 13256 I MediaProvider: Observed non-standard /storage/emulated/0/Documents/Scans/downloads/.nomedia
04-14 18:18:28.755  1092  1381 D InputReader: syncTouch: pointerCount 1 -> 1, touching ids 0x80000000 -> 0x80000000, hovering ids 0x00000000 -> 0x00000000, canceled ids 0x00000000
04-14 18:18:28.755  1092  1381 D InputReader: dispatchTouches action MOVE now(ns): 449201571165280
04-14 18:18:28.755  1092  1381 D InputReader: notifyMotion call dispatcher
04-14 18:18:28.755  2973  8852 I MediaProvider: Observed non-standard /storage/emulated/0/Documents/Scans/downloads/.nomedia
04-14 18:18:28.758  2973 13256 I MediaProvider: Observed non-standard /storage/emulated/0/Documents/Scans/downloads/.nomedia
04-14 18:18:28.760  1092  1381 D InputReader: syncTouch: pointerCount 1 -> 1, touching ids 0x80000000 -> 0x80000000, hovering ids 0x00000000 -> 0x00000000, canceled ids 0x00000000
04-14 18:18:28.760  1092  1381 D InputReader: dispatchTouches action MOVE now(ns): 449201576513934
04-14 18:18:28.760  1092  1381 D InputReader: notifyMotion call dispatcher
04-14 18:18:28.761  1092  9388 D BroadcastQueue: Add broadcast <BroadcastRecord{e52d344 u0 android.intent.action.MEDIA_SCANNER_SCAN_FILE}> into [ordered | background], pending size 0
04-14 18:18:28.766  1092  1381 D InputReader: syncTouch: pointerCount 1 -> 1, touching ids 0x80000000 -> 0x80000000, hovering ids 0x00000000 -> 0x00000000, canceled ids 0x00000000
04-14 18:18:28.766  1092  1381 D InputReader: dispatchTouches action MOVE now(ns): 449201582122511
04-14 18:18:28.766  1092  1381 D InputReader: notifyMotion call dispatcher
04-14 18:18:28.767  2973  3813 I MediaProvider: Observed non-standard /storage/emulated/0/Documents/Scans/downloads/.nomedia
04-14 18:18:28.770  1092  1333 D F_TranHibernation: screen off bc restricted1 by uid 10202
04-14 18:18:28.771  1092  1275 D BroadcastQueue: Finished with ordered broadcast BroadcastRecord{2c811f1 u0 android.intent.action.MEDIA_SCANNER_SCAN_FILE} receivers:([ResolveInfo{3adc2d com.google.android.providers.media.module/com.android.providers.media.MediaReceiver m=0x208000}, ResolveInfo{ff3a562 com.folderv.file/.UsbBroadcastReceiver m=0x208000}]) take 41ms in [background], remains 0
04-14 18:18:28.771  1092  1381 D InputReader: syncTouch: pointerCount 1 -> 1, touching ids 0x80000000 -> 0x80000000, hovering ids 0x00000000 -> 0x00000000, canceled ids 0x00000000
04-14 18:18:28.771  1092  1381 D InputReader: dispatchTouches action MOVE now(ns): 449201587640126
04-14 18:18:28.771  1092  1381 D InputReader: notifyMotion call dispatcher
04-14 18:18:28.774  2973  3813 W ModernMediaScanner: Failed to visit /storage/emulated/0/Documents/Scans/downloads/Mangas-Origines.fr (FR)/Perfect Surgeon/Chapitre 66 - Une nouvelle sanction_c7e49f_tmp/069.tmp: java.nio.file.NoSuchFileException: /storage/emulated/0/Documents/Scans/downloads/Mangas-Origines.fr (FR)/Perfect Surgeon/Chapitre 66 - Une nouvelle sanction_c7e49f_tmp/069.tmp
04-14 18:18:28.777  1092  1381 D InputReader: syncTouch: pointerCount 1 -> 1, touching ids 0x80000000 -> 0x80000000, hovering ids 0x00000000 -> 0x00000000, canceled ids 0x00000000
04-14 18:18:28.777  1092  1381 D InputReader: dispatchTouches action MOVE now(ns): 449201593643895
04-14 18:18:28.777  1092  1381 D InputReader: notifyMotion call dispatcher
04-14 18:18:28.778  1092  1333 D F_TranHibernation: screen off bc restricted1 by uid 10202
04-14 18:18:28.780  1092  1275 D BroadcastQueue: Finished with ordered broadcast BroadcastRecord{e52d344 u0 android.intent.action.MEDIA_SCANNER_SCAN_FILE} receivers:([ResolveInfo{c4bdfb0 com.google.android.providers.media.module/com.android.providers.media.MediaReceiver m=0x208000}, ResolveInfo{c960e29 com.folderv.file/.UsbBroadcastReceiver m=0x208000}]) take 10ms in [background], remains -1
04-14 18:18:28.781  1092  9388 D BroadcastQueue: Add broadcast <BroadcastRecord{9de8f4f u0 android.intent.action.MEDIA_SCANNER_SCAN_FILE}> into [ordered | background], pending size 0
04-14 18:18:28.782  1092  1381 D InputReader: syncTouch: pointerCount 1 -> 1, touching ids 0x80000000 -> 0x80000000, hovering ids 0x00000000 -> 0x00000000, canceled ids 0x00000000
04-14 18:18:28.782  1092  1381 D InputReader: dispatchTouches action MOVE now(ns): 449201598599165
04-14 18:18:28.782  1092  1381 D InputReader: notifyMotion call dispatcher
04-14 18:18:28.785  2973  7441 I MediaProvider: Observed non-standard /storage/emulated/0/Documents/Scans/downloads/.nomedia
04-14 18:18:28.786  2973  7441 I MediaProvider: Observed non-standard /storage/emulated/0/Documents/Scans/downloads/.nomedia
04-14 18:18:28.789  1092  1333 D BroadcastQueue: Add broadcast <BroadcastRecord{98746dc u0 android.intent.action.MEDIA_SCANNER_SCAN_FILE}> into [ordered | background], pending size 0
04-14 18:18:28.797  1604  1604 D CentralSurfaces13.0.5.145: Received new disable state: Old: enaihbcrso.qingr | New: Enaihbcrso.qingr (changed: E.)
04-14 18:18:28.797  1604  1604 V ShadeControllerImpl: NotificationShadeWindow: com.android.systemui.statusbar.phone.NotificationShadeWindowView{ad888a2 I.E...... ......ID 0,0-720,1612} canPanelBeCollapsed(): false
04-14 18:18:28.797  1604  1604 D ShadeControllerImpl: animateCollapsePanels: isFromQsCenter=false, hasExecutedCollapse=false
04-14 18:18:28.798  1092  1381 D InputReader: syncTouch: pointerCount 1 -> 1, touching ids 0x80000000 -> 0x80000000, hovering ids 0x00000000 -> 0x00000000, canceled ids 0x00000000
04-14 18:18:28.798  1092  1381 D InputReader: dispatchTouches action MOVE now(ns): 449201614070126
04-14 18:18:28.798  1092  1381 D InputReader: notifyMotion call dispatcher
04-14 18:18:28.798  1092  1381 D InputReader: syncTouch: pointerCount 1 -> 1, touching ids 0x80000000 -> 0x80000000, hovering ids 0x00000000 -> 0x00000000, canceled ids 0x00000000
04-14 18:18:28.798  1092  1381 D InputReader: dispatchTouches action MOVE now(ns): 449201614320319
04-14 18:18:28.798  1092  1381 D InputReader: notifyMotion call dispatcher
04-14 18:18:28.799  1092  1381 D InputReader: syncTouch: pointerCount 1 -> 1, touching ids 0x80000000 -> 0x80000000, hovering ids 0x00000000 -> 0x00000000, canceled ids 0x00000000
04-14 18:18:28.799  1092  1381 D InputReader: dispatchTouches action MOVE now(ns): 449201615331588
04-14 18:18:28.799  1092  1381 D InputReader: notifyMotion call dispatcher
04-14 18:18:28.800  1092  1360 I BaseFilesVerify: Base File verify start
04-14 18:18:28.800  1092  1360 W BaseFilesVerify: the file protect is not available, open the cloud switch
04-14 18:18:28.801  6883  7160 W ExternalStorage: Error in checking file equality check.
04-14 18:18:28.801  6883  7160 W ExternalStorage: java.nio.file.NoSuchFileException: /storage/emulated/0/Documents/Scans/downloads/Mangas-Origines.fr (FR)/Perfect Surgeon/Chapitre 66 - Une nouvelle sanction_c7e49f_tmp/069.tmp
04-14 18:18:28.801  6883  7160 W ExternalStorage: 	at sun.nio.fs.UnixFileSystemProvider.isSameFile(UnixFileSystemProvider.java:344)
04-14 18:18:28.801  6883  7160 W ExternalStorage: 	at java.nio.file.Files.isSameFile(Files.java:1531)
04-14 18:18:28.801  6883  7160 W ExternalStorage: 	at com.android.externalstorage.ExternalStorageProvider.isRestrictedPath(ExternalStorageProvider.java:352)
04-14 18:18:28.801  6883  7160 W ExternalStorage: 	at com.android.externalstorage.ExternalStorageProvider.shouldHideDocument(ExternalStorageProvider.java:313)
04-14 18:18:28.801  6883  7160 W ExternalStorage: 	at com.android.internal.content.FileSystemProvider.shouldHideDocument(FileSystemProvider.java:680)
04-14 18:18:28.801  6883  7160 W ExternalStorage: 	at com.android.internal.content.FileSystemProvider.queryChildDocuments(FileSystemProvider.java:420)
04-14 18:18:28.801  6883  7160 W ExternalStorage: 	at com.android.internal.content.FileSystemProvider.queryChildDocuments(FileSystemProvider.java:385)
04-14 18:18:28.801  6883  7160 W ExternalStorage: 	at android.provider.DocumentsProvider.queryChildDocuments(DocumentsProvider.java:618)
04-14 18:18:28.801  6883  7160 W ExternalStorage: 	at android.provider.DocumentsProvider.query(DocumentsProvider.java:935)
04-14 18:18:28.801  6883  7160 W ExternalStorage: 	at android.content.ContentProvider$Transport.query(ContentProvider.java:293)
04-14 18:18:28.801  6883  7160 W ExternalStorage: 	at android.content.ContentProviderNative.onTransact(ContentProviderNative.java:107)
04-14 18:18:28.801  6883  7160 W ExternalStorage: 	at android.os.Binder.execTransactInternal(Binder.java:1281)
04-14 18:18:28.801  6883  7160 W ExternalStorage: 	at android.os.Binder.execTransact(Binder.java:1244)
04-14 18:18:28.802  2973 31397 I MediaProvider: Observed non-standard /storage/emulated/0/Documents/Scans/downloads/.nomedia
04-14 18:18:28.803  1092  9576 W JobScheduler: Job didn't exist in JobStore: 98c3d2 #u0a99/65499 com.google.android.apps.nbu.files/androidx.work.impl.background.systemjob.SystemJobService
04-14 18:18:28.803  2973 31397 I MediaProvider: Observed non-standard /storage/emulated/0/Documents/Scans/downloads/.nomedia
04-14 18:18:28.804  1092  1381 I InputReader: processEventsLocked: type=3 Count=4 code=57 value=-1 deviceId=1 when=449201620325000
04-14 18:18:28.804  1092  1381 D InputReader: syncTouch: pointerCount 1 -> 0, touching ids 0x80000000 -> 0x00000000, hovering ids 0x00000000 -> 0x00000000, canceled ids 0x00000000
04-14 18:18:28.804  1092  1381 D InputReader: dispatchTouches action UP now(ns): 449201620618780
04-14 18:18:28.804  1092  1381 D InputReader: notifyMotion call dispatcher
04-14 18:18:28.805  1092  1228 D F_TranHibernation: screen off bc restricted1 by uid 10202
04-14 18:18:28.806  1092  1239 D TranFlingManagerImpl: onOverScrollerFinish()
04-14 18:18:28.807  1092  1275 D BroadcastQueue: Finished with ordered broadcast BroadcastRecord{9de8f4f u0 android.intent.action.MEDIA_SCANNER_SCAN_FILE} receivers:([ResolveInfo{c307eba com.google.android.providers.media.module/com.android.providers.media.MediaReceiver m=0x208000}, ResolveInfo{51ed16b com.folderv.file/.UsbBroadcastReceiver m=0x208000}]) take 26ms in [background], remains 0
04-14 18:18:28.807   691   691 D vendor.unisoc.hardware.power-service: Enter getSceneIdByName: sceneName:com.transsion.XOSLauncher/com.android.quickstep.src.com.android.launcher3.uioverrides.QuickstepLauncher
04-14 18:18:28.809  1604  1604 D CentralSurfaces13.0.5.145: Received new disable state: Old: Enaihbcrso.qingr | New: enaihbcrso.qingr (changed: e.)
04-14 18:18:28.813  1092  9388 D F_TranHibernation: screen off bc restricted1 by uid 10202
04-14 18:18:28.815  1092  1275 D BroadcastQueue: Finished with ordered broadcast BroadcastRecord{98746dc u0 android.intent.action.MEDIA_SCANNER_SCAN_FILE} receivers:([ResolveInfo{5aff4c8 com.google.android.providers.media.module/com.android.providers.media.MediaReceiver m=0x208000}, ResolveInfo{3305961 com.folderv.file/.UsbBroadcastReceiver m=0x208000}]) take 7ms in [background], remains -1
04-14 18:18:28.818  2973 31488 I MediaProvider: Observed non-standard /storage/emulated/0/Documents/Scans/downloads/.nomedia
04-14 18:18:28.820  2973 31488 I MediaProvider: Observed non-standard /storage/emulated/0/Documents/Scans/downloads/.nomedia
04-14 18:18:28.841  2973  3813 I MediaProvider: Scanned external_primary due to REASON_DEMAND, found 0 items in 78ms, 0 inserts 0 updates 0 deletes
04-14 18:18:28.841  2973  3813 I MediaProvider: End Intent { act=android.intent.action.MEDIA_SCANNER_SCAN_FILE dat=file:///... flg=0x1000010 cmp=com.google.android.providers.media.module/com.android.providers.media.MediaService }
04-14 18:18:28.842  6883  7160 W ExternalStorage: Error in checking file equality check.
04-14 18:18:28.842  6883  7160 W ExternalStorage: java.nio.file.NoSuchFileException: /storage/emulated/0/Documents/Scans/downloads/Mangas-Origines.fr (FR)/Perfect Surgeon/Chapitre 66 - Une nouvelle sanction_c7e49f_tmp/071.tmp
04-14 18:18:28.842  6883  7160 W ExternalStorage: 	at sun.nio.fs.UnixFileSystemProvider.isSameFile(UnixFileSystemProvider.java:344)
04-14 18:18:28.842  6883  7160 W ExternalStorage: 	at java.nio.file.Files.isSameFile(Files.java:1531)
04-14 18:18:28.842  6883  7160 W ExternalStorage: 	at com.android.externalstorage.ExternalStorageProvider.isRestrictedPath(ExternalStorageProvider.java:352)
04-14 18:18:28.842  6883  7160 W ExternalStorage: 	at com.android.externalstorage.ExternalStorageProvider.shouldHideDocument(ExternalStorageProvider.java:313)
04-14 18:18:28.842  6883  7160 W ExternalStorage: 	at com.android.internal.content.FileSystemProvider.shouldHideDocument(FileSystemProvider.java:680)
04-14 18:18:28.842  6883  7160 W ExternalStorage: 	at com.android.internal.content.FileSystemProvider.queryChildDocuments(FileSystemProvider.java:420)
04-14 18:18:28.842  6883  7160 W ExternalStorage: 	at com.android.internal.content.FileSystemProvider.queryChildDocuments(FileSystemProvider.java:385)
04-14 18:18:28.842  6883  7160 W ExternalStorage: 	at android.provider.DocumentsProvider.queryChildDocuments(DocumentsProvider.java:618)
04-14 18:18:28.842  6883  7160 W ExternalStorage: 	at android.provider.DocumentsProvider.query(DocumentsProvider.java:935)
04-14 18:18:28.842  6883  7160 W ExternalStorage: 	at android.content.ContentProvider$Transport.query(ContentProvider.java:293)
04-14 18:18:28.842  6883  7160 W ExternalStorage: 	at android.content.ContentProviderNative.onTransact(ContentProviderNative.java:107)
04-14 18:18:28.842  6883  7160 W ExternalStorage: 	at android.os.Binder.execTransactInternal(Binder.java:1281)
04-14 18:18:28.842  6883  7160 W ExternalStorage: 	at android.os.Binder.execTransact(Binder.java:1244)
04-14 18:18:28.842  2973  3813 I MediaProvider: Begin Intent { act=android.intent.action.MEDIA_SCANNER_SCAN_FILE dat=file:///... flg=0x1000010 cmp=com.google.android.providers.media.module/com.android.providers.media.MediaService }
04-14 18:18:28.846  2973  3813 I MediaProvider: Observed non-standard /storage/emulated/0/Documents/Scans/downloads/.nomedia
04-14 18:18:28.847  6883  7160 W ExternalStorage: Error in checking file equality check.
04-14 18:18:28.847  6883  7160 W ExternalStorage: java.nio.file.NoSuchFileException: /storage/emulated/0/Documents/Scans/downloads/Mangas-Origines.fr (FR)/Perfect Surgeon/Chapitre 66 - Une nouvelle sanction_c7e49f_tmp/070.tmp
04-14 18:18:28.847  6883  7160 W ExternalStorage: 	at sun.nio.fs.UnixFileSystemProvider.isSameFile(UnixFileSystemProvider.java:344)
04-14 18:18:28.847  6883  7160 W ExternalStorage: 	at java.nio.file.Files.isSameFile(Files.java:1531)
04-14 18:18:28.847  6883  7160 W ExternalStorage: 	at com.android.externalstorage.ExternalStorageProvider.isRestrictedPath(ExternalStorageProvider.java:352)
04-14 18:18:28.847  6883  7160 W ExternalStorage: 	at com.android.externalstorage.ExternalStorageProvider.shouldHideDocument(ExternalStorageProvider.java:313)
04-14 18:18:28.847  6883  7160 W ExternalStorage: 	at com.android.internal.content.FileSystemProvider.shouldHideDocument(FileSystemProvider.java:680)
04-14 18:18:28.847  6883  7160 W ExternalStorage: 	at com.android.internal.content.FileSystemProvider.queryChildDocuments(FileSystemProvider.java:420)
04-14 18:18:28.847  6883  7160 W ExternalStorage: 	at com.android.internal.content.FileSystemProvider.queryChildDocuments(FileSystemProvider.java:385)
04-14 18:18:28.847  6883  7160 W ExternalStorage: 	at android.provider.DocumentsProvider.queryChildDocuments(DocumentsProvider.java:618)
04-14 18:18:28.847  6883  7160 W ExternalStorage: 	at android.provider.DocumentsProvider.query(DocumentsProvider.java:935)
04-14 18:18:28.847  6883  7160 W ExternalStorage: 	at android.content.ContentProvider$Transport.query(ContentProvider.java:293)
04-14 18:18:28.847  6883  7160 W ExternalStorage: 	at android.content.ContentProviderNative.onTransact(ContentProviderNative.java:107)
04-14 18:18:28.847  6883  7160 W ExternalStorage: 	at android.os.Binder.execTransactInternal(Binder.java:1281)
04-14 18:18:28.847  6883  7160 W ExternalStorage: 	at android.os.Binder.execTransact(Binder.java:1244)
04-14 18:18:28.848  2973  3813 W ModernMediaScanner: Failed to visit /storage/emulated/0/Documents/Scans/downloads/Mangas-Origines.fr (FR)/Perfect Surgeon/Chapitre 66 - Une nouvelle sanction_c7e49f_tmp/072.tmp: java.nio.file.NoSuchFileException: /storage/emulated/0/Documents/Scans/downloads/Mangas-Origines.fr (FR)/Perfect Surgeon/Chapitre 66 - Une nouvelle sanction_c7e49f_tmp/072.tmp
04-14 18:18:28.856  2973  8852 I MediaProvider: Observed non-standard /storage/emulated/0/Documents/Scans/downloads/.nomedia
04-14 18:18:28.857  2973  8852 W ModernMediaScanner: Failed to visit /storage/emulated/0/Documents/Scans/downloads/Mangas-Origines.fr (FR)/Perfect Surgeon/Chapitre 66 - Une nouvelle sanction_c7e49f_tmp/072.tmp: java.nio.file.NoSuchFileException: /storage/emulated/0/Documents/Scans/downloads/Mangas-Origines.fr (FR)/Perfect Surgeon/Chapitre 66 - Une nouvelle sanction_c7e49f_tmp/072.tmp
04-14 18:18:28.858  2973 26583 I MediaProvider: Observed non-standard /storage/emulated/0/Documents/Scans/downloads/.nomedia
04-14 18:18:28.858  2973  3011 I MediaProvider: Observed non-standard /storage/emulated/0/Documents/Scans/downloads/.nomedia
04-14 18:18:28.861  2973  3011 W ModernMediaScanner: Failed to visit /storage/emulated/0/Documents/Scans/downloads/Mangas-Origines.fr (FR)/Perfect Surgeon/Chapitre 66 - Une nouvelle sanction_c7e49f_tmp/073.tmp: java.nio.file.NoSuchFileException: /storage/emulated/0/Documents/Scans/downloads/Mangas-Origines.fr (FR)/Perfect Surgeon/Chapitre 66 - Une nouvelle sanction_c7e49f_tmp/073.tmp
04-14 18:18:28.861  2973 26583 W ModernMediaScanner: Failed to visit /storage/emulated/0/Documents/Scans/downloads/Mangas-Origines.fr (FR)/Perfect Surgeon/Chapitre 66 - Une nouvelle sanction_c7e49f_tmp/070.tmp: java.nio.file.NoSuchFileException: /storage/emulated/0/Documents/Scans/downloads/Mangas-Origines.fr (FR)/Perfect Surgeon/Chapitre 66 - Une nouvelle sanction_c7e49f_tmp/070.tmp
04-14 18:18:28.865  2973 26582 I MediaProvider: Observed non-standard /storage/emulated/0/Documents/Scans/downloads/.nomedia
04-14 18:18:28.869  2973 26582 W ModernMediaScanner: Failed to visit /storage/emulated/0/Documents/Scans/downloads/Mangas-Origines.fr (FR)/Perfect Surgeon/Chapitre 66 - Une nouvelle sanction_c7e49f_tmp/071.tmp: java.nio.file.NoSuchFileException: /storage/emulated/0/Documents/Scans/downloads/Mangas-Origines.fr (FR)/Perfect Surgeon/Chapitre 66 - Une nouvelle sanction_c7e49f_tmp/071.tmp
04-14 18:18:28.905   679   679 I DPUModule: DpuR5P0::checkLayerFormat <142>: checkLayerFormat: Format(1)
04-14 18:18:28.905   679   679 I DPUModule: DpuR5P0::checkTransform <35>: checkTransform: Transform(0), SRCRect(0,0)
04-14 18:18:28.905   679   679 I DPUModule: DpuR5P0::checkAFBCBlockSize <97>: checkAFBCBlockSize: compressed(1),format(1), pitch(800), vstride(1616)
04-14 18:18:28.905   679   679 I DPUModule: DpuR5P0::checkLayerFormat <142>: checkLayerFormat: Format(1)
04-14 18:18:28.905   679   679 I DPUModule: DpuR5P0::checkTransform <35>: checkTransform: Transform(0), SRCRect(0,0)
04-14 18:18:28.905   679   679 I DPUModule: DpuR5P0::checkAFBCBlockSize <97>: checkAFBCBlockSize: compressed(1),format(1), pitch(720), vstride(1616)
04-14 18:18:28.905   679   679 I DPUModule: DpuR5P0::checkLayerFormat <142>: checkLayerFormat: Format(1)
04-14 18:18:28.905   679   679 I DPUModule: DpuR5P0::checkTransform <35>: checkTransform: Transform(0), SRCRect(0,0)
04-14 18:18:28.905   679   679 I DPUModule: DpuR5P0::checkAFBCBlockSize <97>: checkAFBCBlockSize: compressed(1),format(1), pitch(720), vstride(80)
04-14 18:18:28.905   679   679 I DPUModule: DpuR5P0::checkLayerFormat <142>: checkLayerFormat: Format(1)
04-14 18:18:28.905   679   679 I DPUModule: DpuR5P0::checkTransform <35>: checkTransform: Transform(0), SRCRect(0,0)
04-14 18:18:28.905   679   679 I DPUModule: DpuR5P0::checkAFBCBlockSize <97>: checkAFBCBlockSize: compressed(1),format(1), pitch(720), vstride(96)
04-14 18:18:28.905   679   679 D DPUModule: [] support: 0
04-14 18:18:28.916   679   679 I DPUModule: DpuR5P0::checkLayerFormat <142>: checkLayerFormat: Format(1)
04-14 18:18:28.916   679   679 I DPUModule: DpuR5P0::checkTransform <35>: checkTransform: Transform(0), SRCRect(0,0)
04-14 18:18:28.916   679   679 I DPUModule: DpuR5P0::checkAFBCBlockSize <97>: checkAFBCBlockSize: compressed(1),format(1), pitch(800), vstride(1616)
04-14 18:18:28.916   679   679 I DPUModule: DpuR5P0::checkLayerFormat <142>: checkLayerFormat: Format(1)
04-14 18:18:28.916   679   679 I DPUModule: DpuR5P0::checkTransform <35>: checkTransform: Transform(0), SRCRect(0,0)
04-14 18:18:28.916   679   679 I DPUModule: DpuR5P0::checkAFBCBlockSize <97>: checkAFBCBlockSize: compressed(1),format(1), pitch(720), vstride(1616)
04-14 18:18:28.916   679   679 I DPUModule: DpuR5P0::checkLayerFormat <142>: checkLayerFormat: Format(1)
04-14 18:18:28.916   679   679 I DPUModule: DpuR5P0::checkTransform <35>: checkTransform: Transform(0), SRCRect(0,0)
04-14 18:18:28.916   679   679 I DPUModule: DpuR5P0::checkAFBCBlockSize <97>: checkAFBCBlockSize: compressed(1),format(1), pitch(720), vstride(80)
04-14 18:18:28.916   679   679 I DPUModule: DpuR5P0::checkLayerFormat <142>: checkLayerFormat: Format(1)
04-14 18:18:28.916   679   679 I DPUModule: DpuR5P0::checkTransform <35>: checkTransform: Transform(0), SRCRect(0,0)
04-14 18:18:28.916   679   679 I DPUModule: DpuR5P0::checkAFBCBlockSize <97>: checkAFBCBlockSize: compressed(1),format(1), pitch(720), vstride(96)
04-14 18:18:28.916   679   679 D DPUModule: [] support: 0
04-14 18:18:28.931  2973 26963 I MediaProvider: Observed non-standard /storage/emulated/0/Documents/Scans/downloads/.nomedia
04-14 18:18:28.931  2973  3011 I MediaProvider: Scanned external_primary due to REASON_DEMAND, found 0 items in 74ms, 0 inserts 0 updates 0 deletes
04-14 18:18:28.932  2973 26583 I MediaProvider: Scanned external_primary due to REASON_DEMAND, found 0 items in 74ms, 0 inserts 0 updates 0 deletes
04-14 18:18:28.932  2973  3813 I MediaProvider: Scanned external_primary due to REASON_DEMAND, found 0 items in 87ms, 0 inserts 0 updates 0 deletes
04-14 18:18:28.933  2973  3813 I MediaProvider: End Intent { act=android.intent.action.MEDIA_SCANNER_SCAN_FILE dat=file:///... flg=0x1000010 cmp=com.google.android.providers.media.module/com.android.providers.media.MediaService }
04-14 18:18:28.934  2973  8852 I MediaProvider: Scanned external_primary due to REASON_DEMAND, found 0 items in 79ms, 0 inserts 0 updates 0 deletes
04-14 18:18:28.934  2973  3813 I MediaProvider: Begin Intent { act=android.intent.action.MEDIA_SCANNER_SCAN_FILE dat=file:///... flg=0x1000010 cmp=com.google.android.providers.media.module/com.android.providers.media.MediaService }
04-14 18:18:28.936  2973 26583 I MediaProvider: Observed non-standard /storage/emulated/0/Documents/Scans/downloads/.nomedia
04-14 18:18:28.939  2973  3011 I MediaProvider: Observed non-standard /storage/emulated/0/Documents/Scans/downloads/.nomedia
04-14 18:18:28.939  2973  3813 I MediaProvider: Observed non-standard /storage/emulated/0/Documents/Scans/downloads/.nomedia
04-14 18:18:28.940  2973  8852 I MediaProvider: Observed non-standard /storage/emulated/0/Documents/Scans/downloads/.nomedia
04-14 18:18:28.941  2973  3813 W ModernMediaScanner: Failed to visit /storage/emulated/0/Documents/Scans/downloads/Mangas-Origines.fr (FR)/Perfect Surgeon/Chapitre 66 - Une nouvelle sanction_c7e49f_tmp/071.tmp: java.nio.file.NoSuchFileException: /storage/emulated/0/Documents/Scans/downloads/Mangas-Origines.fr (FR)/Perfect Surgeon/Chapitre 66 - Une nouvelle sanction_c7e49f_tmp/071.tmp
04-14 18:18:28.946  2973 26963 D MediaProvider: Open with FUSE. FilePath: /storage/emulated/0/Documents/Scans/downloads/Mangas-Origines.fr (FR)/Perfect Surgeon/Chapitre 66 - Une nouvelle sanction_c7e49f_tmp/068.jpg. Uid: 10053. Media Capabilities Uid: 0. ShouldRedact: false. ShouldTranscode: false
04-14 18:18:28.951  2973 26582 I MediaProvider: Scanned external_primary due to REASON_DEMAND, found 0 items in 91ms, 0 inserts 0 updates 0 deletes
04-14 18:18:28.952  6883  7161 W ExternalStorage: Error in checking file equality check.
04-14 18:18:28.952  6883  7161 W ExternalStorage: java.nio.file.NoSuchFileException: /storage/emulated/0/Documents/Scans/downloads/Mangas-Origines.fr (FR)/Perfect Surgeon/Chapitre 66 - Une nouvelle sanction_c7e49f_tmp/072.tmp
04-14 18:18:28.952  6883  7161 W ExternalStorage: 	at sun.nio.fs.UnixFileSystemProvider.isSameFile(UnixFileSystemProvider.java:344)
04-14 18:18:28.952  6883  7161 W ExternalStorage: 	at java.nio.file.Files.isSameFile(Files.java:1531)
04-14 18:18:28.952  6883  7161 W ExternalStorage: 	at com.android.externalstorage.ExternalStorageProvider.isRestrictedPath(ExternalStorageProvider.java:352)
04-14 18:18:28.952  6883  7161 W ExternalStorage: 	at com.android.externalstorage.ExternalStorageProvider.shouldHideDocument(ExternalStorageProvider.java:313)
04-14 18:18:28.952  6883  7161 W ExternalStorage: 	at com.android.internal.content.FileSystemProvider.shouldHideDocument(FileSystemProvider.java:680)
04-14 18:18:28.952  6883  7161 W ExternalStorage: 	at com.android.internal.content.FileSystemProvider.queryChildDocuments(FileSystemProvider.java:420)
04-14 18:18:28.952  6883  7161 W ExternalStorage: 	at com.android.internal.content.FileSystemProvider.queryChildDocuments(FileSystemProvider.java:385)
04-14 18:18:28.952  6883  7161 W ExternalStorage: 	at android.provider.DocumentsProvider.queryChildDocuments(DocumentsProvider.java:618)
04-14 18:18:28.952  6883  7161 W ExternalStorage: 	at android.provider.DocumentsProvider.query(DocumentsProvider.java:935)
04-14 18:18:28.952  6883  7161 W ExternalStorage: 	at android.content.ContentProvider$Transport.query(ContentProvider.java:293)
04-14 18:18:28.952  6883  7161 W ExternalStorage: 	at android.content.ContentProviderNative.onTransact(ContentProviderNative.java:107)
04-14 18:18:28.952  6883  7161 W ExternalStorage: 	at android.os.Binder.execTransactInternal(Binder.java:1281)
04-14 18:18:28.952  6883  7161 W ExternalStorage: 	at android.os.Binder.execTransact(Binder.java:1244)
04-14 18:18:28.955  2973 26582 I MediaProvider: Observed non-standard /storage/emulated/0/Documents/Scans/downloads/.nomedia
04-14 18:18:28.955  1092  3945 V os.NotificationManagerServiceLice: onFixNotification notification= Notification(channel=downloader_progress_channel shortcut=null contentView=null vibrate=null sound=null defaults=0x0 flags=0xa color=0xff54759e actions=2 vis=PRIVATE)
04-14 18:18:28.957  6883  7161 W ExternalStorage: Error in checking file equality check.
04-14 18:18:28.957  6883  7161 W ExternalStorage: java.nio.file.NoSuchFileException: /storage/emulated/0/Documents/Scans/downloads/Mangas-Origines.fr (FR)/Perfect Surgeon/Chapitre 66 - Une nouvelle sanction_c7e49f_tmp/071.tmp
04-14 18:18:28.957  6883  7161 W ExternalStorage: 	at sun.nio.fs.UnixFileSystemProvider.isSameFile(UnixFileSystemProvider.java:344)
04-14 18:18:28.957  6883  7161 W ExternalStorage: 	at java.nio.file.Files.isSameFile(Files.java:1531)
04-14 18:18:28.957  6883  7161 W ExternalStorage: 	at com.android.externalstorage.ExternalStorageProvider.isRestrictedPath(ExternalStorageProvider.java:352)
04-14 18:18:28.957  6883  7161 W ExternalStorage: 	at com.android.externalstorage.ExternalStorageProvider.shouldHideDocument(ExternalStorageProvider.java:313)
04-14 18:18:28.957  6883  7161 W ExternalStorage: 	at com.android.internal.content.FileSystemProvider.shouldHideDocument(FileSystemProvider.java:680)
04-14 18:18:28.957  6883  7161 W ExternalStorage: 	at com.android.internal.content.FileSystemProvider.queryChildDocuments(FileSystemProvider.java:420)
04-14 18:18:28.957  6883  7161 W ExternalStorage: 	at com.android.internal.content.FileSystemProvider.queryChildDocuments(FileSystemProvider.java:385)
04-14 18:18:28.957  6883  7161 W ExternalStorage: 	at android.provider.DocumentsProvider.queryChildDocuments(DocumentsProvider.java:618)
04-14 18:18:28.957  6883  7161 W ExternalStorage: 	at android.provider.DocumentsProvider.query(DocumentsProvider.java:935)
04-14 18:18:28.957  6883  7161 W ExternalStorage: 	at android.content.ContentProvider$Transport.query(ContentProvider.java:293)
04-14 18:18:28.957  6883  7161 W ExternalStorage: 	at android.content.ContentProviderNative.onTransact(ContentProviderNative.java:107)
04-14 18:18:28.957  6883  7161 W ExternalStorage: 	at android.os.Binder.execTransactInternal(Binder.java:1281)
04-14 18:18:28.957  6883  7161 W ExternalStorage: 	at android.os.Binder.execTransact(Binder.java:1244)
04-14 18:18:28.962  6883  7161 W ExternalStorage: Error in checking file equality check.
04-14 18:18:28.962  6883  7161 W ExternalStorage: java.nio.file.NoSuchFileException: /storage/emulated/0/Documents/Scans/downloads/Mangas-Origines.fr (FR)/Perfect Surgeon/Chapitre 66 - Une nouvelle sanction_c7e49f_tmp/070.tmp
04-14 18:18:28.962  6883  7161 W ExternalStorage: 	at sun.nio.fs.UnixFileSystemProvider.isSameFile(UnixFileSystemProvider.java:344)
04-14 18:18:28.962  6883  7161 W ExternalStorage: 	at java.nio.file.Files.isSameFile(Files.java:1531)
04-14 18:18:28.962  6883  7161 W ExternalStorage: 	at com.android.externalstorage.ExternalStorageProvider.isRestrictedPath(ExternalStorageProvider.java:352)
04-14 18:18:28.962  6883  7161 W ExternalStorage: 	at com.android.externalstorage.ExternalStorageProvider.shouldHideDocument(ExternalStorageProvider.java:313)
04-14 18:18:28.962  6883  7161 W ExternalStorage: 	at com.android.internal.content.FileSystemProvider.shouldHideDocument(FileSystemProvider.java:680)
04-14 18:18:28.962  6883  7161 W ExternalStorage: 	at com.android.internal.content.FileSystemProvider.queryChildDocuments(FileSystemProvider.java:420)
04-14 18:18:28.962  6883  7161 W ExternalStorage: 	at com.android.internal.content.FileSystemProvider.queryChildDocuments(FileSystemProvider.java:385)
04-14 18:18:28.962  6883  7161 W ExternalStorage: 	at android.provider.DocumentsProvider.queryChildDocuments(DocumentsProvider.java:618)
04-14 18:18:28.962  6883  7161 W ExternalStorage: 	at android.provider.DocumentsProvider.query(DocumentsProvider.java:935)
04-14 18:18:28.962  6883  7161 W ExternalStorage: 	at android.content.ContentProvider$Transport.query(ContentProvider.java:293)
04-14 18:18:28.962  6883  7161 W ExternalStorage: 	at android.content.ContentProviderNative.onTransact(ContentProviderNative.java:107)
04-14 18:18:28.962  6883  7161 W ExternalStorage: 	at android.os.Binder.execTransactInternal(Binder.java:1281)
04-14 18:18:28.962  6883  7161 W ExternalStorage: 	at android.os.Binder.execTransact(Binder.java:1244)
04-14 18:18:28.968  6883  7161 W ExternalStorage: Error in checking file equality check.
04-14 18:18:28.968  6883  7161 W ExternalStorage: java.nio.file.NoSuchFileException: /storage/emulated/0/Documents/Scans/downloads/Mangas-Origines.fr (FR)/Perfect Surgeon/Chapitre 66 - Une nouvelle sanction_c7e49f_tmp/073.tmp
04-14 18:18:28.968  6883  7161 W ExternalStorage: 	at sun.nio.fs.UnixFileSystemProvider.isSameFile(UnixFileSystemProvider.java:344)
04-14 18:18:28.968  6883  7161 W ExternalStorage: 	at java.nio.file.Files.isSameFile(Files.java:1531)
04-14 18:18:28.968  6883  7161 W ExternalStorage: 	at com.android.externalstorage.ExternalStorageProvider.isRestrictedPath(ExternalStorageProvider.java:352)
04-14 18:18:28.968  6883  7161 W ExternalStorage: 	at com.android.externalstorage.ExternalStorageProvider.shouldHideDocument(ExternalStorageProvider.java:313)
04-14 18:18:28.968  6883  7161 W ExternalStorage: 	at com.android.internal.content.FileSystemProvider.shouldHideDocument(FileSystemProvider.java:680)
04-14 18:18:28.968  6883  7161 W ExternalStorage: 	at com.android.internal.content.FileSystemProvider.queryChildDocuments(FileSystemProvider.java:420)
04-14 18:18:28.968  6883  7161 W ExternalStorage: 	at com.android.internal.content.FileSystemProvider.queryChildDocuments(FileSystemProvider.java:385)
04-14 18:18:28.968  6883  7161 W ExternalStorage: 	at android.provider.DocumentsProvider.queryChildDocuments(DocumentsProvider.java:618)
04-14 18:18:28.968  6883  7161 W ExternalStorage: 	at android.provider.DocumentsProvider.query(DocumentsProvider.java:935)
04-14 18:18:28.968  6883  7161 W ExternalStorage: 	at android.content.ContentProvider$Transport.query(ContentProvider.java:293)
04-14 18:18:28.968  6883  7161 W ExternalStorage: 	at android.content.ContentProviderNative.onTransact(ContentProviderNative.java:107)
04-14 18:18:28.968  6883  7161 W ExternalStorage: 	at android.os.Binder.execTransactInternal(Binder.java:1281)
04-14 18:18:28.968  6883  7161 W ExternalStorage: 	at android.os.Binder.execTransact(Binder.java:1244)
04-14 18:18:28.986  2973  3813 I MediaProvider: Scanned external_primary due to REASON_DEMAND, found 0 items in 48ms, 0 inserts 0 updates 0 deletes
04-14 18:18:28.986  2973  3813 I MediaProvider: End Intent { act=android.intent.action.MEDIA_SCANNER_SCAN_FILE dat=file:///... flg=0x1000010 cmp=com.google.android.providers.media.module/com.android.providers.media.MediaService }
04-14 18:18:28.987  2973  3813 I MediaProvider: Begin Intent { act=android.intent.action.MEDIA_SCANNER_SCAN_FILE dat=file:///... flg=0x1000010 cmp=com.google.android.providers.media.module/com.android.providers.media.MediaService }
04-14 18:18:28.990  2973  3813 I MediaProvider: Observed non-standard /storage/emulated/0/Documents/Scans/downloads/.nomedia
04-14 18:18:28.992  2973  3813 W ModernMediaScanner: Failed to visit /storage/emulated/0/Documents/Scans/downloads/Mangas-Origines.fr (FR)/Perfect Surgeon/Chapitre 66 - Une nouvelle sanction_c7e49f_tmp/070.tmp: java.nio.file.NoSuchFileException: /storage/emulated/0/Documents/Scans/downloads/Mangas-Origines.fr (FR)/Perfect Surgeon/Chapitre 66 - Une nouvelle sanction_c7e49f_tmp/070.tmp
04-14 18:18:29.002  2973  8852 I MediaProvider: Observed non-standard /storage/emulated/0/Documents/Scans/downloads/.nomedia
04-14 18:18:29.006  1092  3945 W libc    : Access denied finding property "persist.vendor.dbg.disable.art"
04-14 18:18:29.010  2973  8852 D MediaProvider: Open with FUSE. FilePath: /storage/emulated/0/Documents/Scans/downloads/Mangas-Origines.fr (FR)/Perfect Surgeon/Chapitre 66 - Une nouvelle sanction_c7e49f_tmp/067.jpg. Uid: 10053. Media Capabilities Uid: 0. ShouldRedact: false. ShouldTranscode: false
04-14 18:18:29.013  4442  4442 D VRI[QuickstepLauncher]: performTraversals relayoutWindow: maybeSyncSeqId=-1 ,mSyncSeqId=0 ,relayoutResult=0
04-14 18:18:29.022  1092  3945 V os.NotificationManagerServiceLice: onFixNotification notification= Notification(channel=downloader_progress_channel shortcut=null contentView=null vibrate=null sound=null defaults=0x0 flags=0xa color=0xff54759e actions=2 vis=PRIVATE)
04-14 18:18:29.028  1092  1395 D NetworkAdapter: UnisocOffloadUsbTetheringStatsProvider.onRequestStatsUpdate
04-14 18:18:29.029  1092  1867 D NetworkAdapter: UnisocOffloadUsbTetheringStatsProvider.pushTetherStats
04-14 18:18:29.030  1092  1867 D NetworkAdapter: Unisoc Offload UsbTethering StatsProvider getTetherStats
04-14 18:18:29.030  1092  1867 D NetworkAdapter: OFFLOAD_USB_TETHERING_PROP = 0
04-14 18:18:29.030  1092  1867 D NetworkAdapter: Unisoc Offload UsbTethering StatsProvider getTetherStats
04-14 18:18:29.031  2973  3813 I MediaProvider: Scanned external_primary due to REASON_DEMAND, found 0 items in 41ms, 0 inserts 0 updates 0 deletes
04-14 18:18:29.031  1092  1867 D NetworkAdapter: OFFLOAD_USB_TETHERING_PROP = 0
04-14 18:18:29.031  2973  3813 I MediaProvider: End Intent { act=android.intent.action.MEDIA_SCANNER_SCAN_FILE dat=file:///... flg=0x1000010 cmp=com.google.android.providers.media.module/com.android.providers.media.MediaService }
04-14 18:18:29.032  2973  3813 I MediaProvider: Begin Intent { act=android.intent.action.MEDIA_SCANNER_SCAN_FILE dat=file:///... flg=0x1000010 cmp=com.google.android.providers.media.module/com.android.providers.media.MediaService }
04-14 18:18:29.036  2973  3813 I MediaProvider: Observed non-standard /storage/emulated/0/Documents/Scans/downloads/.nomedia
04-14 18:18:29.037  2973  3813 W ModernMediaScanner: Failed to visit /storage/emulated/0/Documents/Scans/downloads/Mangas-Origines.fr (FR)/Perfect Surgeon/Chapitre 66 - Une nouvelle sanction_c7e49f_tmp/073.tmp: java.nio.file.NoSuchFileException: /storage/emulated/0/Documents/Scans/downloads/Mangas-Origines.fr (FR)/Perfect Surgeon/Chapitre 66 - Une nouvelle sanction_c7e49f_tmp/073.tmp
04-14 18:18:29.069  2973  3813 I MediaProvider: Scanned external_primary due to REASON_DEMAND, found 0 items in 33ms, 0 inserts 0 updates 0 deletes
04-14 18:18:29.069  2973  3813 I MediaProvider: End Intent { act=android.intent.action.MEDIA_SCANNER_SCAN_FILE dat=file:///... flg=0x1000010 cmp=com.google.android.providers.media.module/com.android.providers.media.MediaService }
04-14 18:18:29.098  4442  4442 D MMKV_DEBUG ->: clearAll id:55fe2314b89ff4da5b40e8b8986fc710
04-14 18:18:29.098  4442  4442 I MMKV    : <MMKV_IO.cpp:1428::clearAll> cleaning all key-values from [55fe2314b89ff4da5b40e8b8986fc710]
04-14 18:18:29.098  4442  4442 I MMKV    : <MMKV_IO.cpp:1439::clearAll> nothing to clear for [55fe2314b89ff4da5b40e8b8986fc710]
04-14 18:18:29.102  2973  8852 I MediaProvider: Observed non-standard /storage/emulated/0/Documents/Scans/downloads/.nomedia
04-14 18:18:29.108  2973  8852 D MediaProvider: Open with FUSE. FilePath: /storage/emulated/0/Documents/Scans/downloads/Mangas-Origines.fr (FR)/Perfect Surgeon/Chapitre 66 - Une nouvelle sanction_c7e49f_tmp/069.jpg. Uid: 10053. Media Capabilities Uid: 0. ShouldRedact: false. ShouldTranscode: false
04-14 18:18:29.113  1092  2391 D SmartBandWith_Controller2: [handleMessage] what: 1009
04-14 18:18:29.114  1092  2391 D SmartBandWith_Controller2: [onTaskStackChanged] topPackage = com.transsion.XOSLauncher, mForegroundPackage = com.android.settings
04-14 18:18:29.114  1092  2391 D SmartBandWith_Controller2: [onTaskStackChanged] mIsWhitelist = false
04-14 18:18:29.114  1092  2391 D SmartBandWith_Controller2: [onTaskStackChanged] mUid = 10174
04-14 18:18:29.114  1092  2391 D SmartBandWith_Controller2: [onTaskStackChanged] mBackgroundUids size = 0
04-14 18:18:29.114  1092  2391 D SmartBandWith_Controller2: checkIsReadytoQueryNwState mScreenOn = true, mWhiteAppNotSplit = false, mIsSupport = true, mIsOptimizeEnabled = true, mEnableByPhone = false, mIsNetIdSupport = true
04-14 18:18:29.115  1092  2391 D SmartBandWith_Controller2: [handleMessage] what: 1008
04-14 18:18:29.115  1092  2391 D SmartBandWith_Controller2: handleMessage mReadyToQueryNwState = false, mIsWifiConnected = true, mDcState = 0, mServiceStateCache = 0
04-14 18:18:29.120  1092  9388 V os.NotificationManagerServiceLice: onFixNotification notification= Notification(channel=downloader_progress_channel shortcut=null contentView=null vibrate=null sound=null defaults=0x0 flags=0xa color=0xff54759e actions=2 vis=PRIVATE)
04-14 18:18:29.158  1092  1092 I MultipleDialerDeviceUtil: isMultipleDialerDevice start 0
04-14 18:18:29.158  1092  1092 I Telecom : DefaultDialerCache: Package Manager could not find ComponentName:com.android.incallui: TSI.iIMC@aQY
04-14 18:18:29.161  1514  1514 D SmsFilterController: isAutoVerificationEnable: true
04-14 18:18:29.162  1514  1514 D SmsFilterController: isLongBatterySuperPs: false
04-14 18:18:29.162  1514  1514 D SmsFilterController: isBikeModeEnable: false
04-14 18:18:29.162  1514  1514 D SmsFilterController: isGameNotInterrupt: false
04-14 18:18:29.162  1514  1514 D SmsFilterController: isZenModeOff: true
04-14 18:18:29.162  1514  1514 D SmsFilterController: isVideoAssistantMode: false
04-14 18:18:29.165  1514  1514 D SmsFilterController: appItem : com.ubercab
04-14 18:18:29.167  1604  1604 I SysUI_OverviewSysUiProxyService:  isEnabled mIsEnabled false mIsFoldExpanded true
04-14 18:18:29.179  1604  1762 D NotificationLice: setThunderbackButtonVisiable
04-14 18:18:29.181  1604  1762 D NotificationLice: setThunderbackButtonVisiable
04-14 18:18:29.182  1604  1762 D NotificationLice: updateThunderbackButtonVisiable
04-14 18:18:29.184  1604  1762 D LocalImageResolver: Couldn't use ImageDecoder for drawable, falling back to non-resized load.
04-14 18:18:29.186  1604  1762 D LocalImageResolver: Couldn't use ImageDecoder for drawable, falling back to non-resized load.
04-14 18:18:29.215  2973  8852 I MediaProvider: Observed non-standard /storage/emulated/0/Documents/Scans/downloads/.nomedia
04-14 18:18:29.221  2973  8852 D MediaProvider: Open with FUSE. FilePath: /storage/emulated/0/Documents/Scans/downloads/Mangas-Origines.fr (FR)/Perfect Surgeon/Chapitre 66 - Une nouvelle sanction_c7e49f_tmp/073.jpg. Uid: 10053. Media Capabilities Uid: 0. ShouldRedact: false. ShouldTranscode: false
04-14 18:18:29.223  2973  3011 I MediaProvider: Observed non-standard /storage/emulated/0/Documents/Scans/downloads/.nomedia
04-14 18:18:29.225  1092  1092 I MultipleDialerDeviceUtil: isMultipleDialerDevice start 0
04-14 18:18:29.225  1092  1092 I Telecom : DefaultDialerCache: Package Manager could not find ComponentName:com.android.incallui: TSI.iIMC@aQg
04-14 18:18:29.229  2973  3011 D MediaProvider: Open with FUSE. FilePath: /storage/emulated/0/Documents/Scans/downloads/Mangas-Origines.fr (FR)/Perfect Surgeon/Chapitre 66 - Une nouvelle sanction_c7e49f_tmp/070.jpg. Uid: 10053. Media Capabilities Uid: 0. ShouldRedact: false. ShouldTranscode: false
04-14 18:18:29.229  1514  1514 D SmsFilterController: isAutoVerificationEnable: true
04-14 18:18:29.229  1514  1514 D SmsFilterController: isLongBatterySuperPs: false
04-14 18:18:29.229  1514  1514 D SmsFilterController: isBikeModeEnable: false
04-14 18:18:29.229  1514  1514 D SmsFilterController: isGameNotInterrupt: false
04-14 18:18:29.229  1514  1514 D SmsFilterController: isZenModeOff: true
04-14 18:18:29.229  1514  1514 D SmsFilterController: isVideoAssistantMode: false
04-14 18:18:29.233  1604  1604 I SysUI_OverviewSysUiProxyService:  isEnabled mIsEnabled false mIsFoldExpanded true
04-14 18:18:29.233  1514  1514 D SmsFilterController: appItem : com.ubercab
04-14 18:18:29.235  1092  9388 V os.NotificationManagerServiceLice: onFixNotification notification= Notification(channel=downloader_progress_channel shortcut=null contentView=null vibrate=null sound=null defaults=0x0 flags=0xa color=0xff54759e actions=2 vis=PRIVATE)
04-14 18:18:29.240  1604  1762 D NotificationLice: setThunderbackButtonVisiable
04-14 18:18:29.240  1604  1762 D NotificationLice: setThunderbackButtonVisiable
04-14 18:18:29.240  1604  1762 D NotificationLice: updateThunderbackButtonVisiable
04-14 18:18:29.241  1092  9388 V os.NotificationManagerServiceLice: onFixNotification notification= Notification(channel=downloader_progress_channel shortcut=null contentView=null vibrate=null sound=null defaults=0x0 flags=0xa color=0xff54759e actions=2 vis=PRIVATE)
04-14 18:18:29.242  1604  1762 D LocalImageResolver: Couldn't use ImageDecoder for drawable, falling back to non-resized load.
04-14 18:18:29.244  1604  1762 D LocalImageResolver: Couldn't use ImageDecoder for drawable, falling back to non-resized load.
04-14 18:18:29.246  2973  3011 I MediaProvider: Observed non-standard /storage/emulated/0/Documents/Scans/downloads/.nomedia
04-14 18:18:29.251  2973  3011 D MediaProvider: Open with FUSE. FilePath: /storage/emulated/0/Documents/Scans/downloads/Mangas-Origines.fr (FR)/Perfect Surgeon/Chapitre 66 - Une nouvelle sanction_c7e49f_tmp/072.jpg. Uid: 10053. Media Capabilities Uid: 0. ShouldRedact: false. ShouldTranscode: false
04-14 18:18:29.263  1092  5606 V os.NotificationManagerServiceLice: onFixNotification notification= Notification(channel=downloader_progress_channel shortcut=null contentView=null vibrate=null sound=null defaults=0x0 flags=0xa color=0xff54759e actions=2 vis=PRIVATE)
04-14 18:18:29.269  2973  3011 I MediaProvider: Observed non-standard /storage/emulated/0/Documents/Scans/downloads/.nomedia
04-14 18:18:29.275  2973  3011 D MediaProvider: Open with FUSE. FilePath: /storage/emulated/0/Documents/Scans/downloads/Mangas-Origines.fr (FR)/Perfect Surgeon/Chapitre 66 - Une nouvelle sanction_c7e49f_tmp/071.jpg. Uid: 10053. Media Capabilities Uid: 0. ShouldRedact: false. ShouldTranscode: false
04-14 18:18:29.282   679   679 I DPUModule: DpuR5P0::checkLayerFormat <142>: checkLayerFormat: Format(1)
04-14 18:18:29.282   679   679 I DPUModule: DpuR5P0::checkTransform <35>: checkTransform: Transform(0), SRCRect(0,0)
04-14 18:18:29.282   679   679 I DPUModule: DpuR5P0::checkAFBCBlockSize <97>: checkAFBCBlockSize: compressed(1),format(1), pitch(800), vstride(1616)
04-14 18:18:29.282   679   679 I DPUModule: DpuR5P0::checkLayerFormat <142>: checkLayerFormat: Format(1)
04-14 18:18:29.282   679   679 I DPUModule: DpuR5P0::checkTransform <35>: checkTransform: Transform(0), SRCRect(0,0)
04-14 18:18:29.282   679   679 I DPUModule: DpuR5P0::checkAFBCBlockSize <97>: checkAFBCBlockSize: compressed(1),format(1), pitch(720), vstride(1616)
04-14 18:18:29.282   679   679 I DPUModule: DpuR5P0::checkLayerFormat <142>: checkLayerFormat: Format(1)
04-14 18:18:29.282   679   679 I DPUModule: DpuR5P0::checkTransform <35>: checkTransform: Transform(0), SRCRect(0,0)
04-14 18:18:29.282   679   679 I DPUModule: DpuR5P0::checkAFBCBlockSize <97>: checkAFBCBlockSize: compressed(1),format(1), pitch(720), vstride(80)
04-14 18:18:29.282   679   679 I DPUModule: DpuR5P0::checkLayerFormat <142>: checkLayerFormat: Format(1)
04-14 18:18:29.283   679   679 I DPUModule: DpuR5P0::checkTransform <35>: checkTransform: Transform(0), SRCRect(0,0)
04-14 18:18:29.283   679   679 I DPUModule: DpuR5P0::checkAFBCBlockSize <97>: checkAFBCBlockSize: compressed(1),format(1), pitch(720), vstride(96)
04-14 18:18:29.283   679   679 D DPUModule: [] support: 0
04-14 18:18:29.283  1092  3945 V os.NotificationManagerServiceLice: onFixNotification notification= Notification(channel=downloader_progress_channel shortcut=null contentView=null vibrate=null sound=null defaults=0x0 flags=0xa color=0xff54759e actions=2 vis=PRIVATE)
04-14 18:18:29.293   679   679 I DPUModule: DpuR5P0::checkLayerFormat <142>: checkLayerFormat: Format(1)
04-14 18:18:29.293   679   679 I DPUModule: DpuR5P0::checkTransform <35>: checkTransform: Transform(0), SRCRect(0,0)
04-14 18:18:29.293   679   679 I DPUModule: DpuR5P0::checkAFBCBlockSize <97>: checkAFBCBlockSize: compressed(1),format(1), pitch(800), vstride(1616)
04-14 18:18:29.293   679   679 I DPUModule: DpuR5P0::checkLayerFormat <142>: checkLayerFormat: Format(1)
04-14 18:18:29.293   679   679 I DPUModule: DpuR5P0::checkTransform <35>: checkTransform: Transform(0), SRCRect(0,0)
04-14 18:18:29.293   679   679 I DPUModule: DpuR5P0::checkAFBCBlockSize <97>: checkAFBCBlockSize: compressed(1),format(1), pitch(720), vstride(1616)
04-14 18:18:29.293   679   679 I DPUModule: DpuR5P0::checkLayerFormat <142>: checkLayerFormat: Format(1)
04-14 18:18:29.293   679   679 I DPUModule: DpuR5P0::checkTransform <35>: checkTransform: Transform(0), SRCRect(0,0)
04-14 18:18:29.293   679   679 I DPUModule: DpuR5P0::checkAFBCBlockSize <97>: checkAFBCBlockSize: compressed(1),format(1), pitch(720), vstride(80)
04-14 18:18:29.293   679   679 I DPUModule: DpuR5P0::checkLayerFormat <142>: checkLayerFormat: Format(1)
04-14 18:18:29.293   679   679 I DPUModule: DpuR5P0::checkTransform <35>: checkTransform: Transform(0), SRCRect(0,0)
04-14 18:18:29.293   679   679 I DPUModule: DpuR5P0::checkAFBCBlockSize <97>: checkAFBCBlockSize: compressed(1),format(1), pitch(720), vstride(96)
04-14 18:18:29.293   679   679 D DPUModule: [] support: 0
04-14 18:18:29.297  1092  3945 D os.permission.PermissionInfo: checkPermission 10174:android.permission.READ_FRAME_BUFFER:true
04-14 18:18:29.297  1092  3945 I os.permission: Grant permission: android.permission.READ_FRAME_BUFFER to uid: 10174
04-14 18:18:29.307  4442  4442 W FrameworkInvoke: access method getMultiWindowBlackList  of null failed! Attempt to invoke virtual method 'java.lang.reflect.Method java.lang.Class.getDeclaredMethod(java.lang.String, java.lang.Class[])' on a null object reference
04-14 18:18:29.308  4442  4442 W FrameworkInvoke: getMultiWindowBlackList, exception: Attempt to invoke virtual method 'java.lang.Object java.lang.reflect.Method.invoke(java.lang.Object, java.lang.Object[])' on a null object reference
04-14 18:18:29.323  1092  1092 I MultipleDialerDeviceUtil: isMultipleDialerDevice start 0
04-14 18:18:29.323  1092  1092 I Telecom : DefaultDialerCache: Package Manager could not find ComponentName:com.android.incallui: TSI.iIMC@aQo
04-14 18:18:29.328  1604  1604 I SysUI_OverviewSysUiProxyService:  isEnabled mIsEnabled false mIsFoldExpanded true
04-14 18:18:29.328  1514  1514 D SmsFilterController: isAutoVerificationEnable: true
04-14 18:18:29.328  1514  1514 D SmsFilterController: isLongBatterySuperPs: false
04-14 18:18:29.328  1514  1514 D SmsFilterController: isBikeModeEnable: false
04-14 18:18:29.328  1514  1514 D SmsFilterController: isGameNotInterrupt: false
04-14 18:18:29.328  1514  1514 D SmsFilterController: isZenModeOff: true
04-14 18:18:29.328  1514  1514 D SmsFilterController: isVideoAssistantMode: false
04-14 18:18:29.331  1514  1514 D SmsFilterController: appItem : com.ubercab
