04-14 18:18:29.339   678   701 I mali_gralloc: allocate: id=2a600019530, hal_format=RGBA8888, mali_format=RGBA8888, afbc=false, usage=GPU_R, size=576x1289(2969856), stride=576, name=AHardwareBuffer pid [1092]
04-14 18:18:29.339  1092  3945 I mali_gralloc: register: id=0x2a600019530, importpid=-1
04-14 18:18:29.343  1604  1762 D NotificationLice: setThunderbackButtonVisiable
04-14 18:18:29.344  1604  1762 D NotificationLice: setThunderbackButtonVisiable
04-14 18:18:29.345  1604  1762 D NotificationLice: updateThunderbackButtonVisiable
04-14 18:18:29.346  1604  1762 D LocalImageResolver: Couldn't use ImageDecoder for drawable, falling back to non-resized load.
04-14 18:18:29.349  1604  1762 D LocalImageResolver: Couldn't use ImageDecoder for drawable, falling back to non-resized load.
04-14 18:18:29.360  4442  6517 I mali_gralloc: register: id=0x2a600019530, importpid=1092
04-14 18:18:29.371  4442  6517 D TaskIconCache:  activityInfo = ActivityInfo{9772a4 com.facebook.lite.MainActivity}
04-14 18:18:29.395  1092  5606 D os.permission.PermissionInfo: checkPermission 10174:android.permission.REMOVE_TASKS:true
04-14 18:18:29.395  1092  5606 I os.permission: Grant permission: android.permission.REMOVE_TASKS to uid: 10174
04-14 18:18:29.395  1092  5606 I ActivityTaskManager: remove task id:2008, callingUid:10174, callingPid:4442
04-14 18:18:29.395  1092  5606 I Hiber/hiberManager: removeTask: uid=1000, packageName=com.android.settings, reason=remove-task.
04-14 18:18:29.408 14106 14106 D ActivityThread: mToDestroying.remove:ActivityRecord{6516550 token=android.os.BinderProxy@7f27b6a {com.android.settings/com.android.settings.SubSettings}}
04-14 18:18:29.415 14106 14106 D TranFlingManagerImpl: onOverScrollerFinish()
04-14 18:18:29.424  1092  5606 D Griffin/ProcessManager: Manual clean close!
04-14 18:18:29.424  1092  5606 D SmartBandWith_Controller2: onTaskStackChanged()
04-14 18:18:29.425  1092  9388 D CoreBackPreview: Window{93b3092 u0 com.android.settings/com.android.settings.SubSettings}*: Setting back callback null
04-14 18:18:29.428  1092  9388 W InputManager-JNI: Input channel object '93b3092 com.android.settings/com.android.settings.SubSettings (client)' was disposed without first being removed with the input manager!
04-14 18:18:29.433 14106 14106 D ActivityThread: mToDestroying.remove:ActivityRecord{aec8e68 token=android.os.BinderProxy@cc94b91 {com.android.settings/com.android.settings.Settings$DevelopmentSettingsDashboardActivity}}
04-14 18:18:29.435 14106 14106 D TranFlingManagerImpl: onOverScrollerFinish()
04-14 18:18:29.438   679   679 I DPUModule: DpuR5P0::checkLayerFormat <142>: checkLayerFormat: Format(1)
04-14 18:18:29.438   679   679 I DPUModule: DpuR5P0::checkTransform <35>: checkTransform: Transform(0), SRCRect(0,0)
04-14 18:18:29.438   679   679 I DPUModule: DpuR5P0::checkAFBCBlockSize <97>: checkAFBCBlockSize: compressed(1),format(1), pitch(800), vstride(1616)
04-14 18:18:29.438   679   679 I DPUModule: DpuR5P0::checkLayerFormat <142>: checkLayerFormat: Format(1)
04-14 18:18:29.438   679   679 I DPUModule: DpuR5P0::checkTransform <35>: checkTransform: Transform(0), SRCRect(0,0)
04-14 18:18:29.438   679   679 I DPUModule: DpuR5P0::checkAFBCBlockSize <97>: checkAFBCBlockSize: compressed(1),format(1), pitch(720), vstride(1616)
04-14 18:18:29.438   679   679 I DPUModule: DpuR5P0::checkLayerFormat <142>: checkLayerFormat: Format(1)
04-14 18:18:29.438   679   679 I DPUModule: DpuR5P0::checkTransform <35>: checkTransform: Transform(0), SRCRect(0,0)
04-14 18:18:29.438   679   679 I DPUModule: DpuR5P0::checkAFBCBlockSize <97>: checkAFBCBlockSize: compressed(1),format(1), pitch(720), vstride(80)
04-14 18:18:29.438   679   679 I DPUModule: DpuR5P0::checkLayerFormat <142>: checkLayerFormat: Format(1)
04-14 18:18:29.438   679   679 I DPUModule: DpuR5P0::checkTransform <35>: checkTransform: Transform(0), SRCRect(0,0)
04-14 18:18:29.438   679   679 I DPUModule: DpuR5P0::checkAFBCBlockSize <97>: checkAFBCBlockSize: compressed(1),format(1), pitch(720), vstride(96)
04-14 18:18:29.438   679   679 D DPUModule: [] support: 0
04-14 18:18:29.440  1092  1092 I MultipleDialerDeviceUtil: isMultipleDialerDevice start 0
04-14 18:18:29.440  1092  1092 I Telecom : DefaultDialerCache: Package Manager could not find ComponentName:com.android.incallui: TSI.iIMC@aQw
04-14 18:18:29.442  1092  1241 I ActivityManager: Killing 14106:com.android.settings/1000 (adj 905): remove task
04-14 18:18:29.444  1514  1514 D SmsFilterController: isAutoVerificationEnable: true
04-14 18:18:29.445  1514  1514 D SmsFilterController: isLongBatterySuperPs: false
04-14 18:18:29.445  1514  1514 D SmsFilterController: isBikeModeEnable: false
04-14 18:18:29.445  1514  1514 D SmsFilterController: isGameNotInterrupt: false
04-14 18:18:29.445  1514  1514 D SmsFilterController: isZenModeOff: true
04-14 18:18:29.445  1514  1514 D SmsFilterController: isVideoAssistantMode: false
04-14 18:18:29.445  1092  1260 W UsageStatsService: Unexpected activity event reported! (com.android.settings/com.android.settings.SubSettings event : 23 instanceId : 160035884)
04-14 18:18:29.445  1092  1092 I MultipleDialerDeviceUtil: isMultipleDialerDevice start 0
04-14 18:18:29.446  1092  1092 I Telecom : DefaultDialerCache: Package Manager could not find ComponentName:com.android.incallui: TSI.iIMC@aQ4
04-14 18:18:29.449   685   685 D enhanceHAL: sunlightRead: current ambient = 0
04-14 18:18:29.449   679   679 I DPUModule: DpuR5P0::checkLayerFormat <142>: checkLayerFormat: Format(1)
04-14 18:18:29.449   679   679 I DPUModule: DpuR5P0::checkTransform <35>: checkTransform: Transform(0), SRCRect(0,0)
04-14 18:18:29.449   679   679 I DPUModule: DpuR5P0::checkAFBCBlockSize <97>: checkAFBCBlockSize: compressed(1),format(1), pitch(800), vstride(1616)
04-14 18:18:29.449   679   679 I DPUModule: DpuR5P0::checkLayerFormat <142>: checkLayerFormat: Format(1)
04-14 18:18:29.449   679   679 I DPUModule: DpuR5P0::checkTransform <35>: checkTransform: Transform(0), SRCRect(0,0)
04-14 18:18:29.449   679   679 I DPUModule: DpuR5P0::checkAFBCBlockSize <97>: checkAFBCBlockSize: compressed(1),format(1), pitch(720), vstride(1616)
04-14 18:18:29.449   679   679 I DPUModule: DpuR5P0::checkLayerFormat <142>: checkLayerFormat: Format(1)
04-14 18:18:29.449   679   679 I DPUModule: DpuR5P0::checkTransform <35>: checkTransform: Transform(0), SRCRect(0,0)
04-14 18:18:29.449   679   679 I DPUModule: DpuR5P0::checkAFBCBlockSize <97>: checkAFBCBlockSize: compressed(1),format(1), pitch(720), vstride(80)
04-14 18:18:29.449   679   679 I DPUModule: DpuR5P0::checkLayerFormat <142>: checkLayerFormat: Format(1)
04-14 18:18:29.449   679   679 I DPUModule: DpuR5P0::checkTransform <35>: checkTransform: Transform(0), SRCRect(0,0)
04-14 18:18:29.449   679   679 I DPUModule: DpuR5P0::checkAFBCBlockSize <97>: checkAFBCBlockSize: compressed(1),format(1), pitch(720), vstride(96)
04-14 18:18:29.449   679   679 D DPUModule: [] support: 0
04-14 18:18:29.450  1514  1514 D SmsFilterController: appItem : com.ubercab
04-14 18:18:29.450  1514  1514 D SmsFilterController: isAutoVerificationEnable: true
04-14 18:18:29.451  1514  1514 D SmsFilterController: isLongBatterySuperPs: false
04-14 18:18:29.451  1514  1514 D SmsFilterController: isBikeModeEnable: false
04-14 18:18:29.451  1514  1514 D SmsFilterController: isGameNotInterrupt: false
04-14 18:18:29.451  1514  1514 D SmsFilterController: isZenModeOff: true
04-14 18:18:29.451  1514  1514 D SmsFilterController: isVideoAssistantMode: false
04-14 18:18:29.451  1092  1278 I libprocessgroup: Successfully killed process cgroup uid 1000 pid 14106 in 6ms
04-14 18:18:29.454  1604  1604 I SysUI_OverviewSysUiProxyService:  isEnabled mIsEnabled false mIsFoldExpanded true
04-14 18:18:29.454  1514  1514 D SmsFilterController: appItem : com.ubercab
04-14 18:18:29.466  1604  1604 I SysUI_OverviewSysUiProxyService:  isEnabled mIsEnabled false mIsFoldExpanded true
04-14 18:18:29.468  1092  1092 I MultipleDialerDeviceUtil: isMultipleDialerDevice start 0
04-14 18:18:29.468  1092  1092 I Telecom : DefaultDialerCache: Package Manager could not find ComponentName:com.android.incallui: TSI.iIMC@aRA
04-14 18:18:29.471  1092  1381 D InputReader: syncTouch: pointerCount 0 -> 1, touching ids 0x00000000 -> 0x80000000, hovering ids 0x00000000 -> 0x00000000, canceled ids 0x00000000
04-14 18:18:29.471  1092  1381 D InputReader: dispatchTouches action DOWN now(ns): 449202287535664
04-14 18:18:29.471  1092  1381 D InputReader: notifyMotion call dispatcher
04-14 18:18:29.473  4442  4442 D Launcher: #shouldBlockNavGestureTouchWithAnimation result : false isFreezerAnimRunning = false isFolderOrDockAnimatingRunning = false isAllAppStateAnimRunning = false isWorkspaceFollowHandAnimRunning = false isDragging = false isGuideShown = false isSortThreadRunning = false isRemoteAnimShowing = false isFinishedSwitchingState = false isConfigAnimationRunning = false inRecentViewTranslate = false isStaggeredWorkspaceAnimRunning = false isGestureFollowHandMoving = false isAZFollowHandMoving = false isSearchAppLocateRunning = false isResizeFoerAnimRunning = false
04-14 18:18:29.474  1514  1514 D SmsFilterController: isAutoVerificationEnable: true
04-14 18:18:29.474  1514  1514 D SmsFilterController: isLongBatterySuperPs: false
04-14 18:18:29.474  1514  1514 D SmsFilterController: isBikeModeEnable: false
04-14 18:18:29.474  1514  1514 D SmsFilterController: isGameNotInterrupt: false
04-14 18:18:29.474  1514  1514 D SmsFilterController: isZenModeOff: true
04-14 18:18:29.474  1514  1514 D SmsFilterController: isVideoAssistantMode: false
04-14 18:18:29.478  1514  1514 D SmsFilterController: appItem : com.ubercab
04-14 18:18:29.479  1604  1604 I SysUI_OverviewSysUiProxyService:  isEnabled mIsEnabled false mIsFoldExpanded true
04-14 18:18:29.487  1092  1092 I MultipleDialerDeviceUtil: isMultipleDialerDevice start 0
04-14 18:18:29.487  1604  1762 D NotificationLice: setThunderbackButtonVisiable
04-14 18:18:29.487  1092  1092 I Telecom : DefaultDialerCache: Package Manager could not find ComponentName:com.android.incallui: TSI.iIMC@aRI
04-14 18:18:29.488  1604  1762 D NotificationLice: setThunderbackButtonVisiable
04-14 18:18:29.488  1604  1762 D NotificationLice: updateThunderbackButtonVisiable
04-14 18:18:29.489  1604  1762 D LocalImageResolver: Couldn't use ImageDecoder for drawable, falling back to non-resized load.
04-14 18:18:29.492  1604  1762 D LocalImageResolver: Couldn't use ImageDecoder for drawable, falling back to non-resized load.
04-14 18:18:29.495  1514  1514 D SmsFilterController: isAutoVerificationEnable: true
04-14 18:18:29.495  1514  1514 D SmsFilterController: isLongBatterySuperPs: false
04-14 18:18:29.495  1514  1514 D SmsFilterController: isBikeModeEnable: false
04-14 18:18:29.495  1514  1514 D SmsFilterController: isGameNotInterrupt: false
04-14 18:18:29.495  1514  1514 D SmsFilterController: isZenModeOff: true
04-14 18:18:29.495  1514  1514 D SmsFilterController: isVideoAssistantMode: false
04-14 18:18:29.499  1514  1514 D SmsFilterController: appItem : com.ubercab
04-14 18:18:29.521  1604  1604 I SysUI_OverviewSysUiProxyService:  isEnabled mIsEnabled false mIsFoldExpanded true
04-14 18:18:29.526  1514  2120 D MultiLinkController: onTaskStackChanged 
04-14 18:18:29.526  1092  9594 D os.permission.PermissionInfo: checkPermission 10174:android.permission.INTERACT_ACROSS_USERS:true
04-14 18:18:29.526  1092  9594 I os.permission: Grant permission: android.permission.INTERACT_ACROSS_USERS to uid: 10174
04-14 18:18:29.527  1092  1547 I WindowManager: WIN DEATH: Window{e56594a u0 com.android.settings/com.android.settings.Settings$DevelopmentSettingsDashboardActivity}*
04-14 18:18:29.527  1092  1547 W InputManager-JNI: Input channel object 'e56594a com.android.settings/com.android.settings.Settings$DevelopmentSettingsDashboardActivity (client)' was disposed without first being removed with the input manager!
04-14 18:18:29.529  1092  1530 D os.ActivityManagerServiceLice: make process inactive com.android.settings(14106)
04-14 18:18:29.530   658   658 I Zygote  : Process 14106 exited due to signal 9 (Killed)
04-14 18:18:29.534  6883  7159 E DatabaseUtils: Writing exception to parcel
04-14 18:18:29.534  6883  7159 E DatabaseUtils: java.lang.IllegalArgumentException: Failed to determine if primary:Documents/Scans/downloads/Mangas-Origines.fr (FR)/Perfect Surgeon/Chapitre 66 - Une nouvelle sanction_c7e49f_tmp/ComicInfo.xml is child of primary:Documents/Scans: java.io.FileNotFoundException: Missing file for primary:Documents/Scans/downloads/Mangas-Origines.fr (FR)/Perfect Surgeon/Chapitre 66 - Une nouvelle sanction_c7e49f_tmp/ComicInfo.xml at /storage/emulated/0/Documents/Scans/downloads/Mangas-Origines.fr (FR)/Perfect Surgeon/Chapitre 66 - Une nouvelle sanction_c7e49f_tmp/ComicInfo.xml
04-14 18:18:29.534  6883  7159 E DatabaseUtils: 	at com.android.internal.content.FileSystemProvider.isChildDocument(FileSystemProvider.java:145)
04-14 18:18:29.534  6883  7159 E DatabaseUtils: 	at android.provider.DocumentsProvider.enforceTree(DocumentsProvider.java:235)
04-14 18:18:29.534  6883  7159 E DatabaseUtils: 	at android.provider.DocumentsProvider.query(DocumentsProvider.java:923)
04-14 18:18:29.534  6883  7159 E DatabaseUtils: 	at android.content.ContentProvider$Transport.query(ContentProvider.java:293)
04-14 18:18:29.534  6883  7159 E DatabaseUtils: 	at android.content.ContentProviderNative.onTransact(ContentProviderNative.java:107)
04-14 18:18:29.534  6883  7159 E DatabaseUtils: 	at android.os.Binder.execTransactInternal(Binder.java:1281)
04-14 18:18:29.534  6883  7159 E DatabaseUtils: 	at android.os.Binder.execTransact(Binder.java:1244)
04-14 18:18:29.534  1604  1609 I ndroid.systemui: Background young concurrent mark compact GC freed 11MB AllocSpace bytes, 16(320KB) LOS objects, 45% free, 13MB/25MB, paused 1.222ms,6.900ms total 71.797ms
04-14 18:18:29.538  1092  1381 I InputReader: processEventsLocked: type=3 Count=4 code=57 value=-1 deviceId=1 when=449202353549000
04-14 18:18:29.538  1092  1381 D InputReader: syncTouch: pointerCount 1 -> 0, touching ids 0x80000000 -> 0x00000000, hovering ids 0x00000000 -> 0x00000000, canceled ids 0x00000000
04-14 18:18:29.538   679   679 I DPUModule: DpuR5P0::checkLayerFormat <142>: checkLayerFormat: Format(1)
04-14 18:18:29.538   679   679 I DPUModule: DpuR5P0::checkTransform <35>: checkTransform: Transform(0), SRCRect(0,0)
04-14 18:18:29.538   679   679 I DPUModule: DpuR5P0::checkAFBCBlockSize <97>: checkAFBCBlockSize: compressed(1),format(1), pitch(800), vstride(1616)
04-14 18:18:29.538   679   679 I DPUModule: DpuR5P0::checkLayerFormat <142>: checkLayerFormat: Format(1)
04-14 18:18:29.538   679   679 I DPUModule: DpuR5P0::checkTransform <35>: checkTransform: Transform(0), SRCRect(0,0)
04-14 18:18:29.538   679   679 I DPUModule: DpuR5P0::checkAFBCBlockSize <97>: checkAFBCBlockSize: compressed(1),format(1), pitch(720), vstride(1616)
04-14 18:18:29.538   679   679 I DPUModule: DpuR5P0::checkLayerFormat <142>: checkLayerFormat: Format(1)
04-14 18:18:29.538   679   679 I DPUModule: DpuR5P0::checkTransform <35>: checkTransform: Transform(0), SRCRect(0,0)
04-14 18:18:29.538   679   679 I DPUModule: DpuR5P0::checkAFBCBlockSize <97>: checkAFBCBlockSize: compressed(1),format(1), pitch(720), vstride(80)
04-14 18:18:29.538   679   679 I DPUModule: DpuR5P0::checkLayerFormat <142>: checkLayerFormat: Format(1)
04-14 18:18:29.538   679   679 I DPUModule: DpuR5P0::checkTransform <35>: checkTransform: Transform(0), SRCRect(0,0)
04-14 18:18:29.538   679   679 I DPUModule: DpuR5P0::checkAFBCBlockSize <97>: checkAFBCBlockSize: compressed(1),format(1), pitch(720), vstride(96)
04-14 18:18:29.538   679   679 D DPUModule: [] support: 0
04-14 18:18:29.538  1092  1381 D InputReader: dispatchTouches action UP now(ns): 449202354501664
04-14 18:18:29.538  1092  1381 D InputReader: notifyMotion call dispatcher
04-14 18:18:29.541  1604  1762 D NotificationLice: setThunderbackButtonVisiable
04-14 18:18:29.542  1604  1762 D NotificationLice: setThunderbackButtonVisiable
04-14 18:18:29.542  1604  1762 D NotificationLice: updateThunderbackButtonVisiable
04-14 18:18:29.543  1092  1530 D DynamicFrameRateController: onUpdateSleep before:false, after:false
04-14 18:18:29.544  1092  1720 D os.permission.PermissionInfo: checkPermission 10174:android.permission.START_TASKS_FROM_RECENTS:true
04-14 18:18:29.544  1092  1720 I os.permission: Grant permission: android.permission.START_TASKS_FROM_RECENTS to uid: 10174
04-14 18:18:29.544  1604  1762 D LocalImageResolver: Couldn't use ImageDecoder for drawable, falling back to non-resized load.
04-14 18:18:29.548  1092  1720 D os.fingerprint: onUpdateFocusedApp oldPackageName:com.transsion.XOSLauncher oldComponent:ComponentInfo{com.transsion.XOSLauncher/com.android.quickstep.src.com.android.launcher3.uioverrides.QuickstepLauncher} newPackageName:com.zhiliaoapp.musically newComponent:ComponentInfo{com.zhiliaoapp.musically/com.ss.android.ugc.aweme.main.MainActivity} mFm :android.hardware.fingerprint.FingerprintManager@ac65edc
04-14 18:18:29.549  1092  1720 D WindowManager: setFocusedApp mFocusedApp = ActivityRecord{cbaf6a9 u0 com.zhiliaoapp.musically/com.ss.android.ugc.aweme.splash.SplashActivity} t2005 d0}displayId = 0Callers = com.android.server.wm.ActivityTaskManagerService.setResumedActivityUncheckLocked:5014 com.android.server.wm.ActivityRecord.moveFocusableActivityToTop:3447 com.android.server.wm.Task.moveTaskToFront:5670 com.android.server.wm.Task.moveTaskToFront:5624 
04-14 18:18:29.549   679   679 I DPUModule: DpuR5P0::checkLayerFormat <142>: checkLayerFormat: Format(1)
04-14 18:18:29.549   679   679 I DPUModule: DpuR5P0::checkTransform <35>: checkTransform: Transform(0), SRCRect(0,0)
04-14 18:18:29.549   679   679 I DPUModule: DpuR5P0::checkAFBCBlockSize <97>: checkAFBCBlockSize: compressed(1),format(1), pitch(800), vstride(1616)
04-14 18:18:29.549   679   679 I DPUModule: DpuR5P0::checkLayerFormat <142>: checkLayerFormat: Format(1)
04-14 18:18:29.549   679   679 I DPUModule: DpuR5P0::checkTransform <35>: checkTransform: Transform(0), SRCRect(0,0)
04-14 18:18:29.549   679   679 I DPUModule: DpuR5P0::checkAFBCBlockSize <97>: checkAFBCBlockSize: compressed(1),format(1), pitch(720), vstride(1616)
04-14 18:18:29.549   679   679 I DPUModule: DpuR5P0::checkLayerFormat <142>: checkLayerFormat: Format(1)
04-14 18:18:29.549   679   679 I DPUModule: DpuR5P0::checkTransform <35>: checkTransform: Transform(0), SRCRect(0,0)
04-14 18:18:29.549   679   679 I DPUModule: DpuR5P0::checkAFBCBlockSize <97>: checkAFBCBlockSize: compressed(1),format(1), pitch(720), vstride(80)
04-14 18:18:29.549   679   679 I DPUModule: DpuR5P0::checkLayerFormat <142>: checkLayerFormat: Format(1)
04-14 18:18:29.549   679   679 I DPUModule: DpuR5P0::checkTransform <35>: checkTransform: Transform(0), SRCRect(0,0)
04-14 18:18:29.549   679   679 I DPUModule: DpuR5P0::checkAFBCBlockSize <97>: checkAFBCBlockSize: compressed(1),format(1), pitch(720), vstride(96)
04-14 18:18:29.549   679   679 D DPUModule: [] support: 0
04-14 18:18:29.550  1092  1241 W ActivityManager: setHasOverlayUi called on unknown pid: 14106
04-14 18:18:29.550  1092  1260 W UsageStatsService: Unexpected activity event reported! (com.android.settings/com.android.settings.Settings$DevelopmentSettingsDashboardActivity event : 23 instanceId : 49974218)
04-14 18:18:29.551  1092  1720 D WindowManager: Changing focus from Window{888326f u0 com.transsion.XOSLauncher/com.android.quickstep.src.com.android.launcher3.uioverrides.QuickstepLauncher}-[Surface(name=*Title#70633)/@0x6fcbc90] to null displayId = 0 Callers = com.android.server.wm.RootWindowContainer.updateFocusedWindowLocked:493 com.android.server.wm.WindowManagerService.updateFocusedWindowLocked:6415 com.android.server.wm.ActivityTaskManagerService.setResumedActivityUncheckLocked:5016 com.android.server.wm.ActivityRecord.moveFocusableActivityToTop:3447 
04-14 18:18:29.551  1092  1720 I WindowManager: Input focus has changed to null from 888326f com.transsion.XOSLauncher/com.android.quickstep.src.com.android.launcher3.uioverrides.QuickstepLauncher mDisplayId 0 updateInputWindows true, callers=com.android.server.wm.DisplayContent.updateFocusedWindowLocked:3788 com.android.server.wm.RootWindowContainer.updateFocusedWindowLocked:493 com.android.server.wm.WindowManagerService.updateFocusedWindowLocked:6415 com.android.server.wm.ActivityTaskManagerService.setResumedActivityUncheckLocked:5016 com.android.server.wm.ActivityRecord.moveFocusableActivityToTop:3447 
04-14 18:18:29.553  1604  1762 D LocalImageResolver: Couldn't use ImageDecoder for drawable, falling back to non-resized load.
04-14 18:18:29.553  1092  1720 D Hiber/proxyWakeLock: remove uid: 10282 wiht all pids from wakelockUidInfo list
04-14 18:18:29.554  1092  2232 D Hiber/cgroup: writeDevFile pid: 13282
04-14 18:18:29.555  1092  1720 D os.fingerprint: onMoveTaskToFront next:ActivityRecord{cbaf6a9 u0 com.zhiliaoapp.musically/com.ss.android.ugc.aweme.splash.SplashActivity} t2005 d0}
04-14 18:18:29.555  1092  1720 D os.fingerprint: activityComponent = ComponentInfo{com.zhiliaoapp.musically/com.ss.android.ugc.aweme.main.MainActivity} inMultiWindow = false
04-14 18:18:29.555  1092  1720 D os.fingerprint: onMoveTaskToFront next:ActivityRecord{cbaf6a9 u0 com.zhiliaoapp.musically/com.ss.android.ugc.aweme.splash.SplashActivity} t2005 d0} displayId= 0
04-14 18:18:29.555  1092  1720 D os.fingerprint: activityComponent = ComponentInfo{com.zhiliaoapp.musically/com.ss.android.ugc.aweme.main.MainActivity} inMultiWindow = false
04-14 18:18:29.556  1092  1720 I ActivityTaskManager: Add pending draw ActivityRecord{cbaf6a9 u0 com.zhiliaoapp.musically/com.ss.android.ugc.aweme.splash.SplashActivity} t2005 d0}
04-14 18:18:29.557  1604  1845 I mali_gralloc: register: id=0x2a600019504, importpid=1092
04-14 18:18:29.557  1092  1720 D CompatibilityChangeReporter: Compat change id reported: 194833441; UID 10282; state: ENABLED
04-14 18:18:29.559  6883  6893 E DatabaseUtils: Writing exception to parcel
04-14 18:18:29.559  6883  6893 E DatabaseUtils: java.lang.IllegalArgumentException: Failed to determine if primary:Documents/Scans/downloads/Mangas-Origines.fr (FR)/Perfect Surgeon/Chapitre 66 - Une nouvelle sanction_c7e49f_tmp/ComicInfo.xml is child of primary:Documents/Scans: java.io.FileNotFoundException: Missing file for primary:Documents/Scans/downloads/Mangas-Origines.fr (FR)/Perfect Surgeon/Chapitre 66 - Une nouvelle sanction_c7e49f_tmp/ComicInfo.xml at /storage/emulated/0/Documents/Scans/downloads/Mangas-Origines.fr (FR)/Perfect Surgeon/Chapitre 66 - Une nouvelle sanction_c7e49f_tmp/ComicInfo.xml
04-14 18:18:29.559  6883  6893 E DatabaseUtils: 	at com.android.internal.content.FileSystemProvider.isChildDocument(FileSystemProvider.java:145)
04-14 18:18:29.559  6883  6893 E DatabaseUtils: 	at android.provider.DocumentsProvider.enforceTree(DocumentsProvider.java:235)
04-14 18:18:29.559  6883  6893 E DatabaseUtils: 	at android.provider.DocumentsProvider.query(DocumentsProvider.java:923)
04-14 18:18:29.559  6883  6893 E DatabaseUtils: 	at android.content.ContentProvider$Transport.query(ContentProvider.java:293)
04-14 18:18:29.559  6883  6893 E DatabaseUtils: 	at android.content.ContentProviderNative.onTransact(ContentProviderNative.java:107)
04-14 18:18:29.559  6883  6893 E DatabaseUtils: 	at android.os.Binder.execTransactInternal(Binder.java:1281)
04-14 18:18:29.559  6883  6893 E DatabaseUtils: 	at android.os.Binder.execTransact(Binder.java:1244)
04-14 18:18:29.560   679   679 I DPUModule: DpuR5P0::checkLayerFormat <142>: checkLayerFormat: Format(1)
04-14 18:18:29.560   679   679 I DPUModule: DpuR5P0::checkTransform <35>: checkTransform: Transform(0), SRCRect(0,0)
04-14 18:18:29.560   679   679 I DPUModule: DpuR5P0::checkAFBCBlockSize <97>: checkAFBCBlockSize: compressed(1),format(1), pitch(800), vstride(1616)
04-14 18:18:29.560   679   679 I DPUModule: DpuR5P0::checkLayerFormat <142>: checkLayerFormat: Format(1)
04-14 18:18:29.560   679   679 I DPUModule: DpuR5P0::checkTransform <35>: checkTransform: Transform(0), SRCRect(0,0)
04-14 18:18:29.560   679   679 I DPUModule: DpuR5P0::checkAFBCBlockSize <97>: checkAFBCBlockSize: compressed(1),format(1), pitch(720), vstride(1616)
04-14 18:18:29.560   679   679 I DPUModule: DpuR5P0::checkLayerFormat <142>: checkLayerFormat: Format(1)
04-14 18:18:29.560   679   679 I DPUModule: DpuR5P0::checkTransform <35>: checkTransform: Transform(0), SRCRect(0,0)
04-14 18:18:29.560   679   679 I DPUModule: DpuR5P0::checkAFBCBlockSize <97>: checkAFBCBlockSize: compressed(1),format(1), pitch(720), vstride(80)
04-14 18:18:29.560   679   679 I DPUModule: DpuR5P0::checkLayerFormat <142>: checkLayerFormat: Format(1)
04-14 18:18:29.560   679   679 I DPUModule: DpuR5P0::checkTransform <35>: checkTransform: Transform(0), SRCRect(0,0)
04-14 18:18:29.560   679   679 I DPUModule: DpuR5P0::checkAFBCBlockSize <97>: checkAFBCBlockSize: compressed(1),format(1), pitch(720), vstride(96)
04-14 18:18:29.560   679   679 D DPUModule: [] support: 0
04-14 18:18:29.563  1092  2232 I Hiber/sceneManager: unfreeze uid: 10282 com.zhiliaoapp.musically pids:[13282]  reason:wakelock   cpninfo: costTime=9ms
04-14 18:18:29.563  4442  4442 D SharedPreferencesPolicy: checkFinishers msg.what :159
04-14 18:18:29.564  1092  1831 D Hiber/appStateMachine: uid=10282, pkg=com.zhiliaoapp.musically, transition from Frozen to Running, reason=wakelock
04-14 18:18:29.564  1092  1831 D Hiber/appStateMachine: uid:10282 exit FrozenState
04-14 18:18:29.564  1092  1832 D Hiber/proxyManager: up_service: 10282
04-14 18:18:29.564  1092  1832 D Hiber/proxyManager: up_job: 10282
04-14 18:18:29.564  1092  1832 D Hiber/proxyManager: un_job: 10282
04-14 18:18:29.564  1092  1832 D Hiber/alarmManagerServiceExtImpl: unproxyAlarms leave, uid=10282, packageName=null
04-14 18:18:29.566  1092  9576 D ActivityTaskManager: getRecentTasksImpl call by 10151 flags = 2, 3 task(s):
04-14 18:18:29.566  1092  9576 D ActivityTaskManager: Recent Task 0: taskId = 2005, comp = ComponentInfo{com.zhiliaoapp.musically/com.ss.android.ugc.aweme.splash.SplashActivity}
04-14 18:18:29.566  1092  9576 D ActivityTaskManager: Recent Task 1: taskId = 1899, comp = null
04-14 18:18:29.566  1092  9576 D ActivityTaskManager: Recent Task 2: taskId = 1994, comp = null
04-14 18:18:29.566  4442  4442 D SharedPreferencesPolicy: checkFinishers msg.what :159
04-14 18:18:29.571  1092  1092 W com.transsion.a: type=1400 audit(0.0:508417): avc: denied { read } for name="u:object_r:vendor_default_prop:s0" dev="tmpfs" ino=2894 scontext=u:r:system_server:s0 tcontext=u:object_r:vendor_default_prop:s0 tclass=file permissive=0
04-14 18:18:29.571  1092  1092 W com.transsion.a: type=1400 audit(0.0:508418): avc: denied { read } for name="u:object_r:vendor_default_prop:s0" dev="tmpfs" ino=2894 scontext=u:r:system_server:s0 tcontext=u:object_r:vendor_default_prop:s0 tclass=file permissive=0
04-14 18:18:29.569  1092  5611 D os.fingerprint: onActivityResume next:ActivityRecord{cbaf6a9 u0 com.zhiliaoapp.musically/com.ss.android.ugc.aweme.splash.SplashActivity} t2005 d0}
04-14 18:18:29.569  1092  5611 D os.fingerprint: activityComponent = ComponentInfo{com.zhiliaoapp.musically/com.ss.android.ugc.aweme.main.MainActivity} inMultiWindow = false
04-14 18:18:29.570  1092  5611 D Griffin/Hooker: PreviousApp = com.android.settings/.SubSettings
04-14 18:18:29.570  1092  5611 D os.fingerprint: onActivityResume next:ActivityRecord{cbaf6a9 u0 com.zhiliaoapp.musically/com.ss.android.ugc.aweme.splash.SplashActivity} t2005 d0}
04-14 18:18:29.570  1092  5611 D os.fingerprint: activityComponent = ComponentInfo{com.zhiliaoapp.musically/com.ss.android.ugc.aweme.main.MainActivity} inMultiWindow = false
04-14 18:18:29.571   679   679 I DPUModule: DpuR5P0::checkLayerFormat <142>: checkLayerFormat: Format(1)
04-14 18:18:29.571  1092  1831 D Hiber/appStateMachine: uid:10282 exit RunningState
04-14 18:18:29.571   679   679 I DPUModule: DpuR5P0::checkTransform <35>: checkTransform: Transform(0), SRCRect(0,0)
04-14 18:18:29.571   679   679 I DPUModule: DpuR5P0::checkAFBCBlockSize <97>: checkAFBCBlockSize: compressed(1),format(1), pitch(800), vstride(1616)
04-14 18:18:29.571   679   679 I DPUModule: DpuR5P0::checkLayerFormat <142>: checkLayerFormat: Format(1)
04-14 18:18:29.571   679   679 I DPUModule: DpuR5P0::checkTransform <35>: checkTransform: Transform(0), SRCRect(0,0)
04-14 18:18:29.571   679   679 I DPUModule: DpuR5P0::checkAFBCBlockSize <97>: checkAFBCBlockSize: compressed(1),format(1), pitch(720), vstride(1616)
04-14 18:18:29.571   679   679 I DPUModule: DpuR5P0::checkLayerFormat <142>: checkLayerFormat: Format(1)
04-14 18:18:29.571   679   679 I DPUModule: DpuR5P0::checkTransform <35>: checkTransform: Transform(0), SRCRect(0,0)
04-14 18:18:29.571   679   679 I DPUModule: DpuR5P0::checkAFBCBlockSize <97>: checkAFBCBlockSize: compressed(1),format(1), pitch(720), vstride(80)
04-14 18:18:29.571   679   679 I DPUModule: DpuR5P0::checkLayerFormat <142>: checkLayerFormat: Format(1)
04-14 18:18:29.571   679   679 I DPUModule: DpuR5P0::checkTransform <35>: checkTransform: Transform(0), SRCRect(0,0)
04-14 18:18:29.571   679   679 I DPUModule: DpuR5P0::checkAFBCBlockSize <97>: checkAFBCBlockSize: compressed(1),format(1), pitch(720), vstride(96)
04-14 18:18:29.571   679   679 D DPUModule: [] support: 0
04-14 18:18:29.574  1092  1838 I ActivityManager: Applaunch form com.transsion.XOSLauncher to com.zhiliaoapp.musically
04-14 18:18:29.575  1092  1506 W libc    : Access denied finding property "ro.vendor.pnpmgr.game.record"
04-14 18:18:29.575  1092  1506 W libc    : Access denied finding property "ro.vendor.pnpmgr.touch.ctl"
04-14 18:18:29.575  1604  1693 D TranSplashScreenManager: modifySuggestType 2 => 2 for ActivityInfo{a30e465 com.ss.android.ugc.aweme.splash.SplashActivity}
04-14 18:18:29.579  1092  5611 D SmartBandWith_Controller2: onTaskStackChanged()
04-14 18:18:29.582   679   679 I DPUModule: DpuR5P0::checkLayerFormat <142>: checkLayerFormat: Format(1)
04-14 18:18:29.583   679   679 I DPUModule: DpuR5P0::checkTransform <35>: checkTransform: Transform(0), SRCRect(0,0)
04-14 18:18:29.583   679   679 I DPUModule: DpuR5P0::checkAFBCBlockSize <97>: checkAFBCBlockSize: compressed(1),format(1), pitch(800), vstride(1616)
04-14 18:18:29.583   679   679 I DPUModule: DpuR5P0::checkLayerFormat <142>: checkLayerFormat: Format(1)
04-14 18:18:29.583   679   679 I DPUModule: DpuR5P0::checkTransform <35>: checkTransform: Transform(0), SRCRect(0,0)
04-14 18:18:29.583   679   679 I DPUModule: DpuR5P0::checkAFBCBlockSize <97>: checkAFBCBlockSize: compressed(1),format(1), pitch(720), vstride(1616)
04-14 18:18:29.583   679   679 I DPUModule: DpuR5P0::checkLayerFormat <142>: checkLayerFormat: Format(1)
04-14 18:18:29.583   679   679 I DPUModule: DpuR5P0::checkTransform <35>: checkTransform: Transform(0), SRCRect(0,0)
04-14 18:18:29.583   679   679 I DPUModule: DpuR5P0::checkAFBCBlockSize <97>: checkAFBCBlockSize: compressed(1),format(1), pitch(720), vstride(80)
04-14 18:18:29.583   679   679 I DPUModule: DpuR5P0::checkLayerFormat <142>: checkLayerFormat: Format(1)
04-14 18:18:29.583   679   679 I DPUModule: DpuR5P0::checkTransform <35>: checkTransform: Transform(0), SRCRect(0,0)
04-14 18:18:29.583   679   679 I DPUModule: DpuR5P0::checkAFBCBlockSize <97>: checkAFBCBlockSize: compressed(1),format(1), pitch(720), vstride(96)
04-14 18:18:29.583   679   679 D DPUModule: [] support: 0
04-14 18:18:29.583  1092  9594 D os.permission.PermissionInfo: checkPermission 10174:android.permission.READ_FRAME_BUFFER:true
04-14 18:18:29.583  1092  9594 I os.permission: Grant permission: android.permission.READ_FRAME_BUFFER to uid: 10174
04-14 18:18:29.584  4442  6517 I mali_gralloc: register: id=0x2a6000193db, importpid=1092
04-14 18:18:29.586  1092  1530 D CompatibilityChangeReporter: Compat change id reported: 168419799; UID 10282; state: DISABLED
04-14 18:18:29.593   679   679 I DPUModule: DpuR5P0::checkLayerFormat <142>: checkLayerFormat: Format(1)
04-14 18:18:29.593   679   679 I DPUModule: DpuR5P0::checkTransform <35>: checkTransform: Transform(0), SRCRect(0,0)
04-14 18:18:29.593   679   679 I DPUModule: DpuR5P0::checkAFBCBlockSize <97>: checkAFBCBlockSize: compressed(1),format(1), pitch(800), vstride(1616)
04-14 18:18:29.593   679   679 I DPUModule: DpuR5P0::checkLayerFormat <142>: checkLayerFormat: Format(1)
04-14 18:18:29.593   679   679 I DPUModule: DpuR5P0::checkTransform <35>: checkTransform: Transform(0), SRCRect(0,0)
04-14 18:18:29.593   679   679 I DPUModule: DpuR5P0::checkAFBCBlockSize <97>: checkAFBCBlockSize: compressed(1),format(1), pitch(720), vstride(1616)
04-14 18:18:29.593   679   679 I DPUModule: DpuR5P0::checkLayerFormat <142>: checkLayerFormat: Format(1)
04-14 18:18:29.593   679   679 I DPUModule: DpuR5P0::checkTransform <35>: checkTransform: Transform(0), SRCRect(0,0)
04-14 18:18:29.593   679   679 I DPUModule: DpuR5P0::checkAFBCBlockSize <97>: checkAFBCBlockSize: compressed(1),format(1), pitch(720), vstride(80)
04-14 18:18:29.593   679   679 I DPUModule: DpuR5P0::checkLayerFormat <142>: checkLayerFormat: Format(1)
04-14 18:18:29.593   679   679 I DPUModule: DpuR5P0::checkTransform <35>: checkTransform: Transform(0), SRCRect(0,0)
04-14 18:18:29.593   679   679 I DPUModule: DpuR5P0::checkAFBCBlockSize <97>: checkAFBCBlockSize: compressed(1),format(1), pitch(720), vstride(96)
04-14 18:18:29.593   679   679 D DPUModule: [] support: 0
04-14 18:18:29.591  1092  1092 W binder:1092_20: type=1400 audit(0.0:508419): avc: denied { read } for name="u:object_r:vendor_default_prop:s0" dev="tmpfs" ino=2894 scontext=u:r:system_server:s0 tcontext=u:object_r:vendor_default_prop:s0 tclass=file permissive=0
04-14 18:18:29.595  1092  9594 W libc    : Access denied finding property "persist.vendor.dbg.disable.art"
04-14 18:18:29.597  1092  1092 D Griffin/ComponentManager: Limit start proc:com.anthropic.claude for 3rd-normal-service caller=system/1092,Intent { cmp=com.anthropic.claude/androidx.work.impl.background.systemjob.SystemJobService }
04-14 18:18:29.597  1092  1092 W ActivityManager: Unable to launch app com.anthropic.claude/10330 for service Intent { cmp=com.anthropic.claude/androidx.work.impl.background.systemjob.SystemJobService }: AutoStart Limit
04-14 18:18:29.598  1092  1092 D ActivityManager: isGriffinSupport  bringUpServiceLocked and unbindServiceLockedIntent { cmp=com.anthropic.claude/androidx.work.impl.background.systemjob.SystemJobService }
04-14 18:18:29.599  2973 31396 I MediaProvider: Observed non-standard /storage/emulated/0/Documents/Scans/downloads/.nomedia
04-14 18:18:29.599  1092  1092 W ActivityManager: Unbind failed: could not find connection for android.app.LoadedApk$ServiceDispatcher$InnerConnection@ee7741f
04-14 18:18:29.600  1092  1092 E JobScheduler.Concurrency: Error executing JobStatus{15aeb1d #u0a330/66 com.anthropic.claude/androidx.work.impl.background.systemjob.SystemJobService u=0 s=10330 TIME=-1d1h34m10s84ms:none NET failures=1 READY}
04-14 18:18:29.601  2973 31396 W MediaProvider: isAppCloneUserPair for user 0: false
04-14 18:18:29.603  1092  9594 V WindowState: toString mSurfaceNameCache=-[Surface(name=*Title#70641)/@0xd1305ca] mLastTitle=null title=SnapshotStartingWindow for taskId=2005
04-14 18:18:29.605   679   679 I DPUModule: DpuR5P0::checkLayerFormat <142>: checkLayerFormat: Format(1)
04-14 18:18:29.605   679   679 I DPUModule: DpuR5P0::checkTransform <35>: checkTransform: Transform(0), SRCRect(0,0)
04-14 18:18:29.605   679   679 I DPUModule: DpuR5P0::checkAFBCBlockSize <97>: checkAFBCBlockSize: compressed(1),format(1), pitch(800), vstride(1616)
04-14 18:18:29.605   679   679 I DPUModule: DpuR5P0::checkLayerFormat <142>: checkLayerFormat: Format(1)
04-14 18:18:29.605   679   679 I DPUModule: DpuR5P0::checkTransform <35>: checkTransform: Transform(0), SRCRect(0,0)
04-14 18:18:29.605   679   679 I DPUModule: DpuR5P0::checkAFBCBlockSize <97>: checkAFBCBlockSize: compressed(1),format(1), pitch(720), vstride(1616)
04-14 18:18:29.605   679   679 I DPUModule: DpuR5P0::checkLayerFormat <142>: checkLayerFormat: Format(1)
04-14 18:18:29.605   679   679 I DPUModule: DpuR5P0::checkTransform <35>: checkTransform: Transform(0), SRCRect(0,0)
04-14 18:18:29.605   679   679 I DPUModule: DpuR5P0::checkAFBCBlockSize <97>: checkAFBCBlockSize: compressed(1),format(1), pitch(720), vstride(80)
04-14 18:18:29.605   679   679 I DPUModule: DpuR5P0::checkLayerFormat <142>: checkLayerFormat: Format(1)
04-14 18:18:29.605   679   679 I DPUModule: DpuR5P0::checkTransform <35>: checkTransform: Transform(0), SRCRect(0,0)
04-14 18:18:29.605   679   679 I DPUModule: DpuR5P0::checkAFBCBlockSize <97>: checkAFBCBlockSize: compressed(1),format(1), pitch(720), vstride(96)
04-14 18:18:29.605   679   679 D DPUModule: [] support: 0
04-14 18:18:29.606  1092  1092 D Griffin/ComponentManager: Limit start proc:com.deepseek.chat for 3rd-normal-service caller=system/1092,Intent { cmp=com.deepseek.chat/com.google.android.datatransport.runtime.scheduling.jobscheduling.JobInfoSchedulerService }
04-14 18:18:29.607  1092  1092 W ActivityManager: Unable to launch app com.deepseek.chat/10286 for service Intent { cmp=com.deepseek.chat/com.google.android.datatransport.runtime.scheduling.jobscheduling.JobInfoSchedulerService }: AutoStart Limit
04-14 18:18:29.607  1092  9594 I WindowManager: Relayout Window{60d1279 u0 SnapshotStartingWindow for taskId=2005}-[Surface(name=*Title#70641)/@0xd1305ca]: oldVis=8 newVis=0 focusMayChange = true requestedWidth = -1 requestedHeight = -1 outFrames = ClientWindowFrames{frame=[0,0][720,1612] display=[0,0][720,1612] parentFrame=[0,0][0,0] parentClippedByDisplayCutout=false} outSurfaceControl = Surface(name=SnapshotStartingWindow for taskId=2005#-1)/@0x15997b1
04-14 18:18:29.609  1092  1242 W TranSprdPowerHintComponentImpl: start BoostAnim
04-14 18:18:29.610   717   717 D SurfaceFlinger: VRR attempt to set desired mode 0
04-14 18:18:29.610  1092  1092 D ActivityManager: isGriffinSupport  bringUpServiceLocked and unbindServiceLockedIntent { cmp=com.deepseek.chat/com.google.android.datatransport.runtime.scheduling.jobscheduling.JobInfoSchedulerService }
04-14 18:18:29.611  1092  1092 W ActivityManager: Unbind failed: could not find connection for android.app.LoadedApk$ServiceDispatcher$InnerConnection@119333b
04-14 18:18:29.611  1092  1092 E JobScheduler.Concurrency: Error executing JobStatus{52e50ff #u0a286/-814799897 com.deepseek.chat/com.google.android.datatransport.runtime.scheduling.jobscheduling.JobInfoSchedulerService u=0 s=10286 TIME=-1d1h7m38s691ms:none NET READY}
04-14 18:18:29.611   717   799 I mali_gralloc: register: id=0x2a600019504, importpid=1604
04-14 18:18:29.612  1604  1693 I mali_gralloc: unregister: id=0x2a600019504, base=0x0, importpid=1604
04-14 18:18:29.613  1092  5611 D WindowManager: finishDrawing: syncSeqId=2147483647, postDrawTransaction=null, mSyncState=0, mDrawState=1, hasSyncHandlers=false, mClientWasDrawingForSync=false, win=Window{60d1279 u0 SnapshotStartingWindow for taskId=2005}-[Surface(name=*Title#70641)/@0xd1305ca]
04-14 18:18:29.617   679   679 I DPUModule: DpuR5P0::checkLayerFormat <142>: checkLayerFormat: Format(1)
04-14 18:18:29.617   679   679 I DPUModule: DpuR5P0::checkTransform <35>: checkTransform: Transform(0), SRCRect(0,0)
04-14 18:18:29.617   679   679 I DPUModule: DpuR5P0::checkAFBCBlockSize <97>: checkAFBCBlockSize: compressed(1),format(1), pitch(800), vstride(1616)
04-14 18:18:29.617   679   679 I DPUModule: DpuR5P0::checkLayerFormat <142>: checkLayerFormat: Format(1)
04-14 18:18:29.617   679   679 I DPUModule: DpuR5P0::checkTransform <35>: checkTransform: Transform(0), SRCRect(0,0)
04-14 18:18:29.617   679   679 I DPUModule: DpuR5P0::checkAFBCBlockSize <97>: checkAFBCBlockSize: compressed(1),format(1), pitch(720), vstride(1616)
04-14 18:18:29.617   679   679 I DPUModule: DpuR5P0::checkLayerFormat <142>: checkLayerFormat: Format(1)
04-14 18:18:29.617   679   679 I DPUModule: DpuR5P0::checkTransform <35>: checkTransform: Transform(0), SRCRect(0,0)
04-14 18:18:29.617   679   679 I DPUModule: DpuR5P0::checkAFBCBlockSize <97>: checkAFBCBlockSize: compressed(1),format(1), pitch(720), vstride(80)
04-14 18:18:29.617   679   679 I DPUModule: DpuR5P0::checkLayerFormat <142>: checkLayerFormat: Format(1)
04-14 18:18:29.617   679   679 I DPUModule: DpuR5P0::checkTransform <35>: checkTransform: Transform(0), SRCRect(0,0)
04-14 18:18:29.617   679   679 I DPUModule: DpuR5P0::checkAFBCBlockSize <97>: checkAFBCBlockSize: compressed(1),format(1), pitch(720), vstride(96)
04-14 18:18:29.617   679   679 D DPUModule: [] support: 0
04-14 18:18:29.619  1092  1092 D Griffin/ComponentManager: Limit start proc:com.openai.chatgpt for 3rd-normal-service caller=system/1092,Intent { cmp=com.openai.chatgpt/androidx.work.impl.background.systemjob.SystemJobService }
04-14 18:18:29.619  1092  1092 W ActivityManager: Unable to launch app com.openai.chatgpt/10270 for service Intent { cmp=com.openai.chatgpt/androidx.work.impl.background.systemjob.SystemJobService }: AutoStart Limit
04-14 18:18:29.619  1092  1092 D ActivityManager: isGriffinSupport  bringUpServiceLocked and unbindServiceLockedIntent { cmp=com.openai.chatgpt/androidx.work.impl.background.systemjob.SystemJobService }
04-14 18:18:29.619  1092  1092 W ActivityManager: Unbind failed: could not find connection for android.app.LoadedApk$ServiceDispatcher$InnerConnection@6ddc817
04-14 18:18:29.620  1092  1092 E JobScheduler.Concurrency: Error executing JobStatus{c34fd82 #u0a270/3236 com.openai.chatgpt/androidx.work.impl.background.systemjob.SystemJobService u=0 s=10270 TIME=-1d0h35m27s719ms:none NET READY}
04-14 18:18:29.620  4442  4450 I mali_gralloc: unregister: id=0x2a60001952f, base=0x0, importpid=4442
04-14 18:18:29.621  4442  4450 I mali_gralloc: unregister: id=0x2a60001952f, base=0x0, importpid=4442
04-14 18:18:29.621  4442  4450 I mali_gralloc: unregister: id=0x2a60001952e, base=0x0, importpid=4442
04-14 18:18:29.621  4442  4450 I mali_gralloc: unregister: id=0x2a600019519, base=0x0, importpid=4442
04-14 18:18:29.625   717   836 W VSyncPredictor: VSyncPredictor::setPeriod current period =11111111
04-14 18:18:29.624  1092  1092 D Griffin/ComponentManager: Limit start proc:org.telegram.messenger for 3rd-normal-service caller=system/1092,Intent { cmp=org.telegram.messenger/com.google.android.datatransport.runtime.scheduling.jobscheduling.JobInfoSchedulerService }
04-14 18:18:29.625  1092  1092 W ActivityManager: Unable to launch app org.telegram.messenger/10209 for service Intent { cmp=org.telegram.messenger/com.google.android.datatransport.runtime.scheduling.jobscheduling.JobInfoSchedulerService }: AutoStart Limit
04-14 18:18:29.627   679   679 I DPUModule: DpuR5P0::checkLayerFormat <142>: checkLayerFormat: Format(1)
04-14 18:18:29.627   679   679 I DPUModule: DpuR5P0::checkTransform <35>: checkTransform: Transform(0), SRCRect(0,0)
04-14 18:18:29.627   679   679 I DPUModule: DpuR5P0::checkAFBCBlockSize <97>: checkAFBCBlockSize: compressed(1),format(1), pitch(800), vstride(1616)
04-14 18:18:29.627   679   679 I DPUModule: DpuR5P0::checkLayerFormat <142>: checkLayerFormat: Format(1)
04-14 18:18:29.627   679   679 I DPUModule: DpuR5P0::checkTransform <35>: checkTransform: Transform(0), SRCRect(0,0)
04-14 18:18:29.627   679   679 I DPUModule: DpuR5P0::checkAFBCBlockSize <97>: checkAFBCBlockSize: compressed(1),format(1), pitch(720), vstride(1616)
04-14 18:18:29.627   679   679 I DPUModule: DpuR5P0::checkLayerFormat <142>: checkLayerFormat: Format(1)
04-14 18:18:29.627   679   679 I DPUModule: DpuR5P0::checkTransform <35>: checkTransform: Transform(0), SRCRect(0,0)
04-14 18:18:29.627   679   679 I DPUModule: DpuR5P0::checkAFBCBlockSize <97>: checkAFBCBlockSize: compressed(1),format(1), pitch(720), vstride(80)
04-14 18:18:29.627   679   679 I DPUModule: DpuR5P0::checkLayerFormat <142>: checkLayerFormat: Format(1)
04-14 18:18:29.627   679   679 I DPUModule: DpuR5P0::checkTransform <35>: checkTransform: Transform(0), SRCRect(0,0)
04-14 18:18:29.627   679   679 I DPUModule: DpuR5P0::checkAFBCBlockSize <97>: checkAFBCBlockSize: compressed(1),format(1), pitch(720), vstride(96)
04-14 18:18:29.627   679   679 D DPUModule: [] support: 0
04-14 18:18:29.627  1092  1092 D ActivityManager: isGriffinSupport  bringUpServiceLocked and unbindServiceLockedIntent { cmp=org.telegram.messenger/com.google.android.datatransport.runtime.scheduling.jobscheduling.JobInfoSchedulerService }
04-14 18:18:29.627  1092  1092 W ActivityManager: Unbind failed: could not find connection for android.app.LoadedApk$ServiceDispatcher$InnerConnection@886fda5
04-14 18:18:29.627  1092  1092 E JobScheduler.Concurrency: Error executing JobStatus{bfcca24 #u0a209/-1341184476 org.telegram.messenger/com.google.android.datatransport.runtime.scheduling.jobscheduling.JobInfoSchedulerService u=0 s=10209 TIME=-2h16m44s953ms:none NET READY}
04-14 18:18:29.630  4442  4450 I mali_gralloc: unregister: id=0x2a600019519, base=0x0, importpid=4442
04-14 18:18:29.631  4442  4450 W JavaBinder: BinderProxy is being destroyed but the application did not call unlinkToDeath to unlink all of its death recipients beforehand.  Releasing leaked death recipient: com.android.overlay.LauncherClient$ZSDeathRecipient
04-14 18:18:29.631  4442  4450 I BpBinder: onLastStrongRef automatically unlinking death recipients: <uncached descriptor>
04-14 18:18:29.635  1092  1092 D Griffin/ComponentManager: Limit start proc:com.whatsapp for 3rd-normal-service caller=system/1092,Intent { cmp=com.whatsapp/androidx.work.impl.background.systemjob.SystemJobService }
04-14 18:18:29.635  1092  1092 W ActivityManager: Unable to launch app com.whatsapp/10191 for service Intent { cmp=com.whatsapp/androidx.work.impl.background.systemjob.SystemJobService }: AutoStart Limit
04-14 18:18:29.636  1092  1092 D ActivityManager: isGriffinSupport  bringUpServiceLocked and unbindServiceLockedIntent { cmp=com.whatsapp/androidx.work.impl.background.systemjob.SystemJobService }
04-14 18:18:29.636  1092  1092 W ActivityManager: Unbind failed: could not find connection for android.app.LoadedApk$ServiceDispatcher$InnerConnection@a4ba988
04-14 18:18:29.637   717   717 I Layer   : fillInputInfo layer:SnapshotStartingWindow for taskId=2005#70641, visible=1 (hasInputInfo:1, isHidden:0, alpha:0.000000, mActiveBuffer:0), parent:60d1279 SnapshotStartingWindow for taskId=2005#70640, parenthidden:0
04-14 18:18:29.637  1092  1092 E JobScheduler.Concurrency: Error executing JobStatus{4e0ff27 #u0a191/217534 com.whatsapp/androidx.work.impl.background.systemjob.SystemJobService u=0 s=10191 TIME=-21m29s942ms:none NET CHARGING READY}
04-14 18:18:29.638   679   679 I DPUModule: DpuR5P0::checkLayerFormat <142>: checkLayerFormat: Format(1)
04-14 18:18:29.638   679   679 I DPUModule: DpuR5P0::checkTransform <35>: checkTransform: Transform(0), SRCRect(0,0)
04-14 18:18:29.638   679   679 I DPUModule: DpuR5P0::checkAFBCBlockSize <97>: checkAFBCBlockSize: compressed(1),format(1), pitch(800), vstride(1616)
04-14 18:18:29.638   679   679 I DPUModule: DpuR5P0::checkLayerFormat <142>: checkLayerFormat: Format(1)
04-14 18:18:29.638   679   679 I DPUModule: DpuR5P0::checkTransform <35>: checkTransform: Transform(0), SRCRect(0,0)
04-14 18:18:29.638   679   679 I DPUModule: DpuR5P0::checkAFBCBlockSize <97>: checkAFBCBlockSize: compressed(1),format(1), pitch(720), vstride(1616)
04-14 18:18:29.638   679   679 I DPUModule: DpuR5P0::checkLayerFormat <142>: checkLayerFormat: Format(1)
04-14 18:18:29.638   679   679 I DPUModule: DpuR5P0::checkTransform <35>: checkTransform: Transform(0), SRCRect(0,0)
04-14 18:18:29.638   679   679 I DPUModule: DpuR5P0::checkAFBCBlockSize <97>: checkAFBCBlockSize: compressed(1),format(1), pitch(720), vstride(80)
04-14 18:18:29.638   679   679 I DPUModule: DpuR5P0::checkLayerFormat <142>: checkLayerFormat: Format(1)
04-14 18:18:29.638   679   679 I DPUModule: DpuR5P0::checkTransform <35>: checkTransform: Transform(0), SRCRect(0,0)
04-14 18:18:29.638   679   679 I DPUModule: DpuR5P0::checkAFBCBlockSize <97>: checkAFBCBlockSize: compressed(1),format(1), pitch(720), vstride(96)
04-14 18:18:29.638   679   679 D DPUModule: [] support: 0
04-14 18:18:29.639  1092  2971 D NetworkAdapter: UnisocOffloadUsbTetheringStatsProvider.onRequestStatsUpdate
04-14 18:18:29.639  1092  1867 D NetworkAdapter: UnisocOffloadUsbTetheringStatsProvider.pushTetherStats
04-14 18:18:29.639  1092  1867 D NetworkAdapter: Unisoc Offload UsbTethering StatsProvider getTetherStats
04-14 18:18:29.641  1092  1867 D NetworkAdapter: OFFLOAD_USB_TETHERING_PROP = 0
04-14 18:18:29.641  1092  1867 D NetworkAdapter: Unisoc Offload UsbTethering StatsProvider getTetherStats
04-14 18:18:29.641  1092  1867 D NetworkAdapter: OFFLOAD_USB_TETHERING_PROP = 0
04-14 18:18:29.648   717   717 I Layer   : fillInputInfo layer:SnapshotStartingWindow for taskId=2005 - task-snapshot-surface#70642, visible=1 (hasInputInfo:1, isHidden:0, alpha:0.082703, mActiveBuffer:2), parent:SnapshotStartingWindow for taskId=2005#70641, parenthidden:0
04-14 18:18:29.649   679   679 D SPRDHWComposer: HWC Range:1, HWC_Transfer:4
04-14 18:18:29.649   679   679 I mali_gralloc: register: id=0x2a600019504, importpid=717
04-14 18:18:29.649   679   679 I DPUModule: DpuR5P0::checkLayerFormat <142>: checkLayerFormat: Format(1)
04-14 18:18:29.649   679   679 I DPUModule: DpuR5P0::checkTransform <35>: checkTransform: Transform(0), SRCRect(0,0)
04-14 18:18:29.649   679   679 I DPUModule: DpuR5P0::checkAFBCBlockSize <97>: checkAFBCBlockSize: compressed(1),format(1), pitch(800), vstride(1616)
04-14 18:18:29.649   679   679 I DPUModule: DpuR5P0::checkLayerFormat <142>: checkLayerFormat: Format(1)
04-14 18:18:29.649   679   679 I DPUModule: DpuR5P0::checkTransform <35>: checkTransform: Transform(0), SRCRect(0,0)
04-14 18:18:29.649   679   679 I DPUModule: DpuR5P0::checkAFBCBlockSize <97>: checkAFBCBlockSize: compressed(1),format(1), pitch(720), vstride(1616)
