04-14 20:05:01.429   679   679 I DPUModule: DpuR5P0::checkAFBCBlockSize <97>: checkAFBCBlockSize: compressed(1),format(1), pitch(720), vstride(80)
04-14 20:05:01.429   679   679 I DPUModule: DpuR5P0::checkLayerFormat <142>: checkLayerFormat: Format(1)
04-14 20:05:01.429   679   679 I DPUModule: DpuR5P0::checkTransform <35>: checkTransform: Transform(0), SRCRect(0,0)
04-14 20:05:01.429   679   679 I DPUModule: DpuR5P0::checkAFBCBlockSize <97>: checkAFBCBlockSize: compressed(1),format(1), pitch(720), vstride(96)
04-14 20:05:01.429   679   679 D DPUModule: [] support: 0
04-14 20:05:01.431 32747 32747 D TranFlingManagerImpl: updateVelocity, scrollType = 1, currVelocity = 4092.2021
04-14 20:05:01.431 32747 32747 D TranFlingManagerImpl: updateCurrVelocity mFlingFlag currVelocity:4092.2021
04-14 20:05:01.431 32747 32747 D TranFlingManagerImpl: updateCurrVelocity FLING_VELOCITY_START:
04-14 20:05:01.441 32747 32747 D TranFlingManagerImpl: updateVelocity, scrollType = 1, currVelocity = 3956.743
04-14 20:05:01.441 32747 32747 D TranFlingManagerImpl: updateCurrVelocity mFlingFlag currVelocity:3956.743
04-14 20:05:01.441 32747 32747 D TranFlingManagerImpl: updateCurrVelocity FLING_VELOCITY_START:
04-14 20:05:01.444   674 11196 I audio_hw_primary: app type:0x   0, is_voip:0, device:2, pcm:-352510464, usecase:0x   8
04-14 20:05:01.455 32747 32747 D TranFlingManagerImpl: updateVelocity, scrollType = 1, currVelocity = 3824.5535
04-14 20:05:01.455 32747 32747 D TranFlingManagerImpl: updateCurrVelocity mFlingFlag currVelocity:3824.5535
04-14 20:05:01.455 32747 32747 D TranFlingManagerImpl: updateCurrVelocity FLING_VELOCITY_START:
04-14 20:05:01.462   679   679 I DPUModule: DpuR5P0::checkLayerFormat <142>: checkLayerFormat: Format(1)
04-14 20:05:01.462   679   679 I DPUModule: DpuR5P0::checkTransform <35>: checkTransform: Transform(0), SRCRect(0,0)
04-14 20:05:01.462   679   679 I DPUModule: DpuR5P0::checkAFBCBlockSize <97>: checkAFBCBlockSize: compressed(1),format(1), pitch(720), vstride(1616)
04-14 20:05:01.462   679   679 I DPUModule: DpuR5P0::checkLayerFormat <142>: checkLayerFormat: Format(1)
04-14 20:05:01.462   679   679 I DPUModule: DpuR5P0::checkTransform <35>: checkTransform: Transform(0), SRCRect(0,0)
04-14 20:05:01.462   679   679 I DPUModule: DpuR5P0::checkAFBCBlockSize <97>: checkAFBCBlockSize: compressed(1),format(1), pitch(720), vstride(80)
04-14 20:05:01.462   679   679 I DPUModule: DpuR5P0::checkLayerFormat <142>: checkLayerFormat: Format(1)
04-14 20:05:01.462   679   679 I DPUModule: DpuR5P0::checkTransform <35>: checkTransform: Transform(0), SRCRect(0,0)
04-14 20:05:01.462   679   679 I DPUModule: DpuR5P0::checkAFBCBlockSize <97>: checkAFBCBlockSize: compressed(1),format(1), pitch(720), vstride(96)
04-14 20:05:01.462   679   679 D DPUModule: [] support: 0
04-14 20:05:01.462  1092  1381 D InputReader: syncTouch: pointerCount 0 -> 1, touching ids 0x00000000 -> 0x80000000, hovering ids 0x00000000 -> 0x00000000, canceled ids 0x00000000
04-14 20:05:01.462  1092  1381 D InputReader: dispatchTouches action DOWN now(ns): 455594278166246
04-14 20:05:01.462  1092  1381 D InputReader: notifyMotion call dispatcher
04-14 20:05:01.465 32747 32747 D TranFlingManagerImpl: onOverScrollerFinish()
04-14 20:05:01.473   679   679 I DPUModule: DpuR5P0::checkLayerFormat <142>: checkLayerFormat: Format(1)
04-14 20:05:01.473   679   679 I DPUModule: DpuR5P0::checkTransform <35>: checkTransform: Transform(0), SRCRect(0,0)
04-14 20:05:01.473   679   679 I DPUModule: DpuR5P0::checkAFBCBlockSize <97>: checkAFBCBlockSize: compressed(1),format(1), pitch(720), vstride(1616)
04-14 20:05:01.473   679   679 I DPUModule: DpuR5P0::checkLayerFormat <142>: checkLayerFormat: Format(1)
04-14 20:05:01.473   679   679 I DPUModule: DpuR5P0::checkTransform <35>: checkTransform: Transform(0), SRCRect(0,0)
04-14 20:05:01.473   679   679 I DPUModule: DpuR5P0::checkAFBCBlockSize <97>: checkAFBCBlockSize: compressed(1),format(1), pitch(720), vstride(80)
04-14 20:05:01.473   679   679 I DPUModule: DpuR5P0::checkLayerFormat <142>: checkLayerFormat: Format(1)
04-14 20:05:01.473   679   679 I DPUModule: DpuR5P0::checkTransform <35>: checkTransform: Transform(0), SRCRect(0,0)
04-14 20:05:01.473   679   679 I DPUModule: DpuR5P0::checkAFBCBlockSize <97>: checkAFBCBlockSize: compressed(1),format(1), pitch(720), vstride(96)
04-14 20:05:01.473   679   679 D DPUModule: [] support: 0
04-14 20:05:01.482   674 11196 I audio_hw_primary: app type:0x   0, is_voip:0, device:2, pcm:-352510464, usecase:0x   8
04-14 20:05:01.484  1092  1381 D InputReader: syncTouch: pointerCount 1 -> 1, touching ids 0x80000000 -> 0x80000000, hovering ids 0x00000000 -> 0x00000000, canceled ids 0x00000000
04-14 20:05:01.484  1092  1381 D InputReader: dispatchTouches action MOVE now(ns): 455594300536862
04-14 20:05:01.484  1092  1381 D InputReader: notifyMotion call dispatcher
04-14 20:05:01.490  1092  1381 D InputReader: syncTouch: pointerCount 1 -> 1, touching ids 0x80000000 -> 0x80000000, hovering ids 0x00000000 -> 0x00000000, canceled ids 0x00000000
04-14 20:05:01.490  1092  1381 D InputReader: dispatchTouches action MOVE now(ns): 455594306047785
04-14 20:05:01.490  1092  1381 D InputReader: notifyMotion call dispatcher
04-14 20:05:01.494   717   717 D SurfaceFlinger: unisoc-graphics, commit has frameMissed:2, vysncId:151920698
04-14 20:05:01.495  1092  1381 D InputReader: syncTouch: pointerCount 1 -> 1, touching ids 0x80000000 -> 0x80000000, hovering ids 0x00000000 -> 0x00000000, canceled ids 0x00000000
04-14 20:05:01.495  1092  1381 D InputReader: dispatchTouches action MOVE now(ns): 455594311239515
04-14 20:05:01.495  1092  1381 D InputReader: notifyMotion call dispatcher
04-14 20:05:01.495   679   679 I DPUModule: DpuR5P0::checkLayerFormat <142>: checkLayerFormat: Format(1)
04-14 20:05:01.495   679   679 I DPUModule: DpuR5P0::checkTransform <35>: checkTransform: Transform(0), SRCRect(0,0)
04-14 20:05:01.495   679   679 I DPUModule: DpuR5P0::checkAFBCBlockSize <97>: checkAFBCBlockSize: compressed(1),format(1), pitch(720), vstride(1616)
04-14 20:05:01.495   679   679 I DPUModule: DpuR5P0::checkLayerFormat <142>: checkLayerFormat: Format(1)
04-14 20:05:01.495   679   679 I DPUModule: DpuR5P0::checkTransform <35>: checkTransform: Transform(0), SRCRect(0,0)
04-14 20:05:01.495   679   679 I DPUModule: DpuR5P0::checkAFBCBlockSize <97>: checkAFBCBlockSize: compressed(1),format(1), pitch(720), vstride(80)
04-14 20:05:01.495   679   679 I DPUModule: DpuR5P0::checkLayerFormat <142>: checkLayerFormat: Format(1)
04-14 20:05:01.495   679   679 I DPUModule: DpuR5P0::checkTransform <35>: checkTransform: Transform(0), SRCRect(0,0)
04-14 20:05:01.495   679   679 I DPUModule: DpuR5P0::checkAFBCBlockSize <97>: checkAFBCBlockSize: compressed(1),format(1), pitch(720), vstride(96)
04-14 20:05:01.495   679   679 D DPUModule: [] support: 0
04-14 20:05:01.501  1092  1381 D InputReader: syncTouch: pointerCount 1 -> 1, touching ids 0x80000000 -> 0x80000000, hovering ids 0x00000000 -> 0x00000000, canceled ids 0x00000000
04-14 20:05:01.501  1092  1381 D InputReader: dispatchTouches action MOVE now(ns): 455594317459438
04-14 20:05:01.501  1092  1381 D InputReader: notifyMotion call dispatcher
04-14 20:05:01.506  1092  1381 D InputReader: syncTouch: pointerCount 1 -> 1, touching ids 0x80000000 -> 0x80000000, hovering ids 0x00000000 -> 0x00000000, canceled ids 0x00000000
04-14 20:05:01.506  1092  1381 D InputReader: dispatchTouches action MOVE now(ns): 455594322624631
04-14 20:05:01.506  1092  1381 D InputReader: notifyMotion call dispatcher
04-14 20:05:01.506   679   679 I DPUModule: DpuR5P0::checkLayerFormat <142>: checkLayerFormat: Format(1)
04-14 20:05:01.506   679   679 I DPUModule: DpuR5P0::checkTransform <35>: checkTransform: Transform(0), SRCRect(0,0)
04-14 20:05:01.507   679   679 I DPUModule: DpuR5P0::checkAFBCBlockSize <97>: checkAFBCBlockSize: compressed(1),format(1), pitch(720), vstride(1616)
04-14 20:05:01.507   679   679 I DPUModule: DpuR5P0::checkLayerFormat <142>: checkLayerFormat: Format(1)
04-14 20:05:01.507   679   679 I DPUModule: DpuR5P0::checkTransform <35>: checkTransform: Transform(0), SRCRect(0,0)
04-14 20:05:01.507   679   679 I DPUModule: DpuR5P0::checkAFBCBlockSize <97>: checkAFBCBlockSize: compressed(1),format(1), pitch(720), vstride(80)
04-14 20:05:01.507   679   679 I DPUModule: DpuR5P0::checkLayerFormat <142>: checkLayerFormat: Format(1)
04-14 20:05:01.507   679   679 I DPUModule: DpuR5P0::checkTransform <35>: checkTransform: Transform(0), SRCRect(0,0)
04-14 20:05:01.507   679   679 I DPUModule: DpuR5P0::checkAFBCBlockSize <97>: checkAFBCBlockSize: compressed(1),format(1), pitch(720), vstride(96)
04-14 20:05:01.507   679   679 D DPUModule: [] support: 0
04-14 20:05:01.512  1092  1381 D InputReader: syncTouch: pointerCount 1 -> 1, touching ids 0x80000000 -> 0x80000000, hovering ids 0x00000000 -> 0x00000000, canceled ids 0x00000000
04-14 20:05:01.512  1092  1381 D InputReader: dispatchTouches action MOVE now(ns): 455594328108938
04-14 20:05:01.512  1092  1381 D InputReader: notifyMotion call dispatcher
04-14 20:05:01.517   679   679 I DPUModule: DpuR5P0::checkLayerFormat <142>: checkLayerFormat: Format(1)
04-14 20:05:01.517   679   679 I DPUModule: DpuR5P0::checkTransform <35>: checkTransform: Transform(0), SRCRect(0,0)
04-14 20:05:01.517   679   679 I DPUModule: DpuR5P0::checkAFBCBlockSize <97>: checkAFBCBlockSize: compressed(1),format(1), pitch(720), vstride(1616)
04-14 20:05:01.517   679   679 I DPUModule: DpuR5P0::checkLayerFormat <142>: checkLayerFormat: Format(1)
04-14 20:05:01.517   679   679 I DPUModule: DpuR5P0::checkTransform <35>: checkTransform: Transform(0), SRCRect(0,0)
04-14 20:05:01.517   679   679 I DPUModule: DpuR5P0::checkAFBCBlockSize <97>: checkAFBCBlockSize: compressed(1),format(1), pitch(720), vstride(80)
04-14 20:05:01.517   679   679 I DPUModule: DpuR5P0::checkLayerFormat <142>: checkLayerFormat: Format(1)
04-14 20:05:01.517   679   679 I DPUModule: DpuR5P0::checkTransform <35>: checkTransform: Transform(0), SRCRect(0,0)
04-14 20:05:01.517   679   679 I DPUModule: DpuR5P0::checkAFBCBlockSize <97>: checkAFBCBlockSize: compressed(1),format(1), pitch(720), vstride(96)
04-14 20:05:01.517   679   679 D DPUModule: [] support: 0
04-14 20:05:01.517  1092  1381 D InputReader: syncTouch: pointerCount 1 -> 1, touching ids 0x80000000 -> 0x80000000, hovering ids 0x00000000 -> 0x00000000, canceled ids 0x00000000
04-14 20:05:01.517  1092  1381 D InputReader: dispatchTouches action MOVE now(ns): 455594333514400
04-14 20:05:01.517  1092  1381 D InputReader: notifyMotion call dispatcher
04-14 20:05:01.523  1092  1381 D InputReader: syncTouch: pointerCount 1 -> 1, touching ids 0x80000000 -> 0x80000000, hovering ids 0x00000000 -> 0x00000000, canceled ids 0x00000000
04-14 20:05:01.523  1092  1381 D InputReader: dispatchTouches action MOVE now(ns): 455594339386669
04-14 20:05:01.523  1092  1381 D InputReader: notifyMotion call dispatcher
04-14 20:05:01.526   674 11196 I audio_hw_primary: app type:0x   0, is_voip:0, device:2, pcm:-352510464, usecase:0x   8
04-14 20:05:01.528   679   679 I DPUModule: DpuR5P0::checkLayerFormat <142>: checkLayerFormat: Format(1)
04-14 20:05:01.528   679   679 I DPUModule: DpuR5P0::checkTransform <35>: checkTransform: Transform(0), SRCRect(0,0)
04-14 20:05:01.528   679   679 I DPUModule: DpuR5P0::checkAFBCBlockSize <97>: checkAFBCBlockSize: compressed(1),format(1), pitch(720), vstride(1616)
04-14 20:05:01.528   679   679 I DPUModule: DpuR5P0::checkLayerFormat <142>: checkLayerFormat: Format(1)
04-14 20:05:01.528   679   679 I DPUModule: DpuR5P0::checkTransform <35>: checkTransform: Transform(0), SRCRect(0,0)
04-14 20:05:01.528   679   679 I DPUModule: DpuR5P0::checkAFBCBlockSize <97>: checkAFBCBlockSize: compressed(1),format(1), pitch(720), vstride(80)
04-14 20:05:01.528   679   679 I DPUModule: DpuR5P0::checkLayerFormat <142>: checkLayerFormat: Format(1)
04-14 20:05:01.528   679   679 I DPUModule: DpuR5P0::checkTransform <35>: checkTransform: Transform(0), SRCRect(0,0)
04-14 20:05:01.528   679   679 I DPUModule: DpuR5P0::checkAFBCBlockSize <97>: checkAFBCBlockSize: compressed(1),format(1), pitch(720), vstride(96)
04-14 20:05:01.528   679   679 D DPUModule: [] support: 0
04-14 20:05:01.528  1092  1381 D InputReader: syncTouch: pointerCount 1 -> 1, touching ids 0x80000000 -> 0x80000000, hovering ids 0x00000000 -> 0x00000000, canceled ids 0x00000000
04-14 20:05:01.528  1092  1381 D InputReader: dispatchTouches action MOVE now(ns): 455594344714092
04-14 20:05:01.529  1092  1381 D InputReader: notifyMotion call dispatcher
04-14 20:05:01.534  1092  1381 D InputReader: syncTouch: pointerCount 1 -> 1, touching ids 0x80000000 -> 0x80000000, hovering ids 0x00000000 -> 0x00000000, canceled ids 0x00000000
04-14 20:05:01.535  1092  1381 D InputReader: dispatchTouches action MOVE now(ns): 455594350740015
04-14 20:05:01.535  1092  1381 D InputReader: notifyMotion call dispatcher
04-14 20:05:01.539  1092  1381 I InputReader: processEventsLocked: type=3 Count=4 code=57 value=-1 deviceId=1 when=455594355195000
04-14 20:05:01.539   679   679 I DPUModule: DpuR5P0::checkLayerFormat <142>: checkLayerFormat: Format(1)
04-14 20:05:01.539   679   679 I DPUModule: DpuR5P0::checkTransform <35>: checkTransform: Transform(0), SRCRect(0,0)
04-14 20:05:01.539   679   679 I DPUModule: DpuR5P0::checkAFBCBlockSize <97>: checkAFBCBlockSize: compressed(1),format(1), pitch(720), vstride(1616)
04-14 20:05:01.539   679   679 I DPUModule: DpuR5P0::checkLayerFormat <142>: checkLayerFormat: Format(1)
04-14 20:05:01.539   679   679 I DPUModule: DpuR5P0::checkTransform <35>: checkTransform: Transform(0), SRCRect(0,0)
04-14 20:05:01.539   679   679 I DPUModule: DpuR5P0::checkAFBCBlockSize <97>: checkAFBCBlockSize: compressed(1),format(1), pitch(720), vstride(80)
04-14 20:05:01.539  1092  1381 D InputReader: syncTouch: pointerCount 1 -> 0, touching ids 0x80000000 -> 0x00000000, hovering ids 0x00000000 -> 0x00000000, canceled ids 0x00000000
04-14 20:05:01.539   679   679 I DPUModule: DpuR5P0::checkLayerFormat <142>: checkLayerFormat: Format(1)
04-14 20:05:01.539   679   679 I DPUModule: DpuR5P0::checkTransform <35>: checkTransform: Transform(0), SRCRect(0,0)
04-14 20:05:01.539   679   679 I DPUModule: DpuR5P0::checkAFBCBlockSize <97>: checkAFBCBlockSize: compressed(1),format(1), pitch(720), vstride(96)
04-14 20:05:01.539  1092  1381 D InputReader: dispatchTouches action UP now(ns): 455594355514746
04-14 20:05:01.539   679   679 D DPUModule: [] support: 0
04-14 20:05:01.539  1092  1381 D InputReader: notifyMotion call dispatcher
04-14 20:05:01.541  1092  1239 D TranFlingManagerImpl: updateVelocity, scrollType = 0, currVelocity = 281.46292
04-14 20:05:01.541  1092  1239 D TranFlingManagerImpl: not scroll on vertical
04-14 20:05:01.541  1092  1239 D TranFlingManagerImpl: updateVelocity, scrollType = 1, currVelocity = -2909.6267
04-14 20:05:01.541  1092  1239 D TranFlingManagerImpl: updateCurrVelocity mFlingFlag currVelocity:-2909.6267
04-14 20:05:01.541  1092  1239 D TranFlingManagerImpl: updateCurrVelocity FLING_VELOCITY_START:
04-14 20:05:01.542  1092  1239 D TranFlingManagerImpl: updateVelocity, scrollType = 0, currVelocity = 281.46292
04-14 20:05:01.542  1092  1239 D TranFlingManagerImpl: not scroll on vertical
04-14 20:05:01.542  1092  1239 D TranFlingManagerImpl: updateVelocity, scrollType = 1, currVelocity = -2909.6267
04-14 20:05:01.542  1092  1239 D TranFlingManagerImpl: updateCurrVelocity mFlingFlag currVelocity:-2909.6267
04-14 20:05:01.543  1092  1239 D TranFlingManagerImpl: updateCurrVelocity FLING_VELOCITY_START:
04-14 20:05:01.553 32747 32747 D TranFlingManagerImpl: updateVelocity, scrollType = 1, currVelocity = 5196.3784
04-14 20:05:01.553 32747 32747 D TranFlingManagerImpl: updateCurrVelocity mFlingFlag currVelocity:5196.3784
04-14 20:05:01.553 32747 32747 D TranFlingManagerImpl: updateCurrVelocity FLING_VELOCITY_START:
04-14 20:05:01.562   679   679 I DPUModule: DpuR5P0::checkLayerFormat <142>: checkLayerFormat: Format(1)
04-14 20:05:01.562   679   679 I DPUModule: DpuR5P0::checkTransform <35>: checkTransform: Transform(0), SRCRect(0,0)
04-14 20:05:01.562   679   679 I DPUModule: DpuR5P0::checkAFBCBlockSize <97>: checkAFBCBlockSize: compressed(1),format(1), pitch(720), vstride(1616)
04-14 20:05:01.562   679   679 I DPUModule: DpuR5P0::checkLayerFormat <142>: checkLayerFormat: Format(1)
04-14 20:05:01.562   679   679 I DPUModule: DpuR5P0::checkTransform <35>: checkTransform: Transform(0), SRCRect(0,0)
04-14 20:05:01.562   679   679 I DPUModule: DpuR5P0::checkAFBCBlockSize <97>: checkAFBCBlockSize: compressed(1),format(1), pitch(720), vstride(80)
04-14 20:05:01.562   679   679 I DPUModule: DpuR5P0::checkLayerFormat <142>: checkLayerFormat: Format(1)
04-14 20:05:01.562   679   679 I DPUModule: DpuR5P0::checkTransform <35>: checkTransform: Transform(0), SRCRect(0,0)
04-14 20:05:01.562   679   679 I DPUModule: DpuR5P0::checkAFBCBlockSize <97>: checkAFBCBlockSize: compressed(1),format(1), pitch(720), vstride(96)
04-14 20:05:01.562   679   679 D DPUModule: [] support: 0
04-14 20:05:01.562 32747 32747 D TranFlingManagerImpl: updateVelocity, scrollType = 1, currVelocity = 5187.792
04-14 20:05:01.562 32747 32747 D TranFlingManagerImpl: updateCurrVelocity mFlingFlag currVelocity:5187.792
04-14 20:05:01.562 32747 32747 D TranFlingManagerImpl: updateCurrVelocity FLING_VELOCITY_START:
04-14 20:05:01.564   674 11196 I audio_hw_primary: app type:0x   0, is_voip:0, device:2, pcm:-352510464, usecase:0x   8
04-14 20:05:01.573   679   679 I DPUModule: DpuR5P0::checkLayerFormat <142>: checkLayerFormat: Format(1)
04-14 20:05:01.573   679   679 I DPUModule: DpuR5P0::checkTransform <35>: checkTransform: Transform(0), SRCRect(0,0)
04-14 20:05:01.573   679   679 I DPUModule: DpuR5P0::checkAFBCBlockSize <97>: checkAFBCBlockSize: compressed(1),format(1), pitch(720), vstride(1616)
04-14 20:05:01.573   679   679 I DPUModule: DpuR5P0::checkLayerFormat <142>: checkLayerFormat: Format(1)
04-14 20:05:01.573   679   679 I DPUModule: DpuR5P0::checkTransform <35>: checkTransform: Transform(0), SRCRect(0,0)
04-14 20:05:01.573   679   679 I DPUModule: DpuR5P0::checkAFBCBlockSize <97>: checkAFBCBlockSize: compressed(1),format(1), pitch(720), vstride(80)
04-14 20:05:01.573   679   679 I DPUModule: DpuR5P0::checkLayerFormat <142>: checkLayerFormat: Format(1)
04-14 20:05:01.573   679   679 I DPUModule: DpuR5P0::checkTransform <35>: checkTransform: Transform(0), SRCRect(0,0)
04-14 20:05:01.573   679   679 I DPUModule: DpuR5P0::checkAFBCBlockSize <97>: checkAFBCBlockSize: compressed(1),format(1), pitch(720), vstride(96)
04-14 20:05:01.573   679   679 D DPUModule: [] support: 0
04-14 20:05:01.573 32747 32747 D TranFlingManagerImpl: updateVelocity, scrollType = 1, currVelocity = 5159.7974
04-14 20:05:01.573 32747 32747 D TranFlingManagerImpl: updateCurrVelocity mFlingFlag currVelocity:5159.7974
04-14 20:05:01.573 32747 32747 D TranFlingManagerImpl: updateCurrVelocity FLING_VELOCITY_START:
04-14 20:05:01.584 32747 32747 D TranFlingManagerImpl: updateVelocity, scrollType = 1, currVelocity = 5117.767
04-14 20:05:01.584 32747 32747 D TranFlingManagerImpl: updateCurrVelocity mFlingFlag currVelocity:5117.767
04-14 20:05:01.584 32747 32747 D TranFlingManagerImpl: updateCurrVelocity FLING_VELOCITY_START:
04-14 20:05:01.595   679   679 I DPUModule: DpuR5P0::checkLayerFormat <142>: checkLayerFormat: Format(1)
04-14 20:05:01.595   679   679 I DPUModule: DpuR5P0::checkTransform <35>: checkTransform: Transform(0), SRCRect(0,0)
04-14 20:05:01.595   679   679 I DPUModule: DpuR5P0::checkAFBCBlockSize <97>: checkAFBCBlockSize: compressed(1),format(1), pitch(720), vstride(1616)
04-14 20:05:01.595   679   679 I DPUModule: DpuR5P0::checkLayerFormat <142>: checkLayerFormat: Format(1)
04-14 20:05:01.595   679   679 I DPUModule: DpuR5P0::checkTransform <35>: checkTransform: Transform(0), SRCRect(0,0)
04-14 20:05:01.595   679   679 I DPUModule: DpuR5P0::checkAFBCBlockSize <97>: checkAFBCBlockSize: compressed(1),format(1), pitch(720), vstride(80)
04-14 20:05:01.595   679   679 I DPUModule: DpuR5P0::checkLayerFormat <142>: checkLayerFormat: Format(1)
04-14 20:05:01.595   679   679 I DPUModule: DpuR5P0::checkTransform <35>: checkTransform: Transform(0), SRCRect(0,0)
04-14 20:05:01.595   679   679 I DPUModule: DpuR5P0::checkAFBCBlockSize <97>: checkAFBCBlockSize: compressed(1),format(1), pitch(720), vstride(96)
04-14 20:05:01.595   679   679 D DPUModule: [] support: 0
04-14 20:05:01.598 32747 32747 D TranFlingManagerImpl: updateVelocity, scrollType = 1, currVelocity = 5062.5693
04-14 20:05:01.598 32747 32747 D TranFlingManagerImpl: updateCurrVelocity mFlingFlag currVelocity:5062.5693
04-14 20:05:01.598 32747 32747 D TranFlingManagerImpl: updateCurrVelocity FLING_VELOCITY_START:
04-14 20:05:01.605   674 11196 I audio_hw_primary: app type:0x   0, is_voip:0, device:2, pcm:-352510464, usecase:0x   8
04-14 20:05:01.606   679   679 I DPUModule: DpuR5P0::checkLayerFormat <142>: checkLayerFormat: Format(1)
04-14 20:05:01.606   679   679 I DPUModule: DpuR5P0::checkTransform <35>: checkTransform: Transform(0), SRCRect(0,0)
04-14 20:05:01.606   679   679 I DPUModule: DpuR5P0::checkAFBCBlockSize <97>: checkAFBCBlockSize: compressed(1),format(1), pitch(720), vstride(1616)
04-14 20:05:01.606   679   679 I DPUModule: DpuR5P0::checkLayerFormat <142>: checkLayerFormat: Format(1)
04-14 20:05:01.606   679   679 I DPUModule: DpuR5P0::checkTransform <35>: checkTransform: Transform(0), SRCRect(0,0)
04-14 20:05:01.606   679   679 I DPUModule: DpuR5P0::checkAFBCBlockSize <97>: checkAFBCBlockSize: compressed(1),format(1), pitch(720), vstride(80)
04-14 20:05:01.606   679   679 I DPUModule: DpuR5P0::checkLayerFormat <142>: checkLayerFormat: Format(1)
04-14 20:05:01.606   679   679 I DPUModule: DpuR5P0::checkTransform <35>: checkTransform: Transform(0), SRCRect(0,0)
04-14 20:05:01.606   679   679 I DPUModule: DpuR5P0::checkAFBCBlockSize <97>: checkAFBCBlockSize: compressed(1),format(1), pitch(720), vstride(96)
04-14 20:05:01.606   679   679 D DPUModule: [] support: 0
04-14 20:05:01.606 32747 32747 D TranFlingManagerImpl: updateVelocity, scrollType = 1, currVelocity = 5002.3975
04-14 20:05:01.606 32747 32747 D TranFlingManagerImpl: updateCurrVelocity mFlingFlag currVelocity:5002.3975
04-14 20:05:01.606 32747 32747 D TranFlingManagerImpl: updateCurrVelocity FLING_VELOCITY_START:
04-14 20:05:01.617  1092  2391 D SmartBandWith_Controller2: [handleMessage] what: 1004
04-14 20:05:01.618  1092  2391 D SmartBandWith_Controller2: [isNetworkRateSatisfy]mUid = 10282, curWhiteAppByte = 10112433611 Byte
04-14 20:05:01.618 32747 32747 D TranFlingManagerImpl: updateVelocity, scrollType = 1, currVelocity = 4923.469
04-14 20:05:01.618 32747 32747 D TranFlingManagerImpl: updateCurrVelocity mFlingFlag currVelocity:4923.469
04-14 20:05:01.618 32747 32747 D TranFlingManagerImpl: updateCurrVelocity FLING_VELOCITY_START:
04-14 20:05:01.618  1092  2391 D SmartBandWith_Controller2: [isNetworkRateSatisfy]System totalRate = 91.7474 kbps
04-14 20:05:01.618  1092  2391 D SmartBandWith_Controller2: system network is out of limit scale or fg App not using
04-14 20:05:01.618  1092  2391 D SmartBandWith_Controller2: isNetworkRateSatisfy: false
04-14 20:05:01.628   679   679 I DPUModule: DpuR5P0::checkLayerFormat <142>: checkLayerFormat: Format(1)
04-14 20:05:01.628   679   679 I DPUModule: DpuR5P0::checkTransform <35>: checkTransform: Transform(0), SRCRect(0,0)
04-14 20:05:01.628   679   679 I DPUModule: DpuR5P0::checkAFBCBlockSize <97>: checkAFBCBlockSize: compressed(1),format(1), pitch(720), vstride(1616)
04-14 20:05:01.628   679   679 I DPUModule: DpuR5P0::checkLayerFormat <142>: checkLayerFormat: Format(1)
04-14 20:05:01.628   679   679 I DPUModule: DpuR5P0::checkTransform <35>: checkTransform: Transform(0), SRCRect(0,0)
04-14 20:05:01.628   679   679 I DPUModule: DpuR5P0::checkAFBCBlockSize <97>: checkAFBCBlockSize: compressed(1),format(1), pitch(720), vstride(80)
04-14 20:05:01.628   679   679 I DPUModule: DpuR5P0::checkLayerFormat <142>: checkLayerFormat: Format(1)
04-14 20:05:01.628   679   679 I DPUModule: DpuR5P0::checkTransform <35>: checkTransform: Transform(0), SRCRect(0,0)
04-14 20:05:01.628   679   679 I DPUModule: DpuR5P0::checkAFBCBlockSize <97>: checkAFBCBlockSize: compressed(1),format(1), pitch(720), vstride(96)
04-14 20:05:01.628   679   679 D DPUModule: [] support: 0
04-14 20:05:01.629 32747 32747 D TranFlingManagerImpl: updateVelocity, scrollType = 1, currVelocity = 4840.8564
04-14 20:05:01.629 32747 32747 D TranFlingManagerImpl: updateCurrVelocity mFlingFlag currVelocity:4840.8564
04-14 20:05:01.629 32747 32747 D TranFlingManagerImpl: updateCurrVelocity FLING_VELOCITY_START:
04-14 20:05:01.639   679   679 I DPUModule: DpuR5P0::checkLayerFormat <142>: checkLayerFormat: Format(1)
04-14 20:05:01.639   679   679 I DPUModule: DpuR5P0::checkTransform <35>: checkTransform: Transform(0), SRCRect(0,0)
04-14 20:05:01.639   679   679 I DPUModule: DpuR5P0::checkAFBCBlockSize <97>: checkAFBCBlockSize: compressed(1),format(1), pitch(720), vstride(1616)
04-14 20:05:01.639   679   679 I DPUModule: DpuR5P0::checkLayerFormat <142>: checkLayerFormat: Format(1)
04-14 20:05:01.639   679   679 I DPUModule: DpuR5P0::checkTransform <35>: checkTransform: Transform(0), SRCRect(0,0)
04-14 20:05:01.639   679   679 I DPUModule: DpuR5P0::checkAFBCBlockSize <97>: checkAFBCBlockSize: compressed(1),format(1), pitch(720), vstride(80)
04-14 20:05:01.639   679   679 I DPUModule: DpuR5P0::checkLayerFormat <142>: checkLayerFormat: Format(1)
04-14 20:05:01.639   679   679 I DPUModule: DpuR5P0::checkTransform <35>: checkTransform: Transform(0), SRCRect(0,0)
04-14 20:05:01.639   679   679 I DPUModule: DpuR5P0::checkAFBCBlockSize <97>: checkAFBCBlockSize: compressed(1),format(1), pitch(720), vstride(96)
04-14 20:05:01.639   679   679 D DPUModule: [] support: 0
04-14 20:05:01.640 32747 32747 D TranFlingManagerImpl: updateVelocity, scrollType = 1, currVelocity = 4741.8477
04-14 20:05:01.640 32747 32747 D TranFlingManagerImpl: updateCurrVelocity mFlingFlag currVelocity:4741.8477
04-14 20:05:01.640 32747 32747 D TranFlingManagerImpl: updateCurrVelocity FLING_VELOCITY_START:
04-14 20:05:01.645   674 11408 D dtsaudio: eagle pipeline proc call 7059500 (size =1920, inCh=3, outCh=3, android fmt in=5, out=5) ret 0 
04-14 20:05:01.645   674 11196 I audio_hw_primary: app type:0x   0, is_voip:0, device:2, pcm:-352510464, usecase:0x   8
04-14 20:05:01.651 32747 32747 D TranFlingManagerImpl: updateVelocity, scrollType = 1, currVelocity = 4654.8496
04-14 20:05:01.651 32747 32747 D TranFlingManagerImpl: updateCurrVelocity mFlingFlag currVelocity:4654.8496
04-14 20:05:01.651 32747 32747 D TranFlingManagerImpl: updateCurrVelocity FLING_VELOCITY_START:
04-14 20:05:01.661   679   679 I DPUModule: DpuR5P0::checkLayerFormat <142>: checkLayerFormat: Format(1)
04-14 20:05:01.662   679   679 I DPUModule: DpuR5P0::checkTransform <35>: checkTransform: Transform(0), SRCRect(0,0)
04-14 20:05:01.662   679   679 I DPUModule: DpuR5P0::checkAFBCBlockSize <97>: checkAFBCBlockSize: compressed(1),format(1), pitch(720), vstride(1616)
04-14 20:05:01.662   679   679 I DPUModule: DpuR5P0::checkLayerFormat <142>: checkLayerFormat: Format(1)
04-14 20:05:01.662   679   679 I DPUModule: DpuR5P0::checkTransform <35>: checkTransform: Transform(0), SRCRect(0,0)
04-14 20:05:01.662   679   679 I DPUModule: DpuR5P0::checkAFBCBlockSize <97>: checkAFBCBlockSize: compressed(1),format(1), pitch(720), vstride(80)
04-14 20:05:01.662   679   679 I DPUModule: DpuR5P0::checkLayerFormat <142>: checkLayerFormat: Format(1)
04-14 20:05:01.662   679   679 I DPUModule: DpuR5P0::checkTransform <35>: checkTransform: Transform(0), SRCRect(0,0)
04-14 20:05:01.662   679   679 I DPUModule: DpuR5P0::checkAFBCBlockSize <97>: checkAFBCBlockSize: compressed(1),format(1), pitch(720), vstride(96)
04-14 20:05:01.662   679   679 D DPUModule: [] support: 0
04-14 20:05:01.662 32747 32747 D TranFlingManagerImpl: updateVelocity, scrollType = 1, currVelocity = 4545.803
04-14 20:05:01.662 32747 32747 D TranFlingManagerImpl: updateCurrVelocity mFlingFlag currVelocity:4545.803
04-14 20:05:01.662 32747 32747 D TranFlingManagerImpl: updateCurrVelocity FLING_VELOCITY_START:
04-14 20:05:01.667 32747  7352 I ByteVC1_dec: bytevc1_dec [info]: Bytedance bytevc1 ByteVC1 decoder (V2.2.3-commit-e81491c) is created.
04-14 20:05:01.667 32747  7352 I ByteVC1_dec: 
04-14 20:05:01.672   679   679 I DPUModule: DpuR5P0::checkLayerFormat <142>: checkLayerFormat: Format(1)
04-14 20:05:01.672   679   679 I DPUModule: DpuR5P0::checkTransform <35>: checkTransform: Transform(0), SRCRect(0,0)
04-14 20:05:01.673   679   679 I DPUModule: DpuR5P0::checkAFBCBlockSize <97>: checkAFBCBlockSize: compressed(1),format(1), pitch(720), vstride(1616)
04-14 20:05:01.673   679   679 I DPUModule: DpuR5P0::checkLayerFormat <142>: checkLayerFormat: Format(1)
04-14 20:05:01.673   679   679 I DPUModule: DpuR5P0::checkTransform <35>: checkTransform: Transform(0), SRCRect(0,0)
04-14 20:05:01.673   679   679 I DPUModule: DpuR5P0::checkAFBCBlockSize <97>: checkAFBCBlockSize: compressed(1),format(1), pitch(720), vstride(80)
04-14 20:05:01.673   679   679 I DPUModule: DpuR5P0::checkLayerFormat <142>: checkLayerFormat: Format(1)
04-14 20:05:01.673   679   679 I DPUModule: DpuR5P0::checkTransform <35>: checkTransform: Transform(0), SRCRect(0,0)
04-14 20:05:01.673   679   679 I DPUModule: DpuR5P0::checkAFBCBlockSize <97>: checkAFBCBlockSize: compressed(1),format(1), pitch(720), vstride(96)
04-14 20:05:01.673   679   679 D DPUModule: [] support: 0
04-14 20:05:01.673 32747 32747 D TranFlingManagerImpl: updateVelocity, scrollType = 1, currVelocity = 4436.4414
04-14 20:05:01.673 32747 32747 D TranFlingManagerImpl: updateCurrVelocity mFlingFlag currVelocity:4436.4414
04-14 20:05:01.673 32747 32747 D TranFlingManagerImpl: updateCurrVelocity FLING_VELOCITY_START:
04-14 20:05:01.686   674 11196 I audio_hw_primary: app type:0x   0, is_voip:0, device:2, pcm:-352510464, usecase:0x   8
04-14 20:05:01.687 32747 32747 D TranFlingManagerImpl: updateVelocity, scrollType = 1, currVelocity = 4326.9434
04-14 20:05:01.687 32747 32747 D TranFlingManagerImpl: updateCurrVelocity mFlingFlag currVelocity:4326.9434
04-14 20:05:01.687 32747 32747 D TranFlingManagerImpl: updateCurrVelocity FLING_VELOCITY_START:
04-14 20:05:01.695   679   679 I DPUModule: DpuR5P0::checkLayerFormat <142>: checkLayerFormat: Format(1)
04-14 20:05:01.695   679   679 I DPUModule: DpuR5P0::checkTransform <35>: checkTransform: Transform(0), SRCRect(0,0)
04-14 20:05:01.695   679   679 I DPUModule: DpuR5P0::checkAFBCBlockSize <97>: checkAFBCBlockSize: compressed(1),format(1), pitch(720), vstride(1616)
04-14 20:05:01.695   679   679 I DPUModule: DpuR5P0::checkLayerFormat <142>: checkLayerFormat: Format(1)
04-14 20:05:01.695   679   679 I DPUModule: DpuR5P0::checkTransform <35>: checkTransform: Transform(0), SRCRect(0,0)
04-14 20:05:01.695   679   679 I DPUModule: DpuR5P0::checkAFBCBlockSize <97>: checkAFBCBlockSize: compressed(1),format(1), pitch(720), vstride(80)
04-14 20:05:01.695   679   679 I DPUModule: DpuR5P0::checkLayerFormat <142>: checkLayerFormat: Format(1)
04-14 20:05:01.695   679   679 I DPUModule: DpuR5P0::checkTransform <35>: checkTransform: Transform(0), SRCRect(0,0)
04-14 20:05:01.695   679   679 I DPUModule: DpuR5P0::checkAFBCBlockSize <97>: checkAFBCBlockSize: compressed(1),format(1), pitch(720), vstride(96)
04-14 20:05:01.695   679   679 D DPUModule: [] support: 0
04-14 20:05:01.695 32747 32747 D TranFlingManagerImpl: updateVelocity, scrollType = 1, currVelocity = 4211.523
04-14 20:05:01.695 32747 32747 D TranFlingManagerImpl: updateCurrVelocity mFlingFlag currVelocity:4211.523
04-14 20:05:01.695 32747 32747 D TranFlingManagerImpl: updateCurrVelocity FLING_VELOCITY_START:
04-14 20:05:01.706   679   679 I DPUModule: DpuR5P0::checkLayerFormat <142>: checkLayerFormat: Format(1)
04-14 20:05:01.706   679   679 I DPUModule: DpuR5P0::checkTransform <35>: checkTransform: Transform(0), SRCRect(0,0)
04-14 20:05:01.706   679   679 I DPUModule: DpuR5P0::checkAFBCBlockSize <97>: checkAFBCBlockSize: compressed(1),format(1), pitch(720), vstride(1616)
04-14 20:05:01.706   679   679 I DPUModule: DpuR5P0::checkLayerFormat <142>: checkLayerFormat: Format(1)
04-14 20:05:01.706   679   679 I DPUModule: DpuR5P0::checkTransform <35>: checkTransform: Transform(0), SRCRect(0,0)
04-14 20:05:01.706   679   679 I DPUModule: DpuR5P0::checkAFBCBlockSize <97>: checkAFBCBlockSize: compressed(1),format(1), pitch(720), vstride(80)
04-14 20:05:01.706   679   679 I DPUModule: DpuR5P0::checkLayerFormat <142>: checkLayerFormat: Format(1)
04-14 20:05:01.706   679   679 I DPUModule: DpuR5P0::checkTransform <35>: checkTransform: Transform(0), SRCRect(0,0)
04-14 20:05:01.706   679   679 I DPUModule: DpuR5P0::checkAFBCBlockSize <97>: checkAFBCBlockSize: compressed(1),format(1), pitch(720), vstride(96)
04-14 20:05:01.706   679   679 D DPUModule: [] support: 0
04-14 20:05:01.706 32747 32747 D TranFlingManagerImpl: updateVelocity, scrollType = 1, currVelocity = 4096.908
04-14 20:05:01.706 32747 32747 D TranFlingManagerImpl: updateCurrVelocity mFlingFlag currVelocity:4096.908
04-14 20:05:01.706 32747 32747 D TranFlingManagerImpl: updateCurrVelocity FLING_VELOCITY_START:
04-14 20:05:01.718 32747 32747 D TranFlingManagerImpl: updateVelocity, scrollType = 1, currVelocity = 3977.66
04-14 20:05:01.718 32747 32747 D TranFlingManagerImpl: updateCurrVelocity mFlingFlag currVelocity:3977.66
04-14 20:05:01.718 32747 32747 D TranFlingManagerImpl: updateCurrVelocity FLING_VELOCITY_START:
04-14 20:05:01.724   674 11196 I audio_hw_primary: app type:0x   0, is_voip:0, device:2, pcm:-352510464, usecase:0x   8
04-14 20:05:01.728   679   679 I DPUModule: DpuR5P0::checkLayerFormat <142>: checkLayerFormat: Format(1)
04-14 20:05:01.728   679   679 I DPUModule: DpuR5P0::checkTransform <35>: checkTransform: Transform(0), SRCRect(0,0)
04-14 20:05:01.728   679   679 I DPUModule: DpuR5P0::checkAFBCBlockSize <97>: checkAFBCBlockSize: compressed(1),format(1), pitch(720), vstride(1616)
04-14 20:05:01.728   679   679 I DPUModule: DpuR5P0::checkLayerFormat <142>: checkLayerFormat: Format(1)
04-14 20:05:01.728   679   679 I DPUModule: DpuR5P0::checkTransform <35>: checkTransform: Transform(0), SRCRect(0,0)
04-14 20:05:01.728   679   679 I DPUModule: DpuR5P0::checkAFBCBlockSize <97>: checkAFBCBlockSize: compressed(1),format(1), pitch(720), vstride(80)
04-14 20:05:01.728   679   679 I DPUModule: DpuR5P0::checkLayerFormat <142>: checkLayerFormat: Format(1)
04-14 20:05:01.728   679   679 I DPUModule: DpuR5P0::checkTransform <35>: checkTransform: Transform(0), SRCRect(0,0)
04-14 20:05:01.728   679   679 I DPUModule: DpuR5P0::checkAFBCBlockSize <97>: checkAFBCBlockSize: compressed(1),format(1), pitch(720), vstride(96)
04-14 20:05:01.728   679   679 D DPUModule: [] support: 0
04-14 20:05:01.746 32747 32747 D TranFlingManagerImpl: updateVelocity, scrollType = 1, currVelocity = 3749.2058
04-14 20:05:01.747 32747 32747 D TranFlingManagerImpl: updateCurrVelocity mFlingFlag currVelocity:3749.2058
04-14 20:05:01.747 32747 32747 D TranFlingManagerImpl: updateCurrVelocity FLING_VELOCITY_START:
04-14 20:05:01.761 32747 32747 D TranFlingManagerImpl: updateVelocity, scrollType = 1, currVelocity = 3640.083
04-14 20:05:01.761 32747 32747 D TranFlingManagerImpl: updateCurrVelocity mFlingFlag currVelocity:3640.083
04-14 20:05:01.761 32747 32747 D TranFlingManagerImpl: updateCurrVelocity FLING_VELOCITY_START:
04-14 20:05:01.761   679   679 I DPUModule: DpuR5P0::checkLayerFormat <142>: checkLayerFormat: Format(1)
04-14 20:05:01.762   679   679 I DPUModule: DpuR5P0::checkTransform <35>: checkTransform: Transform(0), SRCRect(0,0)
04-14 20:05:01.762   679   679 I DPUModule: DpuR5P0::checkAFBCBlockSize <97>: checkAFBCBlockSize: compressed(1),format(1), pitch(720), vstride(1616)
04-14 20:05:01.762   679   679 I DPUModule: DpuR5P0::checkLayerFormat <142>: checkLayerFormat: Format(1)
04-14 20:05:01.762   679   679 I DPUModule: DpuR5P0::checkTransform <35>: checkTransform: Transform(0), SRCRect(0,0)
04-14 20:05:01.762   679   679 I DPUModule: DpuR5P0::checkAFBCBlockSize <97>: checkAFBCBlockSize: compressed(1),format(1), pitch(720), vstride(80)
04-14 20:05:01.762   679   679 I DPUModule: DpuR5P0::checkLayerFormat <142>: checkLayerFormat: Format(1)
04-14 20:05:01.762   679   679 I DPUModule: DpuR5P0::checkTransform <35>: checkTransform: Transform(0), SRCRect(0,0)
04-14 20:05:01.762   679   679 I DPUModule: DpuR5P0::checkAFBCBlockSize <97>: checkAFBCBlockSize: compressed(1),format(1), pitch(720), vstride(96)
04-14 20:05:01.762   679   679 D DPUModule: [] support: 0
04-14 20:05:01.768   674 11196 I audio_hw_primary: app type:0x   0, is_voip:0, device:2, pcm:-352510464, usecase:0x   8
04-14 20:05:01.769 32747 32747 D TranFlingManagerImpl: updateVelocity, scrollType = 1, currVelocity = 3522.5925
04-14 20:05:01.770 32747 32747 D TranFlingManagerImpl: updateCurrVelocity mFlingFlag currVelocity:3522.5925
04-14 20:05:01.770 32747 32747 D TranFlingManagerImpl: updateCurrVelocity FLING_VELOCITY_START:
04-14 20:05:01.772   679   679 I DPUModule: DpuR5P0::checkLayerFormat <142>: checkLayerFormat: Format(1)
04-14 20:05:01.773   679   679 I DPUModule: DpuR5P0::checkTransform <35>: checkTransform: Transform(0), SRCRect(0,0)
04-14 20:05:01.773   679   679 I DPUModule: DpuR5P0::checkAFBCBlockSize <97>: checkAFBCBlockSize: compressed(1),format(1), pitch(720), vstride(1616)
04-14 20:05:01.773   679   679 I DPUModule: DpuR5P0::checkLayerFormat <142>: checkLayerFormat: Format(1)
04-14 20:05:01.773   679   679 I DPUModule: DpuR5P0::checkTransform <35>: checkTransform: Transform(0), SRCRect(0,0)
04-14 20:05:01.773   679   679 I DPUModule: DpuR5P0::checkAFBCBlockSize <97>: checkAFBCBlockSize: compressed(1),format(1), pitch(720), vstride(80)
04-14 20:05:01.773   679   679 I DPUModule: DpuR5P0::checkLayerFormat <142>: checkLayerFormat: Format(1)
04-14 20:05:01.773   679   679 I DPUModule: DpuR5P0::checkTransform <35>: checkTransform: Transform(0), SRCRect(0,0)
04-14 20:05:01.773   679   679 I DPUModule: DpuR5P0::checkAFBCBlockSize <97>: checkAFBCBlockSize: compressed(1),format(1), pitch(720), vstride(96)
04-14 20:05:01.773   679   679 D DPUModule: [] support: 0
04-14 20:05:01.776 32747 32747 D TranFlingManagerImpl: updateVelocity, scrollType = 1, currVelocity = 3421.9834
04-14 20:05:01.776 32747 32747 D TranFlingManagerImpl: updateCurrVelocity mFlingFlag currVelocity:3421.9834
04-14 20:05:01.776 32747 32747 D TranFlingManagerImpl: updateCurrVelocity FLING_VELOCITY_START:
04-14 20:05:01.784   679   679 I DPUModule: DpuR5P0::checkLayerFormat <142>: checkLayerFormat: Format(1)
04-14 20:05:01.784   679   679 I DPUModule: DpuR5P0::checkTransform <35>: checkTransform: Transform(0), SRCRect(0,0)
04-14 20:05:01.784   679   679 I DPUModule: DpuR5P0::checkAFBCBlockSize <97>: checkAFBCBlockSize: compressed(1),format(1), pitch(720), vstride(1616)
04-14 20:05:01.784   679   679 I DPUModule: DpuR5P0::checkLayerFormat <142>: checkLayerFormat: Format(1)
04-14 20:05:01.784   679   679 I DPUModule: DpuR5P0::checkTransform <35>: checkTransform: Transform(0), SRCRect(0,0)
04-14 20:05:01.784   679   679 I DPUModule: DpuR5P0::checkAFBCBlockSize <97>: checkAFBCBlockSize: compressed(1),format(1), pitch(720), vstride(80)
04-14 20:05:01.784   679   679 I DPUModule: DpuR5P0::checkLayerFormat <142>: checkLayerFormat: Format(1)
04-14 20:05:01.784   679   679 I DPUModule: DpuR5P0::checkTransform <35>: checkTransform: Transform(0), SRCRect(0,0)
04-14 20:05:01.784   679   679 I DPUModule: DpuR5P0::checkAFBCBlockSize <97>: checkAFBCBlockSize: compressed(1),format(1), pitch(720), vstride(96)
04-14 20:05:01.784   679   679 D DPUModule: [] support: 0
04-14 20:05:01.793 32747 32747 D TranFlingManagerImpl: updateVelocity, scrollType = 1, currVelocity = 3308.7097
04-14 20:05:01.793 32747 32747 D TranFlingManagerImpl: updateCurrVelocity mFlingFlag currVelocity:3308.7097
04-14 20:05:01.793 32747 32747 D TranFlingManagerImpl: updateCurrVelocity FLING_VELOCITY_START:
04-14 20:05:01.795   679   679 I DPUModule: DpuR5P0::checkLayerFormat <142>: checkLayerFormat: Format(1)
04-14 20:05:01.795   679   679 I DPUModule: DpuR5P0::checkTransform <35>: checkTransform: Transform(0), SRCRect(0,0)
04-14 20:05:01.795   679   679 I DPUModule: DpuR5P0::checkAFBCBlockSize <97>: checkAFBCBlockSize: compressed(1),format(1), pitch(720), vstride(1616)
04-14 20:05:01.795   679   679 I DPUModule: DpuR5P0::checkLayerFormat <142>: checkLayerFormat: Format(1)
04-14 20:05:01.795   679   679 I DPUModule: DpuR5P0::checkTransform <35>: checkTransform: Transform(0), SRCRect(0,0)
04-14 20:05:01.795   679   679 I DPUModule: DpuR5P0::checkAFBCBlockSize <97>: checkAFBCBlockSize: compressed(1),format(1), pitch(720), vstride(80)
04-14 20:05:01.795   679   679 I DPUModule: DpuR5P0::checkLayerFormat <142>: checkLayerFormat: Format(1)
04-14 20:05:01.795   679   679 I DPUModule: DpuR5P0::checkTransform <35>: checkTransform: Transform(0), SRCRect(0,0)
04-14 20:05:01.795   679   679 I DPUModule: DpuR5P0::checkAFBCBlockSize <97>: checkAFBCBlockSize: compressed(1),format(1), pitch(720), vstride(96)
04-14 20:05:01.795   679   679 D DPUModule: [] support: 0
04-14 20:05:01.802   674 11196 I audio_hw_primary: app type:0x   0, is_voip:0, device:2, pcm:-352510464, usecase:0x   8
04-14 20:05:01.807 32747 32747 D TranFlingManagerImpl: updateVelocity, scrollType = 1, currVelocity = 3103.2537
04-14 20:05:01.807 32747 32747 D TranFlingManagerImpl: updateCurrVelocity mFlingFlag currVelocity:3103.2537
04-14 20:05:01.807 32747 32747 D TranFlingManagerImpl: updateCurrVelocity FLING_VELOCITY_START:
04-14 20:05:01.819 32747 32747 D TranFlingManagerImpl: updateVelocity, scrollType = 1, currVelocity = 3001.3923
04-14 20:05:01.819 32747 32747 D TranFlingManagerImpl: updateCurrVelocity mFlingFlag currVelocity:3001.3923
04-14 20:05:01.819 32747 32747 D TranFlingManagerImpl: updateCurrVelocity FLING_VELOCITY_START:
04-14 20:05:01.832 32747 32747 D TranFlingManagerImpl: updateVelocity, scrollType = 1, currVelocity = 2901.895
04-14 20:05:01.832 32747 32747 D TranFlingManagerImpl: updateCurrVelocity mFlingFlag currVelocity:2901.895
04-14 20:05:01.832 32747 32747 D TranFlingManagerImpl: updateCurrVelocity FLING_VELOCITY_START:
04-14 20:05:01.839   679   679 I DPUModule: DpuR5P0::checkLayerFormat <142>: checkLayerFormat: Format(1)
04-14 20:05:01.839   679   679 I DPUModule: DpuR5P0::checkTransform <35>: checkTransform: Transform(0), SRCRect(0,0)
04-14 20:05:01.839   679   679 I DPUModule: DpuR5P0::checkAFBCBlockSize <97>: checkAFBCBlockSize: compressed(1),format(1), pitch(720), vstride(1616)
04-14 20:05:01.839   679   679 I DPUModule: DpuR5P0::checkLayerFormat <142>: checkLayerFormat: Format(1)
04-14 20:05:01.839   679   679 I DPUModule: DpuR5P0::checkTransform <35>: checkTransform: Transform(0), SRCRect(0,0)
04-14 20:05:01.839   679   679 I DPUModule: DpuR5P0::checkAFBCBlockSize <97>: checkAFBCBlockSize: compressed(1),format(1), pitch(720), vstride(80)
04-14 20:05:01.839   679   679 I DPUModule: DpuR5P0::checkLayerFormat <142>: checkLayerFormat: Format(1)
04-14 20:05:01.839   679   679 I DPUModule: DpuR5P0::checkTransform <35>: checkTransform: Transform(0), SRCRect(0,0)
04-14 20:05:01.839   679   679 I DPUModule: DpuR5P0::checkAFBCBlockSize <97>: checkAFBCBlockSize: compressed(1),format(1), pitch(720), vstride(96)
04-14 20:05:01.839   679   679 D DPUModule: [] support: 0
04-14 20:05:01.843 32747 32747 D TranFlingManagerImpl: updateVelocity, scrollType = 1, currVelocity = 2812.511
04-14 20:05:01.843 32747 32747 D TranFlingManagerImpl: updateCurrVelocity mFlingFlag currVelocity:2812.511
04-14 20:05:01.843 32747 32747 D TranFlingManagerImpl: updateCurrVelocity FLING_VELOCITY_START:
04-14 20:05:01.846   674 11196 I audio_hw_primary: app type:0x   0, is_voip:0, device:2, pcm:-352510464, usecase:0x   8
04-14 20:05:01.850   679   679 I DPUModule: DpuR5P0::checkLayerFormat <142>: checkLayerFormat: Format(1)
04-14 20:05:01.850   679   679 I DPUModule: DpuR5P0::checkTransform <35>: checkTransform: Transform(0), SRCRect(0,0)
04-14 20:05:01.850   679   679 I DPUModule: DpuR5P0::checkAFBCBlockSize <97>: checkAFBCBlockSize: compressed(1),format(1), pitch(720), vstride(1616)
04-14 20:05:01.850   679   679 I DPUModule: DpuR5P0::checkLayerFormat <142>: checkLayerFormat: Format(1)
04-14 20:05:01.850   679   679 I DPUModule: DpuR5P0::checkTransform <35>: checkTransform: Transform(0), SRCRect(0,0)
04-14 20:05:01.850  1092  1381 D InputReader: syncTouch: pointerCount 0 -> 1, touching ids 0x00000000 -> 0x80000000, hovering ids 0x00000000 -> 0x00000000, canceled ids 0x00000000
04-14 20:05:01.850   679   679 I DPUModule: DpuR5P0::checkAFBCBlockSize <97>: checkAFBCBlockSize: compressed(1),format(1), pitch(720), vstride(80)
04-14 20:05:01.850   679   679 I DPUModule: DpuR5P0::checkLayerFormat <142>: checkLayerFormat: Format(1)
04-14 20:05:01.851   679   679 I DPUModule: DpuR5P0::checkTransform <35>: checkTransform: Transform(0), SRCRect(0,0)
04-14 20:05:01.851   679   679 I DPUModule: DpuR5P0::checkAFBCBlockSize <97>: checkAFBCBlockSize: compressed(1),format(1), pitch(720), vstride(96)
04-14 20:05:01.851   679   679 D DPUModule: [] support: 0
04-14 20:05:01.851  1092  1381 D InputReader: dispatchTouches action DOWN now(ns): 455594666739015
04-14 20:05:01.851  1092  1381 D InputReader: notifyMotion call dispatcher
04-14 20:05:01.851 32747 32747 D TranFlingManagerImpl: updateVelocity, scrollType = 1, currVelocity = 2717.1853
04-14 20:05:01.851 32747 32747 D TranFlingManagerImpl: updateCurrVelocity mFlingFlag currVelocity:2717.1853
04-14 20:05:01.851 32747 32747 D TranFlingManagerImpl: updateCurrVelocity FLING_VELOCITY_START:
04-14 20:05:01.861   679   679 I DPUModule: DpuR5P0::checkLayerFormat <142>: checkLayerFormat: Format(1)
04-14 20:05:01.861   679   679 I DPUModule: DpuR5P0::checkTransform <35>: checkTransform: Transform(0), SRCRect(0,0)
04-14 20:05:01.861   679   679 I DPUModule: DpuR5P0::checkAFBCBlockSize <97>: checkAFBCBlockSize: compressed(1),format(1), pitch(720), vstride(1616)
04-14 20:05:01.861   679   679 I DPUModule: DpuR5P0::checkLayerFormat <142>: checkLayerFormat: Format(1)
04-14 20:05:01.861   679   679 I DPUModule: DpuR5P0::checkTransform <35>: checkTransform: Transform(0), SRCRect(0,0)
04-14 20:05:01.861   679   679 I DPUModule: DpuR5P0::checkAFBCBlockSize <97>: checkAFBCBlockSize: compressed(1),format(1), pitch(720), vstride(80)
04-14 20:05:01.861   679   679 I DPUModule: DpuR5P0::checkLayerFormat <142>: checkLayerFormat: Format(1)
04-14 20:05:01.861   679   679 I DPUModule: DpuR5P0::checkTransform <35>: checkTransform: Transform(0), SRCRect(0,0)
04-14 20:05:01.861   679   679 I DPUModule: DpuR5P0::checkAFBCBlockSize <97>: checkAFBCBlockSize: compressed(1),format(1), pitch(720), vstride(96)
04-14 20:05:01.861   679   679 D DPUModule: [] support: 0
04-14 20:05:01.866 32747 32747 D TranFlingManagerImpl: updateVelocity, scrollType = 1, currVelocity = 2627.8313
04-14 20:05:01.866 32747 32747 D TranFlingManagerImpl: updateCurrVelocity mFlingFlag currVelocity:2627.8313
04-14 20:05:01.866 32747 32747 D TranFlingManagerImpl: updateCurrVelocity FLING_VELOCITY_START:
04-14 20:05:01.872   679   679 I DPUModule: DpuR5P0::checkLayerFormat <142>: checkLayerFormat: Format(1)
04-14 20:05:01.872   679   679 I DPUModule: DpuR5P0::checkTransform <35>: checkTransform: Transform(0), SRCRect(0,0)
04-14 20:05:01.872   679   679 I DPUModule: DpuR5P0::checkAFBCBlockSize <97>: checkAFBCBlockSize: compressed(1),format(1), pitch(720), vstride(1616)
04-14 20:05:01.872   679   679 I DPUModule: DpuR5P0::checkLayerFormat <142>: checkLayerFormat: Format(1)
04-14 20:05:01.872   679   679 I DPUModule: DpuR5P0::checkTransform <35>: checkTransform: Transform(0), SRCRect(0,0)
04-14 20:05:01.872   679   679 I DPUModule: DpuR5P0::checkAFBCBlockSize <97>: checkAFBCBlockSize: compressed(1),format(1), pitch(720), vstride(80)
04-14 20:05:01.872   679   679 I DPUModule: DpuR5P0::checkLayerFormat <142>: checkLayerFormat: Format(1)
04-14 20:05:01.872   679   679 I DPUModule: DpuR5P0::checkTransform <35>: checkTransform: Transform(0), SRCRect(0,0)
04-14 20:05:01.872   679   679 I DPUModule: DpuR5P0::checkAFBCBlockSize <97>: checkAFBCBlockSize: compressed(1),format(1), pitch(720), vstride(96)
04-14 20:05:01.873   679   679 D DPUModule: [] support: 0
04-14 20:05:01.873 32747 32747 D TranFlingManagerImpl: updateVelocity, scrollType = 1, currVelocity = 2543.983
04-14 20:05:01.873 32747 32747 D TranFlingManagerImpl: updateCurrVelocity mFlingFlag currVelocity:2543.983
04-14 20:05:01.873 32747 32747 D TranFlingManagerImpl: updateCurrVelocity FLING_VELOCITY_START:
04-14 20:05:01.884   674 11196 I audio_hw_primary: app type:0x   0, is_voip:0, device:2, pcm:-352510464, usecase:0x   8
04-14 20:05:01.884 32747 32747 D TranFlingManagerImpl: updateVelocity, scrollType = 1, currVelocity = 2461.7996
04-14 20:05:01.884 32747 32747 D TranFlingManagerImpl: updateCurrVelocity mFlingFlag currVelocity:2461.7996
04-14 20:05:01.884 32747 32747 D TranFlingManagerImpl: updateCurrVelocity FLING_VELOCITY_START:
04-14 20:05:01.895   679   679 I DPUModule: DpuR5P0::checkLayerFormat <142>: checkLayerFormat: Format(1)
04-14 20:05:01.895   679   679 I DPUModule: DpuR5P0::checkTransform <35>: checkTransform: Transform(0), SRCRect(0,0)
04-14 20:05:01.895   679   679 I DPUModule: DpuR5P0::checkAFBCBlockSize <97>: checkAFBCBlockSize: compressed(1),format(1), pitch(720), vstride(1616)
04-14 20:05:01.895   679   679 I DPUModule: DpuR5P0::checkLayerFormat <142>: checkLayerFormat: Format(1)
04-14 20:05:01.895   679   679 I DPUModule: DpuR5P0::checkTransform <35>: checkTransform: Transform(0), SRCRect(0,0)
04-14 20:05:01.895   679   679 I DPUModule: DpuR5P0::checkAFBCBlockSize <97>: checkAFBCBlockSize: compressed(1),format(1), pitch(720), vstride(80)
