04-14 20:04:29.047  1092  1092 D ActivityManager: isGriffinSupport  bringUpServiceLocked and unbindServiceLockedIntent { cmp=com.openai.chatgpt/androidx.work.impl.background.systemjob.SystemJobService }
04-14 20:04:29.047  1092  1092 W ActivityManager: Unbind failed: could not find connection for android.app.LoadedApk$ServiceDispatcher$InnerConnection@d1d8604
04-14 20:04:29.048  1092  1092 E JobScheduler.Concurrency: Error executing JobStatus{c34fd82 #u0a270/3236 com.openai.chatgpt/androidx.work.impl.background.systemjob.SystemJobService u=0 s=10270 TIME=-1d2h21m27s147ms:none NET READY}
04-14 20:04:29.208 32747 32747 E ActivityThread: Failed to find provider info for com.zhiliaoapp.musically.apm
04-14 20:04:29.248  1092  5600 V WindowState: toString mSurfaceNameCache=-[Surface(name=*Title#71666)/@0x7667c6e] mLastTitle=Splash Screen com.android.settings title=Splash Screen com.android.settings
04-14 20:04:29.261  1092  5600 D CoreBackPreview: Window{ba769ed u0 Splash Screen com.android.settings EXITING}-[Surface(name=*Title#71666)/@0x7667c6e]: Setting back callback null
04-14 20:04:29.372  1092  1266 D Griffin/CleanManager: dispatch clean index=12
04-14 20:04:29.373  1092  1266 D ActivityTaskManager: getRecentTasksImpl call by 1000 flags = 2, 5 task(s):
04-14 20:04:29.373  1092  1266 D ActivityTaskManager: Recent Task 0: taskId = 2018, comp = null
04-14 20:04:29.373  1092  1266 D ActivityTaskManager: Recent Task 1: taskId = 2015, comp = ComponentInfo{com.zhiliaoapp.musically/com.ss.android.ugc.aweme.splash.SplashActivity}
04-14 20:04:29.373  1092  1266 D ActivityTaskManager: Recent Task 2: taskId = 2017, comp = null
04-14 20:04:29.373  1092  1266 D ActivityTaskManager: Recent Task 3: taskId = 2016, comp = null
04-14 20:04:29.373  1092  1266 D ActivityTaskManager: Recent Task 4: taskId = 1899, comp = null
04-14 20:04:29.433  1092  1738 D PerformanceDatabaseControl: querymem pkgName = com.android.settings
04-14 20:04:29.436  1092  1738 D PerformanceDatabaseControl: querycount pkgName = com.android.settings
04-14 20:04:29.437  1092  1738 D PerformanceDatabaseControl: updateDatabase pkgName = com.android.settings
04-14 20:04:29.439  1092  1738 D AppStartScene: updateAPPMem:pkgName= com.android.settings,memAvail:80
04-14 20:04:29.611  1092  9390 W ActivityManager: Unable to start service Intent { act=com.google.android.gms.presencemanager.service.START pkg=com.google.android.gms } U=0: not found
04-14 20:04:29.612  1092  9390 W ActivityManager: Unbind failed: could not find connection for android.os.BinderProxy@3e3d415
04-14 20:04:29.617  1092  9390 W ActivityManager: Unable to start service Intent { act=com.google.android.gms.presencemanager.service.INTERNAL_IDENTITY pkg=com.google.android.gms } U=0: not found
04-14 20:04:29.618  1092  9390 W ActivityManager: Unbind failed: could not find connection for android.os.BinderProxy@fdde32a
04-14 20:04:30.223  6448  6448 D TranClassInfo: instance successfully. com.transsion.hubcore.magellan.Implement.TranMagellanComponentImpl@3c27345 from com.transsion.hubcore.magellan.ITranMagellanComponent
04-14 20:04:31.373  1092  1398 D BroadcastQueue: Add broadcast <BroadcastRecord{83b4cc9 u-1 android.net.wifi.RSSI_CHANGED}> into [parallel | background], pending size 0
04-14 20:04:31.373  1092  1275 D BroadcastQueue: Done with parallel broadcast [background] [BroadcastRecord{83b4cc9 u-1 android.net.wifi.RSSI_CHANGED}]
04-14 20:04:31.506  1092  5600 D os.permission.PermissionInfo: checkPermission 10174:android.permission.INTERACT_ACROSS_USERS_FULL:true
04-14 20:04:31.506  1092  5600 I os.permission: Grant permission: android.permission.INTERACT_ACROSS_USERS_FULL to uid: 10174
04-14 20:04:31.625  1092  1092 D NetworkStatusMonitor: getAllInterfaceNames network type is wifi
04-14 20:04:31.625  1092  1092 D NetworkStatusMonitor: onNetworkTypeChanged wifi => wifi
04-14 20:04:32.314  1092  1478 E ThermalHalWrapper: Couldn't get temperatures because of HAL error: can't find this type sensor
04-14 20:04:32.371  1092  1831 D Hiber/importantScene: uid:10282 speed :5
04-14 20:04:32.371  1092  1831 D Hiber/appStateMachine: uid:10282 enter FrozenState
04-14 20:04:32.381  1092  1831 D Hiber/cgroup: runningPids : [32747] for uid=10282 pkgName=com.zhiliaoapp.musically type=third
04-14 20:04:32.381  1092  1831 D Hiber/cgroup: writeDevFile pid: 32747
04-14 20:04:32.383  1092  1831 I Hiber/sceneManager: freeze uid: 10282 com.zhiliaoapp.musically pids:[32747] costTime=12ms
04-14 20:04:32.384  1092  1832 D Hiber/hiberManager: msg for start proxy frozen state
04-14 20:04:32.384  1092  1832 D Hiber/hiberManager: try idle uid[10282] by hiber ,bgTime>0 ? true,isIdled before ? false ,isCurAllowListed ? false ,isProcStateBackground?true
04-14 20:04:32.384  1092  1832 D Hiber/hiberManager: try idle uid[10282] by hiber
04-14 20:04:32.384  1092  1832 W ActivityManager: Stopping service due to app idle: u0a282 -29m36s902ms com.zhiliaoapp.musically/com.bytedance.common.wschannel.server.WsChannelService
04-14 20:04:32.384  1092  1832 W ActivityManager: Stopping service due to app idle: u0a282 -21m34s430ms com.zhiliaoapp.musically/com.bytedance.common.wschannel.client.WsClientService
04-14 20:04:32.384  1092  1832 W ActivityManager: Stopping service due to app idle: u0a282 -3m21s737ms com.zhiliaoapp.musically/com.ss.android.newmedia.redbadge.RedBadgePushProcessService
04-14 20:04:32.386  1092  1832 D Hiber/proxyManager: p_service: 10282
04-14 20:04:32.387  1092  1832 D Hiber/proxyManager: p_job: 10282 pkgName=com.zhiliaoapp.musically
04-14 20:04:32.387  1092  1832 D Hiber/proxyManager: pj_job: 10282 pkgName=com.zhiliaoapp.musically which=2
04-14 20:04:32.387  1092  1832 D Hiber/hiberManager: proxy alarm (uid=10282, pkgName=com.zhiliaoapp.musically)
04-14 20:04:32.387  1092  1832 D Hiber/proxyManager: p_alarm: uid=10282, pkgName=com.zhiliaoapp.musically
04-14 20:04:32.387  1092  1832 D Hiber/alarmManagerServiceExtImpl: proxyAlarms leave, uid=10282, packageName=com.zhiliaoapp.musically
04-14 20:04:32.680  1092  5600 D os.WindowManagerServiceLice: onStartActivityAsUser, isPreloadIntent =  false
04-14 20:04:32.681  1092  5600 I ActivityTaskManager: START u0 {act=android.intent.action.MAIN cmp=com.android.settings/.SubSettings (has extras)} from uid 1000, pid 6448
04-14 20:04:32.689  1092  5600 I ActivityTaskManager: ->startActivity for ActivityRecord{c493060 u0 com.android.settings/.SubSettings} t2018 d0} result:START_SUCCESS
04-14 20:04:32.692  1092  5600 I ActivityTaskManager: Add pending draw ActivityRecord{c493060 u0 com.android.settings/.SubSettings} t2018 d0}
04-14 20:04:32.700  1092  9389 D os.fingerprint: onActivityResume next:ActivityRecord{c493060 u0 com.android.settings/.SubSettings} t2018 d0}
04-14 20:04:32.700  1092  9389 D os.fingerprint: activityComponent = ComponentInfo{com.android.settings/com.android.settings.SubSettings} inMultiWindow = false
04-14 20:04:32.701  1092  9389 W ActivityTaskManager: Tried to set launchTime (0) < mLastActivityLaunchTime (455560175)
04-14 20:04:32.709  1092  9389 D os.fingerprint: onRealStartActivityLocked next:ActivityRecord{c493060 u0 com.android.settings/.SubSettings} t2018 d0} isKeyguardShowing:false
04-14 20:04:32.709  1092  9389 D os.fingerprint: activityComponent = ComponentInfo{com.android.settings/com.android.settings.SubSettings} inMultiWindow = false
04-14 20:04:32.710  1092  9389 D WindowManager: setFocusedApp mFocusedApp = ActivityRecord{c493060 u0 com.android.settings/.SubSettings} t2018 d0}displayId = 0Callers = com.android.server.wm.ActivityTaskManagerService.setResumedActivityUncheckLocked:5014 com.android.server.wm.TaskFragment.onActivityStateChanged:855 com.android.server.wm.ActivityRecord.setState:5738 com.android.server.wm.Task.minimalResumeActivityLocked:4834 
04-14 20:04:32.710  1092  9389 D WindowManager: Changing focus from Window{f5f4c37 u0 com.android.settings/com.android.settings.Settings$DevelopmentSettingsDashboardActivity}-[Surface(name=*Title#71674)/@0x8386ec2] to null displayId = 0 Callers = com.android.server.wm.RootWindowContainer.updateFocusedWindowLocked:493 com.android.server.wm.WindowManagerService.updateFocusedWindowLocked:6415 com.android.server.wm.ActivityTaskManagerService.setResumedActivityUncheckLocked:5016 com.android.server.wm.TaskFragment.onActivityStateChanged:855 
04-14 20:04:32.711  1092  9389 I WindowManager: Input focus has changed to null from f5f4c37 com.android.settings/com.android.settings.Settings$DevelopmentSettingsDashboardActivity mDisplayId 0 updateInputWindows true, callers=com.android.server.wm.DisplayContent.updateFocusedWindowLocked:3788 com.android.server.wm.RootWindowContainer.updateFocusedWindowLocked:493 com.android.server.wm.WindowManagerService.updateFocusedWindowLocked:6415 com.android.server.wm.ActivityTaskManagerService.setResumedActivityUncheckLocked:5016 com.android.server.wm.TaskFragment.onActivityStateChanged:855 
04-14 20:04:32.712  1092  9389 D os.fingerprint: onActivityResume next:ActivityRecord{c493060 u0 com.android.settings/.SubSettings} t2018 d0}
04-14 20:04:32.713  1092  9389 D os.fingerprint: activityComponent = ComponentInfo{com.android.settings/com.android.settings.SubSettings} inMultiWindow = false
04-14 20:04:32.722  6448  6448 D TranActivityAppturboImpl: attach
04-14 20:04:32.765  1092  9389 D BroadcastQueue: Add broadcast <BroadcastRecord{cd5328d u-1 android.net.conn.CONNECTIVITY_CHANGE}> into [parallel | background], pending size 0
04-14 20:04:32.765  1092  9389 D BroadcastQueue: Add broadcast <BroadcastRecord{23bac42 u-1 android.net.wifi.STATE_CHANGE}> into [parallel | background], pending size 1
04-14 20:04:32.766  6448  6448 D TranActivityAppturboImpl: onResumeHork
04-14 20:04:32.766  1092  1275 W BroadcastQueue: Permission Denial: broadcasting Intent { act=android.net.conn.CONNECTIVITY_CHANGE flg=0x4200010 (has extras) } from null (pid=-1, uid=-1) requires android.permission.CHANGE_NETWORK_STATE due to registered receiver BroadcastFilter{fe10724 1000/u0 ReceiverList{2d183b7 6448 com.android.settings/1000/u0 remote:e489ab6}}
04-14 20:04:32.766  1092  1275 W BroadcastQueue: Permission Denial: broadcasting Intent { act=android.net.wifi.STATE_CHANGE flg=0x4000010 (has extras) } from null (pid=-1, uid=-1) requires android.permission.CHANGE_NETWORK_STATE due to registered receiver BroadcastFilter{fe10724 1000/u0 ReceiverList{2d183b7 6448 com.android.settings/1000/u0 remote:e489ab6}}
04-14 20:04:32.766  1092  1275 D BroadcastQueue: Done with parallel broadcast [background] [BroadcastRecord{cd5328d u-1 android.net.conn.CONNECTIVITY_CHANGE}, BroadcastRecord{23bac42 u-1 android.net.wifi.STATE_CHANGE}]
04-14 20:04:32.773  1092  5600 W AdbDebuggingManager: Ignoring tag 'keyStore'. Not recognized.
04-14 20:04:32.784  1092  5600 V WindowState: toString mSurfaceNameCache= mLastTitle=null title=com.android.settings/com.android.settings.SubSettings
04-14 20:04:32.785  1092  5600 D CoreBackPreview: Window{88b1d66 u0 com.android.settings/com.android.settings.SubSettings}: Setting back callback OnBackInvokedCallbackInfo{mCallback=android.window.IOnBackInvokedCallback$Stub$Proxy@b268154, mPriority=0}
04-14 20:04:32.785  1092  9389 I ActivityTaskManager: LUCID activityResumed package name: com.android.settings
04-14 20:04:32.793  1092  9389 D WindowManager: Changing focus from null to Window{88b1d66 u0 com.android.settings/com.android.settings.SubSettings}-[Surface(name=*Title#71682)/@0x5c4d8fd] displayId = 0 Callers = com.android.server.wm.RootWindowContainer.updateFocusedWindowLocked:493 com.android.server.wm.WindowManagerService.updateFocusedWindowLocked:6415 com.android.server.wm.WindowManagerService.relayoutWindow:2697 com.android.server.wm.Session.relayout:266 
04-14 20:04:32.796  1092  9389 I WindowManager: Input focus has changed to Window{88b1d66 u0 com.android.settings/com.android.settings.SubSettings}-[Surface(name=*Title#71682)/@0x5c4d8fd] from f5f4c37 com.android.settings/com.android.settings.Settings$DevelopmentSettingsDashboardActivity mDisplayId 0 updateInputWindows true, callers=com.android.server.wm.DisplayContent.updateFocusedWindowLocked:3788 com.android.server.wm.RootWindowContainer.updateFocusedWindowLocked:493 com.android.server.wm.WindowManagerService.updateFocusedWindowLocked:6415 com.android.server.wm.WindowManagerService.relayoutWindow:2697 com.android.server.wm.Session.relayout:266 
04-14 20:04:32.797  1092  9389 I WindowManager: Relayout Window{88b1d66 u0 com.android.settings/com.android.settings.SubSettings}-[Surface(name=*Title#71682)/@0x5c4d8fd]: oldVis=4 newVis=0 focusMayChange = true requestedWidth = 720 requestedHeight = 1612 outFrames = ClientWindowFrames{frame=[0,0][720,1612] display=[0,0][720,1612] parentFrame=[0,0][0,0] parentClippedByDisplayCutout=false} outSurfaceControl = Surface(name=com.android.settings/com.android.settings.SubSettings#-1)/@0xb6733e
04-14 20:04:32.836  1092  5600 D WindowManager: finishDrawing: syncSeqId=0, postDrawTransaction=android.view.SurfaceControl$Transaction@4c0259f, mSyncState=0, mDrawState=1, hasSyncHandlers=false, mClientWasDrawingForSync=false, win=Window{88b1d66 u0 com.android.settings/com.android.settings.SubSettings}-[Surface(name=*Title#71682)/@0x5c4d8fd]
04-14 20:04:32.865  1092  5599 D TranWindowManagerService: hookIMEVisibleChanged(), show:false
04-14 20:04:32.865  1092  5599 I input_debug: package: com.android.settings isPassWordInput: false inputType: 0 mMethodMap: false isKeyguardShowing: false enable: 0 isSplitScreen: false
04-14 20:04:33.385  1092  1835 I Hiber/nativeService: check binder uid=10282
04-14 20:04:33.388  1092  1833 D Hiber/cgroup: writeDevFile pid: 32747
04-14 20:04:33.393  1092  1833 I Hiber/sceneManager: unfreeze uid: 10282 com.zhiliaoapp.musically pids:[32747]  reason:transBinder   cpninfo:FROZEN_TRANS_THREAD/-1 costTime=5ms
04-14 20:04:33.394  1092  1831 D Hiber/appStateMachine: uid=10282, pkg=com.zhiliaoapp.musically, transition from Frozen to Running, reason=transBinder
04-14 20:04:33.394  1092  1831 D Hiber/appStateMachine: uid:10282 exit FrozenState
04-14 20:04:33.394  1092  1832 D Hiber/proxyManager: up_service: 10282
04-14 20:04:33.394  1092  1832 D Hiber/proxyManager: up_job: 10282
04-14 20:04:33.394  1092  1832 D Hiber/proxyManager: un_job: 10282
04-14 20:04:33.394  1092  2232 D Hiber/proxyWakeLock: remove uid: 10282 wiht all pids from wakelockUidInfo list
04-14 20:04:33.394  1092  1832 D Hiber/alarmManagerServiceExtImpl: unproxyAlarms leave, uid=10282, packageName=null
04-14 20:04:34.003  1092  1289 D AppOps  : PNForegroundeval-evalMode-op:27 ,mode: 4 ,capability: 0
04-14 20:04:34.004  1092  1289 D AppOps  : PNForegroundeval-evalMode-op:26 ,mode: 4 ,capability: 0
04-14 20:04:34.715  1092  1266 D Griffin/CleanManager: dispatch clean index=11
04-14 20:04:34.717  1092  1266 D ActivityTaskManager: getRecentTasksImpl call by 1000 flags = 2, 5 task(s):
04-14 20:04:34.717  1092  1266 D ActivityTaskManager: Recent Task 0: taskId = 2018, comp = null
04-14 20:04:34.717  1092  1266 D ActivityTaskManager: Recent Task 1: taskId = 2015, comp = ComponentInfo{com.zhiliaoapp.musically/com.ss.android.ugc.aweme.splash.SplashActivity}
04-14 20:04:34.717  1092  1266 D ActivityTaskManager: Recent Task 2: taskId = 2017, comp = null
04-14 20:04:34.717  1092  1266 D ActivityTaskManager: Recent Task 3: taskId = 2016, comp = null
04-14 20:04:34.717  1092  1266 D ActivityTaskManager: Recent Task 4: taskId = 1899, comp = null
04-14 20:04:34.717  1092  1266 D Griffin/IdleClean: doIdleClean: recent size 5, protect:10+8
04-14 20:04:36.459  1092  1241 I DisplayDeviceRepository: Display device changed: DisplayDeviceInfo{"Built-in Screen": uniqueId="local:0", 720 x 1612, modeId 1, defaultModeId 1, supportedModes [{id=1, width=720, height=1612, fps=60.0, alternativeRefreshRates=[90.0]}, {id=2, width=720, height=1612, fps=90.0, alternativeRefreshRates=[60.0]}], colorMode 0, supportedColorModes [0], hdrCapabilities HdrCapabilities{mSupportedHdrTypes=[], mMaxLuminance=500.0, mMaxAverageLuminance=500.0, mMinLuminance=0.0}, allmSupported false, gameContentTypeSupported false, density 320, 268.941 x 269.373 dpi, appVsyncOff 1000000, presDeadline 16666667, cutout DisplayCutout{insets=Rect(0, 80 - 0, 0) waterfall=Insets{left=0, top=0, right=0, bottom=0} boundingRect={Bounds=[Rect(0, 0 - 0, 0), Rect(312, 0 - 408, 80), Rect(0, 0 - 0, 0), Rect(0, 0 - 0, 0)]} cutoutPathParserInfo={CutoutPathParserInfo{displayWidth=720 displayHeight=1612 physicalDisplayWidth=720 physicalDisplayHeight=1612 density={2.0} cutoutSpec={M -24,0 L -24,40 L 24,40 L 24,0 Z @dp} rotation={0} scale={1.0} physicalPixelDisplaySizeRatio={1.0}}}}, touch INTERNAL, rotation 0, type INTERNAL, address {port=0}, deviceProductInfo null, state ON, frameRateOverride , brightnessMinimum 0.0, brightnessMaximum 1.0, brightnessDefault 0.096576735, FLAG_ALLOWED_TO_BE_DEFAULT_DISPLAY, FLAG_ROTATES_WITH_CONTENT, FLAG_SECURE, FLAG_SUPPORTS_PROTECTED_BUFFERS, installOrientation 0}
04-14 20:04:37.039  1092  5599 W BatteryExternalStatsWorker: error reading Bluetooth stats: 11
04-14 20:04:38.333  1092  2208 D AdbDebuggingManager: Received WIFI TLS connected key message: QAAAAAUiXDUzpVgPAPeJ0bIidSk0aHmp7EvXhfvboQQ1875NpezA0J6HX+syTIb0VksLhoVBMF/k6Xt3qx+I2tuAixb3vSnn7HbpzRKN1JT9qmvLrdsydOPXIoaqiR6dP11BYxqwtcJGuCPTAjEZxJqoqJzr8T7ko+Q7t5l2aFwPFkS0wIPcoueo8DnI7FIZsPCR0YDCntb2LlgriAVrlxvx37DoDrNZv9xzpgHc7ZZqeImPLVrZsuLI/cL5StW+G+6juvBwfBl9rmOlaeTW6BqWshMzgBfsEyf8nlLPfe5z2ZdRddsS/knoe2yhu4vrpkMPPBw7lXyub7L/zoEJa9iIsCKaSPGrgXKZdZ4ivA7hN5dNnOh/1l8qTtvC3IT7+IWgeGVlE5jvj5qTaXqjHD0p/BFhRfnubq9R2sRflO9LeUkfrJNSwl0gms+kMEtsttMulvNHnaZDXjQzK08QmUsjVUTBIQ5HuHGQcKN6bbo8Oqq8b4fpm81Jq01eIVhUvdGdlw56J8htSR3BpMW1VJMOk37iJ2VZq/sepaFPNWDRYDf0eAtAUXXnc0z/mO2++0tL2Gt8aKLWqce6mJcMm8AzYx9x2uCWQvydWHnlQMmxnVhLpiMVOAXcJTm4KNNXnBiCfr2oVriD4bOzovePSYlaD/3z1aTt5vJyqBdqJC/+lI9GLAvCQQEAAQA= aurel@cachyos-x8664
04-14 20:04:38.400  1092  1831 D Hiber/importantScene: uid:10282 speed :1
04-14 20:04:38.400  1092  1831 D Hiber/appStateMachine: uid:10282 enter FrozenState
04-14 20:04:38.410  1092  1831 D Hiber/cgroup: runningPids : [32747] for uid=10282 pkgName=com.zhiliaoapp.musically type=third
04-14 20:04:38.410  1092  1831 D Hiber/cgroup: writeDevFile pid: 32747
04-14 20:04:38.412  1092  1831 I Hiber/sceneManager: freeze uid: 10282 com.zhiliaoapp.musically pids:[32747] costTime=12ms
04-14 20:04:38.412  1092  1832 D Hiber/hiberManager: msg for start proxy frozen state
04-14 20:04:38.412  1092  1832 D Hiber/hiberManager: try idle uid[10282] by hiber ,bgTime>0 ? true,isIdled before ? true ,isCurAllowListed ? false ,isProcStateBackground?true
04-14 20:04:38.413  1092  1832 D Hiber/hiberManager: try idle uid[10282] by hiber
04-14 20:04:38.413  1092  1832 D Hiber/proxyManager: p_service: 10282
04-14 20:04:38.413  1092  1832 D Hiber/proxyManager: p_job: 10282 pkgName=com.zhiliaoapp.musically
04-14 20:04:38.413  1092  1832 D Hiber/proxyManager: pj_job: 10282 pkgName=com.zhiliaoapp.musically which=2
04-14 20:04:38.413  1092  1832 D Hiber/hiberManager: proxy alarm (uid=10282, pkgName=com.zhiliaoapp.musically)
04-14 20:04:38.413  1092  1832 D Hiber/proxyManager: p_alarm: uid=10282, pkgName=com.zhiliaoapp.musically
04-14 20:04:38.413  1092  1832 D Hiber/alarmManagerServiceExtImpl: proxyAlarms leave, uid=10282, packageName=com.zhiliaoapp.musically
04-14 20:04:39.414  1092  1835 I Hiber/nativeService: check binder uid=10282
04-14 20:04:39.951   440  7574 I keystore2: keystore2::watchdog: Watchdog thread idle -> terminating. Have a great day.
04-14 20:04:41.417  1092  2232 D Hiber/hiberManager: begin socketDestroy, mUid: 10282
04-14 20:04:41.417  1092  2232 W NetworkManagement: WARNING: mNetdService is not null.
04-14 20:04:41.444  1092  2232 D Hiber/hiberManager: clearDnsCache again!!!
04-14 20:04:43.568  1092  1503 D Griffin/ResourceTracker: Cat meminfo coast time: 10ms
04-14 20:04:45.955  1092  1244 E UnisocWatchdog: WDT_Monitor: writeWDTMonitor duration=50,shutdowning=false
04-14 20:04:47.953  1092  9389 D PowerManagerService: userActivityNoUpdateLocked: Scene not defined, event:0
04-14 20:04:47.955  1092  9389 D os.permission.PermissionInfo: checkPermission 10174:android.permission.INTERACT_ACROSS_USERS:true
04-14 20:04:47.955  1092  9389 I os.permission: Grant permission: android.permission.INTERACT_ACROSS_USERS to uid: 10174
04-14 20:04:47.959  1092  9389 D os.permission.PermissionInfo: checkPermission 10174:android.permission.BROADCAST_CLOSE_SYSTEM_DIALOGS:true
04-14 20:04:47.959  1092  5599 D os.permission.PermissionInfo: checkPermission 10174:android.permission.INTERACT_ACROSS_USERS:true
04-14 20:04:47.959  1092  5599 I os.permission: Grant permission: android.permission.INTERACT_ACROSS_USERS to uid: 10174
04-14 20:04:47.960  1092  9389 I os.permission: Grant permission: android.permission.BROADCAST_CLOSE_SYSTEM_DIALOGS to uid: 10174
04-14 20:04:47.974  1092  9389 D BroadcastQueue: Add broadcast <BroadcastRecord{5a51475 u-1 android.intent.action.CLOSE_SYSTEM_DIALOGS}> into [parallel | foreground], pending size 0
04-14 20:04:47.976  1092  1275 D BroadcastQueue: Done with parallel broadcast [foreground] [BroadcastRecord{5a51475 u-1 android.intent.action.CLOSE_SYSTEM_DIALOGS}]
04-14 20:04:47.995  1092  5599 D ActivityTaskManager: getRecentTasksImpl call by 10151 flags = 2, 5 task(s):
04-14 20:04:47.995  1092  5599 D ActivityTaskManager: Recent Task 0: taskId = 2018, comp = null
04-14 20:04:47.995  1092  5599 D ActivityTaskManager: Recent Task 1: taskId = 2015, comp = ComponentInfo{com.zhiliaoapp.musically/com.ss.android.ugc.aweme.splash.SplashActivity}
04-14 20:04:47.995  1092  5599 D ActivityTaskManager: Recent Task 2: taskId = 2017, comp = null
04-14 20:04:47.996  1092  5599 D ActivityTaskManager: Recent Task 3: taskId = 2016, comp = null
04-14 20:04:47.996  1092  5599 D ActivityTaskManager: Recent Task 4: taskId = 1899, comp = null
04-14 20:04:48.004  1092  5599 D os.permission.PermissionInfo: checkPermission 10174:android.permission.MANAGE_ACTIVITY_TASKS:true
04-14 20:04:48.004  1092  5599 I os.permission: Grant permission: android.permission.MANAGE_ACTIVITY_TASKS to uid: 10174
04-14 20:04:48.013  1092  5599 I ActivityTaskManager: Add pending draw ActivityRecord{3f8f0a9 u0 com.transsion.XOSLauncher/com.android.quickstep.src.com.android.launcher3.uioverrides.QuickstepLauncher} t3 d0}
04-14 20:04:48.020  1092  9389 D os.permission.PermissionInfo: checkPermission 10174:android.permission.BROADCAST_CLOSE_SYSTEM_DIALOGS:true
04-14 20:04:48.020  1092  9389 I os.permission: Grant permission: android.permission.BROADCAST_CLOSE_SYSTEM_DIALOGS to uid: 10174
04-14 20:04:48.022  1092  1092 E JobScheduler.Concurrency: Had fewer than 16 in existence
04-14 20:04:48.024  1092  1092 E JobScheduler.Concurrency: Had fewer than 16 in existence
04-14 20:04:48.025  1092  1092 E JobScheduler.Concurrency: Had fewer than 16 in existence
04-14 20:04:48.030  1092  9389 D BroadcastQueue: Add broadcast <BroadcastRecord{8385d2d u-1 android.intent.action.CLOSE_SYSTEM_DIALOGS}> into [parallel | foreground], pending size 0
04-14 20:04:48.032  1092  1092 D Griffin/ComponentManager: Limit start proc:com.anthropic.claude for 3rd-normal-service caller=system/1092,Intent { cmp=com.anthropic.claude/androidx.work.impl.background.systemjob.SystemJobService }
04-14 20:04:48.032  1092  1092 W ActivityManager: Unable to launch app com.anthropic.claude/10330 for service Intent { cmp=com.anthropic.claude/androidx.work.impl.background.systemjob.SystemJobService }: AutoStart Limit
04-14 20:04:48.033  1092  1092 D ActivityManager: isGriffinSupport  bringUpServiceLocked and unbindServiceLockedIntent { cmp=com.anthropic.claude/androidx.work.impl.background.systemjob.SystemJobService }
04-14 20:04:48.034  1092  1275 D BroadcastQueue: Done with parallel broadcast [foreground] [BroadcastRecord{8385d2d u-1 android.intent.action.CLOSE_SYSTEM_DIALOGS}]
04-14 20:04:48.034  1092  1092 W ActivityManager: Unbind failed: could not find connection for android.app.LoadedApk$ServiceDispatcher$InnerConnection@a319262
04-14 20:04:48.035  1092  1092 E JobScheduler.Concurrency: Error executing JobStatus{15aeb1d #u0a330/66 com.anthropic.claude/androidx.work.impl.background.systemjob.SystemJobService u=0 s=10330 TIME=-1d3h20m28s518ms:none NET failures=1 READY}
04-14 20:04:48.040  1092  1092 D Griffin/ComponentManager: Limit start proc:com.deepseek.chat for 3rd-normal-service caller=system/1092,Intent { cmp=com.deepseek.chat/com.google.android.datatransport.runtime.scheduling.jobscheduling.JobInfoSchedulerService }
04-14 20:04:48.041  1092  1092 W ActivityManager: Unable to launch app com.deepseek.chat/10286 for service Intent { cmp=com.deepseek.chat/com.google.android.datatransport.runtime.scheduling.jobscheduling.JobInfoSchedulerService }: AutoStart Limit
04-14 20:04:48.041  1092  1092 D ActivityManager: isGriffinSupport  bringUpServiceLocked and unbindServiceLockedIntent { cmp=com.deepseek.chat/com.google.android.datatransport.runtime.scheduling.jobscheduling.JobInfoSchedulerService }
04-14 20:04:48.041  1092  1092 W ActivityManager: Unbind failed: could not find connection for android.app.LoadedApk$ServiceDispatcher$InnerConnection@86504e5
04-14 20:04:48.041  1092  1092 E JobScheduler.Concurrency: Error executing JobStatus{52e50ff #u0a286/-814799897 com.deepseek.chat/com.google.android.datatransport.runtime.scheduling.jobscheduling.JobInfoSchedulerService u=0 s=10286 TIME=-1d2h53m57s122ms:none NET READY}
04-14 20:04:48.045  1092  5600 I WindowManager: Relayout Window{4f39e84 u0 com.transsion.XOSLauncher/com.android.quickstep.src.com.android.launcher3.uioverrides.QuickstepLauncher}-[Surface(name=*Title#71694)/@0x9d9c9c8]: oldVis=8 newVis=0 focusMayChange = true requestedWidth = 720 requestedHeight = 1612 outFrames = ClientWindowFrames{frame=[-1440,0][-720,1612] display=[-100000,-100000][100000,100000] parentFrame=[0,0][0,0] parentClippedByDisplayCutout=false} outSurfaceControl = Surface(name=com.transsion.XOSLauncher/com.android.quickstep.src.com.android.launcher3.uioverrides.QuickstepLauncher#-1)/@0x5e60a61
04-14 20:04:48.046  1092  5599 D os.permission.PermissionInfo: checkPermission 10174:android.permission.BROADCAST_CLOSE_SYSTEM_DIALOGS:true
04-14 20:04:48.046  1092  5599 I os.permission: Grant permission: android.permission.BROADCAST_CLOSE_SYSTEM_DIALOGS to uid: 10174
04-14 20:04:48.047  1092  1092 D Griffin/ComponentManager: Limit start proc:com.openai.chatgpt for 3rd-normal-service caller=system/1092,Intent { cmp=com.openai.chatgpt/androidx.work.impl.background.systemjob.SystemJobService }
04-14 20:04:48.047  1092  1092 W ActivityManager: Unable to launch app com.openai.chatgpt/10270 for service Intent { cmp=com.openai.chatgpt/androidx.work.impl.background.systemjob.SystemJobService }: AutoStart Limit
04-14 20:04:48.047  1092  1092 D ActivityManager: isGriffinSupport  bringUpServiceLocked and unbindServiceLockedIntent { cmp=com.openai.chatgpt/androidx.work.impl.background.systemjob.SystemJobService }
04-14 20:04:48.052  1092  9389 I WindowManager: Relayout Window{888326f u0 com.transsion.XOSLauncher/com.android.quickstep.src.com.android.launcher3.uioverrides.QuickstepLauncher}-[Surface(name=*Title#71695)/@0xa675812]: oldVis=8 newVis=0 focusMayChange = true requestedWidth = 720 requestedHeight = 1612 outFrames = ClientWindowFrames{frame=[0,0][720,1612] display=[0,0][720,1612] parentFrame=[0,0][0,0] parentClippedByDisplayCutout=false} outSurfaceControl = Surface(name=com.transsion.XOSLauncher/com.android.quickstep.src.com.android.launcher3.uioverrides.QuickstepLauncher#-1)/@0xac22be3
04-14 20:04:48.053  1092  5599 D BroadcastQueue: Add broadcast <BroadcastRecord{29e09e0 u-1 android.intent.action.CLOSE_SYSTEM_DIALOGS}> into [parallel | foreground], pending size 0
04-14 20:04:48.055  1092  1275 D BroadcastQueue: Done with parallel broadcast [foreground] [BroadcastRecord{29e09e0 u-1 android.intent.action.CLOSE_SYSTEM_DIALOGS}]
04-14 20:04:48.057  1092  1092 W ActivityManager: Unbind failed: could not find connection for android.app.LoadedApk$ServiceDispatcher$InnerConnection@4d6b247
04-14 20:04:48.065  1092  1092 E JobScheduler.Concurrency: Error executing JobStatus{c34fd82 #u0a270/3236 com.openai.chatgpt/androidx.work.impl.background.systemjob.SystemJobService u=0 s=10270 TIME=-1d2h21m46s164ms:none NET READY}
04-14 20:04:48.066  1092  1241 V WindowManager: Unknown focus tokens, dropping reportFocusChanged
04-14 20:04:48.073  1092  9389 D WindowManager: finishDrawing: syncSeqId=0, postDrawTransaction=android.view.SurfaceControl$Transaction@78ca499, mSyncState=0, mDrawState=1, hasSyncHandlers=false, mClientWasDrawingForSync=false, win=Window{888326f u0 com.transsion.XOSLauncher/com.android.quickstep.src.com.android.launcher3.uioverrides.QuickstepLauncher}-[Surface(name=*Title#71695)/@0xa675812]
04-14 20:04:48.081  1092  1388 E HandwritingModeController: Cannot get requestId: Handwriting was not initialized.
04-14 20:04:48.120  1092  1241 I DisplayDeviceRepository: Display device changed: DisplayDeviceInfo{"Built-in Screen": uniqueId="local:0", 720 x 1612, modeId 2, defaultModeId 1, supportedModes [{id=1, width=720, height=1612, fps=60.0, alternativeRefreshRates=[90.0]}, {id=2, width=720, height=1612, fps=90.0, alternativeRefreshRates=[60.0]}], colorMode 0, supportedColorModes [0], hdrCapabilities HdrCapabilities{mSupportedHdrTypes=[], mMaxLuminance=500.0, mMaxAverageLuminance=500.0, mMinLuminance=0.0}, allmSupported false, gameContentTypeSupported false, density 320, 268.941 x 269.373 dpi, appVsyncOff 2000000, presDeadline 11111111, cutout DisplayCutout{insets=Rect(0, 80 - 0, 0) waterfall=Insets{left=0, top=0, right=0, bottom=0} boundingRect={Bounds=[Rect(0, 0 - 0, 0), Rect(312, 0 - 408, 80), Rect(0, 0 - 0, 0), Rect(0, 0 - 0, 0)]} cutoutPathParserInfo={CutoutPathParserInfo{displayWidth=720 displayHeight=1612 physicalDisplayWidth=720 physicalDisplayHeight=1612 density={2.0} cutoutSpec={M -24,0 L -24,40 L 24,40 L 24,0 Z @dp} rotation={0} scale={1.0} physicalPixelDisplaySizeRatio={1.0}}}}, touch INTERNAL, rotation 0, type INTERNAL, address {port=0}, deviceProductInfo null, state ON, frameRateOverride , brightnessMinimum 0.0, brightnessMaximum 1.0, brightnessDefault 0.096576735, FLAG_ALLOWED_TO_BE_DEFAULT_DISPLAY, FLAG_ROTATES_WITH_CONTENT, FLAG_SECURE, FLAG_SUPPORTS_PROTECTED_BUFFERS, installOrientation 0}
04-14 20:04:48.174  1092  1333 D WindowManager: finishDrawing: syncSeqId=0, postDrawTransaction=android.view.SurfaceControl$Transaction@261a33f, mSyncState=0, mDrawState=1, hasSyncHandlers=false, mClientWasDrawingForSync=false, win=Window{4f39e84 u0 com.transsion.XOSLauncher/com.android.quickstep.src.com.android.launcher3.uioverrides.QuickstepLauncher}-[Surface(name=*Title#71694)/@0x9d9c9c8]
04-14 20:04:48.413  1092  9390 D os.permission.PermissionInfo: checkPermission 10174:android.permission.READ_FRAME_BUFFER:true
04-14 20:04:48.413  1092  9390 I os.permission: Grant permission: android.permission.READ_FRAME_BUFFER to uid: 10174
04-14 20:04:48.441  1092  4270 D os.permission.PermissionInfo: checkPermission 10174:android.permission.READ_FRAME_BUFFER:true
04-14 20:04:48.441  1092  4270 I os.permission: Grant permission: android.permission.READ_FRAME_BUFFER to uid: 10174
04-14 20:04:48.442  1092  9390 D WindowManager: Changing focus from Window{88b1d66 u0 com.android.settings/com.android.settings.SubSettings}-[Surface(name=*Title#71682)/@0x5c4d8fd] to Window{888326f u0 com.transsion.XOSLauncher/com.android.quickstep.src.com.android.launcher3.uioverrides.QuickstepLauncher}-[Surface(name=*Title#71695)/@0xa675812] displayId = 0 Callers = com.android.server.wm.RootWindowContainer.updateFocusedWindowLocked:493 com.android.server.wm.WindowManagerService.updateFocusedWindowLocked:6415 com.android.server.wm.DisplayContent.layoutAndAssignWindowLayersIfNeeded:3915 com.android.server.wm.TaskDisplayArea.positionChildTaskAt:417 
04-14 20:04:48.444  1092  9390 I WindowManager: Input focus has changed to Window{888326f u0 com.transsion.XOSLauncher/com.android.quickstep.src.com.android.launcher3.uioverrides.QuickstepLauncher}-[Surface(name=*Title#71695)/@0xa675812] from recents_animation_input_consumer mDisplayId 0 updateInputWindows false, callers=com.android.server.wm.DisplayContent.updateFocusedWindowLocked:3788 com.android.server.wm.RootWindowContainer.updateFocusedWindowLocked:493 com.android.server.wm.WindowManagerService.updateFocusedWindowLocked:6415 com.android.server.wm.DisplayContent.layoutAndAssignWindowLayersIfNeeded:3915 com.android.server.wm.TaskDisplayArea.positionChildTaskAt:417 
04-14 20:04:48.449  1092  9390 D os.fingerprint: onActivityResume next:ActivityRecord{3f8f0a9 u0 com.transsion.XOSLauncher/com.android.quickstep.src.com.android.launcher3.uioverrides.QuickstepLauncher} t3 d0}
04-14 20:04:48.449  1092  9390 D os.fingerprint: activityComponent = ComponentInfo{com.transsion.XOSLauncher/com.android.quickstep.src.com.android.launcher3.uioverrides.QuickstepLauncher} inMultiWindow = false
04-14 20:04:48.449  1092  9390 D os.fingerprint: onUpdateFocusedApp oldPackageName:com.android.settings oldComponent:ComponentInfo{com.android.settings/com.android.settings.SubSettings} newPackageName:com.transsion.XOSLauncher newComponent:ComponentInfo{com.transsion.XOSLauncher/com.android.quickstep.src.com.android.launcher3.uioverrides.QuickstepLauncher} mFm :android.hardware.fingerprint.FingerprintManager@ac65edc
04-14 20:04:48.452  1092  9390 D WindowManager: setFocusedApp mFocusedApp = ActivityRecord{3f8f0a9 u0 com.transsion.XOSLauncher/com.android.quickstep.src.com.android.launcher3.uioverrides.QuickstepLauncher} t3 d0}displayId = 0Callers = com.android.server.wm.ActivityTaskManagerService.setResumedActivityUncheckLocked:5014 com.android.server.wm.TaskFragment.onActivityStateChanged:855 com.android.server.wm.ActivityRecord.setState:5738 com.android.server.wm.TaskFragment.resumeTopActivity:1477 
04-14 20:04:48.453  1092  1838 I ActivityManager: Applaunch form com.android.settings to com.transsion.XOSLauncher
04-14 20:04:48.454  1092  9390 D os.fingerprint: onActivityResume next:ActivityRecord{3f8f0a9 u0 com.transsion.XOSLauncher/com.android.quickstep.src.com.android.launcher3.uioverrides.QuickstepLauncher} t3 d0}
04-14 20:04:48.454  1092  9390 D os.fingerprint: activityComponent = ComponentInfo{com.transsion.XOSLauncher/com.android.quickstep.src.com.android.launcher3.uioverrides.QuickstepLauncher} inMultiWindow = false
04-14 20:04:48.454  1092  1504 D MemfusionImpl: onAppLaunch, nextType = 2next - ActivityInfo{a7d6a09 com.android.quickstep.src.com.android.launcher3.uioverrides.QuickstepLauncher}
04-14 20:04:48.454  1092  1270 D MemfusionImpl: dispatch clean index=25
04-14 20:04:48.454  1092  1270 D Memfusion/Compaction: doMemFusion - 2
04-14 20:04:48.454  1092  1270 D Memfusion/Compaction: memFusionUpdatei: trigger = 2, MemFusionSettingsEnabled = true, MemFusionCloudEnabled = true
04-14 20:04:48.457  4442  4442 D TranActivityAppturboImpl: onResumeHork
04-14 20:04:48.459  1092  9389 W ActivityManager: Unable to start service Intent { cmp=com.transsnet.store/com.transsnet.launcherlib.services.DistributeService } U=0: not found
04-14 20:04:48.470  1092  1270 D ActivityTaskManager: getRecentTasksImpl call by 1000 flags = 2, 5 task(s):
04-14 20:04:48.470  1092  1270 D ActivityTaskManager: Recent Task 0: taskId = 2018, comp = null
04-14 20:04:48.470  1092  1270 D ActivityTaskManager: Recent Task 1: taskId = 2015, comp = ComponentInfo{com.zhiliaoapp.musically/com.ss.android.ugc.aweme.splash.SplashActivity}
04-14 20:04:48.470  1092  1270 D ActivityTaskManager: Recent Task 2: taskId = 2017, comp = null
04-14 20:04:48.470  1092  1270 D ActivityTaskManager: Recent Task 3: taskId = 2016, comp = null
04-14 20:04:48.470  1092  1270 D ActivityTaskManager: Recent Task 4: taskId = 1899, comp = null
04-14 20:04:48.470  1092  1270 D Memfusion/Compaction: The count of recent_tasks has not reached the compression.
04-14 20:04:48.471  1092  9389 I ActivityTaskManager: LUCID activityResumed package name: com.transsion.XOSLauncher
04-14 20:04:48.487  1092  4270 D BroadcastQueue: Add broadcast <BroadcastRecord{f3b57c3 u0 bc_2_pa_launcher_status}> into [parallel | background], pending size 0
04-14 20:04:48.487  1092  1275 D BroadcastQueue: Done with parallel broadcast [background] [BroadcastRecord{f3b57c3 u0 bc_2_pa_launcher_status}]
04-14 20:04:48.503  1092  1333 D TranWindowManagerService: hookIMEVisibleChanged(), show:false
04-14 20:04:48.510  1092  9389 D CompatibilityChangeReporter: Compat change id reported: 214016041; UID 10174; state: ENABLED
04-14 20:04:48.510  1092  9389 D TranWindowManagerService: hookIMEVisibleChanged(), show:false
04-14 20:04:48.510  1092  9389 I input_debug: package: com.transsion.XOSLauncher isPassWordInput: false inputType: 0 mMethodMap: false isKeyguardShowing: false enable: 0 isSplitScreen: false
04-14 20:04:48.526  1092  1275 D os.permission.PermissionInfo: checkPermission 10174:android.permission.POST_NOTIFICATIONS:false
04-14 20:04:48.573  1092  9389 D os.permission.PermissionInfo: checkPermission 10174:android.permission.INTERACT_ACROSS_USERS:true
04-14 20:04:48.574  1092  9389 I os.permission: Grant permission: android.permission.INTERACT_ACROSS_USERS to uid: 10174
04-14 20:04:48.579  1092  9389 D ActivityTaskManager: getRecentTasksImpl call by 10151 flags = 2, 3 task(s):
04-14 20:04:48.579  1092  9389 D ActivityTaskManager: Recent Task 0: taskId = 2018, comp = null
04-14 20:04:48.579  1092  9389 D ActivityTaskManager: Recent Task 1: taskId = 2015, comp = ComponentInfo{com.zhiliaoapp.musically/com.ss.android.ugc.aweme.splash.SplashActivity}
04-14 20:04:48.579  1092  9389 D ActivityTaskManager: Recent Task 2: taskId = 2017, comp = null
04-14 20:04:48.584  1092  9389 D os.permission.PermissionInfo: checkPermission 10174:android.permission.READ_FRAME_BUFFER:true
04-14 20:04:48.584  1092  9389 I os.permission: Grant permission: android.permission.READ_FRAME_BUFFER to uid: 10174
04-14 20:04:48.586  1092  9389 D os.permission.PermissionInfo: checkPermission 10174:android.permission.READ_FRAME_BUFFER:true
04-14 20:04:48.587  1092  9389 I os.permission: Grant permission: android.permission.READ_FRAME_BUFFER to uid: 10174
04-14 20:04:48.964  1092  5600 D os.permission.PermissionInfo: checkPermission 10174:android.permission.READ_FRAME_BUFFER:true
04-14 20:04:48.964  1092  5600 I os.permission: Grant permission: android.permission.READ_FRAME_BUFFER to uid: 10174
04-14 20:04:49.051  1092  5600 D os.permission.PermissionInfo: checkPermission 10174:android.permission.START_TASKS_FROM_RECENTS:true
04-14 20:04:49.051  1092  5600 I os.permission: Grant permission: android.permission.START_TASKS_FROM_RECENTS to uid: 10174
04-14 20:04:49.054  1092  5600 D os.fingerprint: onUpdateFocusedApp oldPackageName:com.transsion.XOSLauncher oldComponent:ComponentInfo{com.transsion.XOSLauncher/com.android.quickstep.src.com.android.launcher3.uioverrides.QuickstepLauncher} newPackageName:com.zhiliaoapp.musically newComponent:ComponentInfo{com.zhiliaoapp.musically/com.ss.android.ugc.aweme.main.MainActivity} mFm :android.hardware.fingerprint.FingerprintManager@ac65edc
04-14 20:04:49.054  1092  5600 D WindowManager: setFocusedApp mFocusedApp = ActivityRecord{9b07180 u0 com.zhiliaoapp.musically/com.ss.android.ugc.aweme.splash.SplashActivity} t2015 d0}displayId = 0Callers = com.android.server.wm.ActivityTaskManagerService.setResumedActivityUncheckLocked:5014 com.android.server.wm.ActivityRecord.moveFocusableActivityToTop:3447 com.android.server.wm.Task.moveTaskToFront:5670 com.android.server.wm.Task.moveTaskToFront:5624 
04-14 20:04:49.055  1092  5600 D WindowManager: Changing focus from Window{888326f u0 com.transsion.XOSLauncher/com.android.quickstep.src.com.android.launcher3.uioverrides.QuickstepLauncher}-[Surface(name=*Title#71695)/@0xa675812] to null displayId = 0 Callers = com.android.server.wm.RootWindowContainer.updateFocusedWindowLocked:493 com.android.server.wm.WindowManagerService.updateFocusedWindowLocked:6415 com.android.server.wm.ActivityTaskManagerService.setResumedActivityUncheckLocked:5016 com.android.server.wm.ActivityRecord.moveFocusableActivityToTop:3447 
04-14 20:04:49.055  1092  5600 I WindowManager: Input focus has changed to null from 888326f com.transsion.XOSLauncher/com.android.quickstep.src.com.android.launcher3.uioverrides.QuickstepLauncher mDisplayId 0 updateInputWindows true, callers=com.android.server.wm.DisplayContent.updateFocusedWindowLocked:3788 com.android.server.wm.RootWindowContainer.updateFocusedWindowLocked:493 com.android.server.wm.WindowManagerService.updateFocusedWindowLocked:6415 com.android.server.wm.ActivityTaskManagerService.setResumedActivityUncheckLocked:5016 com.android.server.wm.ActivityRecord.moveFocusableActivityToTop:3447 
04-14 20:04:49.057  1092  5600 D Hiber/proxyWakeLock: remove uid: 10282 wiht all pids from wakelockUidInfo list
04-14 20:04:49.057  1092  2232 D Hiber/cgroup: writeDevFile pid: 32747
04-14 20:04:49.059  1092  2232 I Hiber/sceneManager: unfreeze uid: 10282 com.zhiliaoapp.musically pids:[32747]  reason:wakelock   cpninfo: costTime=2ms
04-14 20:04:49.059  1092  1831 D Hiber/appStateMachine: uid=10282, pkg=com.zhiliaoapp.musically, transition from Frozen to Running, reason=wakelock
04-14 20:04:49.059  1092  1831 D Hiber/appStateMachine: uid:10282 exit FrozenState
04-14 20:04:49.059  1092  1832 D Hiber/proxyManager: up_service: 10282
04-14 20:04:49.059  1092  1832 D Hiber/proxyManager: up_job: 10282
04-14 20:04:49.059  1092  5600 D os.fingerprint: onMoveTaskToFront next:ActivityRecord{9b07180 u0 com.zhiliaoapp.musically/com.ss.android.ugc.aweme.splash.SplashActivity} t2015 d0}
04-14 20:04:49.059  1092  1832 D Hiber/proxyManager: un_job: 10282
04-14 20:04:49.059  1092  5600 D os.fingerprint: activityComponent = ComponentInfo{com.zhiliaoapp.musically/com.ss.android.ugc.aweme.main.MainActivity} inMultiWindow = false
04-14 20:04:49.059  1092  1832 D Hiber/alarmManagerServiceExtImpl: unproxyAlarms leave, uid=10282, packageName=null
04-14 20:04:49.059  1092  5600 D os.fingerprint: onMoveTaskToFront next:ActivityRecord{9b07180 u0 com.zhiliaoapp.musically/com.ss.android.ugc.aweme.splash.SplashActivity} t2015 d0} displayId= 0
04-14 20:04:49.059  1092  5600 D os.fingerprint: activityComponent = ComponentInfo{com.zhiliaoapp.musically/com.ss.android.ugc.aweme.main.MainActivity} inMultiWindow = false
04-14 20:04:49.061  1092  5600 I ActivityTaskManager: Add pending draw ActivityRecord{9b07180 u0 com.zhiliaoapp.musically/com.ss.android.ugc.aweme.splash.SplashActivity} t2015 d0}
04-14 20:04:49.063  1092  4270 D os.permission.PermissionInfo: checkPermission 10174:android.permission.REMOVE_TASKS:true
04-14 20:04:49.063  1092  4270 I os.permission: Grant permission: android.permission.REMOVE_TASKS to uid: 10174
04-14 20:04:49.066  1092  4270 I ActivityTaskManager: remove task id:2018, callingUid:10174, callingPid:4442
04-14 20:04:49.066  1092  4270 I Hiber/hiberManager: removeTask: uid=1000, packageName=com.android.settings, reason=remove-task.
04-14 20:04:49.068  1092  4270 D Griffin/ProcessManager: Manual clean close!
04-14 20:04:49.076  1092  5599 W ActivityManager: Background start not allowed: service Intent { cmp=com.zhiliaoapp.musically/com.bytedance.common.wschannel.client.WsClientService } to com.zhiliaoapp.musically/com.bytedance.common.wschannel.client.WsClientService from pid=32747 uid=10282 pkg=com.zhiliaoapp.musically startFg?=false
04-14 20:04:49.083  1092  1241 I ActivityManager: Killing 6448:com.android.settings/1000 (adj 905): remove task
04-14 20:04:49.087  1092  5600 V WindowState: toString mSurfaceNameCache=-[Surface(name=*Title#71702)/@0x25fcc46] mLastTitle=null title=SnapshotStartingWindow for taskId=2015
04-14 20:04:49.089  1092  5600 I WindowManager: Relayout Window{6d27e88 u0 SnapshotStartingWindow for taskId=2015}-[Surface(name=*Title#71702)/@0x25fcc46]: oldVis=8 newVis=0 focusMayChange = true requestedWidth = -1 requestedHeight = -1 outFrames = ClientWindowFrames{frame=[0,0][720,1612] display=[0,0][720,1612] parentFrame=[0,0][0,0] parentClippedByDisplayCutout=false} outSurfaceControl = Surface(name=SnapshotStartingWindow for taskId=2015#-1)/@0x72b7e07
04-14 20:04:49.091  1092  4270 D os.fingerprint: onActivityResume next:ActivityRecord{9b07180 u0 com.zhiliaoapp.musically/com.ss.android.ugc.aweme.splash.SplashActivity} t2015 d0}
04-14 20:04:49.092  1092  4270 D os.fingerprint: activityComponent = ComponentInfo{com.zhiliaoapp.musically/com.ss.android.ugc.aweme.main.MainActivity} inMultiWindow = false
04-14 20:04:49.092  1092  1831 D Hiber/appStateMachine: uid:10282 exit RunningState
04-14 20:04:49.094  1092  4270 D Griffin/Hooker: PreviousApp = com.android.settings/.SubSettings
04-14 20:04:49.095  1092  1838 I ActivityManager: Applaunch form com.transsion.XOSLauncher to com.zhiliaoapp.musically
04-14 20:04:49.095  1092  4270 D os.fingerprint: onActivityResume next:ActivityRecord{9b07180 u0 com.zhiliaoapp.musically/com.ss.android.ugc.aweme.splash.SplashActivity} t2015 d0}
04-14 20:04:49.095  1092  4270 D os.fingerprint: activityComponent = ComponentInfo{com.zhiliaoapp.musically/com.ss.android.ugc.aweme.main.MainActivity} inMultiWindow = false
04-14 20:04:49.109  1092  5600 I WindowManager: Relayout Window{4cb5976 u0 PopupWindow:b82074b}, [type=1003]-[Surface(name=*Title#71704)/@0x6451259]: oldVis=8 newVis=0 focusMayChange = true requestedWidth = 0 requestedHeight = 1436 outFrames = ClientWindowFrames{frame=[0,80][0,1516] display=[0,80][720,1516] parentFrame=[0,0][0,0] parentClippedByDisplayCutout=false} outSurfaceControl = Surface(name=PopupWindow:b82074b#-1)/@0xd61e1e
04-14 20:04:49.111  1092  4270 D WindowManager: finishDrawing: syncSeqId=2147483647, postDrawTransaction=null, mSyncState=0, mDrawState=1, hasSyncHandlers=false, mClientWasDrawingForSync=false, win=Window{6d27e88 u0 SnapshotStartingWindow for taskId=2015}-[Surface(name=*Title#71702)/@0x25fcc46]
04-14 20:04:49.135  1092  4270 D WindowManager: finishDrawing: syncSeqId=0, postDrawTransaction=android.view.SurfaceControl$Transaction@99d0b93, mSyncState=0, mDrawState=1, hasSyncHandlers=false, mClientWasDrawingForSync=false, win=Window{4cb5976 u0 PopupWindow:b82074b}, [type=1003]-[Surface(name=*Title#71704)/@0x6451259]
04-14 20:04:49.139  1092  1092 E JobScheduler.Concurrency: Had fewer than 16 in existence
04-14 20:04:49.140  1092  1092 E JobScheduler.Concurrency: Had fewer than 16 in existence
04-14 20:04:49.141  1092  1092 E JobScheduler.Concurrency: Had fewer than 16 in existence
04-14 20:04:49.154  1092  1092 D Griffin/ComponentManager: Limit start proc:com.anthropic.claude for 3rd-normal-service caller=system/1092,Intent { cmp=com.anthropic.claude/androidx.work.impl.background.systemjob.SystemJobService }
04-14 20:04:49.154  1092  1092 W ActivityManager: Unable to launch app com.anthropic.claude/10330 for service Intent { cmp=com.anthropic.claude/androidx.work.impl.background.systemjob.SystemJobService }: AutoStart Limit
04-14 20:04:49.154  1092  1092 D ActivityManager: isGriffinSupport  bringUpServiceLocked and unbindServiceLockedIntent { cmp=com.anthropic.claude/androidx.work.impl.background.systemjob.SystemJobService }
04-14 20:04:49.154  1092  1092 W ActivityManager: Unbind failed: could not find connection for android.app.LoadedApk$ServiceDispatcher$InnerConnection@a8fe0e8
04-14 20:04:49.155  1092  1092 E JobScheduler.Concurrency: Error executing JobStatus{15aeb1d #u0a330/66 com.anthropic.claude/androidx.work.impl.background.systemjob.SystemJobService u=0 s=10330 TIME=-1d3h20m29s638ms:none NET failures=1 READY}
04-14 20:04:49.158  1092  1092 D Griffin/ComponentManager: Limit start proc:com.deepseek.chat for 3rd-normal-service caller=system/1092,Intent { cmp=com.deepseek.chat/com.google.android.datatransport.runtime.scheduling.jobscheduling.JobInfoSchedulerService }
04-14 20:04:49.159  1092  1092 W ActivityManager: Unable to launch app com.deepseek.chat/10286 for service Intent { cmp=com.deepseek.chat/com.google.android.datatransport.runtime.scheduling.jobscheduling.JobInfoSchedulerService }: AutoStart Limit
04-14 20:04:49.159  1092  1092 D ActivityManager: isGriffinSupport  bringUpServiceLocked and unbindServiceLockedIntent { cmp=com.deepseek.chat/com.google.android.datatransport.runtime.scheduling.jobscheduling.JobInfoSchedulerService }
04-14 20:04:49.159  1092  1092 W ActivityManager: Unbind failed: could not find connection for android.app.LoadedApk$ServiceDispatcher$InnerConnection@ff62394
04-14 20:04:49.159  1092  1092 E JobScheduler.Concurrency: Error executing JobStatus{52e50ff #u0a286/-814799897 com.deepseek.chat/com.google.android.datatransport.runtime.scheduling.jobscheduling.JobInfoSchedulerService u=0 s=10286 TIME=-1d2h53m58s239ms:none NET READY}
04-14 20:04:49.164  1092  1092 D Griffin/ComponentManager: Limit start proc:com.openai.chatgpt for 3rd-normal-service caller=system/1092,Intent { cmp=com.openai.chatgpt/androidx.work.impl.background.systemjob.SystemJobService }
04-14 20:04:49.164  1092  1092 W ActivityManager: Unable to launch app com.openai.chatgpt/10270 for service Intent { cmp=com.openai.chatgpt/androidx.work.impl.background.systemjob.SystemJobService }: AutoStart Limit
04-14 20:04:49.164  1092  1092 D ActivityManager: isGriffinSupport  bringUpServiceLocked and unbindServiceLockedIntent { cmp=com.openai.chatgpt/androidx.work.impl.background.systemjob.SystemJobService }
04-14 20:04:49.164  1092  1092 W ActivityManager: Unbind failed: could not find connection for android.app.LoadedApk$ServiceDispatcher$InnerConnection@166b139
04-14 20:04:49.165  1092  1092 E JobScheduler.Concurrency: Error executing JobStatus{c34fd82 #u0a270/3236 com.openai.chatgpt/androidx.work.impl.background.systemjob.SystemJobService u=0 s=10270 TIME=-1d2h21m47s264ms:none NET READY}
04-14 20:04:49.167  1092  9389 I WindowManager: WIN DEATH: Window{f5f4c37 u0 com.android.settings/com.android.settings.Settings$DevelopmentSettingsDashboardActivity}*
