04-14 20:04:59.607   679   679 I DPUModule: DpuR5P0::checkLayerFormat <142>: checkLayerFormat: Format(1)
04-14 20:04:59.607   679   679 I DPUModule: DpuR5P0::checkTransform <35>: checkTransform: Transform(0), SRCRect(0,0)
04-14 20:04:59.607   679   679 I DPUModule: DpuR5P0::checkAFBCBlockSize <97>: checkAFBCBlockSize: compressed(1),format(1), pitch(720), vstride(96)
04-14 20:04:59.607   679   679 D DPUModule: [] support: 0
04-14 20:04:59.623 32747 32747 D TranFlingManagerImpl: updateVelocity, scrollType = 1, currVelocity = 16.464415
04-14 20:04:59.623 32747 32747 D TranFlingManagerImpl: updateCurrVelocity mFlingFlag currVelocity:16.464415
04-14 20:04:59.623   679   679 I DPUModule: DpuR5P0::checkLayerFormat <142>: checkLayerFormat: Format(1)
04-14 20:04:59.623   679   679 I DPUModule: DpuR5P0::checkTransform <35>: checkTransform: Transform(0), SRCRect(0,0)
04-14 20:04:59.623   679   679 I DPUModule: DpuR5P0::checkAFBCBlockSize <97>: checkAFBCBlockSize: compressed(1),format(1), pitch(720), vstride(1616)
04-14 20:04:59.623   679   679 I DPUModule: DpuR5P0::checkLayerFormat <142>: checkLayerFormat: Format(1)
04-14 20:04:59.623   679   679 I DPUModule: DpuR5P0::checkTransform <35>: checkTransform: Transform(0), SRCRect(0,0)
04-14 20:04:59.623   679   679 I DPUModule: DpuR5P0::checkAFBCBlockSize <97>: checkAFBCBlockSize: compressed(1),format(1), pitch(720), vstride(80)
04-14 20:04:59.623   679   679 I DPUModule: DpuR5P0::checkLayerFormat <142>: checkLayerFormat: Format(1)
04-14 20:04:59.623   679   679 I DPUModule: DpuR5P0::checkTransform <35>: checkTransform: Transform(0), SRCRect(0,0)
04-14 20:04:59.623   679   679 I DPUModule: DpuR5P0::checkAFBCBlockSize <97>: checkAFBCBlockSize: compressed(1),format(1), pitch(720), vstride(96)
04-14 20:04:59.623   679   679 D DPUModule: [] support: 0
04-14 20:04:59.624 32747 32747 D TranFlingManagerImpl: onOverScrollerFinish()
04-14 20:04:59.640   679   679 I DPUModule: DpuR5P0::checkLayerFormat <142>: checkLayerFormat: Format(1)
04-14 20:04:59.640   679   679 I DPUModule: DpuR5P0::checkTransform <35>: checkTransform: Transform(0), SRCRect(0,0)
04-14 20:04:59.640   679   679 I DPUModule: DpuR5P0::checkAFBCBlockSize <97>: checkAFBCBlockSize: compressed(1),format(1), pitch(720), vstride(1616)
04-14 20:04:59.640   679   679 I DPUModule: DpuR5P0::checkLayerFormat <142>: checkLayerFormat: Format(1)
04-14 20:04:59.640   679   679 I DPUModule: DpuR5P0::checkTransform <35>: checkTransform: Transform(0), SRCRect(0,0)
04-14 20:04:59.640   679   679 I DPUModule: DpuR5P0::checkAFBCBlockSize <97>: checkAFBCBlockSize: compressed(1),format(1), pitch(720), vstride(80)
04-14 20:04:59.640   679   679 I DPUModule: DpuR5P0::checkLayerFormat <142>: checkLayerFormat: Format(1)
04-14 20:04:59.640   679   679 I DPUModule: DpuR5P0::checkTransform <35>: checkTransform: Transform(0), SRCRect(0,0)
04-14 20:04:59.640   679   679 I DPUModule: DpuR5P0::checkAFBCBlockSize <97>: checkAFBCBlockSize: compressed(1),format(1), pitch(720), vstride(96)
04-14 20:04:59.640   679   679 D DPUModule: [] support: 0
04-14 20:04:59.646   674 11196 I audio_hw_primary: app type:0x   0, is_voip:0, device:2, pcm:-352510464, usecase:0x   8
04-14 20:04:59.657   679   679 I DPUModule: DpuR5P0::checkLayerFormat <142>: checkLayerFormat: Format(1)
04-14 20:04:59.657   679   679 I DPUModule: DpuR5P0::checkTransform <35>: checkTransform: Transform(0), SRCRect(0,0)
04-14 20:04:59.657   679   679 I DPUModule: DpuR5P0::checkAFBCBlockSize <97>: checkAFBCBlockSize: compressed(1),format(1), pitch(720), vstride(1616)
04-14 20:04:59.657   679   679 I DPUModule: DpuR5P0::checkLayerFormat <142>: checkLayerFormat: Format(1)
04-14 20:04:59.657   679   679 I DPUModule: DpuR5P0::checkTransform <35>: checkTransform: Transform(0), SRCRect(0,0)
04-14 20:04:59.657   679   679 I DPUModule: DpuR5P0::checkAFBCBlockSize <97>: checkAFBCBlockSize: compressed(1),format(1), pitch(720), vstride(80)
04-14 20:04:59.657   679   679 I DPUModule: DpuR5P0::checkLayerFormat <142>: checkLayerFormat: Format(1)
04-14 20:04:59.657   679   679 I DPUModule: DpuR5P0::checkTransform <35>: checkTransform: Transform(0), SRCRect(0,0)
04-14 20:04:59.657   679   679 I DPUModule: DpuR5P0::checkAFBCBlockSize <97>: checkAFBCBlockSize: compressed(1),format(1), pitch(720), vstride(96)
04-14 20:04:59.657   679   679 D DPUModule: [] support: 0
04-14 20:04:59.674   679   679 I DPUModule: DpuR5P0::checkLayerFormat <142>: checkLayerFormat: Format(1)
04-14 20:04:59.674   679   679 I DPUModule: DpuR5P0::checkTransform <35>: checkTransform: Transform(0), SRCRect(0,0)
04-14 20:04:59.674   679   679 I DPUModule: DpuR5P0::checkAFBCBlockSize <97>: checkAFBCBlockSize: compressed(1),format(1), pitch(720), vstride(1616)
04-14 20:04:59.674   679   679 I DPUModule: DpuR5P0::checkLayerFormat <142>: checkLayerFormat: Format(1)
04-14 20:04:59.674   679   679 I DPUModule: DpuR5P0::checkTransform <35>: checkTransform: Transform(0), SRCRect(0,0)
04-14 20:04:59.674   679   679 I DPUModule: DpuR5P0::checkAFBCBlockSize <97>: checkAFBCBlockSize: compressed(1),format(1), pitch(720), vstride(80)
04-14 20:04:59.674   679   679 I DPUModule: DpuR5P0::checkLayerFormat <142>: checkLayerFormat: Format(1)
04-14 20:04:59.674   679   679 I DPUModule: DpuR5P0::checkTransform <35>: checkTransform: Transform(0), SRCRect(0,0)
04-14 20:04:59.674   679   679 I DPUModule: DpuR5P0::checkAFBCBlockSize <97>: checkAFBCBlockSize: compressed(1),format(1), pitch(720), vstride(96)
04-14 20:04:59.674   679   679 D DPUModule: [] support: 0
04-14 20:04:59.684   674 11196 I audio_hw_primary: app type:0x   0, is_voip:0, device:2, pcm:-352510464, usecase:0x   8
04-14 20:04:59.729   674 11196 I audio_hw_primary: app type:0x   0, is_voip:0, device:2, pcm:-352510464, usecase:0x   8
04-14 20:04:59.770   674 11196 I audio_hw_primary: app type:0x   0, is_voip:0, device:2, pcm:-352510464, usecase:0x   8
04-14 20:04:59.809   674 11196 I audio_hw_primary: app type:0x   0, is_voip:0, device:2, pcm:-352510464, usecase:0x   8
04-14 20:04:59.824 32747 32751 E gcblocker: gc block end, 455591137,1503
04-14 20:04:59.847   674 11196 I audio_hw_primary: app type:0x   0, is_voip:0, device:2, pcm:-352510464, usecase:0x   8
04-14 20:04:59.883   674 11196 I audio_hw_primary: app type:0x   0, is_voip:0, device:2, pcm:-352510464, usecase:0x   8
04-14 20:04:59.919  1092  1381 D InputReader: syncTouch: pointerCount 0 -> 1, touching ids 0x00000000 -> 0x80000000, hovering ids 0x00000000 -> 0x00000000, canceled ids 0x00000000
04-14 20:04:59.919  1092  1381 D InputReader: dispatchTouches action DOWN now(ns): 455592735196286
04-14 20:04:59.919  1092  1381 D InputReader: notifyMotion call dispatcher
04-14 20:04:59.929   674 11196 I audio_hw_primary: app type:0x   0, is_voip:0, device:2, pcm:-352510464, usecase:0x   8
04-14 20:04:59.958   679   679 I DPUModule: DpuR5P0::checkLayerFormat <142>: checkLayerFormat: Format(1)
04-14 20:04:59.958   679   679 I DPUModule: DpuR5P0::checkTransform <35>: checkTransform: Transform(0), SRCRect(0,0)
04-14 20:04:59.958   679   679 I DPUModule: DpuR5P0::checkAFBCBlockSize <97>: checkAFBCBlockSize: compressed(1),format(1), pitch(720), vstride(1616)
04-14 20:04:59.958   679   679 I DPUModule: DpuR5P0::checkLayerFormat <142>: checkLayerFormat: Format(1)
04-14 20:04:59.958   679   679 I DPUModule: DpuR5P0::checkTransform <35>: checkTransform: Transform(0), SRCRect(0,0)
04-14 20:04:59.958   679   679 I DPUModule: DpuR5P0::checkAFBCBlockSize <97>: checkAFBCBlockSize: compressed(1),format(1), pitch(720), vstride(80)
04-14 20:04:59.958   679   679 I DPUModule: DpuR5P0::checkLayerFormat <142>: checkLayerFormat: Format(1)
04-14 20:04:59.958   679   679 I DPUModule: DpuR5P0::checkTransform <35>: checkTransform: Transform(0), SRCRect(0,0)
04-14 20:04:59.958   679   679 I DPUModule: DpuR5P0::checkAFBCBlockSize <97>: checkAFBCBlockSize: compressed(1),format(1), pitch(720), vstride(96)
04-14 20:04:59.958   679   679 D DPUModule: [] support: 0
04-14 20:04:59.967   674 11196 I audio_hw_primary: app type:0x   0, is_voip:0, device:2, pcm:-352510464, usecase:0x   8
04-14 20:04:59.968  1092  1381 D InputReader: syncTouch: pointerCount 1 -> 1, touching ids 0x80000000 -> 0x80000000, hovering ids 0x00000000 -> 0x00000000, canceled ids 0x00000000
04-14 20:04:59.968  1092  1381 D InputReader: dispatchTouches action MOVE now(ns): 455592784463632
04-14 20:04:59.968  1092  1381 D InputReader: notifyMotion call dispatcher
04-14 20:04:59.976  1092  1381 D InputReader: syncTouch: pointerCount 1 -> 1, touching ids 0x80000000 -> 0x80000000, hovering ids 0x00000000 -> 0x00000000, canceled ids 0x00000000
04-14 20:04:59.977  1092  1381 D InputReader: dispatchTouches action MOVE now(ns): 455592792905940
04-14 20:04:59.977  1092  1381 D InputReader: notifyMotion call dispatcher
04-14 20:04:59.985  1092  1381 D InputReader: syncTouch: pointerCount 1 -> 1, touching ids 0x80000000 -> 0x80000000, hovering ids 0x00000000 -> 0x00000000, canceled ids 0x00000000
04-14 20:04:59.985  1092  1381 D InputReader: dispatchTouches action MOVE now(ns): 455592801076016
04-14 20:04:59.985  1092  1381 D InputReader: notifyMotion call dispatcher
04-14 20:04:59.991   679   679 I DPUModule: DpuR5P0::checkLayerFormat <142>: checkLayerFormat: Format(1)
04-14 20:04:59.991   679   679 I DPUModule: DpuR5P0::checkTransform <35>: checkTransform: Transform(0), SRCRect(0,0)
04-14 20:04:59.991   679   679 I DPUModule: DpuR5P0::checkAFBCBlockSize <97>: checkAFBCBlockSize: compressed(1),format(1), pitch(720), vstride(1616)
04-14 20:04:59.991   679   679 I DPUModule: DpuR5P0::checkLayerFormat <142>: checkLayerFormat: Format(1)
04-14 20:04:59.991   679   679 I DPUModule: DpuR5P0::checkTransform <35>: checkTransform: Transform(0), SRCRect(0,0)
04-14 20:04:59.991   679   679 I DPUModule: DpuR5P0::checkAFBCBlockSize <97>: checkAFBCBlockSize: compressed(1),format(1), pitch(720), vstride(80)
04-14 20:04:59.991   679   679 I DPUModule: DpuR5P0::checkLayerFormat <142>: checkLayerFormat: Format(1)
04-14 20:04:59.991   679   679 I DPUModule: DpuR5P0::checkTransform <35>: checkTransform: Transform(0), SRCRect(0,0)
04-14 20:04:59.991   679   679 I DPUModule: DpuR5P0::checkAFBCBlockSize <97>: checkAFBCBlockSize: compressed(1),format(1), pitch(720), vstride(96)
04-14 20:04:59.991 32747 32747 D TranFlingManagerImpl: onOverScrollerFinish()
04-14 20:04:59.991   679   679 D DPUModule: [] support: 0
04-14 20:04:59.993  1092  1381 D InputReader: syncTouch: pointerCount 1 -> 1, touching ids 0x80000000 -> 0x80000000, hovering ids 0x00000000 -> 0x00000000, canceled ids 0x00000000
04-14 20:04:59.993  1092  1381 D InputReader: dispatchTouches action MOVE now(ns): 455592809207363
04-14 20:04:59.993  1092  1381 D InputReader: notifyMotion call dispatcher
04-14 20:04:59.999  1092  1370 D AlarmManager: waitForAlarm result:8currentTime=1776193499999, elapsedRealtime=523943729
04-14 20:05:00.000  1092  1370 V AlarmManager: Received TIME_TICK alarm; rescheduling
04-14 20:05:00.000  1092  1370 V AlarmManager: set(null) : type=3 listener=com.android.server.alarm.AlarmManagerService$3@9351580 listenerTag=TIME_TICK workSource=null callingPackage=android callingUid=1000 triggerAtTime=524003729 win=0 tElapsed=524003729 maxElapsed=524003729 interval=0 flags=0x9
04-14 20:05:00.001  1092  1092 D BroadcastQueue: Add broadcast <BroadcastRecord{3cfe4f2 u-1 android.intent.action.TIME_TICK}> into [parallel | foreground], pending size 0
04-14 20:05:00.002  1092  1381 D InputReader: syncTouch: pointerCount 1 -> 1, touching ids 0x80000000 -> 0x80000000, hovering ids 0x00000000 -> 0x00000000, canceled ids 0x00000000
04-14 20:05:00.002  1092  1381 D InputReader: dispatchTouches action MOVE now(ns): 455592817963016
04-14 20:05:00.002  1092  1381 D InputReader: notifyMotion call dispatcher
04-14 20:05:00.002  1092  1370 D AlarmManager: Add alarm packageName=android, type=3, when=524003729, tag=TIME_TICK, callingUid=1000, callingPackage=android
04-14 20:05:00.002  1092  1370 D AlarmManagerService: set alarm to kernel: 524111.410000000, type=2 
04-14 20:05:00.002  1092  1370 D AlarmManagerService: set alarm to kernel: 524003.729000000, type=3 
04-14 20:05:00.003  1092  1370 I AlarmManager: going to acquire mWakeLock actually.
04-14 20:05:00.003  1604  1764 W BroadcastDispatcherLog: [53285] Broadcast received for user 0: Intent { act=android.intent.action.TIME_TICK flg=0x50200010 }
04-14 20:05:00.003  1604  1764 W BroadcastDispatcherLog: [53286] Broadcast received for user -1: Intent { act=android.intent.action.TIME_TICK flg=0x50200010 }
04-14 20:05:00.004  1092  1275 D BroadcastQueue: Done with parallel broadcast [foreground] [BroadcastRecord{3cfe4f2 u-1 android.intent.action.TIME_TICK}]
04-14 20:05:00.005   674 11196 I audio_hw_primary: app type:0x   0, is_voip:0, device:2, pcm:-352510464, usecase:0x   8
04-14 20:05:00.006  1092  1370 D AlarmManager: sending alarm.type = 3, action = null, alarm = Alarm{c726743 type 3 origWhen 523943729 whenElapsed 523943729 android}, cn = null, operation = null, listener=com.android.server.alarm.AlarmManagerService$3@9351580, listenerTag=TIME_TICK, workSource=null
04-14 20:05:00.006  1092  1370 D AlarmManagerService: set alarm to kernel: 524111.410000000, type=2 
04-14 20:05:00.006  1092  1370 D AlarmManagerService: set alarm to kernel: 524003.729000000, type=3 
04-14 20:05:00.007  1604  1604 D TrClockBaseView: onTimeChanged
04-14 20:05:00.007  1604  1604 W TrKeyguardClockView: Keyguard is not showing,so we do not update time.
04-14 20:05:00.007  1604  1604 D TrClockBaseView: onTimeChanged
04-14 20:05:00.010  1092  1381 D InputReader: syncTouch: pointerCount 1 -> 1, touching ids 0x80000000 -> 0x80000000, hovering ids 0x00000000 -> 0x00000000, canceled ids 0x00000000
04-14 20:05:00.010  1092  1381 D InputReader: dispatchTouches action MOVE now(ns): 455592826071363
04-14 20:05:00.010  1092  1381 D InputReader: notifyMotion call dispatcher
04-14 20:05:00.010  1604  1604 D TrClockBaseView: onTimeChanged
04-14 20:05:00.018  1092  1381 D InputReader: syncTouch: pointerCount 1 -> 1, touching ids 0x80000000 -> 0x80000000, hovering ids 0x00000000 -> 0x00000000, canceled ids 0x00000000
04-14 20:05:00.018  1092  1381 D InputReader: dispatchTouches action MOVE now(ns): 455592834225709
04-14 20:05:00.018  1092  1381 D InputReader: notifyMotion call dispatcher
04-14 20:05:00.024   679   679 I DPUModule: DpuR5P0::checkLayerFormat <142>: checkLayerFormat: Format(1)
04-14 20:05:00.024   679   679 I DPUModule: DpuR5P0::checkTransform <35>: checkTransform: Transform(0), SRCRect(0,0)
04-14 20:05:00.024   679   679 I DPUModule: DpuR5P0::checkAFBCBlockSize <97>: checkAFBCBlockSize: compressed(1),format(1), pitch(720), vstride(1616)
04-14 20:05:00.024   679   679 I DPUModule: DpuR5P0::checkLayerFormat <142>: checkLayerFormat: Format(1)
04-14 20:05:00.024   679   679 I DPUModule: DpuR5P0::checkTransform <35>: checkTransform: Transform(0), SRCRect(0,0)
04-14 20:05:00.024   679   679 I DPUModule: DpuR5P0::checkAFBCBlockSize <97>: checkAFBCBlockSize: compressed(1),format(1), pitch(720), vstride(80)
04-14 20:05:00.024   679   679 I DPUModule: DpuR5P0::checkLayerFormat <142>: checkLayerFormat: Format(1)
04-14 20:05:00.024   679   679 I DPUModule: DpuR5P0::checkTransform <35>: checkTransform: Transform(0), SRCRect(0,0)
04-14 20:05:00.024   679   679 I DPUModule: DpuR5P0::checkAFBCBlockSize <97>: checkAFBCBlockSize: compressed(1),format(1), pitch(720), vstride(96)
04-14 20:05:00.024   679   679 D DPUModule: [] support: 0
04-14 20:05:00.026  1092  1381 D InputReader: syncTouch: pointerCount 1 -> 1, touching ids 0x80000000 -> 0x80000000, hovering ids 0x00000000 -> 0x00000000, canceled ids 0x00000000
04-14 20:05:00.026  1092  1381 D InputReader: dispatchTouches action MOVE now(ns): 455592842674209
04-14 20:05:00.026  1092  1381 D InputReader: notifyMotion call dispatcher
04-14 20:05:00.035  1092  1381 D InputReader: syncTouch: pointerCount 1 -> 1, touching ids 0x80000000 -> 0x80000000, hovering ids 0x00000000 -> 0x00000000, canceled ids 0x00000000
04-14 20:05:00.035  1092  1381 D InputReader: dispatchTouches action MOVE now(ns): 455592851159324
04-14 20:05:00.035  1092  1381 D InputReader: notifyMotion call dispatcher
04-14 20:05:00.040   679   679 I DPUModule: DpuR5P0::checkLayerFormat <142>: checkLayerFormat: Format(1)
04-14 20:05:00.040   679   679 I DPUModule: DpuR5P0::checkTransform <35>: checkTransform: Transform(0), SRCRect(0,0)
04-14 20:05:00.040   679   679 I DPUModule: DpuR5P0::checkAFBCBlockSize <97>: checkAFBCBlockSize: compressed(1),format(1), pitch(720), vstride(1616)
04-14 20:05:00.040   679   679 I DPUModule: DpuR5P0::checkLayerFormat <142>: checkLayerFormat: Format(1)
04-14 20:05:00.041   679   679 I DPUModule: DpuR5P0::checkTransform <35>: checkTransform: Transform(0), SRCRect(0,0)
04-14 20:05:00.041   679   679 I DPUModule: DpuR5P0::checkAFBCBlockSize <97>: checkAFBCBlockSize: compressed(1),format(1), pitch(720), vstride(80)
04-14 20:05:00.041   679   679 I DPUModule: DpuR5P0::checkLayerFormat <142>: checkLayerFormat: Format(1)
04-14 20:05:00.041   679   679 I DPUModule: DpuR5P0::checkTransform <35>: checkTransform: Transform(0), SRCRect(0,0)
04-14 20:05:00.041   679   679 I DPUModule: DpuR5P0::checkAFBCBlockSize <97>: checkAFBCBlockSize: compressed(1),format(1), pitch(720), vstride(96)
04-14 20:05:00.041   679   679 D DPUModule: [] support: 0
04-14 20:05:00.043  1092  1381 D InputReader: syncTouch: pointerCount 1 -> 1, touching ids 0x80000000 -> 0x80000000, hovering ids 0x00000000 -> 0x00000000, canceled ids 0x00000000
04-14 20:05:00.043  1092  1381 D InputReader: dispatchTouches action MOVE now(ns): 455592859338824
04-14 20:05:00.043  1092  1381 D InputReader: notifyMotion call dispatcher
04-14 20:05:00.048   674 11196 I audio_hw_primary: app type:0x   0, is_voip:0, device:2, pcm:-352510464, usecase:0x   8
04-14 20:05:00.051  1092  1381 D InputReader: syncTouch: pointerCount 1 -> 1, touching ids 0x80000000 -> 0x80000000, hovering ids 0x00000000 -> 0x00000000, canceled ids 0x00000000
04-14 20:05:00.052  1092  1381 D InputReader: dispatchTouches action MOVE now(ns): 455592868080247
04-14 20:05:00.052  1092  1381 D InputReader: notifyMotion call dispatcher
04-14 20:05:00.057   679   679 I DPUModule: DpuR5P0::checkLayerFormat <142>: checkLayerFormat: Format(1)
04-14 20:05:00.057   679   679 I DPUModule: DpuR5P0::checkTransform <35>: checkTransform: Transform(0), SRCRect(0,0)
04-14 20:05:00.057   679   679 I DPUModule: DpuR5P0::checkAFBCBlockSize <97>: checkAFBCBlockSize: compressed(1),format(1), pitch(720), vstride(1616)
04-14 20:05:00.057   679   679 I DPUModule: DpuR5P0::checkLayerFormat <142>: checkLayerFormat: Format(1)
04-14 20:05:00.057   679   679 I DPUModule: DpuR5P0::checkTransform <35>: checkTransform: Transform(0), SRCRect(0,0)
04-14 20:05:00.057   679   679 I DPUModule: DpuR5P0::checkAFBCBlockSize <97>: checkAFBCBlockSize: compressed(1),format(1), pitch(720), vstride(80)
04-14 20:05:00.057   679   679 I DPUModule: DpuR5P0::checkLayerFormat <142>: checkLayerFormat: Format(1)
04-14 20:05:00.057   679   679 I DPUModule: DpuR5P0::checkTransform <35>: checkTransform: Transform(0), SRCRect(0,0)
04-14 20:05:00.057   679   679 I DPUModule: DpuR5P0::checkAFBCBlockSize <97>: checkAFBCBlockSize: compressed(1),format(1), pitch(720), vstride(96)
04-14 20:05:00.057   679   679 D DPUModule: [] support: 0
04-14 20:05:00.060  1092  1381 D InputReader: syncTouch: pointerCount 1 -> 1, touching ids 0x80000000 -> 0x80000000, hovering ids 0x00000000 -> 0x00000000, canceled ids 0x00000000
04-14 20:05:00.060  1092  1381 D InputReader: dispatchTouches action MOVE now(ns): 455592876253093
04-14 20:05:00.060  1092  1381 D InputReader: notifyMotion call dispatcher
04-14 20:05:00.068  1092  1381 D InputReader: syncTouch: pointerCount 1 -> 1, touching ids 0x80000000 -> 0x80000000, hovering ids 0x00000000 -> 0x00000000, canceled ids 0x00000000
04-14 20:05:00.068  1092  1381 D InputReader: dispatchTouches action MOVE now(ns): 455592884284593
04-14 20:05:00.068  1092  1381 D InputReader: notifyMotion call dispatcher
04-14 20:05:00.073   679   679 I DPUModule: DpuR5P0::checkLayerFormat <142>: checkLayerFormat: Format(1)
04-14 20:05:00.074   679   679 I DPUModule: DpuR5P0::checkTransform <35>: checkTransform: Transform(0), SRCRect(0,0)
04-14 20:05:00.074   679   679 I DPUModule: DpuR5P0::checkAFBCBlockSize <97>: checkAFBCBlockSize: compressed(1),format(1), pitch(720), vstride(1616)
04-14 20:05:00.074   679   679 I DPUModule: DpuR5P0::checkLayerFormat <142>: checkLayerFormat: Format(1)
04-14 20:05:00.074   679   679 I DPUModule: DpuR5P0::checkTransform <35>: checkTransform: Transform(0), SRCRect(0,0)
04-14 20:05:00.074   679   679 I DPUModule: DpuR5P0::checkAFBCBlockSize <97>: checkAFBCBlockSize: compressed(1),format(1), pitch(720), vstride(80)
04-14 20:05:00.074   679   679 I DPUModule: DpuR5P0::checkLayerFormat <142>: checkLayerFormat: Format(1)
04-14 20:05:00.074   679   679 I DPUModule: DpuR5P0::checkTransform <35>: checkTransform: Transform(0), SRCRect(0,0)
04-14 20:05:00.074   679   679 I DPUModule: DpuR5P0::checkAFBCBlockSize <97>: checkAFBCBlockSize: compressed(1),format(1), pitch(720), vstride(96)
04-14 20:05:00.074   679   679 D DPUModule: [] support: 0
04-14 20:05:00.076  1092  1381 D InputReader: syncTouch: pointerCount 1 -> 1, touching ids 0x80000000 -> 0x80000000, hovering ids 0x00000000 -> 0x00000000, canceled ids 0x00000000
04-14 20:05:00.077  1092  1381 D InputReader: dispatchTouches action MOVE now(ns): 455592892791632
04-14 20:05:00.077  1092  1381 D InputReader: notifyMotion call dispatcher
04-14 20:05:00.085  1092  1381 D InputReader: syncTouch: pointerCount 1 -> 1, touching ids 0x80000000 -> 0x80000000, hovering ids 0x00000000 -> 0x00000000, canceled ids 0x00000000
04-14 20:05:00.085  1092  1381 D InputReader: dispatchTouches action MOVE now(ns): 455592901477209
04-14 20:05:00.085  1092  1381 D InputReader: notifyMotion call dispatcher
04-14 20:05:00.089   674 11196 I audio_hw_primary: app type:0x   0, is_voip:0, device:2, pcm:-352510464, usecase:0x   8
04-14 20:05:00.090   679   679 I DPUModule: DpuR5P0::checkLayerFormat <142>: checkLayerFormat: Format(1)
04-14 20:05:00.090   679   679 I DPUModule: DpuR5P0::checkTransform <35>: checkTransform: Transform(0), SRCRect(0,0)
04-14 20:05:00.090   679   679 I DPUModule: DpuR5P0::checkAFBCBlockSize <97>: checkAFBCBlockSize: compressed(1),format(1), pitch(720), vstride(1616)
04-14 20:05:00.090   679   679 I DPUModule: DpuR5P0::checkLayerFormat <142>: checkLayerFormat: Format(1)
04-14 20:05:00.090   679   679 I DPUModule: DpuR5P0::checkTransform <35>: checkTransform: Transform(0), SRCRect(0,0)
04-14 20:05:00.090   679   679 I DPUModule: DpuR5P0::checkAFBCBlockSize <97>: checkAFBCBlockSize: compressed(1),format(1), pitch(720), vstride(80)
04-14 20:05:00.090   679   679 I DPUModule: DpuR5P0::checkLayerFormat <142>: checkLayerFormat: Format(1)
04-14 20:05:00.090   679   679 I DPUModule: DpuR5P0::checkTransform <35>: checkTransform: Transform(0), SRCRect(0,0)
04-14 20:05:00.090   679   679 I DPUModule: DpuR5P0::checkAFBCBlockSize <97>: checkAFBCBlockSize: compressed(1),format(1), pitch(720), vstride(96)
04-14 20:05:00.090   679   679 D DPUModule: [] support: 0
04-14 20:05:00.093  1092  1381 D InputReader: syncTouch: pointerCount 1 -> 1, touching ids 0x80000000 -> 0x80000000, hovering ids 0x00000000 -> 0x00000000, canceled ids 0x00000000
04-14 20:05:00.093  1092  1381 D InputReader: dispatchTouches action MOVE now(ns): 455592909280093
04-14 20:05:00.093  1092  1381 D InputReader: notifyMotion call dispatcher
04-14 20:05:00.101  1092  1381 D InputReader: syncTouch: pointerCount 1 -> 1, touching ids 0x80000000 -> 0x80000000, hovering ids 0x00000000 -> 0x00000000, canceled ids 0x00000000
04-14 20:05:00.101  1092  1381 D InputReader: dispatchTouches action MOVE now(ns): 455592917695401
04-14 20:05:00.102  1092  1381 D InputReader: notifyMotion call dispatcher
04-14 20:05:00.107   679   679 I DPUModule: DpuR5P0::checkLayerFormat <142>: checkLayerFormat: Format(1)
04-14 20:05:00.107   679   679 I DPUModule: DpuR5P0::checkTransform <35>: checkTransform: Transform(0), SRCRect(0,0)
04-14 20:05:00.107   679   679 I DPUModule: DpuR5P0::checkAFBCBlockSize <97>: checkAFBCBlockSize: compressed(1),format(1), pitch(720), vstride(1616)
04-14 20:05:00.107   679   679 I DPUModule: DpuR5P0::checkLayerFormat <142>: checkLayerFormat: Format(1)
04-14 20:05:00.107   679   679 I DPUModule: DpuR5P0::checkTransform <35>: checkTransform: Transform(0), SRCRect(0,0)
04-14 20:05:00.107   679   679 I DPUModule: DpuR5P0::checkAFBCBlockSize <97>: checkAFBCBlockSize: compressed(1),format(1), pitch(720), vstride(80)
04-14 20:05:00.107   679   679 I DPUModule: DpuR5P0::checkLayerFormat <142>: checkLayerFormat: Format(1)
04-14 20:05:00.107   679   679 I DPUModule: DpuR5P0::checkTransform <35>: checkTransform: Transform(0), SRCRect(0,0)
04-14 20:05:00.107   679   679 I DPUModule: DpuR5P0::checkAFBCBlockSize <97>: checkAFBCBlockSize: compressed(1),format(1), pitch(720), vstride(96)
04-14 20:05:00.107   679   679 D DPUModule: [] support: 0
04-14 20:05:00.110  1092  1381 D InputReader: syncTouch: pointerCount 1 -> 1, touching ids 0x80000000 -> 0x80000000, hovering ids 0x00000000 -> 0x00000000, canceled ids 0x00000000
04-14 20:05:00.110  1092  1381 D InputReader: dispatchTouches action MOVE now(ns): 455592925967170
04-14 20:05:00.110  1092  1381 D InputReader: notifyMotion call dispatcher
04-14 20:05:00.118  1092  1381 D InputReader: syncTouch: pointerCount 1 -> 1, touching ids 0x80000000 -> 0x80000000, hovering ids 0x00000000 -> 0x00000000, canceled ids 0x00000000
04-14 20:05:00.119  1092  1381 D InputReader: dispatchTouches action MOVE now(ns): 455592934884055
04-14 20:05:00.119  1092  1381 D InputReader: notifyMotion call dispatcher
04-14 20:05:00.123   679   679 I DPUModule: DpuR5P0::checkLayerFormat <142>: checkLayerFormat: Format(1)
04-14 20:05:00.123   679   679 I DPUModule: DpuR5P0::checkTransform <35>: checkTransform: Transform(0), SRCRect(0,0)
04-14 20:05:00.123   679   679 I DPUModule: DpuR5P0::checkAFBCBlockSize <97>: checkAFBCBlockSize: compressed(1),format(1), pitch(720), vstride(1616)
04-14 20:05:00.123   679   679 I DPUModule: DpuR5P0::checkLayerFormat <142>: checkLayerFormat: Format(1)
04-14 20:05:00.123   679   679 I DPUModule: DpuR5P0::checkTransform <35>: checkTransform: Transform(0), SRCRect(0,0)
04-14 20:05:00.123   679   679 I DPUModule: DpuR5P0::checkAFBCBlockSize <97>: checkAFBCBlockSize: compressed(1),format(1), pitch(720), vstride(80)
04-14 20:05:00.123   679   679 I DPUModule: DpuR5P0::checkLayerFormat <142>: checkLayerFormat: Format(1)
04-14 20:05:00.123   679   679 I DPUModule: DpuR5P0::checkTransform <35>: checkTransform: Transform(0), SRCRect(0,0)
04-14 20:05:00.123   679   679 I DPUModule: DpuR5P0::checkAFBCBlockSize <97>: checkAFBCBlockSize: compressed(1),format(1), pitch(720), vstride(96)
04-14 20:05:00.123   679   679 D DPUModule: [] support: 0
04-14 20:05:00.126  1092  1381 D InputReader: syncTouch: pointerCount 1 -> 1, touching ids 0x80000000 -> 0x80000000, hovering ids 0x00000000 -> 0x00000000, canceled ids 0x00000000
04-14 20:05:00.126  1092  1381 D InputReader: dispatchTouches action MOVE now(ns): 455592942571824
04-14 20:05:00.126  1092  1381 D InputReader: notifyMotion call dispatcher
04-14 20:05:00.128   674 11196 I audio_hw_primary: app type:0x   0, is_voip:0, device:2, pcm:-352510464, usecase:0x   8
04-14 20:05:00.135  1092  1381 D InputReader: syncTouch: pointerCount 1 -> 1, touching ids 0x80000000 -> 0x80000000, hovering ids 0x00000000 -> 0x00000000, canceled ids 0x00000000
04-14 20:05:00.135  1092  1381 D InputReader: dispatchTouches action MOVE now(ns): 455592951353362
04-14 20:05:00.135  1092  1381 D InputReader: notifyMotion call dispatcher
04-14 20:05:00.140   679   679 I DPUModule: DpuR5P0::checkLayerFormat <142>: checkLayerFormat: Format(1)
04-14 20:05:00.140   679   679 I DPUModule: DpuR5P0::checkTransform <35>: checkTransform: Transform(0), SRCRect(0,0)
04-14 20:05:00.140   679   679 I DPUModule: DpuR5P0::checkAFBCBlockSize <97>: checkAFBCBlockSize: compressed(1),format(1), pitch(720), vstride(1616)
04-14 20:05:00.140   679   679 I DPUModule: DpuR5P0::checkLayerFormat <142>: checkLayerFormat: Format(1)
04-14 20:05:00.140   679   679 I DPUModule: DpuR5P0::checkTransform <35>: checkTransform: Transform(0), SRCRect(0,0)
04-14 20:05:00.140   679   679 I DPUModule: DpuR5P0::checkAFBCBlockSize <97>: checkAFBCBlockSize: compressed(1),format(1), pitch(720), vstride(80)
04-14 20:05:00.140   679   679 I DPUModule: DpuR5P0::checkLayerFormat <142>: checkLayerFormat: Format(1)
04-14 20:05:00.140   679   679 I DPUModule: DpuR5P0::checkTransform <35>: checkTransform: Transform(0), SRCRect(0,0)
04-14 20:05:00.140   679   679 I DPUModule: DpuR5P0::checkAFBCBlockSize <97>: checkAFBCBlockSize: compressed(1),format(1), pitch(720), vstride(96)
04-14 20:05:00.140   679   679 D DPUModule: [] support: 0
04-14 20:05:00.143  1092  1381 D InputReader: syncTouch: pointerCount 1 -> 1, touching ids 0x80000000 -> 0x80000000, hovering ids 0x00000000 -> 0x00000000, canceled ids 0x00000000
04-14 20:05:00.143  1092  1381 D InputReader: dispatchTouches action MOVE now(ns): 455592959537093
04-14 20:05:00.144  1092  1381 D InputReader: notifyMotion call dispatcher
04-14 20:05:00.151  1092  1381 D InputReader: syncTouch: pointerCount 1 -> 1, touching ids 0x80000000 -> 0x80000000, hovering ids 0x00000000 -> 0x00000000, canceled ids 0x00000000
04-14 20:05:00.152  1092  1381 D InputReader: dispatchTouches action MOVE now(ns): 455592967837132
04-14 20:05:00.152  1092  1381 D InputReader: notifyMotion call dispatcher
04-14 20:05:00.157   679   679 I DPUModule: DpuR5P0::checkLayerFormat <142>: checkLayerFormat: Format(1)
04-14 20:05:00.157   679   679 I DPUModule: DpuR5P0::checkTransform <35>: checkTransform: Transform(0), SRCRect(0,0)
04-14 20:05:00.157   679   679 I DPUModule: DpuR5P0::checkAFBCBlockSize <97>: checkAFBCBlockSize: compressed(1),format(1), pitch(720), vstride(1616)
04-14 20:05:00.157   679   679 I DPUModule: DpuR5P0::checkLayerFormat <142>: checkLayerFormat: Format(1)
04-14 20:05:00.157   679   679 I DPUModule: DpuR5P0::checkTransform <35>: checkTransform: Transform(0), SRCRect(0,0)
04-14 20:05:00.157   679   679 I DPUModule: DpuR5P0::checkAFBCBlockSize <97>: checkAFBCBlockSize: compressed(1),format(1), pitch(720), vstride(80)
04-14 20:05:00.157   679   679 I DPUModule: DpuR5P0::checkLayerFormat <142>: checkLayerFormat: Format(1)
04-14 20:05:00.157   679   679 I DPUModule: DpuR5P0::checkTransform <35>: checkTransform: Transform(0), SRCRect(0,0)
04-14 20:05:00.157   679   679 I DPUModule: DpuR5P0::checkAFBCBlockSize <97>: checkAFBCBlockSize: compressed(1),format(1), pitch(720), vstride(96)
04-14 20:05:00.157   679   679 D DPUModule: [] support: 0
04-14 20:05:00.160  1092  1381 D InputReader: syncTouch: pointerCount 1 -> 1, touching ids 0x80000000 -> 0x80000000, hovering ids 0x00000000 -> 0x00000000, canceled ids 0x00000000
04-14 20:05:00.160  1092  1381 D InputReader: dispatchTouches action MOVE now(ns): 455592976462824
04-14 20:05:00.160  1092  1381 D InputReader: notifyMotion call dispatcher
04-14 20:05:00.168   674 11196 I audio_hw_primary: app type:0x   0, is_voip:0, device:2, pcm:-352510464, usecase:0x   8
04-14 20:05:00.168  1092  1381 D InputReader: syncTouch: pointerCount 1 -> 1, touching ids 0x80000000 -> 0x80000000, hovering ids 0x00000000 -> 0x00000000, canceled ids 0x00000000
04-14 20:05:00.168  1092  1381 D InputReader: dispatchTouches action MOVE now(ns): 455592983966516
04-14 20:05:00.168  1092  1381 D InputReader: notifyMotion call dispatcher
04-14 20:05:00.173   679   679 I DPUModule: DpuR5P0::checkLayerFormat <142>: checkLayerFormat: Format(1)
04-14 20:05:00.173   679   679 I DPUModule: DpuR5P0::checkTransform <35>: checkTransform: Transform(0), SRCRect(0,0)
04-14 20:05:00.173   679   679 I DPUModule: DpuR5P0::checkAFBCBlockSize <97>: checkAFBCBlockSize: compressed(1),format(1), pitch(720), vstride(1616)
04-14 20:05:00.173   679   679 I DPUModule: DpuR5P0::checkLayerFormat <142>: checkLayerFormat: Format(1)
04-14 20:05:00.173   679   679 I DPUModule: DpuR5P0::checkTransform <35>: checkTransform: Transform(0), SRCRect(0,0)
04-14 20:05:00.173   679   679 I DPUModule: DpuR5P0::checkAFBCBlockSize <97>: checkAFBCBlockSize: compressed(1),format(1), pitch(720), vstride(80)
04-14 20:05:00.173   679   679 I DPUModule: DpuR5P0::checkLayerFormat <142>: checkLayerFormat: Format(1)
04-14 20:05:00.173   679   679 I DPUModule: DpuR5P0::checkTransform <35>: checkTransform: Transform(0), SRCRect(0,0)
04-14 20:05:00.173   679   679 I DPUModule: DpuR5P0::checkAFBCBlockSize <97>: checkAFBCBlockSize: compressed(1),format(1), pitch(720), vstride(96)
04-14 20:05:00.173   679   679 D DPUModule: [] support: 0
04-14 20:05:00.177  1092  1381 D InputReader: syncTouch: pointerCount 1 -> 1, touching ids 0x80000000 -> 0x80000000, hovering ids 0x00000000 -> 0x00000000, canceled ids 0x00000000
04-14 20:05:00.177  1092  1381 D InputReader: dispatchTouches action MOVE now(ns): 455592992936478
04-14 20:05:00.177  1092  1381 D InputReader: notifyMotion call dispatcher
04-14 20:05:00.185  1092  1381 D InputReader: syncTouch: pointerCount 1 -> 1, touching ids 0x80000000 -> 0x80000000, hovering ids 0x00000000 -> 0x00000000, canceled ids 0x00000000
04-14 20:05:00.186  1092  1381 D InputReader: dispatchTouches action MOVE now(ns): 455593001981286
04-14 20:05:00.186  1092  1381 D InputReader: notifyMotion call dispatcher
04-14 20:05:00.190   679   679 I DPUModule: DpuR5P0::checkLayerFormat <142>: checkLayerFormat: Format(1)
04-14 20:05:00.190   679   679 I DPUModule: DpuR5P0::checkTransform <35>: checkTransform: Transform(0), SRCRect(0,0)
04-14 20:05:00.190   679   679 I DPUModule: DpuR5P0::checkAFBCBlockSize <97>: checkAFBCBlockSize: compressed(1),format(1), pitch(720), vstride(1616)
04-14 20:05:00.190   679   679 I DPUModule: DpuR5P0::checkLayerFormat <142>: checkLayerFormat: Format(1)
04-14 20:05:00.190   679   679 I DPUModule: DpuR5P0::checkTransform <35>: checkTransform: Transform(0), SRCRect(0,0)
04-14 20:05:00.190   679   679 I DPUModule: DpuR5P0::checkAFBCBlockSize <97>: checkAFBCBlockSize: compressed(1),format(1), pitch(720), vstride(80)
04-14 20:05:00.190   679   679 I DPUModule: DpuR5P0::checkLayerFormat <142>: checkLayerFormat: Format(1)
04-14 20:05:00.190   679   679 I DPUModule: DpuR5P0::checkTransform <35>: checkTransform: Transform(0), SRCRect(0,0)
04-14 20:05:00.190   679   679 I DPUModule: DpuR5P0::checkAFBCBlockSize <97>: checkAFBCBlockSize: compressed(1),format(1), pitch(720), vstride(96)
04-14 20:05:00.190   679   679 D DPUModule: [] support: 0
04-14 20:05:00.193  1092  1381 D InputReader: syncTouch: pointerCount 1 -> 1, touching ids 0x80000000 -> 0x80000000, hovering ids 0x00000000 -> 0x00000000, canceled ids 0x00000000
04-14 20:05:00.193  1092  1381 D InputReader: dispatchTouches action MOVE now(ns): 455593009217247
04-14 20:05:00.193  1092  1381 D InputReader: notifyMotion call dispatcher
04-14 20:05:00.201  1092  1381 D InputReader: syncTouch: pointerCount 1 -> 1, touching ids 0x80000000 -> 0x80000000, hovering ids 0x00000000 -> 0x00000000, canceled ids 0x00000000
04-14 20:05:00.201  1092  1381 D InputReader: dispatchTouches action MOVE now(ns): 455593017539516
04-14 20:05:00.201  1092  1381 D InputReader: notifyMotion call dispatcher
04-14 20:05:00.202   674 11196 I audio_hw_primary: app type:0x   0, is_voip:0, device:2, pcm:-352510464, usecase:0x   8
04-14 20:05:00.206   679   679 I DPUModule: DpuR5P0::checkLayerFormat <142>: checkLayerFormat: Format(1)
04-14 20:05:00.207   679   679 I DPUModule: DpuR5P0::checkTransform <35>: checkTransform: Transform(0), SRCRect(0,0)
04-14 20:05:00.207   679   679 I DPUModule: DpuR5P0::checkAFBCBlockSize <97>: checkAFBCBlockSize: compressed(1),format(1), pitch(720), vstride(1616)
04-14 20:05:00.207   679   679 I DPUModule: DpuR5P0::checkLayerFormat <142>: checkLayerFormat: Format(1)
04-14 20:05:00.207   679   679 I DPUModule: DpuR5P0::checkTransform <35>: checkTransform: Transform(0), SRCRect(0,0)
04-14 20:05:00.207   679   679 I DPUModule: DpuR5P0::checkAFBCBlockSize <97>: checkAFBCBlockSize: compressed(1),format(1), pitch(720), vstride(80)
04-14 20:05:00.207   679   679 I DPUModule: DpuR5P0::checkLayerFormat <142>: checkLayerFormat: Format(1)
04-14 20:05:00.207   679   679 I DPUModule: DpuR5P0::checkTransform <35>: checkTransform: Transform(0), SRCRect(0,0)
04-14 20:05:00.207   679   679 I DPUModule: DpuR5P0::checkAFBCBlockSize <97>: checkAFBCBlockSize: compressed(1),format(1), pitch(720), vstride(96)
04-14 20:05:00.207   679   679 D DPUModule: [] support: 0
04-14 20:05:00.210  1092  1381 D InputReader: syncTouch: pointerCount 1 -> 1, touching ids 0x80000000 -> 0x80000000, hovering ids 0x00000000 -> 0x00000000, canceled ids 0x00000000
04-14 20:05:00.210  1092  1381 D InputReader: dispatchTouches action MOVE now(ns): 455593026225901
04-14 20:05:00.210  1092  1381 D InputReader: notifyMotion call dispatcher
04-14 20:05:00.218  1092  1381 D InputReader: syncTouch: pointerCount 1 -> 1, touching ids 0x80000000 -> 0x80000000, hovering ids 0x00000000 -> 0x00000000, canceled ids 0x00000000
04-14 20:05:00.218  1092  1381 D InputReader: dispatchTouches action MOVE now(ns): 455593034617939
04-14 20:05:00.219  1092  1381 D InputReader: notifyMotion call dispatcher
04-14 20:05:00.223   679   679 I DPUModule: DpuR5P0::checkLayerFormat <142>: checkLayerFormat: Format(1)
04-14 20:05:00.223   679   679 I DPUModule: DpuR5P0::checkTransform <35>: checkTransform: Transform(0), SRCRect(0,0)
04-14 20:05:00.223   679   679 I DPUModule: DpuR5P0::checkAFBCBlockSize <97>: checkAFBCBlockSize: compressed(1),format(1), pitch(720), vstride(1616)
04-14 20:05:00.223   679   679 I DPUModule: DpuR5P0::checkLayerFormat <142>: checkLayerFormat: Format(1)
04-14 20:05:00.223   679   679 I DPUModule: DpuR5P0::checkTransform <35>: checkTransform: Transform(0), SRCRect(0,0)
04-14 20:05:00.223   679   679 I DPUModule: DpuR5P0::checkAFBCBlockSize <97>: checkAFBCBlockSize: compressed(1),format(1), pitch(720), vstride(80)
04-14 20:05:00.223   679   679 I DPUModule: DpuR5P0::checkLayerFormat <142>: checkLayerFormat: Format(1)
04-14 20:05:00.223   679   679 I DPUModule: DpuR5P0::checkTransform <35>: checkTransform: Transform(0), SRCRect(0,0)
04-14 20:05:00.223   679   679 I DPUModule: DpuR5P0::checkAFBCBlockSize <97>: checkAFBCBlockSize: compressed(1),format(1), pitch(720), vstride(96)
04-14 20:05:00.223   679   679 D DPUModule: [] support: 0
04-14 20:05:00.226  1092  1381 D InputReader: syncTouch: pointerCount 1 -> 1, touching ids 0x80000000 -> 0x80000000, hovering ids 0x00000000 -> 0x00000000, canceled ids 0x00000000
04-14 20:05:00.227  1092  1381 D InputReader: dispatchTouches action MOVE now(ns): 455593042804747
04-14 20:05:00.227  1092  1381 D InputReader: notifyMotion call dispatcher
04-14 20:05:00.235  1092  1381 D InputReader: syncTouch: pointerCount 1 -> 1, touching ids 0x80000000 -> 0x80000000, hovering ids 0x00000000 -> 0x00000000, canceled ids 0x00000000
04-14 20:05:00.235  1092  1381 D InputReader: dispatchTouches action MOVE now(ns): 455593051003132
04-14 20:05:00.235  1092  1381 D InputReader: notifyMotion call dispatcher
04-14 20:05:00.243  1092  1381 D InputReader: syncTouch: pointerCount 1 -> 1, touching ids 0x80000000 -> 0x80000000, hovering ids 0x00000000 -> 0x00000000, canceled ids 0x00000000
04-14 20:05:00.243  1092  1381 D InputReader: dispatchTouches action MOVE now(ns): 455593059605709
04-14 20:05:00.244  1092  1381 D InputReader: notifyMotion call dispatcher
04-14 20:05:00.248   674 11196 I audio_hw_primary: app type:0x   0, is_voip:0, device:2, pcm:-352510464, usecase:0x   8
04-14 20:05:00.251  1092  1381 D InputReader: syncTouch: pointerCount 1 -> 1, touching ids 0x80000000 -> 0x80000000, hovering ids 0x00000000 -> 0x00000000, canceled ids 0x00000000
04-14 20:05:00.252  1092  1381 D InputReader: dispatchTouches action MOVE now(ns): 455593067783747
04-14 20:05:00.252  1092  1381 D InputReader: notifyMotion call dispatcher
04-14 20:05:00.257   679   679 I DPUModule: DpuR5P0::checkLayerFormat <142>: checkLayerFormat: Format(1)
04-14 20:05:00.257   679   679 I DPUModule: DpuR5P0::checkTransform <35>: checkTransform: Transform(0), SRCRect(0,0)
04-14 20:05:00.257   679   679 I DPUModule: DpuR5P0::checkAFBCBlockSize <97>: checkAFBCBlockSize: compressed(1),format(1), pitch(720), vstride(1616)
04-14 20:05:00.257   679   679 I DPUModule: DpuR5P0::checkLayerFormat <142>: checkLayerFormat: Format(1)
04-14 20:05:00.257   679   679 I DPUModule: DpuR5P0::checkTransform <35>: checkTransform: Transform(0), SRCRect(0,0)
04-14 20:05:00.258   679   679 I DPUModule: DpuR5P0::checkAFBCBlockSize <97>: checkAFBCBlockSize: compressed(1),format(1), pitch(720), vstride(80)
04-14 20:05:00.258   679   679 I DPUModule: DpuR5P0::checkLayerFormat <142>: checkLayerFormat: Format(1)
04-14 20:05:00.258   679   679 I DPUModule: DpuR5P0::checkTransform <35>: checkTransform: Transform(0), SRCRect(0,0)
04-14 20:05:00.258   679   679 I DPUModule: DpuR5P0::checkAFBCBlockSize <97>: checkAFBCBlockSize: compressed(1),format(1), pitch(720), vstride(96)
04-14 20:05:00.258   679   679 D DPUModule: [] support: 0
04-14 20:05:00.259  1092  1381 D InputReader: syncTouch: pointerCount 1 -> 1, touching ids 0x80000000 -> 0x80000000, hovering ids 0x00000000 -> 0x00000000, canceled ids 0x00000000
04-14 20:05:00.260  1092  1381 D InputReader: dispatchTouches action MOVE now(ns): 455593075987324
04-14 20:05:00.260  1092  1381 D InputReader: notifyMotion call dispatcher
04-14 20:05:00.268  1092  1381 D InputReader: syncTouch: pointerCount 1 -> 1, touching ids 0x80000000 -> 0x80000000, hovering ids 0x00000000 -> 0x00000000, canceled ids 0x00000000
04-14 20:05:00.268  1092  1381 D InputReader: dispatchTouches action MOVE now(ns): 455593084202478
04-14 20:05:00.268  1092  1381 D InputReader: notifyMotion call dispatcher
04-14 20:05:00.273   679   679 I DPUModule: DpuR5P0::checkLayerFormat <142>: checkLayerFormat: Format(1)
04-14 20:05:00.273   679   679 I DPUModule: DpuR5P0::checkTransform <35>: checkTransform: Transform(0), SRCRect(0,0)
04-14 20:05:00.273   679   679 I DPUModule: DpuR5P0::checkAFBCBlockSize <97>: checkAFBCBlockSize: compressed(1),format(1), pitch(720), vstride(1616)
04-14 20:05:00.273   679   679 I DPUModule: DpuR5P0::checkLayerFormat <142>: checkLayerFormat: Format(1)
04-14 20:05:00.273   679   679 I DPUModule: DpuR5P0::checkTransform <35>: checkTransform: Transform(0), SRCRect(0,0)
04-14 20:05:00.273   679   679 I DPUModule: DpuR5P0::checkAFBCBlockSize <97>: checkAFBCBlockSize: compressed(1),format(1), pitch(720), vstride(80)
04-14 20:05:00.273   679   679 I DPUModule: DpuR5P0::checkLayerFormat <142>: checkLayerFormat: Format(1)
04-14 20:05:00.273   679   679 I DPUModule: DpuR5P0::checkTransform <35>: checkTransform: Transform(0), SRCRect(0,0)
04-14 20:05:00.273   679   679 I DPUModule: DpuR5P0::checkAFBCBlockSize <97>: checkAFBCBlockSize: compressed(1),format(1), pitch(720), vstride(96)
04-14 20:05:00.273   679   679 D DPUModule: [] support: 0
04-14 20:05:00.276  1092  1381 D InputReader: syncTouch: pointerCount 1 -> 1, touching ids 0x80000000 -> 0x80000000, hovering ids 0x00000000 -> 0x00000000, canceled ids 0x00000000
04-14 20:05:00.277  1092  1381 D InputReader: dispatchTouches action MOVE now(ns): 455593092774747
04-14 20:05:00.277  1092  1381 D InputReader: notifyMotion call dispatcher
04-14 20:05:00.284  1092  1381 D InputReader: syncTouch: pointerCount 1 -> 1, touching ids 0x80000000 -> 0x80000000, hovering ids 0x00000000 -> 0x00000000, canceled ids 0x00000000
04-14 20:05:00.285  1092  1381 D InputReader: dispatchTouches action MOVE now(ns): 455593100968555
04-14 20:05:00.285  1092  1381 D InputReader: notifyMotion call dispatcher
04-14 20:05:00.289   674 11196 I audio_hw_primary: app type:0x   0, is_voip:0, device:2, pcm:-352510464, usecase:0x   8
04-14 20:05:00.293  1092  1381 D InputReader: syncTouch: pointerCount 1 -> 1, touching ids 0x80000000 -> 0x80000000, hovering ids 0x00000000 -> 0x00000000, canceled ids 0x00000000
04-14 20:05:00.293  1092  1381 D InputReader: dispatchTouches action MOVE now(ns): 455593109478401
04-14 20:05:00.293  1092  1381 D InputReader: notifyMotion call dispatcher
04-14 20:05:00.301  1092  1381 D InputReader: syncTouch: pointerCount 1 -> 1, touching ids 0x80000000 -> 0x80000000, hovering ids 0x00000000 -> 0x00000000, canceled ids 0x00000000
04-14 20:05:00.302  1092  1381 D InputReader: dispatchTouches action MOVE now(ns): 455593117900055
04-14 20:05:00.302  1092  1381 D InputReader: notifyMotion call dispatcher
04-14 20:05:00.307   679   679 I DPUModule: DpuR5P0::checkLayerFormat <142>: checkLayerFormat: Format(1)
04-14 20:05:00.307   679   679 I DPUModule: DpuR5P0::checkTransform <35>: checkTransform: Transform(0), SRCRect(0,0)
04-14 20:05:00.307   679   679 I DPUModule: DpuR5P0::checkAFBCBlockSize <97>: checkAFBCBlockSize: compressed(1),format(1), pitch(720), vstride(1616)
04-14 20:05:00.307   679   679 I DPUModule: DpuR5P0::checkLayerFormat <142>: checkLayerFormat: Format(1)
04-14 20:05:00.307   679   679 I DPUModule: DpuR5P0::checkTransform <35>: checkTransform: Transform(0), SRCRect(0,0)
04-14 20:05:00.307   679   679 I DPUModule: DpuR5P0::checkAFBCBlockSize <97>: checkAFBCBlockSize: compressed(1),format(1), pitch(720), vstride(80)
04-14 20:05:00.307   679   679 I DPUModule: DpuR5P0::checkLayerFormat <142>: checkLayerFormat: Format(1)
04-14 20:05:00.307   679   679 I DPUModule: DpuR5P0::checkTransform <35>: checkTransform: Transform(0), SRCRect(0,0)
04-14 20:05:00.307   679   679 I DPUModule: DpuR5P0::checkAFBCBlockSize <97>: checkAFBCBlockSize: compressed(1),format(1), pitch(720), vstride(96)
04-14 20:05:00.307   679   679 D DPUModule: [] support: 0
04-14 20:05:00.310  1092  1381 D InputReader: syncTouch: pointerCount 1 -> 1, touching ids 0x80000000 -> 0x80000000, hovering ids 0x00000000 -> 0x00000000, canceled ids 0x00000000
04-14 20:05:00.310  1092  1381 D InputReader: dispatchTouches action MOVE now(ns): 455593126306939
04-14 20:05:00.310  1092  1381 D InputReader: notifyMotion call dispatcher
04-14 20:05:00.318  1092  1381 D InputReader: syncTouch: pointerCount 1 -> 1, touching ids 0x80000000 -> 0x80000000, hovering ids 0x00000000 -> 0x00000000, canceled ids 0x00000000
04-14 20:05:00.318  1092  1381 D InputReader: dispatchTouches action MOVE now(ns): 455593134031362
04-14 20:05:00.318  1092  1381 D InputReader: notifyMotion call dispatcher
04-14 20:05:00.323   679   679 I DPUModule: DpuR5P0::checkLayerFormat <142>: checkLayerFormat: Format(1)
04-14 20:05:00.323   679   679 I DPUModule: DpuR5P0::checkTransform <35>: checkTransform: Transform(0), SRCRect(0,0)
04-14 20:05:00.323   679   679 I DPUModule: DpuR5P0::checkAFBCBlockSize <97>: checkAFBCBlockSize: compressed(1),format(1), pitch(720), vstride(1616)
04-14 20:05:00.323   679   679 I DPUModule: DpuR5P0::checkLayerFormat <142>: checkLayerFormat: Format(1)
04-14 20:05:00.323   679   679 I DPUModule: DpuR5P0::checkTransform <35>: checkTransform: Transform(0), SRCRect(0,0)
04-14 20:05:00.323   679   679 I DPUModule: DpuR5P0::checkAFBCBlockSize <97>: checkAFBCBlockSize: compressed(1),format(1), pitch(720), vstride(80)
04-14 20:05:00.323   679   679 I DPUModule: DpuR5P0::checkLayerFormat <142>: checkLayerFormat: Format(1)
04-14 20:05:00.323   679   679 I DPUModule: DpuR5P0::checkTransform <35>: checkTransform: Transform(0), SRCRect(0,0)
04-14 20:05:00.323   679   679 I DPUModule: DpuR5P0::checkAFBCBlockSize <97>: checkAFBCBlockSize: compressed(1),format(1), pitch(720), vstride(96)
04-14 20:05:00.323   679   679 D DPUModule: [] support: 0
04-14 20:05:00.326  1092  1381 D InputReader: syncTouch: pointerCount 1 -> 1, touching ids 0x80000000 -> 0x80000000, hovering ids 0x00000000 -> 0x00000000, canceled ids 0x00000000
04-14 20:05:00.327  1092  1381 D InputReader: dispatchTouches action MOVE now(ns): 455593143216747
04-14 20:05:00.327  1092  1381 D InputReader: notifyMotion call dispatcher
04-14 20:05:00.327   674 11196 I audio_hw_primary: app type:0x   0, is_voip:0, device:2, pcm:-352510464, usecase:0x   8
04-14 20:05:00.335  1092  1381 D InputReader: syncTouch: pointerCount 1 -> 1, touching ids 0x80000000 -> 0x80000000, hovering ids 0x00000000 -> 0x00000000, canceled ids 0x00000000
04-14 20:05:00.335  1092  1381 D InputReader: dispatchTouches action MOVE now(ns): 455593150870478
04-14 20:05:00.335  1092  1381 D InputReader: notifyMotion call dispatcher
04-14 20:05:00.340   679   679 I DPUModule: DpuR5P0::checkLayerFormat <142>: checkLayerFormat: Format(1)
04-14 20:05:00.340   679   679 I DPUModule: DpuR5P0::checkTransform <35>: checkTransform: Transform(0), SRCRect(0,0)
04-14 20:05:00.340   679   679 I DPUModule: DpuR5P0::checkAFBCBlockSize <97>: checkAFBCBlockSize: compressed(1),format(1), pitch(720), vstride(1616)
04-14 20:05:00.340   679   679 I DPUModule: DpuR5P0::checkLayerFormat <142>: checkLayerFormat: Format(1)
04-14 20:05:00.340   679   679 I DPUModule: DpuR5P0::checkTransform <35>: checkTransform: Transform(0), SRCRect(0,0)
04-14 20:05:00.340   679   679 I DPUModule: DpuR5P0::checkAFBCBlockSize <97>: checkAFBCBlockSize: compressed(1),format(1), pitch(720), vstride(80)
04-14 20:05:00.340   679   679 I DPUModule: DpuR5P0::checkLayerFormat <142>: checkLayerFormat: Format(1)
04-14 20:05:00.340   679   679 I DPUModule: DpuR5P0::checkTransform <35>: checkTransform: Transform(0), SRCRect(0,0)
04-14 20:05:00.340   679   679 I DPUModule: DpuR5P0::checkAFBCBlockSize <97>: checkAFBCBlockSize: compressed(1),format(1), pitch(720), vstride(96)
04-14 20:05:00.340   679   679 D DPUModule: [] support: 0
04-14 20:05:00.343  1092  1381 D InputReader: syncTouch: pointerCount 1 -> 1, touching ids 0x80000000 -> 0x80000000, hovering ids 0x00000000 -> 0x00000000, canceled ids 0x00000000
04-14 20:05:00.343  1092  1381 D InputReader: dispatchTouches action MOVE now(ns): 455593159483670
