04-14 18:20:41.670 I/DPUModule(  679): DpuR5P0::checkTransform <35>: checkTransform: Transform(0), SRCRect(0,0)
04-14 18:20:41.670 I/DPUModule(  679): DpuR5P0::checkAFBCBlockSize <97>: checkAFBCBlockSize: compressed(1),format(1), pitch(720), vstride(96)
04-14 18:20:41.670 D/DPUModule(  679): [ …śhu] support: 0
04-14 18:20:41.681 I/Bugle   (13351): BroadcastReceiverAsyncWorkTracker: Acknowledging broadcast of abkw@2c72ac6
04-14 18:20:41.702 I/audio_hw_primary(  674): app type:0x   0, is_voip:0, device:2, pcm:-352510464, usecase:0x   8
04-14 18:20:41.708 D/NetworkAdapter( 1092): UnisocOffloadUsbTetheringStatsProvider.onRequestStatsUpdate
04-14 18:20:41.708 D/NetworkAdapter( 1092): UnisocOffloadUsbTetheringStatsProvider.pushTetherStats
04-14 18:20:41.708 D/NetworkAdapter( 1092): Unisoc Offload UsbTethering StatsProvider getTetherStats
04-14 18:20:41.710 D/NetworkAdapter( 1092): OFFLOAD_USB_TETHERING_PROP = 0
04-14 18:20:41.710 D/NetworkAdapter( 1092): Unisoc Offload UsbTethering StatsProvider getTetherStats
04-14 18:20:41.711 D/NetworkAdapter( 1092): OFFLOAD_USB_TETHERING_PROP = 0
04-14 18:20:41.745 I/audio_hw_primary(  674): app type:0x   0, is_voip:0, device:2, pcm:-352510464, usecase:0x   8
04-14 18:20:41.781 I/audio_hw_primary(  674): app type:0x   0, is_voip:0, device:2, pcm:-352510464, usecase:0x   8
04-14 18:20:41.806 D/GNSSMGT (  955): watchdog: PowerState: CP SLEEP
04-14 18:20:41.824 I/audio_hw_primary(  674): app type:0x   0, is_voip:0, device:2, pcm:-352510464, usecase:0x   8
04-14 18:20:41.858 I/audio_hw_primary(  674): app type:0x   0, is_voip:0, device:2, pcm:-352510464, usecase:0x   8
04-14 18:20:41.868 I/AppsFilter( 1092): interaction: PackageSetting{e4caf6b com.aurel.nexusStorage/10258} -> PackageSetting{b00a51 app.mihon/10215} BLOCKED
04-14 18:20:41.869 V/PackageManager( 1092): Sending package changed: package=app.mihon components=[androidx.work.impl.background.systemalarm.RescheduleReceiver]
04-14 18:20:41.871 D/BroadcastQueue( 1092): Add broadcast <BroadcastRecord{49bef24 u0 android.intent.action.PACKAGE_CHANGED}> into [parallel | background], pending size 0
04-14 18:20:41.877 D/Griffin/StateProvider( 1092): Package changed: android.intent.action.PACKAGE_CHANGED, pkg = app.mihon
04-14 18:20:41.879 I/PermissionControllerServiceImpl( 4818): Updating user sensitive for uid 10215
04-14 18:20:41.879 D/BroadcastQueue( 1092): Done with parallel broadcast [background] [BroadcastRecord{49bef24 u0 android.intent.action.PACKAGE_CHANGED}]
04-14 18:20:41.880 I/Telecom ( 1092): DefaultDialerCache: Refreshing default dialer for user 0: now com.sh.smart.caller: DDC.oR@ayY
04-14 18:20:41.883 I/Bugle   (13351): BroadcastReceiverAsyncWorkTracker: Acknowledging broadcast of abkw@2c72ac6
04-14 18:20:41.886 I/InputReader( 1092): Reconfiguring input devices, changes=KEYBOARD_LAYOUTS | 
04-14 18:20:41.897 I/audio_hw_primary(  674): app type:0x   0, is_voip:0, device:2, pcm:-352510464, usecase:0x   8
04-14 18:20:41.903 I/DPUModule(  679): DpuR5P0::checkLayerFormat <142>: checkLayerFormat: Format(1)
04-14 18:20:41.903 I/DPUModule(  679): DpuR5P0::checkTransform <35>: checkTransform: Transform(0), SRCRect(0,0)
04-14 18:20:41.903 I/DPUModule(  679): DpuR5P0::checkAFBCBlockSize <97>: checkAFBCBlockSize: compressed(1),format(1), pitch(720), vstride(1616)
04-14 18:20:41.903 I/DPUModule(  679): DpuR5P0::checkLayerFormat <142>: checkLayerFormat: Format(1)
04-14 18:20:41.903 I/DPUModule(  679): DpuR5P0::checkTransform <35>: checkTransform: Transform(0), SRCRect(0,0)
04-14 18:20:41.903 I/DPUModule(  679): DpuR5P0::checkAFBCBlockSize <97>: checkAFBCBlockSize: compressed(1),format(1), pitch(720), vstride(80)
04-14 18:20:41.903 I/DPUModule(  679): DpuR5P0::checkLayerFormat <142>: checkLayerFormat: Format(1)
04-14 18:20:41.903 I/DPUModule(  679): DpuR5P0::checkTransform <35>: checkTransform: Transform(0), SRCRect(0,0)
04-14 18:20:41.903 I/DPUModule(  679): DpuR5P0::checkAFBCBlockSize <97>: checkAFBCBlockSize: compressed(1),format(1), pitch(720), vstride(96)
04-14 18:20:41.903 D/DPUModule(  679): [ …śhu] support: 0
04-14 18:20:41.909 D/CarrierSvcBindHelper( 1514): onPackageModified: app.mihon
04-14 18:20:41.910 D/CarrierSvcBindHelper( 1514): No carrier app for: 0
04-14 18:20:41.911 D/CarrierSvcBindHelper( 1514): No carrier app for: 1
04-14 18:20:41.922 D/CarrierSvcBindHelper( 1514): onPackageModified: app.mihon
04-14 18:20:41.923 D/CarrierSvcBindHelper( 1514): No carrier app for: 0
04-14 18:20:41.924 D/CarrierSvcBindHelper( 1514): No carrier app for: 1
04-14 18:20:41.924 D/CarrierSvcBindHelper( 1514): onPackageModified: app.mihon
04-14 18:20:41.925 D/CarrierSvcBindHelper( 1514): No carrier app for: 0
04-14 18:20:41.925 D/CarrierSvcBindHelper( 1514): No carrier app for: 1
04-14 18:20:41.926 D/ImsResolver( 1514): maybeAddedImsService, packageName: app.mihon
04-14 18:20:41.929 I/BaseFilesVerify( 1092): Base File verify start
04-14 18:20:41.929 W/BaseFilesVerify( 1092): the file protect is not available, open the cloud switch
04-14 18:20:41.936 D/TranCellSignalStrengthImpl( 1514): [LTE] dbm: -97
04-14 18:20:41.936 D/TranCellSignalStrengthImpl( 1514): [LTE] dbm: -97
04-14 18:20:41.938 D/TranCellSignalStrengthImpl( 1092): [LTE] dbm: -97
04-14 18:20:41.939 D/TranCellSignalStrengthImpl( 1514): [LTE] dbm: -96
04-14 18:20:41.939 D/TranCellSignalStrengthImpl( 1514): [LTE] dbm: -96
04-14 18:20:41.940 D/Dito    ( 1604): mcc=616, mnc=03
04-14 18:20:41.940 I/audio_hw_primary(  674): app type:0x   0, is_voip:0, device:2, pcm:-352510464, usecase:0x   8
04-14 18:20:41.940 D/TranCellSignalStrengthImpl( 1092): [LTE] dbm: -96
04-14 18:20:41.941 D/TranPhoneInterfaceManagerEx( 1514): [onSignalStrengthsChanged]
04-14 18:20:41.941 D/TranSmartAllocController( 1514): mDefaultDataSubId = 5  subId = 5
04-14 18:20:41.941 D/TranSmartAllocController( 1514): mSupport = true  mBwAllocEnable = true mSimReady =true  mScreenOn =true
04-14 18:20:41.953 I/DPUModule(  679): DpuR5P0::checkLayerFormat <142>: checkLayerFormat: Format(1)
04-14 18:20:41.953 I/DPUModule(  679): DpuR5P0::checkTransform <35>: checkTransform: Transform(0), SRCRect(0,0)
04-14 18:20:41.953 I/DPUModule(  679): DpuR5P0::checkAFBCBlockSize <97>: checkAFBCBlockSize: compressed(1),format(1), pitch(720), vstride(1616)
04-14 18:20:41.953 I/DPUModule(  679): DpuR5P0::checkLayerFormat <142>: checkLayerFormat: Format(1)
04-14 18:20:41.953 I/DPUModule(  679): DpuR5P0::checkTransform <35>: checkTransform: Transform(0), SRCRect(0,0)
04-14 18:20:41.953 I/DPUModule(  679): DpuR5P0::checkAFBCBlockSize <97>: checkAFBCBlockSize: compressed(1),format(1), pitch(720), vstride(80)
04-14 18:20:41.953 I/DPUModule(  679): DpuR5P0::checkLayerFormat <142>: checkLayerFormat: Format(1)
04-14 18:20:41.953 I/DPUModule(  679): DpuR5P0::checkTransform <35>: checkTransform: Transform(0), SRCRect(0,0)
04-14 18:20:41.953 I/DPUModule(  679): DpuR5P0::checkAFBCBlockSize <97>: checkAFBCBlockSize: compressed(1),format(1), pitch(720), vstride(96)
04-14 18:20:41.953 D/DPUModule(  679): [ …śhu] support: 0
04-14 18:20:41.981 I/audio_hw_primary(  674): app type:0x   0, is_voip:0, device:2, pcm:-352510464, usecase:0x   8
04-14 18:20:42.022 I/audio_hw_primary(  674): app type:0x   0, is_voip:0, device:2, pcm:-352510464, usecase:0x   8
04-14 18:20:42.062 I/audio_hw_primary(  674): app type:0x   0, is_voip:0, device:2, pcm:-352510464, usecase:0x   8
04-14 18:20:42.098 I/audio_hw_primary(  674): app type:0x   0, is_voip:0, device:2, pcm:-352510464, usecase:0x   8
04-14 18:20:42.102 D/SmartBandWith_Controller2( 1092): [handleMessage] what: 1004
04-14 18:20:42.102 D/SmartBandWith_Controller2( 1092): [isNetworkRateSatisfy]mUid = 10282, curWhiteAppByte = 9802654848 Byte
04-14 18:20:42.103 D/SmartBandWith_Controller2( 1092): [isNetworkRateSatisfy]System totalRate = 326.1123 kbps
04-14 18:20:42.103 D/SmartBandWith_Controller2( 1092): [isNetworkRateSatisfy] whiteAppRate = 112.93262 kbps
04-14 18:20:42.103 D/SmartBandWith_Controller2( 1092): [isNetworkRateSatisfy] uid = 10195, bgAppRate = 0.0 kbps
04-14 18:20:42.103 D/SmartBandWith_Controller2( 1092): [isNetworkRateSatisfy] uid = 10215, bgAppRate = 0.0 kbps
04-14 18:20:42.103 D/SmartBandWith_Controller2( 1092): [isNetworkRateSatisfy] uid = 10174, bgAppRate = 0.0 kbps
04-14 18:20:42.103 D/SmartBandWith_Controller2( 1092): [isNetworkRateSatisfy] get valid bgApp count = 0
04-14 18:20:42.103 D/SmartBandWith_Controller2( 1092): isNetworkRateSatisfy: false
04-14 18:20:42.103 D/SmartBandWith_Controller2( 1092): [handleMessage] what: 1010
04-14 18:20:42.103 D/SmartBandWith_Controller2( 1092): [updateAppConfigs] mOmitAppNames
04-14 18:20:42.142 I/audio_hw_primary(  674): app type:0x   0, is_voip:0, device:2, pcm:-352510464, usecase:0x   8
04-14 18:20:42.180 I/audio_hw_primary(  674): app type:0x   0, is_voip:0, device:2, pcm:-352510464, usecase:0x   8
04-14 18:20:42.227 I/audio_hw_primary(  674): app type:0x   0, is_voip:0, device:2, pcm:-352510464, usecase:0x   8
04-14 18:20:42.236 I/DPUModule(  679): DpuR5P0::checkLayerFormat <142>: checkLayerFormat: Format(1)
04-14 18:20:42.236 I/DPUModule(  679): DpuR5P0::checkTransform <35>: checkTransform: Transform(0), SRCRect(0,0)
04-14 18:20:42.237 I/DPUModule(  679): DpuR5P0::checkAFBCBlockSize <97>: checkAFBCBlockSize: compressed(1),format(1), pitch(720), vstride(1616)
04-14 18:20:42.237 I/DPUModule(  679): DpuR5P0::checkLayerFormat <142>: checkLayerFormat: Format(1)
04-14 18:20:42.237 I/DPUModule(  679): DpuR5P0::checkTransform <35>: checkTransform: Transform(0), SRCRect(0,0)
04-14 18:20:42.237 I/DPUModule(  679): DpuR5P0::checkAFBCBlockSize <97>: checkAFBCBlockSize: compressed(1),format(1), pitch(720), vstride(80)
04-14 18:20:42.237 I/DPUModule(  679): DpuR5P0::checkLayerFormat <142>: checkLayerFormat: Format(1)
04-14 18:20:42.237 I/DPUModule(  679): DpuR5P0::checkTransform <35>: checkTransform: Transform(0), SRCRect(0,0)
04-14 18:20:42.237 I/DPUModule(  679): DpuR5P0::checkAFBCBlockSize <97>: checkAFBCBlockSize: compressed(1),format(1), pitch(720), vstride(96)
04-14 18:20:42.237 D/DPUModule(  679): [ …śhu] support: 0
04-14 18:20:42.261 I/audio_hw_primary(  674): app type:0x   0, is_voip:0, device:2, pcm:-352510464, usecase:0x   8
04-14 18:20:42.270 I/DPUModule(  679): DpuR5P0::checkLayerFormat <142>: checkLayerFormat: Format(1)
04-14 18:20:42.270 I/DPUModule(  679): DpuR5P0::checkTransform <35>: checkTransform: Transform(0), SRCRect(0,0)
04-14 18:20:42.270 I/DPUModule(  679): DpuR5P0::checkAFBCBlockSize <97>: checkAFBCBlockSize: compressed(1),format(1), pitch(720), vstride(1616)
04-14 18:20:42.270 I/DPUModule(  679): DpuR5P0::checkLayerFormat <142>: checkLayerFormat: Format(1)
04-14 18:20:42.270 I/DPUModule(  679): DpuR5P0::checkTransform <35>: checkTransform: Transform(0), SRCRect(0,0)
04-14 18:20:42.270 I/DPUModule(  679): DpuR5P0::checkAFBCBlockSize <97>: checkAFBCBlockSize: compressed(1),format(1), pitch(720), vstride(80)
04-14 18:20:42.270 I/DPUModule(  679): DpuR5P0::checkLayerFormat <142>: checkLayerFormat: Format(1)
04-14 18:20:42.270 I/DPUModule(  679): DpuR5P0::checkTransform <35>: checkTransform: Transform(0), SRCRect(0,0)
04-14 18:20:42.270 I/DPUModule(  679): DpuR5P0::checkAFBCBlockSize <97>: checkAFBCBlockSize: compressed(1),format(1), pitch(720), vstride(96)
04-14 18:20:42.270 D/DPUModule(  679): [ …śhu] support: 0
04-14 18:20:42.301 I/audio_hw_primary(  674): app type:0x   0, is_voip:0, device:2, pcm:-352510464, usecase:0x   8
04-14 18:20:42.345 I/audio_hw_primary(  674): app type:0x   0, is_voip:0, device:2, pcm:-352510464, usecase:0x   8
04-14 18:20:42.388 I/audio_hw_primary(  674): app type:0x   0, is_voip:0, device:2, pcm:-352510464, usecase:0x   8
04-14 18:20:42.419 I/audio_hw_primary(  674): app type:0x   0, is_voip:0, device:2, pcm:-352510464, usecase:0x   8
04-14 18:20:42.465 I/audio_hw_primary(  674): app type:0x   0, is_voip:0, device:2, pcm:-352510464, usecase:0x   8
04-14 18:20:42.504 I/audio_hw_primary(  674): app type:0x   0, is_voip:0, device:2, pcm:-352510464, usecase:0x   8
04-14 18:20:42.531 I/system_server( 1092): Background young concurrent mark compact GC freed 25MB AllocSpace bytes, 7(132KB) LOS objects, 20% free, 64MB/80MB, paused 2.405ms,8.543ms total 139.152ms
04-14 18:20:42.544 I/audio_hw_primary(  674): app type:0x   0, is_voip:0, device:2, pcm:-352510464, usecase:0x   8
04-14 18:20:42.553 I/DPUModule(  679): DpuR5P0::checkLayerFormat <142>: checkLayerFormat: Format(1)
04-14 18:20:42.553 I/DPUModule(  679): DpuR5P0::checkTransform <35>: checkTransform: Transform(0), SRCRect(0,0)
04-14 18:20:42.553 I/DPUModule(  679): DpuR5P0::checkAFBCBlockSize <97>: checkAFBCBlockSize: compressed(1),format(1), pitch(720), vstride(1616)
04-14 18:20:42.553 I/DPUModule(  679): DpuR5P0::checkLayerFormat <142>: checkLayerFormat: Format(1)
04-14 18:20:42.553 I/DPUModule(  679): DpuR5P0::checkTransform <35>: checkTransform: Transform(0), SRCRect(0,0)
04-14 18:20:42.553 I/DPUModule(  679): DpuR5P0::checkAFBCBlockSize <97>: checkAFBCBlockSize: compressed(1),format(1), pitch(720), vstride(80)
04-14 18:20:42.553 I/DPUModule(  679): DpuR5P0::checkLayerFormat <142>: checkLayerFormat: Format(1)
04-14 18:20:42.553 I/DPUModule(  679): DpuR5P0::checkTransform <35>: checkTransform: Transform(0), SRCRect(0,0)
04-14 18:20:42.553 I/DPUModule(  679): DpuR5P0::checkAFBCBlockSize <97>: checkAFBCBlockSize: compressed(1),format(1), pitch(720), vstride(96)
04-14 18:20:42.553 D/DPUModule(  679): [ …śhu] support: 0
04-14 18:20:42.579 I/audio_hw_primary(  674): app type:0x   0, is_voip:0, device:2, pcm:-352510464, usecase:0x   8
04-14 18:20:42.587 I/DPUModule(  679): DpuR5P0::checkLayerFormat <142>: checkLayerFormat: Format(1)
04-14 18:20:42.587 I/DPUModule(  679): DpuR5P0::checkTransform <35>: checkTransform: Transform(0), SRCRect(0,0)
04-14 18:20:42.587 I/DPUModule(  679): DpuR5P0::checkAFBCBlockSize <97>: checkAFBCBlockSize: compressed(1),format(1), pitch(720), vstride(1616)
04-14 18:20:42.587 I/DPUModule(  679): DpuR5P0::checkLayerFormat <142>: checkLayerFormat: Format(1)
04-14 18:20:42.587 I/DPUModule(  679): DpuR5P0::checkTransform <35>: checkTransform: Transform(0), SRCRect(0,0)
04-14 18:20:42.587 I/DPUModule(  679): DpuR5P0::checkAFBCBlockSize <97>: checkAFBCBlockSize: compressed(1),format(1), pitch(720), vstride(80)
04-14 18:20:42.587 I/DPUModule(  679): DpuR5P0::checkLayerFormat <142>: checkLayerFormat: Format(1)
04-14 18:20:42.587 I/DPUModule(  679): DpuR5P0::checkTransform <35>: checkTransform: Transform(0), SRCRect(0,0)
04-14 18:20:42.587 I/DPUModule(  679): DpuR5P0::checkAFBCBlockSize <97>: checkAFBCBlockSize: compressed(1),format(1), pitch(720), vstride(96)
04-14 18:20:42.587 D/DPUModule(  679): [ …śhu] support: 0
04-14 18:20:42.620 I/audio_hw_primary(  674): app type:0x   0, is_voip:0, device:2, pcm:-352510464, usecase:0x   8
04-14 18:20:42.661 I/audio_hw_primary(  674): app type:0x   0, is_voip:0, device:2, pcm:-352510464, usecase:0x   8
04-14 18:20:42.705 I/audio_hw_primary(  674): app type:0x   0, is_voip:0, device:2, pcm:-352510464, usecase:0x   8
04-14 18:20:42.739 I/audio_hw_primary(  674): app type:0x   0, is_voip:0, device:2, pcm:-352510464, usecase:0x   8
04-14 18:20:42.781 I/audio_hw_primary(  674): app type:0x   0, is_voip:0, device:2, pcm:-352510464, usecase:0x   8
04-14 18:20:42.821 I/audio_hw_primary(  674): app type:0x   0, is_voip:0, device:2, pcm:-352510464, usecase:0x   8
04-14 18:20:42.853 I/DPUModule(  679): DpuR5P0::checkLayerFormat <142>: checkLayerFormat: Format(1)
04-14 18:20:42.853 I/DPUModule(  679): DpuR5P0::checkTransform <35>: checkTransform: Transform(0), SRCRect(0,0)
04-14 18:20:42.853 I/DPUModule(  679): DpuR5P0::checkAFBCBlockSize <97>: checkAFBCBlockSize: compressed(1),format(1), pitch(720), vstride(1616)
04-14 18:20:42.853 I/DPUModule(  679): DpuR5P0::checkLayerFormat <142>: checkLayerFormat: Format(1)
04-14 18:20:42.853 I/DPUModule(  679): DpuR5P0::checkTransform <35>: checkTransform: Transform(0), SRCRect(0,0)
04-14 18:20:42.853 I/DPUModule(  679): DpuR5P0::checkAFBCBlockSize <97>: checkAFBCBlockSize: compressed(1),format(1), pitch(720), vstride(80)
04-14 18:20:42.853 I/DPUModule(  679): DpuR5P0::checkLayerFormat <142>: checkLayerFormat: Format(1)
04-14 18:20:42.853 I/DPUModule(  679): DpuR5P0::checkTransform <35>: checkTransform: Transform(0), SRCRect(0,0)
04-14 18:20:42.853 I/DPUModule(  679): DpuR5P0::checkAFBCBlockSize <97>: checkAFBCBlockSize: compressed(1),format(1), pitch(720), vstride(96)
04-14 18:20:42.853 D/DPUModule(  679): [ …śhu] support: 0
04-14 18:20:42.861 I/audio_hw_primary(  674): app type:0x   0, is_voip:0, device:2, pcm:-352510464, usecase:0x   8
04-14 18:20:42.886 I/DPUModule(  679): DpuR5P0::checkLayerFormat <142>: checkLayerFormat: Format(1)
04-14 18:20:42.886 I/DPUModule(  679): DpuR5P0::checkTransform <35>: checkTransform: Transform(0), SRCRect(0,0)
04-14 18:20:42.886 I/DPUModule(  679): DpuR5P0::checkAFBCBlockSize <97>: checkAFBCBlockSize: compressed(1),format(1), pitch(720), vstride(1616)
04-14 18:20:42.886 I/DPUModule(  679): DpuR5P0::checkLayerFormat <142>: checkLayerFormat: Format(1)
04-14 18:20:42.886 I/DPUModule(  679): DpuR5P0::checkTransform <35>: checkTransform: Transform(0), SRCRect(0,0)
04-14 18:20:42.886 I/DPUModule(  679): DpuR5P0::checkAFBCBlockSize <97>: checkAFBCBlockSize: compressed(1),format(1), pitch(720), vstride(80)
04-14 18:20:42.886 I/DPUModule(  679): DpuR5P0::checkLayerFormat <142>: checkLayerFormat: Format(1)
04-14 18:20:42.886 I/DPUModule(  679): DpuR5P0::checkTransform <35>: checkTransform: Transform(0), SRCRect(0,0)
04-14 18:20:42.886 I/DPUModule(  679): DpuR5P0::checkAFBCBlockSize <97>: checkAFBCBlockSize: compressed(1),format(1), pitch(720), vstride(96)
04-14 18:20:42.886 D/DPUModule(  679): [ …śhu] support: 0
04-14 18:20:42.901 I/audio_hw_primary(  674): app type:0x   0, is_voip:0, device:2, pcm:-352510464, usecase:0x   8
04-14 18:20:42.938 D/TranCellSignalStrengthImpl( 1514): [LTE] dbm: -97
04-14 18:20:42.938 D/TranCellSignalStrengthImpl( 1514): [LTE] dbm: -97
04-14 18:20:42.940 I/audio_hw_primary(  674): app type:0x   0, is_voip:0, device:2, pcm:-352510464, usecase:0x   8
04-14 18:20:42.940 D/TranCellSignalStrengthImpl( 1092): [LTE] dbm: -97
04-14 18:20:42.941 D/TranPhoneInterfaceManagerEx( 1514): [onSignalStrengthsChanged]
04-14 18:20:42.941 D/TranSmartAllocController( 1514): mDefaultDataSubId = 5  subId = 5
04-14 18:20:42.941 D/TranSmartAllocController( 1514): mSupport = true  mBwAllocEnable = true mSimReady =true  mScreenOn =true
04-14 18:20:42.942 D/TranCellSignalStrengthImpl( 1514): [LTE] dbm: -97
04-14 18:20:42.942 D/TranCellSignalStrengthImpl( 1514): [LTE] dbm: -97
04-14 18:20:42.943 D/TranCellSignalStrengthImpl( 1092): [LTE] dbm: -97
04-14 18:20:42.944 D/Dito    ( 1604): mcc=616, mnc=03
04-14 18:20:42.980 I/audio_hw_primary(  674): app type:0x   0, is_voip:0, device:2, pcm:-352510464, usecase:0x   8
04-14 18:20:43.020 I/audio_hw_primary(  674): app type:0x   0, is_voip:0, device:2, pcm:-352510464, usecase:0x   8
04-14 18:20:43.061 I/audio_hw_primary(  674): app type:0x   0, is_voip:0, device:2, pcm:-352510464, usecase:0x   8
04-14 18:20:43.099 I/audio_hw_primary(  674): app type:0x   0, is_voip:0, device:2, pcm:-352510464, usecase:0x   8
04-14 18:20:43.140 I/audio_hw_primary(  674): app type:0x   0, is_voip:0, device:2, pcm:-352510464, usecase:0x   8
04-14 18:20:43.144 D/HolaSettings( 1092): getAppHidden() pkgName=com.transsion.letswitch, userId=0, ps=PackageSetting name=com.transsion.letswitch, mUserState={0=PackageUserState hidden=0, enabledComponents=null, disabledComponents={com.transsion.letswitch.upgrade.UpgradeService}}
04-14 18:20:43.144 D/PhoneCloneServiceFinder( 1092): getTargetPackage() userId=0, services=[]
04-14 18:20:43.150 E/system_server( 1092): No package ID 7f found for ID 0x7f080174.
04-14 18:20:43.150 E/system_server( 1092): No package ID 7f found for ID 0x7f1201e3.
04-14 18:20:43.150 E/system_server( 1092): No package ID 7f found for ID 0x7f1201e3.
04-14 18:20:43.150 E/system_server( 1092): No package ID 7f found for ID 0x7f1200a6.
04-14 18:20:43.153 I/DPUModule(  679): DpuR5P0::checkLayerFormat <142>: checkLayerFormat: Format(1)
04-14 18:20:43.153 I/DPUModule(  679): DpuR5P0::checkTransform <35>: checkTransform: Transform(0), SRCRect(0,0)
04-14 18:20:43.153 I/DPUModule(  679): DpuR5P0::checkAFBCBlockSize <97>: checkAFBCBlockSize: compressed(1),format(1), pitch(720), vstride(1616)
04-14 18:20:43.153 I/DPUModule(  679): DpuR5P0::checkLayerFormat <142>: checkLayerFormat: Format(1)
04-14 18:20:43.153 I/DPUModule(  679): DpuR5P0::checkTransform <35>: checkTransform: Transform(0), SRCRect(0,0)
04-14 18:20:43.153 I/DPUModule(  679): DpuR5P0::checkAFBCBlockSize <97>: checkAFBCBlockSize: compressed(1),format(1), pitch(720), vstride(80)
04-14 18:20:43.153 I/DPUModule(  679): DpuR5P0::checkLayerFormat <142>: checkLayerFormat: Format(1)
04-14 18:20:43.153 I/DPUModule(  679): DpuR5P0::checkTransform <35>: checkTransform: Transform(0), SRCRect(0,0)
04-14 18:20:43.153 I/DPUModule(  679): DpuR5P0::checkAFBCBlockSize <97>: checkAFBCBlockSize: compressed(1),format(1), pitch(720), vstride(96)
04-14 18:20:43.153 D/DPUModule(  679): [ …śhu] support: 0
04-14 18:20:43.153 E/system_server( 1092): No package ID 7f found for ID 0x7f080177.
04-14 18:20:43.153 E/system_server( 1092): No package ID 7f found for ID 0x7f1201ed.
04-14 18:20:43.153 E/system_server( 1092): No package ID 7f found for ID 0x7f1201ed.
04-14 18:20:43.153 E/system_server( 1092): No package ID 7f found for ID 0x7f1200a6.
04-14 18:20:43.154 E/system_server( 1092): No package ID 7f found for ID 0x7f080176.
04-14 18:20:43.154 E/system_server( 1092): No package ID 7f found for ID 0x7f1201ec.
04-14 18:20:43.154 E/system_server( 1092): No package ID 7f found for ID 0x7f1201ec.
04-14 18:20:43.154 E/system_server( 1092): No package ID 7f found for ID 0x7f1200a6.
04-14 18:20:43.154 E/system_server( 1092): No package ID 7f found for ID 0x7f080175.
04-14 18:20:43.154 E/system_server( 1092): No package ID 7f found for ID 0x7f1200c3.
04-14 18:20:43.154 E/system_server( 1092): No package ID 7f found for ID 0x7f1200c3.
04-14 18:20:43.154 E/system_server( 1092): No package ID 7f found for ID 0x7f1200a6.
04-14 18:20:43.182 I/audio_hw_primary(  674): app type:0x   0, is_voip:0, device:2, pcm:-352510464, usecase:0x   8
04-14 18:20:43.187 W/ThreadPoolForeg(15065): type=1400 audit(0.0:508839): avc: denied { write } for name="traced_producer" dev="tmpfs" ino=26121 scontext=u:r:gmscore_app:s0:c512,c768 tcontext=u:object_r:traced_producer_socket:s0 tclass=sock_file permissive=0 app=com.google.android.gms
04-14 18:20:43.203 I/DPUModule(  679): DpuR5P0::checkLayerFormat <142>: checkLayerFormat: Format(1)
04-14 18:20:43.203 I/DPUModule(  679): DpuR5P0::checkTransform <35>: checkTransform: Transform(0), SRCRect(0,0)
04-14 18:20:43.203 I/DPUModule(  679): DpuR5P0::checkAFBCBlockSize <97>: checkAFBCBlockSize: compressed(1),format(1), pitch(720), vstride(1616)
04-14 18:20:43.203 I/DPUModule(  679): DpuR5P0::checkLayerFormat <142>: checkLayerFormat: Format(1)
04-14 18:20:43.203 I/DPUModule(  679): DpuR5P0::checkTransform <35>: checkTransform: Transform(0), SRCRect(0,0)
04-14 18:20:43.203 I/DPUModule(  679): DpuR5P0::checkAFBCBlockSize <97>: checkAFBCBlockSize: compressed(1),format(1), pitch(720), vstride(80)
04-14 18:20:43.203 I/DPUModule(  679): DpuR5P0::checkLayerFormat <142>: checkLayerFormat: Format(1)
04-14 18:20:43.203 I/DPUModule(  679): DpuR5P0::checkTransform <35>: checkTransform: Transform(0), SRCRect(0,0)
04-14 18:20:43.203 I/DPUModule(  679): DpuR5P0::checkAFBCBlockSize <97>: checkAFBCBlockSize: compressed(1),format(1), pitch(720), vstride(96)
04-14 18:20:43.203 D/DPUModule(  679): [ …śhu] support: 0
04-14 18:20:43.221 I/audio_hw_primary(  674): app type:0x   0, is_voip:0, device:2, pcm:-352510464, usecase:0x   8
04-14 18:20:43.238 D/HolaSettings( 1092): getAppHidden() pkgName=com.transsion.letswitch, userId=0, ps=PackageSetting name=com.transsion.letswitch, mUserState={0=PackageUserState hidden=0, enabledComponents=null, disabledComponents={com.transsion.letswitch.upgrade.UpgradeService}}
04-14 18:20:43.238 D/PhoneCloneServiceFinder( 1092): getTargetPackage() userId=0, services=[]
04-14 18:20:43.261 I/audio_hw_primary(  674): app type:0x   0, is_voip:0, device:2, pcm:-352510464, usecase:0x   8
04-14 18:20:43.262 I/BaseFilesVerify( 1092): Base File verify start
04-14 18:20:43.262 W/BaseFilesVerify( 1092): the file protect is not available, open the cloud switch
04-14 18:20:43.287 I/BaseFilesVerify( 1092): Base File verify start
04-14 18:20:43.287 W/BaseFilesVerify( 1092): the file protect is not available, open the cloud switch
04-14 18:20:43.288 D/os.permission.PermissionInfo( 1092): checkPermission 10174:android.permission.ACCESS_SHORTCUTS:false
04-14 18:20:43.300 I/audio_hw_primary(  674): app type:0x   0, is_voip:0, device:2, pcm:-352510464, usecase:0x   8
04-14 18:20:43.342 I/audio_hw_primary(  674): app type:0x   0, is_voip:0, device:2, pcm:-352510464, usecase:0x   8
04-14 18:20:43.378 I/audio_hw_primary(  674): app type:0x   0, is_voip:0, device:2, pcm:-352510464, usecase:0x   8
04-14 18:20:43.381 D/XLauncher( 4442): Launcher.Model-mAllAppsList.updatePackage app.mihon mUser:UserHandle{0}
04-14 18:20:43.421 I/audio_hw_primary(  674): app type:0x   0, is_voip:0, device:2, pcm:-352510464, usecase:0x   8
04-14 18:20:43.436 I/DPUModule(  679): DpuR5P0::checkLayerFormat <142>: checkLayerFormat: Format(1)
04-14 18:20:43.436 I/DPUModule(  679): DpuR5P0::checkTransform <35>: checkTransform: Transform(0), SRCRect(0,0)
04-14 18:20:43.436 I/DPUModule(  679): DpuR5P0::checkAFBCBlockSize <97>: checkAFBCBlockSize: compressed(1),format(1), pitch(720), vstride(1616)
04-14 18:20:43.436 I/DPUModule(  679): DpuR5P0::checkLayerFormat <142>: checkLayerFormat: Format(1)
04-14 18:20:43.436 I/DPUModule(  679): DpuR5P0::checkTransform <35>: checkTransform: Transform(0), SRCRect(0,0)
04-14 18:20:43.436 I/DPUModule(  679): DpuR5P0::checkAFBCBlockSize <97>: checkAFBCBlockSize: compressed(1),format(1), pitch(720), vstride(80)
04-14 18:20:43.436 I/DPUModule(  679): DpuR5P0::checkLayerFormat <142>: checkLayerFormat: Format(1)
04-14 18:20:43.436 I/DPUModule(  679): DpuR5P0::checkTransform <35>: checkTransform: Transform(0), SRCRect(0,0)
04-14 18:20:43.436 I/DPUModule(  679): DpuR5P0::checkAFBCBlockSize <97>: checkAFBCBlockSize: compressed(1),format(1), pitch(720), vstride(96)
04-14 18:20:43.436 D/DPUModule(  679): [ …śhu] support: 0
04-14 18:20:43.461 I/audio_hw_primary(  674): app type:0x   0, is_voip:0, device:2, pcm:-352510464, usecase:0x   8
04-14 18:20:43.470 I/DPUModule(  679): DpuR5P0::checkLayerFormat <142>: checkLayerFormat: Format(1)
04-14 18:20:43.470 I/DPUModule(  679): DpuR5P0::checkTransform <35>: checkTransform: Transform(0), SRCRect(0,0)
04-14 18:20:43.470 I/DPUModule(  679): DpuR5P0::checkAFBCBlockSize <97>: checkAFBCBlockSize: compressed(1),format(1), pitch(720), vstride(1616)
04-14 18:20:43.470 I/DPUModule(  679): DpuR5P0::checkLayerFormat <142>: checkLayerFormat: Format(1)
04-14 18:20:43.470 I/DPUModule(  679): DpuR5P0::checkTransform <35>: checkTransform: Transform(0), SRCRect(0,0)
04-14 18:20:43.470 I/DPUModule(  679): DpuR5P0::checkAFBCBlockSize <97>: checkAFBCBlockSize: compressed(1),format(1), pitch(720), vstride(80)
04-14 18:20:43.470 I/DPUModule(  679): DpuR5P0::checkLayerFormat <142>: checkLayerFormat: Format(1)
04-14 18:20:43.470 I/DPUModule(  679): DpuR5P0::checkTransform <35>: checkTransform: Transform(0), SRCRect(0,0)
04-14 18:20:43.470 I/DPUModule(  679): DpuR5P0::checkAFBCBlockSize <97>: checkAFBCBlockSize: compressed(1),format(1), pitch(720), vstride(96)
04-14 18:20:43.470 D/DPUModule(  679): [ …śhu] support: 0
04-14 18:20:43.495 I/NullBinder(15011): NullBinder for com.google.android.gms.semanticlocation.service.START_ODLH triggering remote TransactionTooLargeException due to Service without Chimera impl, calling uid: 10129, calling pid: 15242
04-14 18:20:43.495 W/.gms.persistent(15011): Large reply transaction of 1056768 bytes, interface descriptor , code 46
04-14 18:20:43.495 E/JavaBinder(15242): !!! FAILED BINDER TRANSACTION !!!  (parcel size = 784)
04-14 18:20:43.501 I/audio_hw_primary(  674): app type:0x   0, is_voip:0, device:2, pcm:-352510464, usecase:0x   8
04-14 18:20:43.542 I/audio_hw_primary(  674): app type:0x   0, is_voip:0, device:2, pcm:-352510464, usecase:0x   8
04-14 18:20:43.553 I/DPUModule(  679): DpuR5P0::checkLayerFormat <142>: checkLayerFormat: Format(1)
04-14 18:20:43.553 I/DPUModule(  679): DpuR5P0::checkTransform <35>: checkTransform: Transform(0), SRCRect(0,0)
04-14 18:20:43.553 I/DPUModule(  679): DpuR5P0::checkAFBCBlockSize <97>: checkAFBCBlockSize: compressed(1),format(1), pitch(720), vstride(1616)
04-14 18:20:43.553 I/DPUModule(  679): DpuR5P0::checkLayerFormat <142>: checkLayerFormat: Format(1)
04-14 18:20:43.553 I/DPUModule(  679): DpuR5P0::checkTransform <35>: checkTransform: Transform(0), SRCRect(0,0)
04-14 18:20:43.553 I/DPUModule(  679): DpuR5P0::checkAFBCBlockSize <97>: checkAFBCBlockSize: compressed(1),format(1), pitch(720), vstride(80)
04-14 18:20:43.553 I/DPUModule(  679): DpuR5P0::checkLayerFormat <142>: checkLayerFormat: Format(1)
04-14 18:20:43.553 I/DPUModule(  679): DpuR5P0::checkTransform <35>: checkTransform: Transform(0), SRCRect(0,0)
04-14 18:20:43.553 I/DPUModule(  679): DpuR5P0::checkAFBCBlockSize <97>: checkAFBCBlockSize: compressed(1),format(1), pitch(720), vstride(96)
04-14 18:20:43.553 D/DPUModule(  679): [ …śhu] support: 0
04-14 18:20:43.585 I/audio_hw_primary(  674): app type:0x   0, is_voip:0, device:2, pcm:-352510464, usecase:0x   8
04-14 18:20:43.586 I/DPUModule(  679): DpuR5P0::checkLayerFormat <142>: checkLayerFormat: Format(1)
04-14 18:20:43.586 I/DPUModule(  679): DpuR5P0::checkTransform <35>: checkTransform: Transform(0), SRCRect(0,0)
04-14 18:20:43.586 I/DPUModule(  679): DpuR5P0::checkAFBCBlockSize <97>: checkAFBCBlockSize: compressed(1),format(1), pitch(720), vstride(1616)
04-14 18:20:43.586 I/DPUModule(  679): DpuR5P0::checkLayerFormat <142>: checkLayerFormat: Format(1)
04-14 18:20:43.586 I/DPUModule(  679): DpuR5P0::checkTransform <35>: checkTransform: Transform(0), SRCRect(0,0)
04-14 18:20:43.586 I/DPUModule(  679): DpuR5P0::checkAFBCBlockSize <97>: checkAFBCBlockSize: compressed(1),format(1), pitch(720), vstride(80)
04-14 18:20:43.586 I/DPUModule(  679): DpuR5P0::checkLayerFormat <142>: checkLayerFormat: Format(1)
04-14 18:20:43.586 I/DPUModule(  679): DpuR5P0::checkTransform <35>: checkTransform: Transform(0), SRCRect(0,0)
04-14 18:20:43.586 I/DPUModule(  679): DpuR5P0::checkAFBCBlockSize <97>: checkAFBCBlockSize: compressed(1),format(1), pitch(720), vstride(96)
04-14 18:20:43.586 D/DPUModule(  679): [ …śhu] support: 0
04-14 18:20:43.621 I/audio_hw_primary(  674): app type:0x   0, is_voip:0, device:2, pcm:-352510464, usecase:0x   8
04-14 18:20:43.664 I/audio_hw_primary(  674): app type:0x   0, is_voip:0, device:2, pcm:-352510464, usecase:0x   8
04-14 18:20:43.700 I/audio_hw_primary(  674): app type:0x   0, is_voip:0, device:2, pcm:-352510464, usecase:0x   8
04-14 18:20:43.736 I/DPUModule(  679): DpuR5P0::checkLayerFormat <142>: checkLayerFormat: Format(1)
04-14 18:20:43.736 I/DPUModule(  679): DpuR5P0::checkTransform <35>: checkTransform: Transform(0), SRCRect(0,0)
04-14 18:20:43.736 I/DPUModule(  679): DpuR5P0::checkAFBCBlockSize <97>: checkAFBCBlockSize: compressed(1),format(1), pitch(720), vstride(1616)
04-14 18:20:43.736 I/DPUModule(  679): DpuR5P0::checkLayerFormat <142>: checkLayerFormat: Format(1)
04-14 18:20:43.736 I/DPUModule(  679): DpuR5P0::checkTransform <35>: checkTransform: Transform(0), SRCRect(0,0)
04-14 18:20:43.736 I/DPUModule(  679): DpuR5P0::checkAFBCBlockSize <97>: checkAFBCBlockSize: compressed(1),format(1), pitch(720), vstride(80)
04-14 18:20:43.736 I/DPUModule(  679): DpuR5P0::checkLayerFormat <142>: checkLayerFormat: Format(1)
04-14 18:20:43.736 I/DPUModule(  679): DpuR5P0::checkTransform <35>: checkTransform: Transform(0), SRCRect(0,0)
04-14 18:20:43.736 I/DPUModule(  679): DpuR5P0::checkAFBCBlockSize <97>: checkAFBCBlockSize: compressed(1),format(1), pitch(720), vstride(96)
04-14 18:20:43.736 D/DPUModule(  679): [ …śhu] support: 0
04-14 18:20:43.743 I/audio_hw_primary(  674): app type:0x   0, is_voip:0, device:2, pcm:-352510464, usecase:0x   8
04-14 18:20:43.783 I/audio_hw_primary(  674): app type:0x   0, is_voip:0, device:2, pcm:-352510464, usecase:0x   8
04-14 18:20:43.787 I/DPUModule(  679): DpuR5P0::checkLayerFormat <142>: checkLayerFormat: Format(1)
04-14 18:20:43.787 I/DPUModule(  679): DpuR5P0::checkTransform <35>: checkTransform: Transform(0), SRCRect(0,0)
04-14 18:20:43.787 I/DPUModule(  679): DpuR5P0::checkAFBCBlockSize <97>: checkAFBCBlockSize: compressed(1),format(1), pitch(720), vstride(1616)
04-14 18:20:43.787 I/DPUModule(  679): DpuR5P0::checkLayerFormat <142>: checkLayerFormat: Format(1)
04-14 18:20:43.787 I/DPUModule(  679): DpuR5P0::checkTransform <35>: checkTransform: Transform(0), SRCRect(0,0)
04-14 18:20:43.787 I/DPUModule(  679): DpuR5P0::checkAFBCBlockSize <97>: checkAFBCBlockSize: compressed(1),format(1), pitch(720), vstride(80)
04-14 18:20:43.787 I/DPUModule(  679): DpuR5P0::checkLayerFormat <142>: checkLayerFormat: Format(1)
04-14 18:20:43.787 I/DPUModule(  679): DpuR5P0::checkTransform <35>: checkTransform: Transform(0), SRCRect(0,0)
04-14 18:20:43.787 I/DPUModule(  679): DpuR5P0::checkAFBCBlockSize <97>: checkAFBCBlockSize: compressed(1),format(1), pitch(720), vstride(96)
04-14 18:20:43.787 D/DPUModule(  679): [ …śhu] support: 0
04-14 18:20:43.806 D/GNSSMGT (  955): watchdog: PowerState: CP SLEEP
04-14 18:20:43.822 I/audio_hw_primary(  674): app type:0x   0, is_voip:0, device:2, pcm:-352510464, usecase:0x   8
04-14 18:20:43.860 I/audio_hw_primary(  674): app type:0x   0, is_voip:0, device:2, pcm:-352510464, usecase:0x   8
04-14 18:20:43.901 I/audio_hw_primary(  674): app type:0x   0, is_voip:0, device:2, pcm:-352510464, usecase:0x   8
04-14 18:20:43.904 W/JobScheduler( 1092): Job didn't exist in JobStore: fd399d9 #u0a99/65514 com.google.android.apps.nbu.files/androidx.work.impl.background.systemjob.SystemJobService
04-14 18:20:43.907 W/ActivityManager( 1092): setOomAdj Pid: 15242, Uid: 10129, Adj 925
04-14 18:20:43.940 I/audio_hw_primary(  674): app type:0x   0, is_voip:0, device:2, pcm:-352510464, usecase:0x   8
04-14 18:20:43.941 D/TranCellSignalStrengthImpl( 1514): [LTE] dbm: -97
04-14 18:20:43.941 D/TranCellSignalStrengthImpl( 1514): [LTE] dbm: -97
04-14 18:20:43.944 D/TranCellSignalStrengthImpl( 1092): [LTE] dbm: -97
04-14 18:20:43.944 D/Dito    ( 1604): mcc=616, mnc=03
04-14 18:20:43.945 D/TranPhoneInterfaceManagerEx( 1514): [onSignalStrengthsChanged]
04-14 18:20:43.945 D/TranSmartAllocController( 1514): mDefaultDataSubId = 5  subId = 5
04-14 18:20:43.945 D/TranSmartAllocController( 1514): mSupport = true  mBwAllocEnable = true mSimReady =true  mScreenOn =true
04-14 18:20:43.982 I/audio_hw_primary(  674): app type:0x   0, is_voip:0, device:2, pcm:-352510464, usecase:0x   8
04-14 18:20:44.021 I/audio_hw_primary(  674): app type:0x   0, is_voip:0, device:2, pcm:-352510464, usecase:0x   8
04-14 18:20:44.036 I/DPUModule(  679): DpuR5P0::checkLayerFormat <142>: checkLayerFormat: Format(1)
04-14 18:20:44.037 I/DPUModule(  679): DpuR5P0::checkTransform <35>: checkTransform: Transform(0), SRCRect(0,0)
04-14 18:20:44.037 I/DPUModule(  679): DpuR5P0::checkAFBCBlockSize <97>: checkAFBCBlockSize: compressed(1),format(1), pitch(720), vstride(1616)
04-14 18:20:44.037 I/DPUModule(  679): DpuR5P0::checkLayerFormat <142>: checkLayerFormat: Format(1)
04-14 18:20:44.037 I/DPUModule(  679): DpuR5P0::checkTransform <35>: checkTransform: Transform(0), SRCRect(0,0)
04-14 18:20:44.037 I/DPUModule(  679): DpuR5P0::checkAFBCBlockSize <97>: checkAFBCBlockSize: compressed(1),format(1), pitch(720), vstride(80)
04-14 18:20:44.037 I/DPUModule(  679): DpuR5P0::checkLayerFormat <142>: checkLayerFormat: Format(1)
04-14 18:20:44.037 I/DPUModule(  679): DpuR5P0::checkTransform <35>: checkTransform: Transform(0), SRCRect(0,0)
04-14 18:20:44.037 I/DPUModule(  679): DpuR5P0::checkAFBCBlockSize <97>: checkAFBCBlockSize: compressed(1),format(1), pitch(720), vstride(96)
04-14 18:20:44.037 D/DPUModule(  679): [ …śhu] support: 0
04-14 18:20:44.064 I/audio_hw_primary(  674): app type:0x   0, is_voip:0, device:2, pcm:-352510464, usecase:0x   8
04-14 18:20:44.086 I/DPUModule(  679): DpuR5P0::checkLayerFormat <142>: checkLayerFormat: Format(1)
04-14 18:20:44.086 I/DPUModule(  679): DpuR5P0::checkTransform <35>: checkTransform: Transform(0), SRCRect(0,0)
04-14 18:20:44.087 I/DPUModule(  679): DpuR5P0::checkAFBCBlockSize <97>: checkAFBCBlockSize: compressed(1),format(1), pitch(720), vstride(1616)
04-14 18:20:44.087 I/DPUModule(  679): DpuR5P0::checkLayerFormat <142>: checkLayerFormat: Format(1)
04-14 18:20:44.087 I/DPUModule(  679): DpuR5P0::checkTransform <35>: checkTransform: Transform(0), SRCRect(0,0)
04-14 18:20:44.087 I/DPUModule(  679): DpuR5P0::checkAFBCBlockSize <97>: checkAFBCBlockSize: compressed(1),format(1), pitch(720), vstride(80)
04-14 18:20:44.087 I/DPUModule(  679): DpuR5P0::checkLayerFormat <142>: checkLayerFormat: Format(1)
04-14 18:20:44.087 I/DPUModule(  679): DpuR5P0::checkTransform <35>: checkTransform: Transform(0), SRCRect(0,0)
04-14 18:20:44.087 I/DPUModule(  679): DpuR5P0::checkAFBCBlockSize <97>: checkAFBCBlockSize: compressed(1),format(1), pitch(720), vstride(96)
04-14 18:20:44.087 D/DPUModule(  679): [ …śhu] support: 0
04-14 18:20:44.100 I/audio_hw_primary(  674): app type:0x   0, is_voip:0, device:2, pcm:-352510464, usecase:0x   8
04-14 18:20:44.114 D/BoundBrokerSvc(15011): onUnbind: Intent { act=com.google.android.gms.backup.ACTION_BACKUP_NOW dat=chimera-action:/... cmp=com.google.android.gms/.chimera.PersistentBoundBrokerService }
04-14 18:20:44.143 I/audio_hw_primary(  674): app type:0x   0, is_voip:0, device:2, pcm:-352510464, usecase:0x   8
04-14 18:20:44.186 I/audio_hw_primary(  674): app type:0x   0, is_voip:0, device:2, pcm:-352510464, usecase:0x   8
04-14 18:20:44.223 I/audio_hw_primary(  674): app type:0x   0, is_voip:0, device:2, pcm:-352510464, usecase:0x   8
04-14 18:20:44.261 I/audio_hw_primary(  674): app type:0x   0, is_voip:0, device:2, pcm:-352510464, usecase:0x   8
04-14 18:20:44.305 I/audio_hw_primary(  674): app type:0x   0, is_voip:0, device:2, pcm:-352510464, usecase:0x   8
04-14 18:20:44.336 I/DPUModule(  679): DpuR5P0::checkLayerFormat <142>: checkLayerFormat: Format(1)
04-14 18:20:44.336 I/DPUModule(  679): DpuR5P0::checkTransform <35>: checkTransform: Transform(0), SRCRect(0,0)
04-14 18:20:44.336 I/DPUModule(  679): DpuR5P0::checkAFBCBlockSize <97>: checkAFBCBlockSize: compressed(1),format(1), pitch(720), vstride(1616)
04-14 18:20:44.336 I/DPUModule(  679): DpuR5P0::checkLayerFormat <142>: checkLayerFormat: Format(1)
04-14 18:20:44.336 I/DPUModule(  679): DpuR5P0::checkTransform <35>: checkTransform: Transform(0), SRCRect(0,0)
04-14 18:20:44.336 I/DPUModule(  679): DpuR5P0::checkAFBCBlockSize <97>: checkAFBCBlockSize: compressed(1),format(1), pitch(720), vstride(80)
04-14 18:20:44.336 I/DPUModule(  679): DpuR5P0::checkLayerFormat <142>: checkLayerFormat: Format(1)
04-14 18:20:44.336 I/DPUModule(  679): DpuR5P0::checkTransform <35>: checkTransform: Transform(0), SRCRect(0,0)
04-14 18:20:44.336 I/DPUModule(  679): DpuR5P0::checkAFBCBlockSize <97>: checkAFBCBlockSize: compressed(1),format(1), pitch(720), vstride(96)
04-14 18:20:44.336 D/DPUModule(  679): [ …śhu] support: 0
04-14 18:20:44.343 I/audio_hw_primary(  674): app type:0x   0, is_voip:0, device:2, pcm:-352510464, usecase:0x   8
04-14 18:20:44.383 I/audio_hw_primary(  674): app type:0x   0, is_voip:0, device:2, pcm:-352510464, usecase:0x   8
04-14 18:20:44.387 I/DPUModule(  679): DpuR5P0::checkLayerFormat <142>: checkLayerFormat: Format(1)
04-14 18:20:44.387 I/DPUModule(  679): DpuR5P0::checkTransform <35>: checkTransform: Transform(0), SRCRect(0,0)
04-14 18:20:44.387 I/DPUModule(  679): DpuR5P0::checkAFBCBlockSize <97>: checkAFBCBlockSize: compressed(1),format(1), pitch(720), vstride(1616)
04-14 18:20:44.387 I/DPUModule(  679): DpuR5P0::checkLayerFormat <142>: checkLayerFormat: Format(1)
04-14 18:20:44.387 I/DPUModule(  679): DpuR5P0::checkTransform <35>: checkTransform: Transform(0), SRCRect(0,0)
04-14 18:20:44.387 I/DPUModule(  679): DpuR5P0::checkAFBCBlockSize <97>: checkAFBCBlockSize: compressed(1),format(1), pitch(720), vstride(80)
04-14 18:20:44.387 I/DPUModule(  679): DpuR5P0::checkLayerFormat <142>: checkLayerFormat: Format(1)
04-14 18:20:44.387 I/DPUModule(  679): DpuR5P0::checkTransform <35>: checkTransform: Transform(0), SRCRect(0,0)
04-14 18:20:44.387 I/DPUModule(  679): DpuR5P0::checkAFBCBlockSize <97>: checkAFBCBlockSize: compressed(1),format(1), pitch(720), vstride(96)
04-14 18:20:44.387 D/DPUModule(  679): [ …śhu] support: 0
04-14 18:20:44.424 I/audio_hw_primary(  674): app type:0x   0, is_voip:0, device:2, pcm:-352510464, usecase:0x   8
04-14 18:20:44.470 I/audio_hw_primary(  674): app type:0x   0, is_voip:0, device:2, pcm:-352510464, usecase:0x   8
04-14 18:20:44.504 I/audio_hw_primary(  674): app type:0x   0, is_voip:0, device:2, pcm:-352510464, usecase:0x   8
04-14 18:20:44.527 D/ip_monitor-917(15713): 192.168.100.6 dev wlan0 lladdr 58:96:71:b3:dc:18 REACHABLE
04-14 18:20:44.544 I/audio_hw_primary(  674): app type:0x   0, is_voip:0, device:2, pcm:-352510464, usecase:0x   8
04-14 18:20:44.582 I/audio_hw_primary(  674): app type:0x   0, is_voip:0, device:2, pcm:-352510464, usecase:0x   8
04-14 18:20:44.621 I/audio_hw_primary(  674): app type:0x   0, is_voip:0, device:2, pcm:-352510464, usecase:0x   8
04-14 18:20:44.636 I/DPUModule(  679): DpuR5P0::checkLayerFormat <142>: checkLayerFormat: Format(1)
04-14 18:20:44.636 I/DPUModule(  679): DpuR5P0::checkTransform <35>: checkTransform: Transform(0), SRCRect(0,0)
04-14 18:20:44.637 I/DPUModule(  679): DpuR5P0::checkAFBCBlockSize <97>: checkAFBCBlockSize: compressed(1),format(1), pitch(720), vstride(1616)
04-14 18:20:44.637 I/DPUModule(  679): DpuR5P0::checkLayerFormat <142>: checkLayerFormat: Format(1)
04-14 18:20:44.637 I/DPUModule(  679): DpuR5P0::checkTransform <35>: checkTransform: Transform(0), SRCRect(0,0)
04-14 18:20:44.637 I/DPUModule(  679): DpuR5P0::checkAFBCBlockSize <97>: checkAFBCBlockSize: compressed(1),format(1), pitch(720), vstride(80)
04-14 18:20:44.637 I/DPUModule(  679): DpuR5P0::checkLayerFormat <142>: checkLayerFormat: Format(1)
04-14 18:20:44.637 I/DPUModule(  679): DpuR5P0::checkTransform <35>: checkTransform: Transform(0), SRCRect(0,0)
04-14 18:20:44.637 I/DPUModule(  679): DpuR5P0::checkAFBCBlockSize <97>: checkAFBCBlockSize: compressed(1),format(1), pitch(720), vstride(96)
04-14 18:20:44.637 D/DPUModule(  679): [ …śhu] support: 0
04-14 18:20:44.658 I/audio_hw_primary(  674): app type:0x   0, is_voip:0, device:2, pcm:-352510464, usecase:0x   8
04-14 18:20:44.686 I/DPUModule(  679): DpuR5P0::checkLayerFormat <142>: checkLayerFormat: Format(1)
04-14 18:20:44.686 I/DPUModule(  679): DpuR5P0::checkTransform <35>: checkTransform: Transform(0), SRCRect(0,0)
04-14 18:20:44.686 I/DPUModule(  679): DpuR5P0::checkAFBCBlockSize <97>: checkAFBCBlockSize: compressed(1),format(1), pitch(720), vstride(1616)
04-14 18:20:44.686 I/DPUModule(  679): DpuR5P0::checkLayerFormat <142>: checkLayerFormat: Format(1)
04-14 18:20:44.686 I/DPUModule(  679): DpuR5P0::checkTransform <35>: checkTransform: Transform(0), SRCRect(0,0)
04-14 18:20:44.686 I/DPUModule(  679): DpuR5P0::checkAFBCBlockSize <97>: checkAFBCBlockSize: compressed(1),format(1), pitch(720), vstride(80)
04-14 18:20:44.686 I/DPUModule(  679): DpuR5P0::checkLayerFormat <142>: checkLayerFormat: Format(1)
04-14 18:20:44.686 I/DPUModule(  679): DpuR5P0::checkTransform <35>: checkTransform: Transform(0), SRCRect(0,0)
04-14 18:20:44.686 I/DPUModule(  679): DpuR5P0::checkAFBCBlockSize <97>: checkAFBCBlockSize: compressed(1),format(1), pitch(720), vstride(96)
04-14 18:20:44.686 D/DPUModule(  679): [ …śhu] support: 0
04-14 18:20:44.706 I/audio_hw_primary(  674): app type:0x   0, is_voip:0, device:2, pcm:-352510464, usecase:0x   8
04-14 18:20:44.742 I/audio_hw_primary(  674): app type:0x   0, is_voip:0, device:2, pcm:-352510464, usecase:0x   8
04-14 18:20:44.781 I/audio_hw_primary(  674): app type:0x   0, is_voip:0, device:2, pcm:-352510464, usecase:0x   8
04-14 18:20:44.824 I/audio_hw_primary(  674): app type:0x   0, is_voip:0, device:2, pcm:-352510464, usecase:0x   8
04-14 18:20:44.866 I/audio_hw_primary(  674): app type:0x   0, is_voip:0, device:2, pcm:-352510464, usecase:0x   8
04-14 18:20:44.900 I/audio_hw_primary(  674): app type:0x   0, is_voip:0, device:2, pcm:-352510464, usecase:0x   8
04-14 18:20:44.936 I/DPUModule(  679): DpuR5P0::checkLayerFormat <142>: checkLayerFormat: Format(1)
04-14 18:20:44.936 I/DPUModule(  679): DpuR5P0::checkTransform <35>: checkTransform: Transform(0), SRCRect(0,0)
04-14 18:20:44.936 I/DPUModule(  679): DpuR5P0::checkAFBCBlockSize <97>: checkAFBCBlockSize: compressed(1),format(1), pitch(720), vstride(1616)
04-14 18:20:44.936 I/DPUModule(  679): DpuR5P0::checkLayerFormat <142>: checkLayerFormat: Format(1)
04-14 18:20:44.936 I/DPUModule(  679): DpuR5P0::checkTransform <35>: checkTransform: Transform(0), SRCRect(0,0)
04-14 18:20:44.936 I/DPUModule(  679): DpuR5P0::checkAFBCBlockSize <97>: checkAFBCBlockSize: compressed(1),format(1), pitch(720), vstride(80)
04-14 18:20:44.936 I/DPUModule(  679): DpuR5P0::checkLayerFormat <142>: checkLayerFormat: Format(1)
04-14 18:20:44.936 I/DPUModule(  679): DpuR5P0::checkTransform <35>: checkTransform: Transform(0), SRCRect(0,0)
04-14 18:20:44.936 I/DPUModule(  679): DpuR5P0::checkAFBCBlockSize <97>: checkAFBCBlockSize: compressed(1),format(1), pitch(720), vstride(96)
04-14 18:20:44.936 D/DPUModule(  679): [ …śhu] support: 0
04-14 18:20:44.944 D/TranCellSignalStrengthImpl( 1514): [LTE] dbm: -97
04-14 18:20:44.944 D/TranCellSignalStrengthImpl( 1514): [LTE] dbm: -97
04-14 18:20:44.945 I/audio_hw_primary(  674): app type:0x   0, is_voip:0, device:2, pcm:-352510464, usecase:0x   8
04-14 18:20:44.947 D/Dito    ( 1604): mcc=616, mnc=03
04-14 18:20:44.948 D/TranCellSignalStrengthImpl( 1092): [LTE] dbm: -97
04-14 18:20:44.949 D/TranPhoneInterfaceManagerEx( 1514): [onSignalStrengthsChanged]
04-14 18:20:44.950 D/TranSmartAllocController( 1514): mDefaultDataSubId = 5  subId = 5
04-14 18:20:44.950 D/TranSmartAllocController( 1514): mSupport = true  mBwAllocEnable = true mSimReady =true  mScreenOn =true
04-14 18:20:44.956 D/ProfileInstaller(15581): Installing profile for com.facebook.services
04-14 18:20:44.979 I/audio_hw_primary(  674): app type:0x   0, is_voip:0, device:2, pcm:-352510464, usecase:0x   8
04-14 18:20:44.986 I/DPUModule(  679): DpuR5P0::checkLayerFormat <142>: checkLayerFormat: Format(1)
04-14 18:20:44.986 I/DPUModule(  679): DpuR5P0::checkTransform <35>: checkTransform: Transform(0), SRCRect(0,0)
04-14 18:20:44.986 I/DPUModule(  679): DpuR5P0::checkAFBCBlockSize <97>: checkAFBCBlockSize: compressed(1),format(1), pitch(720), vstride(1616)
04-14 18:20:44.986 I/DPUModule(  679): DpuR5P0::checkLayerFormat <142>: checkLayerFormat: Format(1)
04-14 18:20:44.986 I/DPUModule(  679): DpuR5P0::checkTransform <35>: checkTransform: Transform(0), SRCRect(0,0)
04-14 18:20:44.986 I/DPUModule(  679): DpuR5P0::checkAFBCBlockSize <97>: checkAFBCBlockSize: compressed(1),format(1), pitch(720), vstride(80)
04-14 18:20:44.986 I/DPUModule(  679): DpuR5P0::checkLayerFormat <142>: checkLayerFormat: Format(1)
04-14 18:20:44.986 I/DPUModule(  679): DpuR5P0::checkTransform <35>: checkTransform: Transform(0), SRCRect(0,0)
04-14 18:20:44.986 I/DPUModule(  679): DpuR5P0::checkAFBCBlockSize <97>: checkAFBCBlockSize: compressed(1),format(1), pitch(720), vstride(96)
04-14 18:20:44.986 D/DPUModule(  679): [ …śhu] support: 0
04-14 18:20:45.025 I/audio_hw_primary(  674): app type:0x   0, is_voip:0, device:2, pcm:-352510464, usecase:0x   8
04-14 18:20:45.061 I/audio_hw_primary(  674): app type:0x   0, is_voip:0, device:2, pcm:-352510464, usecase:0x   8
04-14 18:20:45.103 D/SmartBandWith_Controller2( 1092): [handleMessage] what: 1004
04-14 18:20:45.103 D/SmartBandWith_Controller2( 1092): [isNetworkRateSatisfy]mUid = 10282, curWhiteAppByte = 9802655134 Byte
04-14 18:20:45.103 D/SmartBandWith_Controller2( 1092): [isNetworkRateSatisfy]System totalRate = 0.19466145 kbps
04-14 18:20:45.103 D/SmartBandWith_Controller2( 1092): system network is out of limit scale or fg App not using
04-14 18:20:45.103 D/SmartBandWith_Controller2( 1092): isNetworkRateSatisfy: false
04-14 18:20:45.105 I/audio_hw_primary(  674): app type:0x   0, is_voip:0, device:2, pcm:-352510464, usecase:0x   8
04-14 18:20:45.145 I/audio_hw_primary(  674): app type:0x   0, is_voip:0, device:2, pcm:-352510464, usecase:0x   8
04-14 18:20:45.178 E/BX      (13282): [nonstd::optional<StrategyResult> bytebench::ruleengine::BXRuleEngine::executorStrategy(int, const std::string &, bytebench::ruleengine::MatchParams &, bool):95] bytebench_1233, get strategy failed: studio_is_enable_bytevc1enc8_plugin
04-14 18:20:45.183 I/audio_hw_primary(  674): app type:0x   0, is_voip:0, device:2, pcm:-352510464, usecase:0x   8
04-14 18:20:45.225 I/audio_hw_primary(  674): app type:0x   0, is_voip:0, device:2, pcm:-352510464, usecase:0x   8
04-14 18:20:45.236 I/DPUModule(  679): DpuR5P0::checkLayerFormat <142>: checkLayerFormat: Format(1)
04-14 18:20:45.236 I/DPUModule(  679): DpuR5P0::checkTransform <35>: checkTransform: Transform(0), SRCRect(0,0)
04-14 18:20:45.236 I/DPUModule(  679): DpuR5P0::checkAFBCBlockSize <97>: checkAFBCBlockSize: compressed(1),format(1), pitch(720), vstride(1616)
04-14 18:20:45.236 I/DPUModule(  679): DpuR5P0::checkLayerFormat <142>: checkLayerFormat: Format(1)
04-14 18:20:45.236 I/DPUModule(  679): DpuR5P0::checkTransform <35>: checkTransform: Transform(0), SRCRect(0,0)
04-14 18:20:45.236 I/DPUModule(  679): DpuR5P0::checkAFBCBlockSize <97>: checkAFBCBlockSize: compressed(1),format(1), pitch(720), vstride(80)
