04-14 18:20:52.735 I/DPUModule(  679): DpuR5P0::checkLayerFormat <142>: checkLayerFormat: Format(1)
04-14 18:20:52.735 I/DPUModule(  679): DpuR5P0::checkTransform <35>: checkTransform: Transform(0), SRCRect(0,0)
04-14 18:20:52.735 I/DPUModule(  679): DpuR5P0::checkAFBCBlockSize <97>: checkAFBCBlockSize: compressed(1),format(1), pitch(720), vstride(80)
04-14 18:20:52.735 I/DPUModule(  679): DpuR5P0::checkLayerFormat <142>: checkLayerFormat: Format(1)
04-14 18:20:52.735 I/DPUModule(  679): DpuR5P0::checkTransform <35>: checkTransform: Transform(0), SRCRect(0,0)
04-14 18:20:52.735 I/DPUModule(  679): DpuR5P0::checkAFBCBlockSize <97>: checkAFBCBlockSize: compressed(1),format(1), pitch(720), vstride(96)
04-14 18:20:52.735 D/DPUModule(  679): [ …śhu] support: 0
04-14 18:20:52.743 I/audio_hw_primary(  674): app type:0x   0, is_voip:0, device:2, pcm:-352510464, usecase:0x   8
04-14 18:20:52.751 I/DPUModule(  679): DpuR5P0::checkLayerFormat <142>: checkLayerFormat: Format(1)
04-14 18:20:52.751 I/DPUModule(  679): DpuR5P0::checkTransform <35>: checkTransform: Transform(0), SRCRect(0,0)
04-14 18:20:52.751 I/DPUModule(  679): DpuR5P0::checkAFBCBlockSize <97>: checkAFBCBlockSize: compressed(1),format(1), pitch(720), vstride(1616)
04-14 18:20:52.751 I/DPUModule(  679): DpuR5P0::checkLayerFormat <142>: checkLayerFormat: Format(1)
04-14 18:20:52.751 I/DPUModule(  679): DpuR5P0::checkTransform <35>: checkTransform: Transform(0), SRCRect(0,0)
04-14 18:20:52.751 I/DPUModule(  679): DpuR5P0::checkAFBCBlockSize <97>: checkAFBCBlockSize: compressed(1),format(1), pitch(720), vstride(80)
04-14 18:20:52.751 I/DPUModule(  679): DpuR5P0::checkLayerFormat <142>: checkLayerFormat: Format(1)
04-14 18:20:52.751 I/DPUModule(  679): DpuR5P0::checkTransform <35>: checkTransform: Transform(0), SRCRect(0,0)
04-14 18:20:52.751 I/DPUModule(  679): DpuR5P0::checkAFBCBlockSize <97>: checkAFBCBlockSize: compressed(1),format(1), pitch(720), vstride(96)
04-14 18:20:52.751 D/DPUModule(  679): [ …śhu] support: 0
04-14 18:20:52.782 I/audio_hw_primary(  674): app type:0x   0, is_voip:0, device:2, pcm:-352510464, usecase:0x   8
04-14 18:20:52.823 I/audio_hw_primary(  674): app type:0x   0, is_voip:0, device:2, pcm:-352510464, usecase:0x   8
04-14 18:20:52.862 I/audio_hw_primary(  674): app type:0x   0, is_voip:0, device:2, pcm:-352510464, usecase:0x   8
04-14 18:20:52.904 I/audio_hw_primary(  674): app type:0x   0, is_voip:0, device:2, pcm:-352510464, usecase:0x   8
04-14 18:20:52.942 I/audio_hw_primary(  674): app type:0x   0, is_voip:0, device:2, pcm:-352510464, usecase:0x   8
04-14 18:20:52.979 I/audio_hw_primary(  674): app type:0x   0, is_voip:0, device:2, pcm:-352510464, usecase:0x   8
04-14 18:20:53.024 I/audio_hw_primary(  674): app type:0x   0, is_voip:0, device:2, pcm:-352510464, usecase:0x   8
04-14 18:20:53.034 I/DPUModule(  679): DpuR5P0::checkLayerFormat <142>: checkLayerFormat: Format(1)
04-14 18:20:53.034 I/DPUModule(  679): DpuR5P0::checkTransform <35>: checkTransform: Transform(0), SRCRect(0,0)
04-14 18:20:53.034 I/DPUModule(  679): DpuR5P0::checkAFBCBlockSize <97>: checkAFBCBlockSize: compressed(1),format(1), pitch(720), vstride(1616)
04-14 18:20:53.034 I/DPUModule(  679): DpuR5P0::checkLayerFormat <142>: checkLayerFormat: Format(1)
04-14 18:20:53.034 I/DPUModule(  679): DpuR5P0::checkTransform <35>: checkTransform: Transform(0), SRCRect(0,0)
04-14 18:20:53.034 I/DPUModule(  679): DpuR5P0::checkAFBCBlockSize <97>: checkAFBCBlockSize: compressed(1),format(1), pitch(720), vstride(80)
04-14 18:20:53.034 I/DPUModule(  679): DpuR5P0::checkLayerFormat <142>: checkLayerFormat: Format(1)
04-14 18:20:53.034 I/DPUModule(  679): DpuR5P0::checkTransform <35>: checkTransform: Transform(0), SRCRect(0,0)
04-14 18:20:53.034 I/DPUModule(  679): DpuR5P0::checkAFBCBlockSize <97>: checkAFBCBlockSize: compressed(1),format(1), pitch(720), vstride(96)
04-14 18:20:53.034 D/DPUModule(  679): [ …śhu] support: 0
04-14 18:20:53.051 I/DPUModule(  679): DpuR5P0::checkLayerFormat <142>: checkLayerFormat: Format(1)
04-14 18:20:53.051 I/DPUModule(  679): DpuR5P0::checkTransform <35>: checkTransform: Transform(0), SRCRect(0,0)
04-14 18:20:53.052 I/DPUModule(  679): DpuR5P0::checkAFBCBlockSize <97>: checkAFBCBlockSize: compressed(1),format(1), pitch(720), vstride(1616)
04-14 18:20:53.052 I/DPUModule(  679): DpuR5P0::checkLayerFormat <142>: checkLayerFormat: Format(1)
04-14 18:20:53.052 I/DPUModule(  679): DpuR5P0::checkTransform <35>: checkTransform: Transform(0), SRCRect(0,0)
04-14 18:20:53.052 I/DPUModule(  679): DpuR5P0::checkAFBCBlockSize <97>: checkAFBCBlockSize: compressed(1),format(1), pitch(720), vstride(80)
04-14 18:20:53.052 I/DPUModule(  679): DpuR5P0::checkLayerFormat <142>: checkLayerFormat: Format(1)
04-14 18:20:53.052 I/DPUModule(  679): DpuR5P0::checkTransform <35>: checkTransform: Transform(0), SRCRect(0,0)
04-14 18:20:53.052 I/DPUModule(  679): DpuR5P0::checkAFBCBlockSize <97>: checkAFBCBlockSize: compressed(1),format(1), pitch(720), vstride(96)
04-14 18:20:53.052 D/DPUModule(  679): [ …śhu] support: 0
04-14 18:20:53.061 I/audio_hw_primary(  674): app type:0x   0, is_voip:0, device:2, pcm:-352510464, usecase:0x   8
04-14 18:20:53.103 I/audio_hw_primary(  674): app type:0x   0, is_voip:0, device:2, pcm:-352510464, usecase:0x   8
04-14 18:20:53.140 I/audio_hw_primary(  674): app type:0x   0, is_voip:0, device:2, pcm:-352510464, usecase:0x   8
04-14 18:20:53.184 I/audio_hw_primary(  674): app type:0x   0, is_voip:0, device:2, pcm:-352510464, usecase:0x   8
04-14 18:20:53.226 I/audio_hw_primary(  674): app type:0x   0, is_voip:0, device:2, pcm:-352510464, usecase:0x   8
04-14 18:20:53.266 I/audio_hw_primary(  674): app type:0x   0, is_voip:0, device:2, pcm:-352510464, usecase:0x   8
04-14 18:20:53.302 I/audio_hw_primary(  674): app type:0x   0, is_voip:0, device:2, pcm:-352510464, usecase:0x   8
04-14 18:20:53.334 I/DPUModule(  679): DpuR5P0::checkLayerFormat <142>: checkLayerFormat: Format(1)
04-14 18:20:53.335 I/DPUModule(  679): DpuR5P0::checkTransform <35>: checkTransform: Transform(0), SRCRect(0,0)
04-14 18:20:53.335 I/DPUModule(  679): DpuR5P0::checkAFBCBlockSize <97>: checkAFBCBlockSize: compressed(1),format(1), pitch(720), vstride(1616)
04-14 18:20:53.335 I/DPUModule(  679): DpuR5P0::checkLayerFormat <142>: checkLayerFormat: Format(1)
04-14 18:20:53.335 I/DPUModule(  679): DpuR5P0::checkTransform <35>: checkTransform: Transform(0), SRCRect(0,0)
04-14 18:20:53.335 I/DPUModule(  679): DpuR5P0::checkAFBCBlockSize <97>: checkAFBCBlockSize: compressed(1),format(1), pitch(720), vstride(80)
04-14 18:20:53.335 I/DPUModule(  679): DpuR5P0::checkLayerFormat <142>: checkLayerFormat: Format(1)
04-14 18:20:53.335 I/DPUModule(  679): DpuR5P0::checkTransform <35>: checkTransform: Transform(0), SRCRect(0,0)
04-14 18:20:53.335 I/DPUModule(  679): DpuR5P0::checkAFBCBlockSize <97>: checkAFBCBlockSize: compressed(1),format(1), pitch(720), vstride(96)
04-14 18:20:53.335 D/DPUModule(  679): [ …śhu] support: 0
04-14 18:20:53.344 I/audio_hw_primary(  674): app type:0x   0, is_voip:0, device:2, pcm:-352510464, usecase:0x   8
04-14 18:20:53.351 I/DPUModule(  679): DpuR5P0::checkLayerFormat <142>: checkLayerFormat: Format(1)
04-14 18:20:53.351 I/DPUModule(  679): DpuR5P0::checkTransform <35>: checkTransform: Transform(0), SRCRect(0,0)
04-14 18:20:53.351 I/DPUModule(  679): DpuR5P0::checkAFBCBlockSize <97>: checkAFBCBlockSize: compressed(1),format(1), pitch(720), vstride(1616)
04-14 18:20:53.351 I/DPUModule(  679): DpuR5P0::checkLayerFormat <142>: checkLayerFormat: Format(1)
04-14 18:20:53.351 I/DPUModule(  679): DpuR5P0::checkTransform <35>: checkTransform: Transform(0), SRCRect(0,0)
04-14 18:20:53.351 I/DPUModule(  679): DpuR5P0::checkAFBCBlockSize <97>: checkAFBCBlockSize: compressed(1),format(1), pitch(720), vstride(80)
04-14 18:20:53.351 I/DPUModule(  679): DpuR5P0::checkLayerFormat <142>: checkLayerFormat: Format(1)
04-14 18:20:53.351 I/DPUModule(  679): DpuR5P0::checkTransform <35>: checkTransform: Transform(0), SRCRect(0,0)
04-14 18:20:53.351 I/DPUModule(  679): DpuR5P0::checkAFBCBlockSize <97>: checkAFBCBlockSize: compressed(1),format(1), pitch(720), vstride(96)
04-14 18:20:53.351 D/DPUModule(  679): [ …śhu] support: 0
04-14 18:20:53.381 I/audio_hw_primary(  674): app type:0x   0, is_voip:0, device:2, pcm:-352510464, usecase:0x   8
04-14 18:20:53.421 I/audio_hw_primary(  674): app type:0x   0, is_voip:0, device:2, pcm:-352510464, usecase:0x   8
04-14 18:20:53.466 I/audio_hw_primary(  674): app type:0x   0, is_voip:0, device:2, pcm:-352510464, usecase:0x   8
04-14 18:20:53.504 I/audio_hw_primary(  674): app type:0x   0, is_voip:0, device:2, pcm:-352510464, usecase:0x   8
04-14 18:20:53.539 I/ActivityManager( 1092): Waited long enough for: ServiceRecord{1d9ee38 u0 com.facebook.services/com.facebook.oxygen.services.fbns.PreloadedFbnsService}
04-14 18:20:53.539 I/BroadcastQueue( 1092): Resuming delayed broadcast
04-14 18:20:53.540 D/ActivityManager( 1092): PROFILE_FROM_SHELL is disabled for ProcessRecord{d66c201 0:com.folderv.file/u0a202}
04-14 18:20:53.541 D/CompatibilityChangeReporter( 1092): Compat change id reported: 135634846; UID 10202; state: DISABLED
04-14 18:20:53.541 D/CompatibilityChangeReporter( 1092): Compat change id reported: 177438394; UID 10202; state: DISABLED
04-14 18:20:53.541 D/CompatibilityChangeReporter( 1092): Compat change id reported: 135772972; UID 10202; state: DISABLED
04-14 18:20:53.541 D/CompatibilityChangeReporter( 1092): Compat change id reported: 135754954; UID 10202; state: ENABLED
04-14 18:20:53.542 D/ActivityManager( 1092): asking zygote to start proc:ProcessRecord{d66c201 0:com.folderv.file/u0a202}
04-14 18:20:53.542 D/CompatibilityChangeReporter( 1092): Compat change id reported: 143937733; UID 10202; state: ENABLED
04-14 18:20:53.543 D/Prefork ( 1092): startResult is empty and running normal execution.
04-14 18:20:53.544 I/audio_hw_primary(  674): app type:0x   0, is_voip:0, device:2, pcm:-352510464, usecase:0x   8
04-14 18:20:53.554 D/Zygote  (  658): Forked child process 15725
04-14 18:20:53.555 I/ActivityManager( 1092): Start proc 15725:com.folderv.file/u0a202 for broadcast {com.folderv.file/com.folderv.file.UsbBroadcastReceiver}
04-14 18:20:53.567 I/om.folderv.file(15725): Using CollectorTypeCMC GC.
04-14 18:20:53.573 I/NullBinder(15011): NullBinder for com.google.android.gms.semanticlocation.service.START_ODLH triggering remote TransactionTooLargeException due to Service without Chimera impl, calling uid: 10129, calling pid: 15242
04-14 18:20:53.573 W/.gms.persistent(15011): Large reply transaction of 1056768 bytes, interface descriptor , code 46
04-14 18:20:53.574 E/JavaBinder(15242): !!! FAILED BINDER TRANSACTION !!!  (parcel size = 784)
04-14 18:20:53.577 D/nativeloader(15725): Load libframework-connectivity-tiramisu-jni.so using APEX ns com_android_tethering for caller /apex/com.android.tethering/javalib/framework-connectivity-t.jar: ok
04-14 18:20:53.581 I/audio_hw_primary(  674): app type:0x   0, is_voip:0, device:2, pcm:-352510464, usecase:0x   8
04-14 18:20:53.584 I/DPUModule(  679): DpuR5P0::checkLayerFormat <142>: checkLayerFormat: Format(1)
04-14 18:20:53.584 I/DPUModule(  679): DpuR5P0::checkTransform <35>: checkTransform: Transform(0), SRCRect(0,0)
04-14 18:20:53.584 I/DPUModule(  679): DpuR5P0::checkAFBCBlockSize <97>: checkAFBCBlockSize: compressed(1),format(1), pitch(720), vstride(1616)
04-14 18:20:53.584 I/DPUModule(  679): DpuR5P0::checkLayerFormat <142>: checkLayerFormat: Format(1)
04-14 18:20:53.584 I/DPUModule(  679): DpuR5P0::checkTransform <35>: checkTransform: Transform(0), SRCRect(0,0)
04-14 18:20:53.584 I/DPUModule(  679): DpuR5P0::checkAFBCBlockSize <97>: checkAFBCBlockSize: compressed(1),format(1), pitch(720), vstride(80)
04-14 18:20:53.584 I/DPUModule(  679): DpuR5P0::checkLayerFormat <142>: checkLayerFormat: Format(1)
04-14 18:20:53.584 I/DPUModule(  679): DpuR5P0::checkTransform <35>: checkTransform: Transform(0), SRCRect(0,0)
04-14 18:20:53.584 I/DPUModule(  679): DpuR5P0::checkAFBCBlockSize <97>: checkAFBCBlockSize: compressed(1),format(1), pitch(720), vstride(96)
04-14 18:20:53.584 D/DPUModule(  679): [ …śhu] support: 0
04-14 18:20:53.592 D/CompatibilityChangeReporter( 1092): Compat change id reported: 168419799; UID 10202; state: DISABLED
04-14 18:20:53.593 D/os.ActivityManagerServiceLice( 1092): make process active com.folderv.file(15725)
04-14 18:20:53.595 E/om.folderv.file(15725): Could not write anonymous vdex /system_ext/framework/oat/arm64/unisoc-framework.vdex: Could not open /system_ext/framework/oat/arm64/unisoc-framework.vdex for writing
04-14 18:20:53.597 D/Hiber/appStateMachine( 1092): uid:10202 enter RunningState
04-14 18:20:53.598 D/CompatibilityChangeReporter(15725): Compat change id reported: 171979766; UID 10202; state: ENABLED
04-14 18:20:53.604 D/TranClassInfo(15725): instance successfully. com.transsion.hubcore.graphics.TranGraphicImpl@d5c8fb3 from com.transsion.hubcore.graphics.ITranGraphic
04-14 18:20:53.605 D/os.SingleLiceFactory(15725): instance successfully. com.transsion.typeface.v1.TypefaceLice@6a34b61 from android.graphics.IGraphicLice
04-14 18:20:53.605 D/os.LiceInfo(15725): instance successfully. com.transsion.graphics.GraphicLice@ba3e970 from android.graphics.IGraphicLice
04-14 18:20:53.610 W/om.folderv.file(15725): userfaultfd: MOVE ioctl seems unsupported: Success
04-14 18:20:53.618 I/DPUModule(  679): DpuR5P0::checkLayerFormat <142>: checkLayerFormat: Format(1)
04-14 18:20:53.618 I/DPUModule(  679): DpuR5P0::checkTransform <35>: checkTransform: Transform(0), SRCRect(0,0)
04-14 18:20:53.618 I/DPUModule(  679): DpuR5P0::checkAFBCBlockSize <97>: checkAFBCBlockSize: compressed(1),format(1), pitch(720), vstride(1616)
04-14 18:20:53.618 I/DPUModule(  679): DpuR5P0::checkLayerFormat <142>: checkLayerFormat: Format(1)
04-14 18:20:53.618 I/DPUModule(  679): DpuR5P0::checkTransform <35>: checkTransform: Transform(0), SRCRect(0,0)
04-14 18:20:53.618 I/DPUModule(  679): DpuR5P0::checkAFBCBlockSize <97>: checkAFBCBlockSize: compressed(1),format(1), pitch(720), vstride(80)
04-14 18:20:53.618 I/DPUModule(  679): DpuR5P0::checkLayerFormat <142>: checkLayerFormat: Format(1)
04-14 18:20:53.618 I/DPUModule(  679): DpuR5P0::checkTransform <35>: checkTransform: Transform(0), SRCRect(0,0)
04-14 18:20:53.618 I/DPUModule(  679): DpuR5P0::checkAFBCBlockSize <97>: checkAFBCBlockSize: compressed(1),format(1), pitch(720), vstride(96)
04-14 18:20:53.618 D/DPUModule(  679): [ …śhu] support: 0
04-14 18:20:53.620 I/audio_hw_primary(  674): app type:0x   0, is_voip:0, device:2, pcm:-352510464, usecase:0x   8
04-14 18:20:53.634 I/DPUModule(  679): DpuR5P0::checkLayerFormat <142>: checkLayerFormat: Format(1)
04-14 18:20:53.634 I/DPUModule(  679): DpuR5P0::checkTransform <35>: checkTransform: Transform(0), SRCRect(0,0)
04-14 18:20:53.634 I/DPUModule(  679): DpuR5P0::checkAFBCBlockSize <97>: checkAFBCBlockSize: compressed(1),format(1), pitch(720), vstride(1616)
04-14 18:20:53.634 I/DPUModule(  679): DpuR5P0::checkLayerFormat <142>: checkLayerFormat: Format(1)
04-14 18:20:53.634 I/DPUModule(  679): DpuR5P0::checkTransform <35>: checkTransform: Transform(0), SRCRect(0,0)
04-14 18:20:53.634 I/DPUModule(  679): DpuR5P0::checkAFBCBlockSize <97>: checkAFBCBlockSize: compressed(1),format(1), pitch(720), vstride(80)
04-14 18:20:53.634 I/DPUModule(  679): DpuR5P0::checkLayerFormat <142>: checkLayerFormat: Format(1)
04-14 18:20:53.634 I/DPUModule(  679): DpuR5P0::checkTransform <35>: checkTransform: Transform(0), SRCRect(0,0)
04-14 18:20:53.634 I/DPUModule(  679): DpuR5P0::checkAFBCBlockSize <97>: checkAFBCBlockSize: compressed(1),format(1), pitch(720), vstride(96)
04-14 18:20:53.634 D/DPUModule(  679): [ …śhu] support: 0
04-14 18:20:53.647 D/nativeloader(15725): Configuring clns-4 for other apk /system/framework/org.apache.http.legacy.jar. target_sdk_version=35, uses_libraries=ALL, library_path=/data/app/~~EBvdSmSNNENbaJVikqCDIg==/com.folderv.file-KUehmoBLOHL27y4KiS6tdw==/lib/arm64:/data/app/~~EBvdSmSNNENbaJVikqCDIg==/com.folderv.file-KUehmoBLOHL27y4KiS6tdw==/base.apk!/lib/arm64-v8a:/data/app/~~EBvdSmSNNENbaJVikqCDIg==/com.folderv.file-KUehmoBLOHL27y4KiS6tdw==/split_config.arm64_v8a.apk!/lib/arm64-v8a:/data/app/~~EBvdSmSNNENbaJVikqCDIg==/com.folderv.file-KUehmoBLOHL27y4KiS6tdw==/split_config.xhdpi.apk!/lib/arm64-v8a, permitted_path=/data:/mnt/expand:/data/user/0/com.folderv.file
04-14 18:20:53.651 I/DPUModule(  679): DpuR5P0::checkLayerFormat <142>: checkLayerFormat: Format(1)
04-14 18:20:53.651 I/DPUModule(  679): DpuR5P0::checkTransform <35>: checkTransform: Transform(0), SRCRect(0,0)
04-14 18:20:53.651 I/DPUModule(  679): DpuR5P0::checkAFBCBlockSize <97>: checkAFBCBlockSize: compressed(1),format(1), pitch(720), vstride(1616)
04-14 18:20:53.651 I/DPUModule(  679): DpuR5P0::checkLayerFormat <142>: checkLayerFormat: Format(1)
04-14 18:20:53.651 I/DPUModule(  679): DpuR5P0::checkTransform <35>: checkTransform: Transform(0), SRCRect(0,0)
04-14 18:20:53.651 I/DPUModule(  679): DpuR5P0::checkAFBCBlockSize <97>: checkAFBCBlockSize: compressed(1),format(1), pitch(720), vstride(80)
04-14 18:20:53.651 I/DPUModule(  679): DpuR5P0::checkLayerFormat <142>: checkLayerFormat: Format(1)
04-14 18:20:53.651 I/DPUModule(  679): DpuR5P0::checkTransform <35>: checkTransform: Transform(0), SRCRect(0,0)
04-14 18:20:53.651 I/DPUModule(  679): DpuR5P0::checkAFBCBlockSize <97>: checkAFBCBlockSize: compressed(1),format(1), pitch(720), vstride(96)
04-14 18:20:53.651 D/DPUModule(  679): [ …śhu] support: 0
04-14 18:20:53.661 I/audio_hw_primary(  674): app type:0x   0, is_voip:0, device:2, pcm:-352510464, usecase:0x   8
04-14 18:20:53.701 I/audio_hw_primary(  674): app type:0x   0, is_voip:0, device:2, pcm:-352510464, usecase:0x   8
04-14 18:20:53.739 W/om.folderv.file(15725): Failed to find entry 'classes.dex': Entry not found
04-14 18:20:53.741 I/audio_hw_primary(  674): app type:0x   0, is_voip:0, device:2, pcm:-352510464, usecase:0x   8
04-14 18:20:53.745 W/om.folderv.file(15725): Failed to find entry 'classes.dex': Entry not found
04-14 18:20:53.746 D/nativeloader(15725): Configuring clns-5 for other apk /data/app/~~EBvdSmSNNENbaJVikqCDIg==/com.folderv.file-KUehmoBLOHL27y4KiS6tdw==/base.apk:/data/app/~~EBvdSmSNNENbaJVikqCDIg==/com.folderv.file-KUehmoBLOHL27y4KiS6tdw==/split_config.arm64_v8a.apk:/data/app/~~EBvdSmSNNENbaJVikqCDIg==/com.folderv.file-KUehmoBLOHL27y4KiS6tdw==/split_config.xhdpi.apk. target_sdk_version=35, uses_libraries=, library_path=/data/app/~~EBvdSmSNNENbaJVikqCDIg==/com.folderv.file-KUehmoBLOHL27y4KiS6tdw==/lib/arm64:/data/app/~~EBvdSmSNNENbaJVikqCDIg==/com.folderv.file-KUehmoBLOHL27y4KiS6tdw==/base.apk!/lib/arm64-v8a:/data/app/~~EBvdSmSNNENbaJVikqCDIg==/com.folderv.file-KUehmoBLOHL27y4KiS6tdw==/split_config.arm64_v8a.apk!/lib/arm64-v8a:/data/app/~~EBvdSmSNNENbaJVikqCDIg==/com.folderv.file-KUehmoBLOHL27y4KiS6tdw==/split_config.xhdpi.apk!/lib/arm64-v8a, permitted_path=/data:/mnt/expand:/data/user/0/com.folderv.file
04-14 18:20:53.781 I/audio_hw_primary(  674): app type:0x   0, is_voip:0, device:2, pcm:-352510464, usecase:0x   8
04-14 18:20:53.789 D/MediaStrategy(13282): <vc_log.cpp,event,147>[center][event] on event, id = 7396188573567682053_1776186992718_7628547306077310241, key = 3039, value = 2, info = , jsonLog = null
04-14 18:20:53.790 D/MediaStrategy(13282): <vc_log.cpp,event,147>[center][event] on event, id = 7396188573567682053_1776186992718_7628547306077310241, key = 3031, value = 0, info = 1776187253790, jsonLog = null
04-14 18:20:53.790 D/MediaStrategy(13282): <vc_log.cpp,event,147>[center][event] on event, id = 7396188573567682053_1776186992718_7628547306077310241, key = 3039, value = 4, info = , jsonLog = null
04-14 18:20:53.790 D/MediaStrategy(13282): <vc_log.cpp,event,147>[center][event] on event, id = 7396188573567682053_1776186992718_7628547306077310241, key = 3030, value = 0, info = , jsonLog = {"hash":"dcb13b840f4d103e986c43bf16bc480f","off":3229323,"size":19591}
04-14 18:20:53.790 D/MediaStrategy(13282): <vc_play_task.cpp,obtainAVMDLDownloadContext,887>[center] [range] play strategy, range control, off = 3229323, size = 19591, blockFlag = 0, pieceSize = 0, minRangeSize = 0, jitterBufMin = 0, abrReadEndOff = -1, extraInfo = cmcd_priority=3, ret = 0
04-14 18:20:53.792 D/MediaStrategy(13282): <vc_log.cpp,event,147>[center][event] on event, id = 7396188573567682053_1776186992718_7628547306077310241, key = 3031, value = 0, info = 1776187253792, jsonLog = null
04-14 18:20:53.797 D/nativeloader(15725): Load libframework-connectivity-jni.so using APEX ns com_android_tethering for caller /apex/com.android.tethering/javalib/framework-connectivity.jar: ok
04-14 18:20:53.802 V/GraphicsEnvironment(15725): ANGLE Developer option for 'com.folderv.file' set to: 'default'
04-14 18:20:53.803 V/GraphicsEnvironment(15725): ANGLE GameManagerService for com.folderv.file: false
04-14 18:20:53.803 V/GraphicsEnvironment(15725): Neither updatable production driver nor prerelease driver is supported.
04-14 18:20:53.808 D/GNSSMGT (  955): watchdog: PowerState: CP SLEEP
04-14 18:20:53.819 I/LoadedApk(15725): No resource references to update in package com.transsion.theme.icon
04-14 18:20:53.820 D/NetworkSecurityConfig(15725): Using Network Security Config from resource network_security_config debugBuild: false
04-14 18:20:53.820 I/audio_hw_primary(  674): app type:0x   0, is_voip:0, device:2, pcm:-352510464, usecase:0x   8
04-14 18:20:53.825 D/NetworkSecurityConfig(15725): Using Network Security Config from resource network_security_config debugBuild: false
04-14 18:20:53.863 I/audio_hw_primary(  674): app type:0x   0, is_voip:0, device:2, pcm:-352510464, usecase:0x   8
04-14 18:20:53.903 I/audio_hw_primary(  674): app type:0x   0, is_voip:0, device:2, pcm:-352510464, usecase:0x   8
04-14 18:20:53.905 I/MultiDex(15725): VM with version 2.1.0 has multidex support
04-14 18:20:53.906 I/MultiDex(15725): Installing application
04-14 18:20:53.906 I/MultiDex(15725): VM has multidex support, MultiDex support library is disabled.
04-14 18:20:53.939 I/audio_hw_primary(  674): app type:0x   0, is_voip:0, device:2, pcm:-352510464, usecase:0x   8
04-14 18:20:53.950 I/DPUModule(  679): DpuR5P0::checkLayerFormat <142>: checkLayerFormat: Format(1)
04-14 18:20:53.950 I/DPUModule(  679): DpuR5P0::checkTransform <35>: checkTransform: Transform(0), SRCRect(0,0)
04-14 18:20:53.950 I/DPUModule(  679): DpuR5P0::checkAFBCBlockSize <97>: checkAFBCBlockSize: compressed(1),format(1), pitch(720), vstride(1616)
04-14 18:20:53.950 I/DPUModule(  679): DpuR5P0::checkLayerFormat <142>: checkLayerFormat: Format(1)
04-14 18:20:53.950 I/DPUModule(  679): DpuR5P0::checkTransform <35>: checkTransform: Transform(0), SRCRect(0,0)
04-14 18:20:53.950 I/DPUModule(  679): DpuR5P0::checkAFBCBlockSize <97>: checkAFBCBlockSize: compressed(1),format(1), pitch(720), vstride(80)
04-14 18:20:53.950 I/DPUModule(  679): DpuR5P0::checkLayerFormat <142>: checkLayerFormat: Format(1)
04-14 18:20:53.950 I/DPUModule(  679): DpuR5P0::checkTransform <35>: checkTransform: Transform(0), SRCRect(0,0)
04-14 18:20:53.950 I/DPUModule(  679): DpuR5P0::checkAFBCBlockSize <97>: checkAFBCBlockSize: compressed(1),format(1), pitch(720), vstride(96)
04-14 18:20:53.950 D/DPUModule(  679): [ …śhu] support: 0
04-14 18:20:53.982 I/audio_hw_primary(  674): app type:0x   0, is_voip:0, device:2, pcm:-352510464, usecase:0x   8
04-14 18:20:53.983 I/DPUModule(  679): DpuR5P0::checkLayerFormat <142>: checkLayerFormat: Format(1)
04-14 18:20:53.983 I/DPUModule(  679): DpuR5P0::checkTransform <35>: checkTransform: Transform(0), SRCRect(0,0)
04-14 18:20:53.983 I/DPUModule(  679): DpuR5P0::checkAFBCBlockSize <97>: checkAFBCBlockSize: compressed(1),format(1), pitch(720), vstride(1616)
04-14 18:20:53.983 I/DPUModule(  679): DpuR5P0::checkLayerFormat <142>: checkLayerFormat: Format(1)
04-14 18:20:53.983 I/DPUModule(  679): DpuR5P0::checkTransform <35>: checkTransform: Transform(0), SRCRect(0,0)
04-14 18:20:53.983 I/DPUModule(  679): DpuR5P0::checkAFBCBlockSize <97>: checkAFBCBlockSize: compressed(1),format(1), pitch(720), vstride(80)
04-14 18:20:53.983 I/DPUModule(  679): DpuR5P0::checkLayerFormat <142>: checkLayerFormat: Format(1)
04-14 18:20:53.984 I/DPUModule(  679): DpuR5P0::checkTransform <35>: checkTransform: Transform(0), SRCRect(0,0)
04-14 18:20:53.984 I/DPUModule(  679): DpuR5P0::checkAFBCBlockSize <97>: checkAFBCBlockSize: compressed(1),format(1), pitch(720), vstride(96)
04-14 18:20:53.984 D/DPUModule(  679): [ …śhu] support: 0
04-14 18:20:54.023 I/audio_hw_primary(  674): app type:0x   0, is_voip:0, device:2, pcm:-352510464, usecase:0x   8
04-14 18:20:54.025 D/MediaStrategy(13282): <vc_log.cpp,event,147>[center][event] on event, id = 7396188573567682053_1776186992718_7628547306077310241, key = 3039, value = 2, info = , jsonLog = null
04-14 18:20:54.025 D/MediaStrategy(13282): <vc_log.cpp,event,147>[center][event] on event, id = 7396188573567682053_1776186992718_7628547306077310241, key = 3031, value = 0, info = 1776187254025, jsonLog = null
04-14 18:20:54.027 D/MediaStrategy(13282): <vc_log.cpp,event,147>[center][event] on event, id = 7396188573567682053_1776186992718_7628547306077310241, key = 3039, value = 4, info = , jsonLog = null
04-14 18:20:54.027 D/MediaStrategy(13282): <vc_log.cpp,event,147>[center][event] on event, id = 7396188573567682053_1776186992718_7628547306077310241, key = 3030, value = 0, info = , jsonLog = {"hash":"dcb13b840f4d103e986c43bf16bc480f","off":3248914,"size":204646}
04-14 18:20:54.027 D/MediaStrategy(13282): <vc_play_task.cpp,obtainAVMDLDownloadContext,887>[center] [range] play strategy, range control, off = 3248914, size = 204646, blockFlag = 0, pieceSize = 0, minRangeSize = 0, jitterBufMin = 0, abrReadEndOff = -1, extraInfo = cmcd_priority=3, ret = 0
04-14 18:20:54.031 D/MediaStrategy(13282): <vc_log.cpp,event,147>[center][event] on event, id = 7396188573567682053_1776186992718_7628547306077310241, key = 3031, value = 0, info = 1776187254031, jsonLog = null
04-14 18:20:54.060 D/CompatibilityChangeReporter(15725): Compat change id reported: 183155436; UID 10202; state: ENABLED
04-14 18:20:54.064 I/audio_hw_primary(  674): app type:0x   0, is_voip:0, device:2, pcm:-352510464, usecase:0x   8
04-14 18:20:54.103 D/SmartBandWith_Controller2( 1092): [handleMessage] what: 1004
04-14 18:20:54.103 I/audio_hw_primary(  674): app type:0x   0, is_voip:0, device:2, pcm:-352510464, usecase:0x   8
04-14 18:20:54.103 D/SmartBandWith_Controller2( 1092): [isNetworkRateSatisfy]mUid = 10282, curWhiteAppByte = 9802900994 Byte
04-14 18:20:54.103 D/SmartBandWith_Controller2( 1092): [isNetworkRateSatisfy]System totalRate = 8.566731 kbps
04-14 18:20:54.103 D/SmartBandWith_Controller2( 1092): system network is out of limit scale or fg App not using
04-14 18:20:54.103 D/SmartBandWith_Controller2( 1092): isNetworkRateSatisfy: false
04-14 18:20:54.121 D/SessionsDependencies(15725): Dependency to CRASHLYTICS added.
04-14 18:20:54.126 I/FirebaseApp(15725): Device unlocked: initializing all Firebase APIs for app [DEFAULT]
04-14 18:20:54.130 I/FirebaseCrashlytics(15725): Initializing Firebase Crashlytics 19.4.4 for com.folderv.file
04-14 18:20:54.141 I/audio_hw_primary(  674): app type:0x   0, is_voip:0, device:2, pcm:-352510464, usecase:0x   8
04-14 18:20:54.181 I/audio_hw_primary(  674): app type:0x   0, is_voip:0, device:2, pcm:-352510464, usecase:0x   8
04-14 18:20:54.186 D/nativeloader(15725): Load /data/app/~~EBvdSmSNNENbaJVikqCDIg==/com.folderv.file-KUehmoBLOHL27y4KiS6tdw==/split_config.arm64_v8a.apk!/lib/arm64-v8a/libcrashlytics.so using class loader ns clns-5 (caller=/data/app/~~EBvdSmSNNENbaJVikqCDIg==/com.folderv.file-KUehmoBLOHL27y4KiS6tdw==/base.apk!classes6.dex): ok
04-14 18:20:54.200 I/WM-WorkerWrapper(15392): Worker result SUCCESS for Work [ id=870b0d82-657d-46b2-9ade-3ca299efb80e, tags={ com.whatsapp.xmpp.messaging.XmppLifecycleWorker } ]
04-14 18:20:54.210 D/WM-Processor(15392): 1NF 870b0d82-657d-46b2-9ade-3ca299efb80e executed; reschedule = false
04-14 18:20:54.213 D/WM-GreedyScheduler(15392): Stopping tracking for WorkGenerationalId(workSpecId=870b0d82-657d-46b2-9ade-3ca299efb80e, generation=0)
04-14 18:20:54.217 D/WM-SystemJobService(15392): 870b0d82-657d-46b2-9ade-3ca299efb80e executed on JobScheduler
04-14 18:20:54.218 D/DeviceIdleControllerEx( 1092): packageName: com.whatsapp uid: 10191 is in preset white app list
04-14 18:20:54.221 I/audio_hw_primary(  674): app type:0x   0, is_voip:0, device:2, pcm:-352510464, usecase:0x   8
04-14 18:20:54.223 W/JobScheduler( 1092): Job didn't exist in JobStore: 756421b #u0a191/217539 com.whatsapp/androidx.work.impl.background.systemjob.SystemJobService
04-14 18:20:54.224 D/WM-SystemJobService(15392): onStopJob for WorkGenerationalId(workSpecId=870b0d82-657d-46b2-9ade-3ca299efb80e, generation=0)
04-14 18:20:54.224 D/AppOps  ( 1092): PNForegroundeval-evalMode-op:27 ,mode: 4 ,capability: 0
04-14 18:20:54.225 D/WM-GreedyScheduler(15392): Cancelling work ID 870b0d82-657d-46b2-9ade-3ca299efb80e
04-14 18:20:54.225 D/DeviceIdleControllerEx( 1092): packageName: com.whatsapp uid: 10191 is in preset white app list
04-14 18:20:54.228 D/AppOps  ( 1092): PNForegroundeval-evalMode-op:26 ,mode: 4 ,capability: 0
04-14 18:20:54.235 D/WM-NetworkStateTracker(15392): Unregistering network callback
04-14 18:20:54.243 D/SessionsDependencies(15725): Subscriber CRASHLYTICS registered.
04-14 18:20:54.258 I/audio_hw_primary(  674): app type:0x   0, is_voip:0, device:2, pcm:-352510464, usecase:0x   8
04-14 18:20:54.266 I/DPUModule(  679): DpuR5P0::checkLayerFormat <142>: checkLayerFormat: Format(1)
04-14 18:20:54.267 I/DPUModule(  679): DpuR5P0::checkTransform <35>: checkTransform: Transform(0), SRCRect(0,0)
04-14 18:20:54.267 I/DPUModule(  679): DpuR5P0::checkAFBCBlockSize <97>: checkAFBCBlockSize: compressed(1),format(1), pitch(720), vstride(1616)
04-14 18:20:54.267 I/DPUModule(  679): DpuR5P0::checkLayerFormat <142>: checkLayerFormat: Format(1)
04-14 18:20:54.267 I/DPUModule(  679): DpuR5P0::checkTransform <35>: checkTransform: Transform(0), SRCRect(0,0)
04-14 18:20:54.267 I/DPUModule(  679): DpuR5P0::checkAFBCBlockSize <97>: checkAFBCBlockSize: compressed(1),format(1), pitch(720), vstride(80)
04-14 18:20:54.267 I/DPUModule(  679): DpuR5P0::checkLayerFormat <142>: checkLayerFormat: Format(1)
04-14 18:20:54.267 I/DPUModule(  679): DpuR5P0::checkTransform <35>: checkTransform: Transform(0), SRCRect(0,0)
04-14 18:20:54.267 I/DPUModule(  679): DpuR5P0::checkAFBCBlockSize <97>: checkAFBCBlockSize: compressed(1),format(1), pitch(720), vstride(96)
04-14 18:20:54.267 D/DPUModule(  679): [ …śhu] support: 0
04-14 18:20:54.300 W/om.folderv.file(15725): ClassLoaderContext classpath size mismatch. expected=1, found=0 (DLC[];PCL[base.apk*1279174118]{PCL[/system/framework/org.apache.http.legacy.jar*1657016269]#PCL[/system/framework/com.android.location.provider.jar*105517020]#PCL[/system/framework/com.android.media.remotedisplay.jar*1751230919]} | DLC[];PCL[])
04-14 18:20:54.300 D/FirebaseSessions(15725): Initializing Firebase Sessions SDK.
04-14 18:20:54.303 D/libcrashlytics(15725): Initializing libcrashlytics version 3.2.0
04-14 18:20:54.304 I/audio_hw_primary(  674): app type:0x   0, is_voip:0, device:2, pcm:-352510464, usecase:0x   8
04-14 18:20:54.306 I/DynamiteModule(15725): Considering local module com.google.android.gms.measurement.dynamite:152 and remote module com.google.android.gms.measurement.dynamite:185
04-14 18:20:54.306 I/DynamiteModule(15725): Selected remote version of com.google.android.gms.measurement.dynamite, version >= 185
04-14 18:20:54.306 V/DynamiteModule(15725): Dynamite loader version >= 2, using loadModule2NoCrashUtils
04-14 18:20:54.310 I/FirebaseInitProvider(15725): FirebaseApp initialization successful
04-14 18:20:54.316 I/DPUModule(  679): DpuR5P0::checkLayerFormat <142>: checkLayerFormat: Format(1)
04-14 18:20:54.317 I/DPUModule(  679): DpuR5P0::checkTransform <35>: checkTransform: Transform(0), SRCRect(0,0)
04-14 18:20:54.317 I/DPUModule(  679): DpuR5P0::checkAFBCBlockSize <97>: checkAFBCBlockSize: compressed(1),format(1), pitch(720), vstride(1616)
04-14 18:20:54.317 I/DPUModule(  679): DpuR5P0::checkLayerFormat <142>: checkLayerFormat: Format(1)
04-14 18:20:54.317 I/DPUModule(  679): DpuR5P0::checkTransform <35>: checkTransform: Transform(0), SRCRect(0,0)
04-14 18:20:54.317 I/DPUModule(  679): DpuR5P0::checkAFBCBlockSize <97>: checkAFBCBlockSize: compressed(1),format(1), pitch(720), vstride(80)
04-14 18:20:54.317 I/DPUModule(  679): DpuR5P0::checkLayerFormat <142>: checkLayerFormat: Format(1)
04-14 18:20:54.317 I/DPUModule(  679): DpuR5P0::checkTransform <35>: checkTransform: Transform(0), SRCRect(0,0)
04-14 18:20:54.317 I/DPUModule(  679): DpuR5P0::checkAFBCBlockSize <97>: checkAFBCBlockSize: compressed(1),format(1), pitch(720), vstride(96)
04-14 18:20:54.317 D/DPUModule(  679): [ …śhu] support: 0
04-14 18:20:54.321 D/CompatibilityChangeReporter( 1092): Compat change id reported: 161145287; UID 10202; state: DISABLED
04-14 18:20:54.323 D/libcrashlytics(15725): Initializing native crash handling successful.
04-14 18:20:54.325 D/MediaStrategy(13282): <vc_log.cpp,event,147>[center][event] on event, id = 7396188573567682053_1776186992718_7628547306077310241, key = 3039, value = 1, info = , jsonLog = null
04-14 18:20:54.325 D/MediaStrategy(13282): <vc_log.cpp,event,147>[center][event] on event, id = v26044gc0000d7evaq7og65pj50fkedg, key = 2500, value = 1, info = 1776187254325, jsonLog = null
04-14 18:20:54.325 D/MediaStrategy(13282): <vc_log.cpp,event,147>[center][event] on event, id = 7396188573567682053_1776186992718_7628547306077310241, key = 3031, value = 2, info = 1776187254325, jsonLog = null
04-14 18:20:54.326 D/MediaStrategy(13282): <vc_log.cpp,event,147>[center][event] on event, id = 7396188573567682053_1776186992718_7628547306077310241, key = 3001, value = 10, info = , jsonLog = null
04-14 18:20:54.326 D/MediaStrategy(13282): <vc_play_task.cpp,obtainAVMDLDownloadContext,887>[center] [range] play strategy, range control, off = 3453560, size = 11503948, blockFlag = 1, pieceSize = 0, minRangeSize = 0, jitterBufMin = 0, abrReadEndOff = -1, extraInfo = (null), ret = 0
04-14 18:20:54.326 D/MediaStrategy(13282): <vc_log.cpp,event,147>[center][event] on event, id = v26044gc0000d7evaq7og65pj50fkedg, key = 2500, value = 1, info = 1776187254326, jsonLog = null
04-14 18:20:54.326 D/MediaStrategy(13282): <vc_log.cpp,event,147>[center][event] on event, id = 7396188573567682053_1776186992718_7628547306077310241, key = 3031, value = 2, info = 1776187254326, jsonLog = null
04-14 18:20:54.326 D/MediaStrategy(13282): <vc_log.cpp,event,147>[center][event] on event, id = 7396188573567682053_1776186992718_7628547306077310241, key = 3001, value = 10, info = , jsonLog = null
04-14 18:20:54.326 D/MediaStrategy(13282): <vc_play_task.cpp,obtainAVMDLDownloadContext,887>[center] [range] play strategy, range control, off = 3453560, size = 11503948, blockFlag = 1, pieceSize = 0, minRangeSize = 0, jitterBufMin = 0, abrReadEndOff = -1, extraInfo = (null), ret = 0
04-14 18:20:54.331 W/System  (15725): ClassLoader referenced unknown path: 
04-14 18:20:54.341 I/audio_hw_primary(  674): app type:0x   0, is_voip:0, device:2, pcm:-352510464, usecase:0x   8
04-14 18:20:54.339 D/nativeloader(15725): Configuring clns-6 for other apk . target_sdk_version=37, uses_libraries=, library_path=/data/app/~~umrKDfUpHzWGuiFKYFN7Zw==/com.google.android.gms-9FeGsjliGFfYRaKOB9ziRw==/lib/arm64:/data/app/~~umrKDfUpHzWGuiFKYFN7Zw==/com.google.android.gms-9FeGsjliGFfYRaKOB9ziRw==/base.apk!/lib/arm64-v8a, permitted_path=/data:/mnt/expand:/data/user/0/com.google.android.gms
04-14 18:20:54.343 I/FirebaseCrashlytics(15725): Saved version control info
04-14 18:20:54.381 W/om.folderv.file(15725): ClassLoaderContext classpath element checksum mismatch. expected=1279174118, found=2439570794 (DLC[];PCL[base.apk*1279174118]{PCL[/system/framework/org.apache.http.legacy.jar*1657016269]#PCL[/system/framework/com.android.location.provider.jar*105517020]#PCL[/system/framework/com.android.media.remotedisplay.jar*1751230919]} | DLC[];PCL[/data/app/~~EBvdSmSNNENbaJVikqCDIg==/com.folderv.file-KUehmoBLOHL27y4KiS6tdw==/base.apk*2439570794]{PCL[/system/framework/org.apache.http.legacy.jar*1657016269]})
04-14 18:20:54.381 I/audio_hw_primary(  674): app type:0x   0, is_voip:0, device:2, pcm:-352510464, usecase:0x   8
04-14 18:20:54.396 D/LifecycleServiceBinder(15725): Binding service to application.
04-14 18:20:54.400 D/EmbeddingBackend(15725): No supported embedding extension found
04-14 18:20:54.405 D/WM-WrkMgrInitializer(15725): Initializing WorkManager with default configuration.
04-14 18:20:54.416 D/WM-PackageManagerHelper(15725): Skipping component enablement for androidx.work.impl.background.systemjob.SystemJobService
04-14 18:20:54.416 D/WM-Schedulers(15725): Created SystemJobScheduler and enabled SystemJobService
04-14 18:20:54.418 D/WM-ForceStopRunnable(15725): The default process name was not specified.
04-14 18:20:54.419 D/WM-ForceStopRunnable(15725): Performing cleanup operations.
04-14 18:20:54.421 I/audio_hw_primary(  674): app type:0x   0, is_voip:0, device:2, pcm:-352510464, usecase:0x   8
04-14 18:20:54.454 D/CompatibilityChangeReporter(15725): Compat change id reported: 160794467; UID 10202; state: ENABLED
04-14 18:20:54.457 D/ShizukuProvider(15725): Initialize Sui: false
04-14 18:20:54.461 I/audio_hw_primary(  674): app type:0x   0, is_voip:0, device:2, pcm:-352510464, usecase:0x   8
04-14 18:20:54.464 W/CheckTime(15725): App running slow: Executing handleBindApplication : installContentProviders took 558ms
04-14 18:20:54.476 D/WM-PackageManagerHelper(15725): Skipping component enablement for androidx.work.impl.background.systemalarm.RescheduleReceiver
04-14 18:20:54.500 I/audio_hw_primary(  674): app type:0x   0, is_voip:0, device:2, pcm:-352510464, usecase:0x   8
04-14 18:20:54.544 I/audio_hw_primary(  674): app type:0x   0, is_voip:0, device:2, pcm:-352510464, usecase:0x   8
04-14 18:20:54.546 E/MediaThumbLoader(15725): flag:805306368
04-14 18:20:54.564 E/VideoThumbLoader(15725): flag:805306368
04-14 18:20:54.566 I/DPUModule(  679): DpuR5P0::checkLayerFormat <142>: checkLayerFormat: Format(1)
04-14 18:20:54.566 I/DPUModule(  679): DpuR5P0::checkTransform <35>: checkTransform: Transform(0), SRCRect(0,0)
04-14 18:20:54.566 I/DPUModule(  679): DpuR5P0::checkAFBCBlockSize <97>: checkAFBCBlockSize: compressed(1),format(1), pitch(720), vstride(1616)
04-14 18:20:54.566 I/DPUModule(  679): DpuR5P0::checkLayerFormat <142>: checkLayerFormat: Format(1)
04-14 18:20:54.566 I/DPUModule(  679): DpuR5P0::checkTransform <35>: checkTransform: Transform(0), SRCRect(0,0)
04-14 18:20:54.566 I/DPUModule(  679): DpuR5P0::checkAFBCBlockSize <97>: checkAFBCBlockSize: compressed(1),format(1), pitch(720), vstride(80)
04-14 18:20:54.566 I/DPUModule(  679): DpuR5P0::checkLayerFormat <142>: checkLayerFormat: Format(1)
04-14 18:20:54.566 I/DPUModule(  679): DpuR5P0::checkTransform <35>: checkTransform: Transform(0), SRCRect(0,0)
04-14 18:20:54.566 I/DPUModule(  679): DpuR5P0::checkAFBCBlockSize <97>: checkAFBCBlockSize: compressed(1),format(1), pitch(720), vstride(96)
04-14 18:20:54.566 D/DPUModule(  679): [ …śhu] support: 0
04-14 18:20:54.578 D/dtsaudio(  674): eagle pipeline proc call 6949000 (size =1920, inCh=3, outCh=3, android fmt in=5, out=5) ret 0 
04-14 18:20:54.578 I/audio_hw_primary(  674): app type:0x   0, is_voip:0, device:2, pcm:-352510464, usecase:0x   8
04-14 18:20:54.579 E/AudioThumbLoader(15725): flag:805306368
04-14 18:20:54.583 I/DPUModule(  679): DpuR5P0::checkLayerFormat <142>: checkLayerFormat: Format(1)
04-14 18:20:54.583 I/DPUModule(  679): DpuR5P0::checkTransform <35>: checkTransform: Transform(0), SRCRect(0,0)
04-14 18:20:54.583 I/DPUModule(  679): DpuR5P0::checkAFBCBlockSize <97>: checkAFBCBlockSize: compressed(1),format(1), pitch(720), vstride(1616)
04-14 18:20:54.583 I/DPUModule(  679): DpuR5P0::checkLayerFormat <142>: checkLayerFormat: Format(1)
04-14 18:20:54.583 I/DPUModule(  679): DpuR5P0::checkTransform <35>: checkTransform: Transform(0), SRCRect(0,0)
04-14 18:20:54.583 I/DPUModule(  679): DpuR5P0::checkAFBCBlockSize <97>: checkAFBCBlockSize: compressed(1),format(1), pitch(720), vstride(80)
04-14 18:20:54.583 I/DPUModule(  679): DpuR5P0::checkLayerFormat <142>: checkLayerFormat: Format(1)
04-14 18:20:54.583 I/DPUModule(  679): DpuR5P0::checkTransform <35>: checkTransform: Transform(0), SRCRect(0,0)
04-14 18:20:54.583 I/DPUModule(  679): DpuR5P0::checkAFBCBlockSize <97>: checkAFBCBlockSize: compressed(1),format(1), pitch(720), vstride(96)
04-14 18:20:54.583 D/DPUModule(  679): [ …śhu] support: 0
04-14 18:20:54.591 E/vFISHv_App(15725): â”Śâ”€â”€â”€â”€â”€â”€â”€â”€â”€â”€â”€â”€â”€â”€â”€â”€â”€â”€â”€â”€â”€â”€â”€â”€â”€â”€â”€â”€â”€â”€â”€â”€â”€â”€â”€â”€â”€â”€â”€â”€â”€â”€â”€â”€â”€â”€â”€â”€â”€â”€â”€â”€â”€â”€â”€â”€â”€â”€â”€â”€â”€â”€â”€â”€â”€â”€â”€â”€â”€â”€â”€â”€â”€â”€â”€â”€â”€â”€â”€â”€â”€â”€â”€â”€â”€â”€â”€â”€â”€â”€â”€â”€â”€â”€â”€â”€â”€â”€â”€â”€â”€â”€â”€â”€â”€â”€â”€â”€â”€â”€â”€â”€
04-14 18:20:54.592 E/vFISHv_App(15725): â”‚ Thread: main
04-14 18:20:54.592 E/vFISHv_App(15725): â”śâ”„â”„â”„â”„â”„â”„â”„â”„â”„â”„â”„â”„â”„â”„â”„â”„â”„â”„â”„â”„â”„â”„â”„â”„â”„â”„â”„â”„â”„â”„â”„â”„â”„â”„â”„â”„â”„â”„â”„â”„â”„â”„â”„â”„â”„â”„â”„â”„â”„â”„â”„â”„â”„â”„â”„â”„â”„â”„â”„â”„â”„â”„â”„â”„â”„â”„â”„â”„â”„â”„â”„â”„â”„â”„â”„â”„â”„â”„â”„â”„â”„â”„â”„â”„â”„â”„â”„â”„â”„â”„â”„â”„â”„â”„â”„â”„â”„â”„â”„â”„â”„â”„â”„â”„â”„â”„â”„â”„â”„â”„â”„â”„
04-14 18:20:54.592 E/vFISHv_App(15725): â”‚ vFISHv.initImageLoader  (vFISHv.java:159)
04-14 18:20:54.592 E/vFISHv_App(15725): â”‚    o00O00O.Oooo0oo  (Logcat.java:20)
04-14 18:20:54.592 E/vFISHv_App(15725): â”śâ”„â”„â”„â”„â”„â”„â”„â”„â”„â”„â”„â”„â”„â”„â”„â”„â”„â”„â”„â”„â”„â”„â”„â”„â”„â”„â”„â”„â”„â”„â”„â”„â”„â”„â”„â”„â”„â”„â”„â”„â”„â”„â”„â”„â”„â”„â”„â”„â”„â”„â”„â”„â”„â”„â”„â”„â”„â”„â”„â”„â”„â”„â”„â”„â”„â”„â”„â”„â”„â”„â”„â”„â”„â”„â”„â”„â”„â”„â”„â”„â”„â”„â”„â”„â”„â”„â”„â”„â”„â”„â”„â”„â”„â”„â”„â”„â”„â”„â”„â”„â”„â”„â”„â”„â”„â”„â”„â”„â”„â”„â”„â”„
04-14 18:20:54.592 E/vFISHv_App(15725): â”‚ percent:30% of 256M
04-14 18:20:54.592 E/vFISHv_App(15725): â””â”€â”€â”€â”€â”€â”€â”€â”€â”€â”€â”€â”€â”€â”€â”€â”€â”€â”€â”€â”€â”€â”€â”€â”€â”€â”€â”€â”€â”€â”€â”€â”€â”€â”€â”€â”€â”€â”€â”€â”€â”€â”€â”€â”€â”€â”€â”€â”€â”€â”€â”€â”€â”€â”€â”€â”€â”€â”€â”€â”€â”€â”€â”€â”€â”€â”€â”€â”€â”€â”€â”€â”€â”€â”€â”€â”€â”€â”€â”€â”€â”€â”€â”€â”€â”€â”€â”€â”€â”€â”€â”€â”€â”€â”€â”€â”€â”€â”€â”€â”€â”€â”€â”€â”€â”€â”€â”€â”€â”€â”€â”€â”€
04-14 18:20:54.594 W/o00000O (15725): diskCache(), diskCacheSize() and diskCacheFileCount calls overlap each other
04-14 18:20:54.597 E/libEGL  (15725): call to OpenGL ES API with no current context (logged once per thread)
04-14 18:20:54.622 I/audio_hw_primary(  674): app type:0x   0, is_voip:0, device:2, pcm:-352510464, usecase:0x   8
04-14 18:20:54.624 E/vFISHv_App(15725): isSui: false
04-14 18:20:54.627 I/vFISHv_App(15725): delete ExternalCache temp : 2
04-14 18:20:54.628 I/vFISHv_App(15725): delete Cache temp : 1
04-14 18:20:54.641 V/UsbBroadcastReceiver(15725): android.intent.action.MEDIA_SCANNER_SCAN_FILE
04-14 18:20:54.642 W/CheckTime(15725): App running slow: Executing com.folderv.file.UsbBroadcastReceiver scheduleReceive took 1043ms
04-14 18:20:54.642 D/BroadcastQueue( 1092): Finished with ordered broadcast BroadcastRecord{b36d134 u0 android.intent.action.MEDIA_SCANNER_SCAN_FILE} receivers:([ResolveInfo{34954e1 com.google.android.providers.media.module/com.android.providers.media.MediaReceiver m=0x208000}, ResolveInfo{51be206 com.folderv.file/.UsbBroadcastReceiver m=0x208000}]) take 30871ms in [background], remains 64
04-14 18:20:54.644 D/SessionLifecycleService(15725): Service created on process 15725
04-14 18:20:54.645 D/SessionLifecycleService(15725): Service bound to new client on process 15725
04-14 18:20:54.646 D/SessionLifecycleService(15725): App has not yet foregrounded. Using previously stored session.
04-14 18:20:54.646 D/SessionLifecycleService(15725): Client android.os.Messenger@5866dc3 bound at 449347461. Clients: 1
04-14 18:20:54.651 I/ActivityManager( 1092): Killing 14416:com.google.android.apps.safetyhub/u0a105 (adj 945): empty #13
04-14 18:20:54.660 D/SessionLifecycleClient(15725): Connected to SessionLifecycleService. Queue size 0
04-14 18:20:54.662 I/libprocessgroup( 1092): Successfully killed process cgroup uid 10105 pid 14416 in 7ms
04-14 18:20:54.667 I/audio_hw_primary(  674): app type:0x   0, is_voip:0, device:2, pcm:-352510464, usecase:0x   8
04-14 18:20:54.669 W/om.folderv.file(15725): Suspending all threads took: 5.223ms
04-14 18:20:54.695 I/Zygote  (  658): Process 14416 exited due to signal 9 (Killed)
04-14 18:20:54.698 D/os.ActivityManagerServiceLice( 1092): make process inactive com.google.android.apps.safetyhub(14416)
04-14 18:20:54.705 W/ActivityManager( 1092): setOomAdj Pid: 15242, Uid: 10129, Adj 945
04-14 18:20:54.706 I/audio_hw_primary(  674): app type:0x   0, is_voip:0, device:2, pcm:-352510464, usecase:0x   8
04-14 18:20:54.728 W/ActivityManager( 1092): setOomAdj Pid: 15242, Uid: 10129, Adj 925
04-14 18:20:54.730 I/PhenotypeResourceReader(15011): unable to find any Phenotype resource metadata for com.folderv.file
04-14 18:20:54.734 W/System  (15725): A resource failed to call close. 
04-14 18:20:54.735 V/UsbBroadcastReceiver(15725): android.intent.action.MEDIA_SCANNER_SCAN_FILE
04-14 18:20:54.735 D/BroadcastQueue( 1092): Finished with ordered broadcast BroadcastRecord{bcaef64 u0 android.intent.action.MEDIA_SCANNER_SCAN_FILE} receivers:([ResolveInfo{8893978 com.google.android.providers.media.module/com.android.providers.media.MediaReceiver m=0x208000}, ResolveInfo{cc03851 com.folderv.file/.UsbBroadcastReceiver m=0x208000}]) take 93ms in [background], remains 63
04-14 18:20:54.736 I/MediaProvider( 2973): Begin Intent { act=android.intent.action.MEDIA_SCANNER_SCAN_FILE dat=file:///... flg=0x1000010 cmp=com.google.android.providers.media.module/com.android.providers.media.MediaService }
04-14 18:20:54.739 I/MediaProvider( 2973): Observed non-standard /storage/emulated/0/Documents/Scans/downloads/.nomedia
04-14 18:20:54.742 I/audio_hw_primary(  674): app type:0x   0, is_voip:0, device:2, pcm:-352510464, usecase:0x   8
04-14 18:20:54.742 W/ModernMediaScanner( 2973): Failed to visit /storage/emulated/0/Documents/Scans/downloads/Mangas-Origines.fr (FR)/Perfect Surgeon/Chapitre 70 - Pas une once de cupiditĂ©_24d38f_tmp/016.tmp: java.nio.file.NoSuchFileException: /storage/emulated/0/Documents/Scans/downloads/Mangas-Origines.fr (FR)/Perfect Surgeon/Chapitre 70 - Pas une once de cupiditĂ©_24d38f_tmp/016.tmp
04-14 18:20:54.744 V/UsbBroadcastReceiver(15725): android.intent.action.MEDIA_SCANNER_SCAN_FILE
04-14 18:20:54.745 D/BroadcastQueue( 1092): Finished with ordered broadcast BroadcastRecord{5b095cd u0 android.intent.action.MEDIA_SCANNER_SCAN_FILE} receivers:([ResolveInfo{ea6d8b6 com.google.android.providers.media.module/com.android.providers.media.MediaReceiver m=0x208000}, ResolveInfo{5d5e9b7 com.folderv.file/.UsbBroadcastReceiver m=0x208000}]) take 9ms in [background], remains 62
04-14 18:20:54.753 V/UsbBroadcastReceiver(15725): android.intent.action.MEDIA_SCANNER_SCAN_FILE
04-14 18:20:54.754 D/BroadcastQueue( 1092): Finished with ordered broadcast BroadcastRecord{7d81b00 u0 android.intent.action.MEDIA_SCANNER_SCAN_FILE} receivers:([ResolveInfo{3d47524 com.google.android.providers.media.module/com.android.providers.media.MediaReceiver m=0x208000}, ResolveInfo{aff088d com.folderv.file/.UsbBroadcastReceiver m=0x208000}]) take 8ms in [background], remains 61
04-14 18:20:54.755 E/om.folderv.file(15725): No package ID 74 found for ID 0x740b0013.
04-14 18:20:54.759 I/FA      (15725): App measurement initialized, version: 161007
04-14 18:20:54.759 I/FA      (15725): To enable debug logging run: adb shell setprop log.tag.FA VERBOSE
04-14 18:20:54.759 I/FA      (15725): To enable faster debug mode event logging run:
04-14 18:20:54.759 I/FA      (15725):   adb shell setprop debug.firebase.analytics.app com.folderv.file
04-14 18:20:54.763 V/UsbBroadcastReceiver(15725): android.intent.action.MEDIA_SCANNER_SCAN_FILE
04-14 18:20:54.764 D/BroadcastQueue( 1092): Finished with ordered broadcast BroadcastRecord{5a33edf u0 android.intent.action.MEDIA_SCANNER_SCAN_FILE} receivers:([ResolveInfo{d3fca42 com.google.android.providers.media.module/com.android.providers.media.MediaReceiver m=0x208000}, ResolveInfo{4d56a53 com.folderv.file/.UsbBroadcastReceiver m=0x208000}]) take 10ms in [background], remains 60
04-14 18:20:54.767 D/CompatibilityChangeReporter( 1092): Compat change id reported: 168419799; UID 10106; state: DISABLED
04-14 18:20:54.774 I/MediaProvider( 2973): Scanned external_primary due to REASON_DEMAND, found 0 items in 35ms, 0 inserts 0 updates 0 deletes
04-14 18:20:54.774 I/MediaProvider( 2973): End Intent { act=android.intent.action.MEDIA_SCANNER_SCAN_FILE dat=file:///... flg=0x1000010 cmp=com.google.android.providers.media.module/com.android.providers.media.MediaService }
04-14 18:20:54.775 I/MediaProvider( 2973): Begin Intent { act=android.intent.action.MEDIA_SCANNER_SCAN_FILE dat=file:///... flg=0x1000010 cmp=com.google.android.providers.media.module/com.android.providers.media.MediaService }
04-14 18:20:54.778 I/audio_hw_primary(  674): app type:0x   0, is_voip:0, device:2, pcm:-352510464, usecase:0x   8
04-14 18:20:54.779 I/MediaProvider( 2973): Observed non-standard /storage/emulated/0/Documents/Scans/downloads/.nomedia
04-14 18:20:54.780 W/ModernMediaScanner( 2973): Failed to visit /storage/emulated/0/Documents/Scans/downloads/Mangas-Origines.fr (FR)/Perfect Surgeon/Chapitre 70 - Pas une once de cupiditĂ©_24d38f_tmp/013.tmp: java.nio.file.NoSuchFileException: /storage/emulated/0/Documents/Scans/downloads/Mangas-Origines.fr (FR)/Perfect Surgeon/Chapitre 70 - Pas une once de cupiditĂ©_24d38f_tmp/013.tmp
