04-14 18:20:30.876 I/Telecom ( 1092): DefaultDialerCache: Package Manager could not find ComponentName:com.android.incallui: TSI.iIMC@avM
04-14 18:20:30.887 V/os.NotificationManagerServiceLice( 1092): onFixNotification notification= Notification(channel=downloader_progress_channel shortcut=null contentView=null vibrate=null sound=null defaults=0x0 flags=0xa color=0xff54759e actions=2 vis=PRIVATE)
04-14 18:20:30.918 V/os.NotificationManagerServiceLice( 1092): onFixNotification notification= Notification(channel=downloader_progress_channel shortcut=null contentView=null vibrate=null sound=null defaults=0x0 flags=0xa color=0xff54759e actions=2 vis=PRIVATE)
04-14 18:20:30.933 I/Telecom ( 1092): DefaultDialerCache: Package Manager could not find ComponentName:com.android.incallui: TSI.iIMC@avU
04-14 18:20:30.982 I/Telecom ( 1092): DefaultDialerCache: Package Manager could not find ComponentName:com.android.incallui: TSI.iIMC@avc
04-14 18:20:31.001 I/Telecom ( 1092): DefaultDialerCache: Package Manager could not find ComponentName:com.android.incallui: TSI.iIMC@avk
04-14 18:20:31.011 I/Telecom ( 1092): DefaultDialerCache: Package Manager could not find ComponentName:com.android.incallui: TSI.iIMC@avs
04-14 18:20:31.088 V/os.NotificationManagerServiceLice( 1092): onFixNotification notification= Notification(channel=downloader_progress_channel shortcut=null contentView=null vibrate=null sound=null defaults=0x0 flags=0xa color=0xff54759e actions=2 vis=PRIVATE)
04-14 18:20:31.090 E/NotificationService( 1092): Package enqueue rate is 7.13206. Shedding 0|app.mihon|-201|null|10215. package=app.mihon
04-14 18:20:31.091 I/Telecom ( 1092): DefaultDialerCache: Package Manager could not find ComponentName:com.android.incallui: TSI.iIMC@av0
04-14 18:20:31.123 I/Telecom ( 1092): DefaultDialerCache: Package Manager could not find ComponentName:com.android.incallui: TSI.iIMC@av8
04-14 18:20:31.274 V/os.NotificationManagerServiceLice( 1092): onFixNotification notification= Notification(channel=downloader_progress_channel shortcut=null contentView=null vibrate=null sound=null defaults=0x0 flags=0xa color=0xff54759e actions=2 vis=PRIVATE)
04-14 18:20:31.339 V/os.NotificationManagerServiceLice( 1092): onFixNotification notification= Notification(channel=downloader_progress_channel shortcut=null contentView=null vibrate=null sound=null defaults=0x0 flags=0xa color=0xff54759e actions=2 vis=PRIVATE)
04-14 18:20:31.461 D/BroadcastQueue( 1092): Add broadcast <BroadcastRecord{6945209 u0 android.intent.action.MEDIA_SCANNER_SCAN_FILE}> into [ordered | background], pending size 43
04-14 18:20:31.461 D/BroadcastQueue( 1092): Header is BroadcastRecord{bcaef64 u0 android.intent.action.MEDIA_SCANNER_SCAN_FILE} now
04-14 18:20:31.869 V/os.NotificationManagerServiceLice( 1092): onFixNotification notification= Notification(channel=downloader_progress_channel shortcut=null contentView=null vibrate=null sound=null defaults=0x0 flags=0xa color=0xff54759e actions=2 vis=PRIVATE)
04-14 18:20:31.909 D/BroadcastQueue( 1092): Add broadcast <BroadcastRecord{a1bdc0e u0 android.intent.action.MEDIA_SCANNER_SCAN_FILE}> into [ordered | background], pending size 44
04-14 18:20:31.910 D/BroadcastQueue( 1092): Header is BroadcastRecord{bcaef64 u0 android.intent.action.MEDIA_SCANNER_SCAN_FILE} now
04-14 18:20:32.015 D/BroadcastQueue( 1092): Add broadcast <BroadcastRecord{bbd262f u0 android.intent.action.MEDIA_SCANNER_SCAN_FILE}> into [ordered | background], pending size 45
04-14 18:20:32.015 D/BroadcastQueue( 1092): Header is BroadcastRecord{bcaef64 u0 android.intent.action.MEDIA_SCANNER_SCAN_FILE} now
04-14 18:20:32.075 I/Telecom ( 1092): DefaultDialerCache: Package Manager could not find ComponentName:com.android.incallui: TSI.iIMC@awE
04-14 18:20:32.193 D/BroadcastQueue( 1092): Add broadcast <BroadcastRecord{2773941 u0 android.intent.action.MEDIA_SCANNER_SCAN_FILE}> into [ordered | background], pending size 46
04-14 18:20:32.193 D/BroadcastQueue( 1092): Header is BroadcastRecord{bcaef64 u0 android.intent.action.MEDIA_SCANNER_SCAN_FILE} now
04-14 18:20:32.402 V/os.NotificationManagerServiceLice( 1092): onFixNotification notification= Notification(channel=downloader_progress_channel shortcut=null contentView=null vibrate=null sound=null defaults=0x0 flags=0xa color=0xff54759e actions=2 vis=PRIVATE)
04-14 18:20:32.424 D/BroadcastQueue( 1092): Add broadcast <BroadcastRecord{578cf79 u0 android.intent.action.MEDIA_SCANNER_SCAN_FILE}> into [ordered | background], pending size 47
04-14 18:20:32.424 D/BroadcastQueue( 1092): Header is BroadcastRecord{bcaef64 u0 android.intent.action.MEDIA_SCANNER_SCAN_FILE} now
04-14 18:20:32.449 D/BroadcastQueue( 1092): Add broadcast <BroadcastRecord{43d64be u0 android.intent.action.MEDIA_SCANNER_SCAN_FILE}> into [ordered | background], pending size 48
04-14 18:20:32.449 D/BroadcastQueue( 1092): Header is BroadcastRecord{bcaef64 u0 android.intent.action.MEDIA_SCANNER_SCAN_FILE} now
04-14 18:20:32.465 D/BroadcastQueue( 1092): Add broadcast <BroadcastRecord{bc9f91f u0 android.intent.action.MEDIA_SCANNER_SCAN_FILE}> into [ordered | background], pending size 49
04-14 18:20:32.465 D/BroadcastQueue( 1092): Header is BroadcastRecord{bcaef64 u0 android.intent.action.MEDIA_SCANNER_SCAN_FILE} now
04-14 18:20:32.471 D/BroadcastQueue( 1092): Add broadcast <BroadcastRecord{be0b46c u0 android.intent.action.MEDIA_SCANNER_SCAN_FILE}> into [ordered | background], pending size 50
04-14 18:20:32.471 D/BroadcastQueue( 1092): Header is BroadcastRecord{bcaef64 u0 android.intent.action.MEDIA_SCANNER_SCAN_FILE} now
04-14 18:20:32.509 D/BroadcastQueue( 1092): Add broadcast <BroadcastRecord{d2dea35 u0 android.intent.action.MEDIA_SCANNER_SCAN_FILE}> into [ordered | background], pending size 51
04-14 18:20:32.509 D/BroadcastQueue( 1092): Header is BroadcastRecord{bcaef64 u0 android.intent.action.MEDIA_SCANNER_SCAN_FILE} now
04-14 18:20:32.515 D/BroadcastQueue( 1092): Add broadcast <BroadcastRecord{3e70eca u0 android.intent.action.MEDIA_SCANNER_SCAN_FILE}> into [ordered | background], pending size 52
04-14 18:20:32.515 D/BroadcastQueue( 1092): Header is BroadcastRecord{bcaef64 u0 android.intent.action.MEDIA_SCANNER_SCAN_FILE} now
04-14 18:20:32.608 I/Telecom ( 1092): DefaultDialerCache: Package Manager could not find ComponentName:com.android.incallui: TSI.iIMC@awM
04-14 18:20:32.729 D/BroadcastQueue( 1092): Add broadcast <BroadcastRecord{dff4b1 u0 android.intent.action.MEDIA_SCANNER_SCAN_FILE}> into [ordered | background], pending size 53
04-14 18:20:32.729 D/BroadcastQueue( 1092): Header is BroadcastRecord{bcaef64 u0 android.intent.action.MEDIA_SCANNER_SCAN_FILE} now
04-14 18:20:32.751 V/os.NotificationManagerServiceLice( 1092): onFixNotification notification= Notification(channel=downloader_progress_channel shortcut=null contentView=null vibrate=null sound=null defaults=0x0 flags=0xa color=0xff54759e actions=2 vis=PRIVATE)
04-14 18:20:32.775 V/os.NotificationManagerServiceLice( 1092): onFixNotification notification= Notification(channel=downloader_progress_channel shortcut=null contentView=null vibrate=null sound=null defaults=0x0 flags=0xa color=0xff54759e actions=2 vis=PRIVATE)
04-14 18:20:32.954 I/Telecom ( 1092): DefaultDialerCache: Package Manager could not find ComponentName:com.android.incallui: TSI.iIMC@awU
04-14 18:20:32.978 I/Telecom ( 1092): DefaultDialerCache: Package Manager could not find ComponentName:com.android.incallui: TSI.iIMC@awc
04-14 18:20:33.058 V/os.NotificationManagerServiceLice( 1092): onFixNotification notification= Notification(channel=downloader_progress_channel shortcut=null contentView=null vibrate=null sound=null defaults=0x0 flags=0xa color=0xff54759e actions=2 vis=PRIVATE)
04-14 18:20:33.114 V/os.NotificationManagerServiceLice( 1092): onFixNotification notification= Notification(channel=downloader_progress_channel shortcut=null contentView=null vibrate=null sound=null defaults=0x0 flags=0xa color=0xff54759e actions=2 vis=PRIVATE)
04-14 18:20:33.135 V/os.NotificationManagerServiceLice( 1092): onFixNotification notification= Notification(channel=downloader_progress_channel shortcut=null contentView=null vibrate=null sound=null defaults=0x0 flags=0xa color=0xff54759e actions=2 vis=PRIVATE)
04-14 18:20:33.147 V/os.NotificationManagerServiceLice( 1092): onFixNotification notification= Notification(channel=downloader_progress_channel shortcut=null contentView=null vibrate=null sound=null defaults=0x0 flags=0xa color=0xff54759e actions=2 vis=PRIVATE)
04-14 18:20:33.191 V/os.NotificationManagerServiceLice( 1092): onFixNotification notification= Notification(channel=downloader_progress_channel shortcut=null contentView=null vibrate=null sound=null defaults=0x0 flags=0xa color=0xff54759e actions=2 vis=PRIVATE)
04-14 18:20:33.214 V/os.NotificationManagerServiceLice( 1092): onFixNotification notification= Notification(channel=downloader_progress_channel shortcut=null contentView=null vibrate=null sound=null defaults=0x0 flags=0xa color=0xff54759e actions=2 vis=PRIVATE)
04-14 18:20:33.243 V/os.NotificationManagerServiceLice( 1092): onFixNotification notification= Notification(channel=downloader_progress_channel shortcut=null contentView=null vibrate=null sound=null defaults=0x0 flags=0xa color=0xff54759e actions=2 vis=PRIVATE)
04-14 18:20:33.260 I/Telecom ( 1092): DefaultDialerCache: Package Manager could not find ComponentName:com.android.incallui: TSI.iIMC@awk
04-14 18:20:33.320 I/Telecom ( 1092): DefaultDialerCache: Package Manager could not find ComponentName:com.android.incallui: TSI.iIMC@aws
04-14 18:20:33.338 I/Telecom ( 1092): DefaultDialerCache: Package Manager could not find ComponentName:com.android.incallui: TSI.iIMC@aw0
04-14 18:20:33.349 I/Telecom ( 1092): DefaultDialerCache: Package Manager could not find ComponentName:com.android.incallui: TSI.iIMC@aw8
04-14 18:20:33.408 I/Telecom ( 1092): DefaultDialerCache: Package Manager could not find ComponentName:com.android.incallui: TSI.iIMC@axE
04-14 18:20:33.419 I/Telecom ( 1092): DefaultDialerCache: Package Manager could not find ComponentName:com.android.incallui: TSI.iIMC@axM
04-14 18:20:33.429 D/BroadcastQueue( 1092): Add broadcast <BroadcastRecord{b20a715 u0 android.intent.action.MEDIA_SCANNER_SCAN_FILE}> into [ordered | background], pending size 54
04-14 18:20:33.429 D/BroadcastQueue( 1092): Header is BroadcastRecord{bcaef64 u0 android.intent.action.MEDIA_SCANNER_SCAN_FILE} now
04-14 18:20:33.446 I/Telecom ( 1092): DefaultDialerCache: Package Manager could not find ComponentName:com.android.incallui: TSI.iIMC@axU
04-14 18:20:33.698 D/BroadcastQueue( 1092): Add broadcast <BroadcastRecord{2022465 u0 android.intent.action.MEDIA_SCANNER_SCAN_FILE}> into [ordered | background], pending size 55
04-14 18:20:33.699 D/BroadcastQueue( 1092): Header is BroadcastRecord{bcaef64 u0 android.intent.action.MEDIA_SCANNER_SCAN_FILE} now
04-14 18:20:33.858 V/os.NotificationManagerServiceLice( 1092): onFixNotification notification= Notification(channel=downloader_progress_channel shortcut=null contentView=null vibrate=null sound=null defaults=0x0 flags=0xa color=0xff54759e actions=2 vis=PRIVATE)
04-14 18:20:34.112 V/os.NotificationManagerServiceLice( 1092): onFixNotification notification= Notification(channel=downloader_progress_channel shortcut=null contentView=null vibrate=null sound=null defaults=0x0 flags=0xa color=0xff54759e actions=2 vis=PRIVATE)
04-14 18:20:34.317 I/Telecom ( 1092): DefaultDialerCache: Package Manager could not find ComponentName:com.android.incallui: TSI.iIMC@axc
04-14 18:20:34.497 W/JobScheduler( 1092): Job didn't exist in JobStore: 3ad314e #u0a99/65513 com.google.android.apps.nbu.files/androidx.work.impl.background.systemjob.SystemJobService
04-14 18:20:34.501 W/ActivityManager( 1092): setOomAdj Pid: 15242, Uid: 10129, Adj 915
04-14 18:20:34.554 I/keystore2(  440): keystore2::watchdog: Watchdog thread idle -> terminating. Have a great day.
04-14 18:20:34.826 D/BroadcastQueue( 1092): Add broadcast <BroadcastRecord{5dafa95 u0 android.intent.action.MEDIA_SCANNER_SCAN_FILE}> into [ordered | background], pending size 56
04-14 18:20:34.826 D/BroadcastQueue( 1092): Header is BroadcastRecord{bcaef64 u0 android.intent.action.MEDIA_SCANNER_SCAN_FILE} now
04-14 18:20:34.831 D/BroadcastQueue( 1092): Add broadcast <BroadcastRecord{ad447aa u0 android.intent.action.MEDIA_SCANNER_SCAN_FILE}> into [ordered | background], pending size 57
04-14 18:20:34.831 D/BroadcastQueue( 1092): Header is BroadcastRecord{bcaef64 u0 android.intent.action.MEDIA_SCANNER_SCAN_FILE} now
04-14 18:20:34.837 D/BroadcastQueue( 1092): Add broadcast <BroadcastRecord{1b47f9b u0 android.intent.action.MEDIA_SCANNER_SCAN_FILE}> into [ordered | background], pending size 58
04-14 18:20:34.838 D/BroadcastQueue( 1092): Header is BroadcastRecord{bcaef64 u0 android.intent.action.MEDIA_SCANNER_SCAN_FILE} now
04-14 18:20:34.843 D/BroadcastQueue( 1092): Add broadcast <BroadcastRecord{59dbf38 u0 android.intent.action.MEDIA_SCANNER_SCAN_FILE}> into [ordered | background], pending size 59
04-14 18:20:34.843 D/BroadcastQueue( 1092): Header is BroadcastRecord{bcaef64 u0 android.intent.action.MEDIA_SCANNER_SCAN_FILE} now
04-14 18:20:35.085 D/BroadcastQueue( 1092): Add broadcast <BroadcastRecord{1bdab11 u0 android.intent.action.MEDIA_SCANNER_SCAN_FILE}> into [ordered | background], pending size 60
04-14 18:20:35.085 D/BroadcastQueue( 1092): Header is BroadcastRecord{bcaef64 u0 android.intent.action.MEDIA_SCANNER_SCAN_FILE} now
04-14 18:20:35.191 W/ActivityManager( 1092): setOomAdj Pid: 15242, Uid: 10129, Adj 935
04-14 18:20:35.222 I/PFTBT   ( 1092): Transport suggested backoff=604800000
04-14 18:20:35.223 V/BackupManagerConstants( 1092): getBackupFinishedNotificationReceivers(...) returns 
04-14 18:20:35.225 I/PFTBT   ( 1092): Unbinding agent in com.android.wallpaperbackup
04-14 18:20:35.226 W/ActivityManager( 1092): Unbinding backup agent with no active backup
04-14 18:20:35.226 I/PFTBT   ( 1092): Full backup completed with status: 0
04-14 18:20:35.232 I/PFTBT   ( 1092): Full data backup pass finished.
04-14 18:20:35.233 V/BackupManagerService( 1092): [UserID:0] Released wakelock:*backup*-0-2901
04-14 18:20:35.461 V/os.NotificationManagerServiceLice( 1092): onFixNotification notification= Notification(channel=downloader_progress_channel shortcut=null contentView=null vibrate=null sound=null defaults=0x0 flags=0xa color=0xff54759e actions=2 vis=PRIVATE)
04-14 18:20:35.485 V/os.NotificationManagerServiceLice( 1092): onFixNotification notification= Notification(channel=downloader_progress_channel shortcut=null contentView=null vibrate=null sound=null defaults=0x0 flags=0xa color=0xff54759e actions=2 vis=PRIVATE)
04-14 18:20:35.499 V/os.NotificationManagerServiceLice( 1092): onFixNotification notification= Notification(channel=downloader_progress_channel shortcut=null contentView=null vibrate=null sound=null defaults=0x0 flags=0xa color=0xff54759e actions=2 vis=PRIVATE)
04-14 18:20:35.513 V/os.NotificationManagerServiceLice( 1092): onFixNotification notification= Notification(channel=downloader_progress_channel shortcut=null contentView=null vibrate=null sound=null defaults=0x0 flags=0xa color=0xff54759e actions=2 vis=PRIVATE)
04-14 18:20:35.612 V/os.NotificationManagerServiceLice( 1092): onFixNotification notification= Notification(channel=downloader_progress_channel shortcut=null contentView=null vibrate=null sound=null defaults=0x0 flags=0xa color=0xff54759e actions=2 vis=PRIVATE)
04-14 18:20:35.670 I/Telecom ( 1092): DefaultDialerCache: Package Manager could not find ComponentName:com.android.incallui: TSI.iIMC@axk
04-14 18:20:35.689 I/Telecom ( 1092): DefaultDialerCache: Package Manager could not find ComponentName:com.android.incallui: TSI.iIMC@axs
04-14 18:20:35.703 I/Telecom ( 1092): DefaultDialerCache: Package Manager could not find ComponentName:com.android.incallui: TSI.iIMC@ax0
04-14 18:20:35.720 I/Telecom ( 1092): DefaultDialerCache: Package Manager could not find ComponentName:com.android.incallui: TSI.iIMC@ax8
04-14 18:20:35.818 I/Telecom ( 1092): DefaultDialerCache: Package Manager could not find ComponentName:com.android.incallui: TSI.iIMC@ayE
04-14 18:20:36.091 D/BroadcastQueue( 1092): Add broadcast <BroadcastRecord{907416f u0 android.intent.action.MEDIA_SCANNER_SCAN_FILE}> into [ordered | background], pending size 61
04-14 18:20:36.091 D/BroadcastQueue( 1092): Header is BroadcastRecord{bcaef64 u0 android.intent.action.MEDIA_SCANNER_SCAN_FILE} now
04-14 18:20:36.308 W/ActivityManager( 1092): setOomAdj Pid: 15242, Uid: 10129, Adj 945
04-14 18:20:37.568 D/Griffin/ResourceTracker( 1092): Cat meminfo coast time: 5ms
04-14 18:20:38.517 I/ActivityManager( 1092): Waited long enough for: ServiceRecord{a70b722 u0 com.whatsapp/.messageservice.messaging.MessageService}
04-14 18:20:38.532 D/ActivityManager( 1092): PROFILE_FROM_SHELL is disabled for ProcessRecord{9ce7a81 0:com.facebook.services/u0a97}
04-14 18:20:38.533 D/CompatibilityChangeReporter( 1092): Compat change id reported: 135634846; UID 10097; state: DISABLED
04-14 18:20:38.534 D/CompatibilityChangeReporter( 1092): Compat change id reported: 177438394; UID 10097; state: DISABLED
04-14 18:20:38.534 D/CompatibilityChangeReporter( 1092): Compat change id reported: 135772972; UID 10097; state: DISABLED
04-14 18:20:38.534 D/CompatibilityChangeReporter( 1092): Compat change id reported: 135754954; UID 10097; state: ENABLED
04-14 18:20:38.535 D/ActivityManager( 1092): asking zygote to start proc:ProcessRecord{9ce7a81 0:com.facebook.services/u0a97}
04-14 18:20:38.536 D/CompatibilityChangeReporter( 1092): Compat change id reported: 143937733; UID 10097; state: ENABLED
04-14 18:20:38.536 D/Prefork ( 1092): startResult is empty and running normal execution.
04-14 18:20:38.558 I/ActivityManager( 1092): Start proc 15581:com.facebook.services/u0a97 for service {com.facebook.services/com.facebook.oxygen.services.fbns.PreloadedFbnsService}
04-14 18:20:38.638 D/os.ActivityManagerServiceLice( 1092): make process active com.facebook.services(15581)
04-14 18:20:38.655 D/TranClassInfo(15581): instance successfully. com.transsion.hubcore.graphics.TranGraphicImpl@d5c8fb3 from com.transsion.hubcore.graphics.ITranGraphic
04-14 18:20:38.878 D/CompatibilityChangeReporter( 1092): Compat change id reported: 161145287; UID 10097; state: DISABLED
04-14 18:20:38.878 D/BroadcastQueue( 1092): Add broadcast <BroadcastRecord{8fe74fe u-1 android.net.conn.CONNECTIVITY_CHANGE}> into [parallel | background], pending size 0
04-14 18:20:38.878 D/BroadcastQueue( 1092): Done with parallel broadcast [background] [BroadcastRecord{8fe74fe u-1 android.net.conn.CONNECTIVITY_CHANGE}]
04-14 18:20:38.914 D/PackageManager( 1092): Considering set com.facebook.services/com.facebook.oxygen.services.helium.trampoline.HeliumSandboxedService's state as 1 with userId = 0, callingPackage = null
04-14 18:20:38.930 D/PackageManager( 1092): Considering set com.facebook.services/com.facebook.oxygen.services.helium.trampoline.HeliumSandboxedService0's state as 1 with userId = 0, callingPackage = null
04-14 18:20:38.931 D/PackageManager( 1092): Considering set com.facebook.services/com.facebook.oxygen.services.helium.trampoline.HeliumSandboxedService1's state as 1 with userId = 0, callingPackage = null
04-14 18:20:38.932 D/CompatibilityChangeReporter( 1092): Compat change id reported: 194532703; UID 10097; state: ENABLED
04-14 18:20:39.015 D/ActivityManager( 1092): PROFILE_FROM_SHELL is disabled for ProcessRecord{bc28229 0:com.facebook.appmanager/u0a120}
04-14 18:20:39.016 D/CompatibilityChangeReporter( 1092): Compat change id reported: 135634846; UID 10120; state: DISABLED
04-14 18:20:39.016 D/CompatibilityChangeReporter( 1092): Compat change id reported: 177438394; UID 10120; state: DISABLED
04-14 18:20:39.016 D/CompatibilityChangeReporter( 1092): Compat change id reported: 135772972; UID 10120; state: DISABLED
04-14 18:20:39.016 D/CompatibilityChangeReporter( 1092): Compat change id reported: 135754954; UID 10120; state: ENABLED
04-14 18:20:39.017 D/ActivityManager( 1092): asking zygote to start proc:ProcessRecord{bc28229 0:com.facebook.appmanager/u0a120}
04-14 18:20:39.017 D/CompatibilityChangeReporter( 1092): Compat change id reported: 143937733; UID 10120; state: ENABLED
04-14 18:20:39.017 D/Prefork ( 1092): startResult is empty and running normal execution.
04-14 18:20:39.028 I/ActivityManager( 1092): Start proc 15625:com.facebook.appmanager/u0a120 for content provider {com.facebook.appmanager/com.facebook.oxygen.appmanager.firstparty.settings.FirstPartySettingsProvider}
04-14 18:20:39.064 D/ActivityManager( 1092): send provider timeout msg, app: ProcessRecord{bc28229 15625:com.facebook.appmanager/u0a120}
04-14 18:20:39.065 D/CompatibilityChangeReporter( 1092): Compat change id reported: 168419799; UID 10120; state: DISABLED
04-14 18:20:39.066 D/os.ActivityManagerServiceLice( 1092): make process active com.facebook.appmanager(15625)
04-14 18:20:39.078 D/TranClassInfo(15625): instance successfully. com.transsion.hubcore.graphics.TranGraphicImpl@d5c8fb3 from com.transsion.hubcore.graphics.ITranGraphic
04-14 18:20:39.169 D/CompatibilityChangeReporter( 1092): Compat change id reported: 171306433; UID 10097; state: ENABLED
04-14 18:20:39.169 V/AlarmManager( 1092): set(PendingIntent{b3f230c: PendingIntentRecord{dd7c455 com.facebook.services broadcastIntent}}) : type=2 listener=null listenerTag=null workSource=null callingPackage=com.facebook.services callingUid=10097 triggerAtTime=517982898 win=224999 tElapsed=517982898 maxElapsed=518207897 interval=0 flags=0x20
04-14 18:20:39.170 D/AlarmManager( 1092): Add alarm packageName=com.facebook.services, type=2, when=517982898, tag=null, callingUid=10097, callingPackage=com.facebook.services
04-14 18:20:39.242 W/ActivityManager( 1092): setOomAdj Pid: 15242, Uid: 10129, Adj 925
04-14 18:20:39.249 D/BroadcastQueue( 1092): Add broadcast <BroadcastRecord{540bf5b u0 android.os.action.POWER_SAVE_TEMP_WHITELIST_CHANGED}> into [parallel | background], pending size 0
04-14 18:20:39.251 D/BroadcastQueue( 1092): Done with parallel broadcast [background] [BroadcastRecord{540bf5b u0 android.os.action.POWER_SAVE_TEMP_WHITELIST_CHANGED}]
04-14 18:20:39.255 D/BroadcastQueue( 1092): Add broadcast <BroadcastRecord{24163f8 u0 com.facebook.rti.fbns.intent.RECEIVE}> into [ordered | background], pending size 62
04-14 18:20:39.255 D/BroadcastQueue( 1092): Header is BroadcastRecord{bcaef64 u0 android.intent.action.MEDIA_SCANNER_SCAN_FILE} now
04-14 18:20:39.256 D/PackageManager( 1092): Considering set com.facebook.services/com.facebook.oxygen.services.fbns.RegisteredMqttSystemBroadcastReceiver's state as 1 with userId = 0, callingPackage = null
04-14 18:20:39.344 D/ContentProviderHelper( 1092): publishContentProviders, remove provider timeout msg, app: ProcessRecord{bc28229 15625:com.facebook.appmanager/u0a120}
04-14 18:20:39.397 D/CompatibilityChangeReporter( 1092): Compat change id reported: 161145287; UID 10120; state: DISABLED
04-14 18:20:39.403 D/CompatibilityChangeReporter( 1092): Compat change id reported: 194532703; UID 10120; state: ENABLED
04-14 18:20:39.455 V/AlarmManager( 1092): set(PendingIntent{d1bb28: PendingIntentRecord{cbfbd28 com.facebook.appmanager broadcastIntent}}) : type=1 listener=null listenerTag=null workSource=null callingPackage=com.facebook.appmanager callingUid=10120 triggerAtTime=1776446439453 win=3600000 tElapsed=776883182 maxElapsed=780483182 interval=0 flags=0x0
04-14 18:20:39.455 D/AlarmManager( 1092): Add alarm packageName=com.facebook.appmanager, type=1, when=1776446439453, tag=null, callingUid=10120, callingPackage=com.facebook.appmanager
04-14 18:20:39.465 D/PackageManager( 1092): Considering set com.facebook.services/com.facebook.oxygen.services.storage.provider.StorageProvider's state as 1 with userId = 0, callingPackage = null
04-14 18:20:39.465 D/PackageManager( 1092): Considering set com.facebook.services/com.facebook.oxygen.services.storage.provider.SharedStorageProvider's state as 1 with userId = 0, callingPackage = null
04-14 18:20:39.504 D/PackageManager( 1092): Considering set com.facebook.appmanager/com.facebook.oxygen.appmanager.helium.trampoline.HeliumSandboxedService's state as 1 with userId = 0, callingPackage = null
04-14 18:20:39.505 D/PackageManager( 1092): Considering set com.facebook.appmanager/com.facebook.oxygen.appmanager.helium.trampoline.HeliumSandboxedService0's state as 1 with userId = 0, callingPackage = null
04-14 18:20:39.507 D/PackageManager( 1092): Considering set com.facebook.appmanager/com.facebook.oxygen.appmanager.helium.trampoline.HeliumSandboxedService1's state as 1 with userId = 0, callingPackage = null
04-14 18:20:39.512 D/BroadcastQueue( 1092): Add broadcast <BroadcastRecord{9bc02c3 u0 android.intent.action.MEDIA_SCANNER_SCAN_FILE}> into [ordered | background], pending size 63
04-14 18:20:39.512 D/BroadcastQueue( 1092): Header is BroadcastRecord{bcaef64 u0 android.intent.action.MEDIA_SCANNER_SCAN_FILE} now
04-14 18:20:39.541 I/ActivityManager( 1092): com.facebook.system is exempt from freezer
04-14 18:20:39.541 D/ActivityManager( 1092): PROFILE_FROM_SHELL is disabled for ProcessRecord{4304fbe 0:com.facebook.system/u0a94}
04-14 18:20:39.542 D/CompatibilityChangeReporter( 1092): Compat change id reported: 135634846; UID 10094; state: DISABLED
04-14 18:20:39.542 D/CompatibilityChangeReporter( 1092): Compat change id reported: 177438394; UID 10094; state: DISABLED
04-14 18:20:39.542 D/CompatibilityChangeReporter( 1092): Compat change id reported: 135772972; UID 10094; state: DISABLED
04-14 18:20:39.542 D/CompatibilityChangeReporter( 1092): Compat change id reported: 135754954; UID 10094; state: ENABLED
04-14 18:20:39.543 D/ActivityManager( 1092): asking zygote to start proc:ProcessRecord{4304fbe 0:com.facebook.system/u0a94}
04-14 18:20:39.543 D/CompatibilityChangeReporter( 1092): Compat change id reported: 143937733; UID 10094; state: ENABLED
04-14 18:20:39.543 D/Prefork ( 1092): startResult is empty and running normal execution.
04-14 18:20:39.559 I/ActivityManager( 1092): Start proc 15681:com.facebook.system/u0a94 for content provider {com.facebook.system/com.facebook.oxygen.installer.api.AppManagerApiProvider}
04-14 18:20:39.602 D/ActivityManager( 1092): send provider timeout msg, app: ProcessRecord{4304fbe 15681:com.facebook.system/u0a94}
04-14 18:20:39.602 D/CompatibilityChangeReporter( 1092): Compat change id reported: 168419799; UID 10094; state: DISABLED
04-14 18:20:39.604 D/os.ActivityManagerServiceLice( 1092): make process active com.facebook.system(15681)
04-14 18:20:39.612 D/TranClassInfo(15681): instance successfully. com.transsion.hubcore.graphics.TranGraphicImpl@d5c8fb3 from com.transsion.hubcore.graphics.ITranGraphic
04-14 18:20:39.692 D/ContentProviderHelper( 1092): publishContentProviders, remove provider timeout msg, app: ProcessRecord{4304fbe 15681:com.facebook.system/u0a94}
04-14 18:20:39.715 D/PackageManager( 1092): Considering set com.facebook.appmanager/com.facebook.oxygen.appmanager.nekodirect.NekoDirectProvider's state as 2 with userId = 0, callingPackage = null
04-14 18:20:39.717 E/ActivityThread(15625): Failed to find provider info for com.facebook.appmanager.nekodirect
04-14 18:20:39.718 D/PackageManager( 1092): Considering set com.facebook.appmanager/com.facebook.oxygen.appmanager.installapi.OxInstallApiProvider's state as 1 with userId = 0, callingPackage = null
04-14 18:20:39.720 D/PackageManager( 1092): Considering set com.facebook.appmanager/com.facebook.oxygen.appmanager.experimentation.AppManagerExperimentProvider's state as 1 with userId = 0, callingPackage = null
04-14 18:20:39.757 D/PackageManager( 1092): Considering set com.facebook.appmanager/com.facebook.oxygen.appmanager.webinstall.WebInstallAppLinkActivityV2's state as 1 with userId = 0, callingPackage = null
04-14 18:20:39.764 D/PackageManager( 1092): Considering set com.facebook.appmanager/com.facebook.oxygen.appmanager.webinstall.WebInstallAppLinkActivityV2's state as 1 with userId = 0, callingPackage = null
04-14 18:20:39.767 D/PackageManager( 1092): Considering set com.facebook.appmanager/com.facebook.oxygen.appmanager.webinstall.WebInstallAppLinkIgliteActivity's state as 1 with userId = 0, callingPackage = null
04-14 18:20:39.771 D/PackageManager( 1092): Considering set com.facebook.appmanager/com.facebook.oxygen.appmanager.webinstall.WebInstallAppLinkWhatsAppActivity's state as 2 with userId = 0, callingPackage = null
04-14 18:20:39.773 D/PackageManager( 1092): Considering set com.facebook.appmanager/com.facebook.oxygen.appmanager.webinstall.WebInstallAppLinkVibesActivity's state as 1 with userId = 0, callingPackage = null
04-14 18:20:39.828 W/ActivityManager( 1092): setOomAdj Pid: 15242, Uid: 10129, Adj 915
04-14 18:20:39.831 W/ActivityManager( 1092): setOomAdj Pid: 15242, Uid: 10129, Adj 935
04-14 18:20:39.870 D/PackageManager( 1092): Considering set com.facebook.appmanager/com.facebook.oxygen.appmanager.webinstall.WebInstallAppLinkVibesActivity's state as 2 with userId = 0, callingPackage = null
04-14 18:20:39.882 D/PackageManager( 1092): Considering set com.facebook.appmanager/com.facebook.oxygen.appmanager.webinstall.WebInstallAppLinkFbliteActivity's state as 2 with userId = 0, callingPackage = null
04-14 18:20:39.888 D/PackageManager( 1092): Considering set com.facebook.appmanager/com.facebook.oxygen.appmanager.webinstall.WebInstallAppLinkFB4AActivity's state as 1 with userId = 0, callingPackage = null
04-14 18:20:39.895 D/PackageManager( 1092): Considering set com.facebook.appmanager/com.facebook.oxygen.appmanager.webinstall.WebInstallAppLinkMetaAIActivity's state as 1 with userId = 0, callingPackage = null
04-14 18:20:39.907 D/PackageManager( 1092): Considering set com.facebook.appmanager/com.facebook.oxygen.appmanager.webinstall.WebInstallAppLinkMetaAIActivity's state as 2 with userId = 0, callingPackage = null
04-14 18:20:39.913 D/PackageManager( 1092): Considering set com.facebook.appmanager/com.facebook.oxygen.appmanager.webinstall.WebInstallAppLinkInstagramActivity's state as 1 with userId = 0, callingPackage = null
04-14 18:20:39.921 D/PackageManager( 1092): Considering set com.facebook.appmanager/com.facebook.oxygen.appmanager.webinstall.WebInstallAppLinkThreadsActivity's state as 1 with userId = 0, callingPackage = null
04-14 18:20:39.927 D/PackageManager( 1092): Considering set com.facebook.appmanager/com.facebook.oxygen.appmanager.webinstall.WebInstallAppLinkManusActivity's state as 1 with userId = 0, callingPackage = null
04-14 18:20:39.936 D/PackageManager( 1092): Considering set com.facebook.appmanager/com.facebook.oxygen.appmanager.webinstall.WebInstallAppLinkMessengerActivity's state as 1 with userId = 0, callingPackage = null
04-14 18:20:39.943 D/PackageManager( 1092): Considering set com.facebook.appmanager/com.facebook.oxygen.appmanager.webinstall.WebInstallAppLinkIgliteLoggedOutActivity's state as 1 with userId = 0, callingPackage = null
04-14 18:20:39.947 D/PackageManager( 1092): Considering set com.facebook.appmanager/com.facebook.oxygen.appmanager.webinstall.WebInstallAppLinkWhatsAppLoggedOutActivity's state as 2 with userId = 0, callingPackage = null
04-14 18:20:39.953 D/PackageManager( 1092): Considering set com.facebook.appmanager/com.facebook.oxygen.appmanager.webinstall.WebInstallAppLinkVibesLoggedOutActivity's state as 1 with userId = 0, callingPackage = null
04-14 18:20:39.965 D/PackageManager( 1092): Considering set com.facebook.appmanager/com.facebook.oxygen.appmanager.webinstall.WebInstallAppLinkVibesLoggedOutActivity's state as 2 with userId = 0, callingPackage = null
04-14 18:20:39.968 D/PackageManager( 1092): Considering set com.facebook.appmanager/com.facebook.oxygen.appmanager.webinstall.WebInstallAppLinkFbliteLoggedOutActivity's state as 2 with userId = 0, callingPackage = null
04-14 18:20:39.973 D/PackageManager( 1092): Considering set com.facebook.appmanager/com.facebook.oxygen.appmanager.webinstall.WebInstallAppLinkFB4ALoggedOutActivity's state as 1 with userId = 0, callingPackage = null
04-14 18:20:39.979 D/PackageManager( 1092): Considering set com.facebook.appmanager/com.facebook.oxygen.appmanager.webinstall.WebInstallAppLinkMetaAILoggedOutActivity's state as 1 with userId = 0, callingPackage = null
04-14 18:20:39.992 D/PackageManager( 1092): Considering set com.facebook.appmanager/com.facebook.oxygen.appmanager.webinstall.WebInstallAppLinkMetaAILoggedOutActivity's state as 2 with userId = 0, callingPackage = null
04-14 18:20:39.998 D/PackageManager( 1092): Considering set com.facebook.appmanager/com.facebook.oxygen.appmanager.webinstall.WebInstallAppLinkInstagramLoggedOutActivity's state as 1 with userId = 0, callingPackage = null
04-14 18:20:40.006 D/PackageManager( 1092): Considering set com.facebook.appmanager/com.facebook.oxygen.appmanager.webinstall.WebInstallAppLinkThreadsLoggedOutActivity's state as 1 with userId = 0, callingPackage = null
04-14 18:20:40.018 D/PackageManager( 1092): Considering set com.facebook.appmanager/com.facebook.oxygen.appmanager.webinstall.WebInstallAppLinkManusLoggedOutActivity's state as 1 with userId = 0, callingPackage = null
04-14 18:20:40.027 D/PackageManager( 1092): Considering set com.facebook.appmanager/com.facebook.oxygen.appmanager.webinstall.WebInstallAppLinkMessengerLoggedOutActivity's state as 1 with userId = 0, callingPackage = null
04-14 18:20:40.031 D/PackageManager( 1092): Considering set com.facebook.appmanager/com.facebook.oxygen.appmanager.webinstall.WebInstallAppLinkIgliteRestrictedActivity's state as 2 with userId = 0, callingPackage = null
04-14 18:20:40.033 D/PackageManager( 1092): Considering set com.facebook.appmanager/com.facebook.oxygen.appmanager.webinstall.WebInstallAppLinkWhatsAppRestrictedActivity's state as 2 with userId = 0, callingPackage = null
04-14 18:20:40.035 D/PackageManager( 1092): Considering set com.facebook.appmanager/com.facebook.oxygen.appmanager.webinstall.WebInstallAppLinkVibesRestrictedActivity's state as 2 with userId = 0, callingPackage = null
04-14 18:20:40.037 D/PackageManager( 1092): Considering set com.facebook.appmanager/com.facebook.oxygen.appmanager.webinstall.WebInstallAppLinkFbliteRestrictedActivity's state as 2 with userId = 0, callingPackage = null
04-14 18:20:40.039 D/PackageManager( 1092): Considering set com.facebook.appmanager/com.facebook.oxygen.appmanager.webinstall.WebInstallAppLinkFB4ARestrictedActivity's state as 2 with userId = 0, callingPackage = null
04-14 18:20:40.041 D/PackageManager( 1092): Considering set com.facebook.appmanager/com.facebook.oxygen.appmanager.webinstall.WebInstallAppLinkMetaAIRestrictedActivity's state as 2 with userId = 0, callingPackage = null
04-14 18:20:40.042 D/PackageManager( 1092): Considering set com.facebook.appmanager/com.facebook.oxygen.appmanager.webinstall.WebInstallAppLinkInstagramRestrictedActivity's state as 2 with userId = 0, callingPackage = null
04-14 18:20:40.044 D/PackageManager( 1092): Considering set com.facebook.appmanager/com.facebook.oxygen.appmanager.webinstall.WebInstallAppLinkThreadsRestrictedActivity's state as 2 with userId = 0, callingPackage = null
04-14 18:20:40.046 D/PackageManager( 1092): Considering set com.facebook.appmanager/com.facebook.oxygen.appmanager.webinstall.WebInstallAppLinkManusRestrictedActivity's state as 2 with userId = 0, callingPackage = null
04-14 18:20:40.048 D/PackageManager( 1092): Considering set com.facebook.appmanager/com.facebook.oxygen.appmanager.webinstall.WebInstallAppLinkMessengerRestrictedActivity's state as 2 with userId = 0, callingPackage = null
04-14 18:20:40.050 D/PackageManager( 1092): Considering set com.facebook.appmanager/com.facebook.oxygen.appmanager.modules.api.ModulesApiProvider's state as 1 with userId = 0, callingPackage = null
04-14 18:20:40.051 D/PackageManager( 1092): Considering set com.facebook.appmanager/com.facebook.oxygen.appmanager.firstparty.tos.ShouldAcceptTos's state as 2 with userId = 0, callingPackage = null
04-14 18:20:40.053 D/PackageManager( 1092): Considering set com.facebook.appmanager/com.facebook.oxygen.appmanager.firstparty.tos.ShouldShowTos's state as 2 with userId = 0, callingPackage = null
04-14 18:20:40.054 D/PackageManager( 1092): Considering set com.facebook.appmanager/com.facebook.oxygen.appmanager.firstparty.tos.ShouldShowExplicitTos's state as 2 with userId = 0, callingPackage = null
04-14 18:20:40.769 D/Hiber/importantScene( 1092): uid:10215 speed :389
04-14 18:20:40.770 D/Hiber/importantScene( 1092): uid:10215 is Protected by traffic because of speed 389 KB/S
04-14 18:20:40.770 I/Hiber/importantScene( 1092): traffic: packageName=app.mihon
04-14 18:20:40.770 D/Hiber/appStateMachine( 1092): uid:10215, pkg=app.mihon  can't transition from R to F ,importantcase is : traffic
04-14 18:20:40.786 I/AppsFilter( 1092): interaction: PackageSetting{e4caf6b com.aurel.nexusStorage/10258} -> PackageSetting{9ce0c84 com.facebook.appmanager/10120} BLOCKED
04-14 18:20:40.830 D/BroadcastQueue( 1092): Add broadcast <BroadcastRecord{6a3bc6d u0 android.intent.action.PACKAGE_CHANGED}> into [parallel | background], pending size 0
04-14 18:20:40.856 D/PackageManager( 1092): Considering set app.mihon/androidx.work.impl.background.systemalarm.RescheduleReceiver's state as 2 with userId = 0, callingPackage = null
04-14 18:20:40.897 D/BroadcastQueue( 1092): Done with parallel broadcast [background] [BroadcastRecord{6a3bc6d u0 android.intent.action.PACKAGE_CHANGED}]
04-14 18:20:40.943 W/JobScheduler( 1092): Job didn't exist in JobStore: 58461d3 #u0a215/105 app.mihon/androidx.work.impl.background.systemjob.SystemJobService
04-14 18:20:41.000 D/Griffin/StateProvider( 1092): Package changed: android.intent.action.PACKAGE_CHANGED, pkg = com.facebook.appmanager
04-14 18:20:41.110 W/Looper  ( 1092): Slow dispatch took 103ms main h=android.content.pm.LauncherApps$CallbackMessageHandler c=null m=3
04-14 18:20:41.115 W/Looper  ( 1092): Slow delivery took 217ms main h=com.android.server.media.MediaRouterService$UserHandler c=android.app.LoadedApk$ReceiverDispatcher$Args$$ExternalSyntheticLambda0@e25dd44 m=0
04-14 18:20:41.115 I/Telecom ( 1092): DefaultDialerCache: Refreshing default dialer for user 0: now com.sh.smart.caller: DDC.oR@ayM
04-14 18:20:41.174 W/ActivityManager( 1092): setOomAdj Pid: 15242, Uid: 10129, Adj 915
--------- beginning of main
04-14 18:20:41.181 I/audio_hw_primary(  674): app type:0x   0, is_voip:0, device:2, pcm:-352510464, usecase:0x   8
04-14 18:20:41.185 W/app.mihon(31186): Suspending all threads took: 19.664ms
04-14 18:20:41.198 W/Looper  ( 1092): Drained
04-14 18:20:41.199 I/mali_gralloc(31186): unregister: id=0x2a60001931e, base=0x0, importpid=31186
04-14 18:20:41.208 D/StackScroller( 1604): updateScrollStateForRemovedChild: view isn't visible
04-14 18:20:41.209 D/StackScroller( 1604): updateScrollStateForRemovedChild: view isn't visible
04-14 18:20:41.209 I/SysUI_OverviewSysUiProxyService( 1604):  isEnabled mIsEnabled false mIsFoldExpanded true
04-14 18:20:41.209 D/TrCloudNotificationSupportController( 1604): containCloudNotificationSupportApp: app.mihonnot in the cloud list
04-14 18:20:41.209 D/TrCloudNotificationSupportController( 1604): containLocalNotificationSupportApp: app.mihonnot in the local list
04-14 18:20:41.210 I/mali_gralloc(31186): unregister: id=0x2a600019320, base=0x0, importpid=31186
04-14 18:20:41.216 I/mali_gralloc(31186): unregister: id=0x2a600019321, base=0x0, importpid=31186
04-14 18:20:41.219 I/mali_gralloc(31186): unregister: id=0x2a600019322, base=0x0, importpid=31186
04-14 18:20:41.223 I/mali_gralloc(31186): unregister: id=0x2a600019323, base=0x0, importpid=31186
04-14 18:20:41.224 I/mali_gralloc(31186): unregister: id=0x2a600019324, base=0x0, importpid=31186
04-14 18:20:41.224 I/audio_hw_primary(  674): app type:0x   0, is_voip:0, device:2, pcm:-352510464, usecase:0x   8
04-14 18:20:41.226 I/mali_gralloc(31186): unregister: id=0x2a600019325, base=0x0, importpid=31186
04-14 18:20:41.227 I/mali_gralloc(31186): unregister: id=0x2a600019326, base=0x0, importpid=31186
04-14 18:20:41.228 I/mali_gralloc(31186): unregister: id=0x2a600019327, base=0x0, importpid=31186
04-14 18:20:41.231 I/mali_gralloc(31186): unregister: id=0x2a60001931b, base=0x0, importpid=31186
04-14 18:20:41.234 I/mali_gralloc(31186): unregister: id=0x2a60001931c, base=0x0, importpid=31186
04-14 18:20:41.239 I/m.android.phone( 1514): Background young concurrent mark compact GC freed 6862KB AllocSpace bytes, 2(136KB) LOS objects, 48% free, 7078KB/13MB, paused 642us,45.860ms total 207.231ms
04-14 18:20:41.244 W/System  ( 1514): A resource failed to call AbstractCursor.close. 
04-14 18:20:41.244 W/System  ( 1514): A resource failed to call AbstractCursor.close. 
04-14 18:20:41.244 W/System  ( 1514): A resource failed to call AbstractCursor.close. 
04-14 18:20:41.244 W/System  ( 1514): A resource failed to call AbstractCursor.close. 
04-14 18:20:41.244 W/System  ( 1514): A resource failed to call AbstractCursor.close. 
04-14 18:20:41.244 W/System  ( 1514): A resource failed to call AbstractCursor.close. 
04-14 18:20:41.244 W/System  ( 1514): A resource failed to call AbstractCursor.close. 
04-14 18:20:41.244 W/System  ( 1514): A resource failed to call AbstractCursor.close. 
04-14 18:20:41.244 W/System  ( 1514): A resource failed to call AbstractCursor.close. 
04-14 18:20:41.244 W/System  ( 1514): A resource failed to call AbstractCursor.close. 
04-14 18:20:41.244 W/System  ( 1514): A resource failed to call AbstractCursor.close. 
04-14 18:20:41.261 I/audio_hw_primary(  674): app type:0x   0, is_voip:0, device:2, pcm:-352510464, usecase:0x   8
04-14 18:20:41.302 I/audio_hw_primary(  674): app type:0x   0, is_voip:0, device:2, pcm:-352510464, usecase:0x   8
04-14 18:20:41.303 I/DPUModule(  679): DpuR5P0::checkLayerFormat <142>: checkLayerFormat: Format(1)
04-14 18:20:41.303 I/DPUModule(  679): DpuR5P0::checkTransform <35>: checkTransform: Transform(0), SRCRect(0,0)
04-14 18:20:41.303 I/DPUModule(  679): DpuR5P0::checkAFBCBlockSize <97>: checkAFBCBlockSize: compressed(1),format(1), pitch(720), vstride(1616)
04-14 18:20:41.303 I/DPUModule(  679): DpuR5P0::checkLayerFormat <142>: checkLayerFormat: Format(1)
04-14 18:20:41.303 I/DPUModule(  679): DpuR5P0::checkTransform <35>: checkTransform: Transform(0), SRCRect(0,0)
04-14 18:20:41.303 I/DPUModule(  679): DpuR5P0::checkAFBCBlockSize <97>: checkAFBCBlockSize: compressed(1),format(1), pitch(720), vstride(80)
04-14 18:20:41.303 I/DPUModule(  679): DpuR5P0::checkLayerFormat <142>: checkLayerFormat: Format(1)
04-14 18:20:41.303 I/DPUModule(  679): DpuR5P0::checkTransform <35>: checkTransform: Transform(0), SRCRect(0,0)
04-14 18:20:41.303 I/DPUModule(  679): DpuR5P0::checkAFBCBlockSize <97>: checkAFBCBlockSize: compressed(1),format(1), pitch(720), vstride(96)
04-14 18:20:41.303 D/DPUModule(  679): [ …śhu] support: 0
04-14 18:20:41.317 D/CompatibilityChangeReporter( 1092): Compat change id reported: 161252188; UID 10129; state: DISABLED
04-14 18:20:41.332 D/CompatibilityChangeReporter( 1092): Compat change id reported: 161252188; UID 10124; state: DISABLED
04-14 18:20:41.342 I/audio_hw_primary(  674): app type:0x   0, is_voip:0, device:2, pcm:-352510464, usecase:0x   8
04-14 18:20:41.350 D/CompatibilityChangeReporter( 1092): Compat change id reported: 161252188; UID 10282; state: DISABLED
04-14 18:20:41.353 I/DPUModule(  679): DpuR5P0::checkLayerFormat <142>: checkLayerFormat: Format(1)
04-14 18:20:41.353 I/DPUModule(  679): DpuR5P0::checkTransform <35>: checkTransform: Transform(0), SRCRect(0,0)
04-14 18:20:41.353 I/DPUModule(  679): DpuR5P0::checkAFBCBlockSize <97>: checkAFBCBlockSize: compressed(1),format(1), pitch(720), vstride(1616)
04-14 18:20:41.353 I/DPUModule(  679): DpuR5P0::checkLayerFormat <142>: checkLayerFormat: Format(1)
04-14 18:20:41.353 I/DPUModule(  679): DpuR5P0::checkTransform <35>: checkTransform: Transform(0), SRCRect(0,0)
04-14 18:20:41.353 I/DPUModule(  679): DpuR5P0::checkAFBCBlockSize <97>: checkAFBCBlockSize: compressed(1),format(1), pitch(720), vstride(80)
04-14 18:20:41.353 I/DPUModule(  679): DpuR5P0::checkLayerFormat <142>: checkLayerFormat: Format(1)
04-14 18:20:41.353 I/DPUModule(  679): DpuR5P0::checkTransform <35>: checkTransform: Transform(0), SRCRect(0,0)
04-14 18:20:41.353 I/DPUModule(  679): DpuR5P0::checkAFBCBlockSize <97>: checkAFBCBlockSize: compressed(1),format(1), pitch(720), vstride(96)
04-14 18:20:41.353 D/DPUModule(  679): [ …śhu] support: 0
04-14 18:20:41.368 D/CompatibilityChangeReporter( 1092): Compat change id reported: 161252188; UID 10191; state: DISABLED
04-14 18:20:41.377 D/CompatibilityChangeReporter( 1092): Compat change id reported: 161252188; UID 10109; state: DISABLED
04-14 18:20:41.381 D/CompatibilityChangeReporter( 1092): Compat change id reported: 161252188; UID 10113; state: DISABLED
04-14 18:20:41.383 D/CompatibilityChangeReporter( 1092): Compat change id reported: 161252188; UID 10208; state: DISABLED
04-14 18:20:41.383 I/audio_hw_primary(  674): app type:0x   0, is_voip:0, device:2, pcm:-352510464, usecase:0x   8
04-14 18:20:41.391 D/CompatibilityChangeReporter( 1092): Compat change id reported: 161252188; UID 10195; state: DISABLED
04-14 18:20:41.398 I/MultipleDialerDeviceUtil( 1092): isMultipleDialerDevice start 0
04-14 18:20:41.400 D/CompatibilityChangeReporter( 1092): Compat change id reported: 161252188; UID 10133; state: DISABLED
04-14 18:20:41.401 I/Telecom ( 1092): DefaultDialerCache: Package Manager could not find ComponentName:com.android.incallui: TSI.iIMC@ayQ
04-14 18:20:41.402 I/NotificationService( 1092): Cannot find enqueued record for key: 0|app.mihon|2147483647|ranker_group|10215|ranker_group
04-14 18:20:41.404 D/CompatibilityChangeReporter( 1092): Compat change id reported: 161252188; UID 1000; state: DISABLED
04-14 18:20:41.408 D/CompatibilityChangeReporter( 1092): Compat change id reported: 161252188; UID 10118; state: DISABLED
04-14 18:20:41.420 I/audio_hw_primary(  674): app type:0x   0, is_voip:0, device:2, pcm:-352510464, usecase:0x   8
04-14 18:20:41.451 W/SignedPackage( 4818): Cannot get ApplicationInfo for package: com.google.android.projection.gearhead
04-14 18:20:41.458 I/audio_hw_primary(  674): app type:0x   0, is_voip:0, device:2, pcm:-352510464, usecase:0x   8
04-14 18:20:41.499 I/audio_hw_primary(  674): app type:0x   0, is_voip:0, device:2, pcm:-352510464, usecase:0x   8
04-14 18:20:41.543 I/audio_hw_primary(  674): app type:0x   0, is_voip:0, device:2, pcm:-352510464, usecase:0x   8
04-14 18:20:41.561 I/InputReader( 1092): Reconfiguring input devices, changes=KEYBOARD_LAYOUTS | 
04-14 18:20:41.570 I/DPUModule(  679): DpuR5P0::checkLayerFormat <142>: checkLayerFormat: Format(1)
04-14 18:20:41.570 I/DPUModule(  679): DpuR5P0::checkTransform <35>: checkTransform: Transform(0), SRCRect(0,0)
04-14 18:20:41.570 I/DPUModule(  679): DpuR5P0::checkAFBCBlockSize <97>: checkAFBCBlockSize: compressed(1),format(1), pitch(720), vstride(1616)
04-14 18:20:41.570 I/DPUModule(  679): DpuR5P0::checkLayerFormat <142>: checkLayerFormat: Format(1)
04-14 18:20:41.570 I/DPUModule(  679): DpuR5P0::checkTransform <35>: checkTransform: Transform(0), SRCRect(0,0)
04-14 18:20:41.570 I/DPUModule(  679): DpuR5P0::checkAFBCBlockSize <97>: checkAFBCBlockSize: compressed(1),format(1), pitch(720), vstride(80)
04-14 18:20:41.570 I/DPUModule(  679): DpuR5P0::checkLayerFormat <142>: checkLayerFormat: Format(1)
04-14 18:20:41.570 I/DPUModule(  679): DpuR5P0::checkTransform <35>: checkTransform: Transform(0), SRCRect(0,0)
04-14 18:20:41.570 I/DPUModule(  679): DpuR5P0::checkAFBCBlockSize <97>: checkAFBCBlockSize: compressed(1),format(1), pitch(720), vstride(96)
04-14 18:20:41.570 D/DPUModule(  679): [ …śhu] support: 0
04-14 18:20:41.580 I/audio_hw_primary(  674): app type:0x   0, is_voip:0, device:2, pcm:-352510464, usecase:0x   8
04-14 18:20:41.603 I/DPUModule(  679): DpuR5P0::checkLayerFormat <142>: checkLayerFormat: Format(1)
04-14 18:20:41.603 I/DPUModule(  679): DpuR5P0::checkTransform <35>: checkTransform: Transform(0), SRCRect(0,0)
04-14 18:20:41.603 I/DPUModule(  679): DpuR5P0::checkAFBCBlockSize <97>: checkAFBCBlockSize: compressed(1),format(1), pitch(720), vstride(1616)
04-14 18:20:41.603 I/DPUModule(  679): DpuR5P0::checkLayerFormat <142>: checkLayerFormat: Format(1)
04-14 18:20:41.603 I/DPUModule(  679): DpuR5P0::checkTransform <35>: checkTransform: Transform(0), SRCRect(0,0)
04-14 18:20:41.603 I/DPUModule(  679): DpuR5P0::checkAFBCBlockSize <97>: checkAFBCBlockSize: compressed(1),format(1), pitch(720), vstride(80)
04-14 18:20:41.603 I/DPUModule(  679): DpuR5P0::checkLayerFormat <142>: checkLayerFormat: Format(1)
04-14 18:20:41.603 I/DPUModule(  679): DpuR5P0::checkTransform <35>: checkTransform: Transform(0), SRCRect(0,0)
04-14 18:20:41.603 I/DPUModule(  679): DpuR5P0::checkAFBCBlockSize <97>: checkAFBCBlockSize: compressed(1),format(1), pitch(720), vstride(96)
04-14 18:20:41.603 D/DPUModule(  679): [ …śhu] support: 0
04-14 18:20:41.631 I/audio_hw_primary(  674): app type:0x   0, is_voip:0, device:2, pcm:-352510464, usecase:0x   8
04-14 18:20:41.663 I/audio_hw_primary(  674): app type:0x   0, is_voip:0, device:2, pcm:-352510464, usecase:0x   8
04-14 18:20:41.670 I/DPUModule(  679): DpuR5P0::checkLayerFormat <142>: checkLayerFormat: Format(1)
04-14 18:20:41.670 I/DPUModule(  679): DpuR5P0::checkTransform <35>: checkTransform: Transform(0), SRCRect(0,0)
04-14 18:20:41.670 I/DPUModule(  679): DpuR5P0::checkAFBCBlockSize <97>: checkAFBCBlockSize: compressed(1),format(1), pitch(720), vstride(1616)
04-14 18:20:41.670 I/DPUModule(  679): DpuR5P0::checkLayerFormat <142>: checkLayerFormat: Format(1)
04-14 18:20:41.670 I/DPUModule(  679): DpuR5P0::checkTransform <35>: checkTransform: Transform(0), SRCRect(0,0)
04-14 18:20:41.670 I/DPUModule(  679): DpuR5P0::checkAFBCBlockSize <97>: checkAFBCBlockSize: compressed(1),format(1), pitch(720), vstride(80)
04-14 18:20:41.670 I/DPUModule(  679): DpuR5P0::checkLayerFormat <142>: checkLayerFormat: Format(1)
