04-14 18:20:48.836 I/DPUModule(  679): DpuR5P0::checkLayerFormat <142>: checkLayerFormat: Format(1)
04-14 18:20:48.836 I/DPUModule(  679): DpuR5P0::checkTransform <35>: checkTransform: Transform(0), SRCRect(0,0)
04-14 18:20:48.836 I/DPUModule(  679): DpuR5P0::checkAFBCBlockSize <97>: checkAFBCBlockSize: compressed(1),format(1), pitch(720), vstride(1616)
04-14 18:20:48.836 I/DPUModule(  679): DpuR5P0::checkLayerFormat <142>: checkLayerFormat: Format(1)
04-14 18:20:48.836 I/DPUModule(  679): DpuR5P0::checkTransform <35>: checkTransform: Transform(0), SRCRect(0,0)
04-14 18:20:48.836 I/DPUModule(  679): DpuR5P0::checkAFBCBlockSize <97>: checkAFBCBlockSize: compressed(1),format(1), pitch(720), vstride(80)
04-14 18:20:48.836 I/DPUModule(  679): DpuR5P0::checkLayerFormat <142>: checkLayerFormat: Format(1)
04-14 18:20:48.836 I/DPUModule(  679): DpuR5P0::checkTransform <35>: checkTransform: Transform(0), SRCRect(0,0)
04-14 18:20:48.836 I/DPUModule(  679): DpuR5P0::checkAFBCBlockSize <97>: checkAFBCBlockSize: compressed(1),format(1), pitch(720), vstride(96)
04-14 18:20:48.836 D/DPUModule(  679): [ …śhu] support: 0
04-14 18:20:48.852 I/DPUModule(  679): DpuR5P0::checkLayerFormat <142>: checkLayerFormat: Format(1)
04-14 18:20:48.852 I/DPUModule(  679): DpuR5P0::checkTransform <35>: checkTransform: Transform(0), SRCRect(0,0)
04-14 18:20:48.852 I/DPUModule(  679): DpuR5P0::checkAFBCBlockSize <97>: checkAFBCBlockSize: compressed(1),format(1), pitch(720), vstride(1616)
04-14 18:20:48.852 I/DPUModule(  679): DpuR5P0::checkLayerFormat <142>: checkLayerFormat: Format(1)
04-14 18:20:48.852 I/DPUModule(  679): DpuR5P0::checkTransform <35>: checkTransform: Transform(0), SRCRect(0,0)
04-14 18:20:48.852 I/DPUModule(  679): DpuR5P0::checkAFBCBlockSize <97>: checkAFBCBlockSize: compressed(1),format(1), pitch(720), vstride(80)
04-14 18:20:48.852 I/DPUModule(  679): DpuR5P0::checkLayerFormat <142>: checkLayerFormat: Format(1)
04-14 18:20:48.852 I/DPUModule(  679): DpuR5P0::checkTransform <35>: checkTransform: Transform(0), SRCRect(0,0)
04-14 18:20:48.852 I/DPUModule(  679): DpuR5P0::checkAFBCBlockSize <97>: checkAFBCBlockSize: compressed(1),format(1), pitch(720), vstride(96)
04-14 18:20:48.852 D/DPUModule(  679): [ …śhu] support: 0
04-14 18:20:48.865 I/audio_hw_primary(  674): app type:0x   0, is_voip:0, device:2, pcm:-352510464, usecase:0x   8
04-14 18:20:48.905 I/audio_hw_primary(  674): app type:0x   0, is_voip:0, device:2, pcm:-352510464, usecase:0x   8
04-14 18:20:48.915 W/ActivityManager( 1092): setOomAdj Pid: 15242, Uid: 10129, Adj 925
04-14 18:20:48.917 D/AlarmManagerService( 1092): set alarm to kernel: 517705.518000000, type=2 
04-14 18:20:48.918 D/AlarmManagerService( 1092): set alarm to kernel: 517695.252000000, type=3 
04-14 18:20:48.944 I/audio_hw_primary(  674): app type:0x   0, is_voip:0, device:2, pcm:-352510464, usecase:0x   8
04-14 18:20:48.957 D/TranCellSignalStrengthImpl( 1514): [LTE] dbm: -95
04-14 18:20:48.957 D/TranCellSignalStrengthImpl( 1514): [LTE] dbm: -95
04-14 18:20:48.961 D/TranCellSignalStrengthImpl( 1092): [LTE] dbm: -95
04-14 18:20:48.962 D/TranPhoneInterfaceManagerEx( 1514): [onSignalStrengthsChanged]
04-14 18:20:48.962 D/TranSmartAllocController( 1514): mDefaultDataSubId = 5  subId = 5
04-14 18:20:48.963 D/TranSmartAllocController( 1514): mSupport = true  mBwAllocEnable = true mSimReady =true  mScreenOn =true
04-14 18:20:48.963 D/Dito    ( 1604): mcc=616, mnc=03
04-14 18:20:48.981 I/audio_hw_primary(  674): app type:0x   0, is_voip:0, device:2, pcm:-352510464, usecase:0x   8
04-14 18:20:49.023 I/audio_hw_primary(  674): app type:0x   0, is_voip:0, device:2, pcm:-352510464, usecase:0x   8
04-14 18:20:49.061 I/audio_hw_primary(  674): app type:0x   0, is_voip:0, device:2, pcm:-352510464, usecase:0x   8
04-14 18:20:49.104 I/audio_hw_primary(  674): app type:0x   0, is_voip:0, device:2, pcm:-352510464, usecase:0x   8
04-14 18:20:49.135 I/DPUModule(  679): DpuR5P0::checkLayerFormat <142>: checkLayerFormat: Format(1)
04-14 18:20:49.135 I/DPUModule(  679): DpuR5P0::checkTransform <35>: checkTransform: Transform(0), SRCRect(0,0)
04-14 18:20:49.135 I/DPUModule(  679): DpuR5P0::checkAFBCBlockSize <97>: checkAFBCBlockSize: compressed(1),format(1), pitch(720), vstride(1616)
04-14 18:20:49.135 I/DPUModule(  679): DpuR5P0::checkLayerFormat <142>: checkLayerFormat: Format(1)
04-14 18:20:49.135 I/DPUModule(  679): DpuR5P0::checkTransform <35>: checkTransform: Transform(0), SRCRect(0,0)
04-14 18:20:49.135 I/DPUModule(  679): DpuR5P0::checkAFBCBlockSize <97>: checkAFBCBlockSize: compressed(1),format(1), pitch(720), vstride(80)
04-14 18:20:49.135 I/DPUModule(  679): DpuR5P0::checkLayerFormat <142>: checkLayerFormat: Format(1)
04-14 18:20:49.136 I/DPUModule(  679): DpuR5P0::checkTransform <35>: checkTransform: Transform(0), SRCRect(0,0)
04-14 18:20:49.136 I/DPUModule(  679): DpuR5P0::checkAFBCBlockSize <97>: checkAFBCBlockSize: compressed(1),format(1), pitch(720), vstride(96)
04-14 18:20:49.136 D/DPUModule(  679): [ …śhu] support: 0
04-14 18:20:49.141 I/audio_hw_primary(  674): app type:0x   0, is_voip:0, device:2, pcm:-352510464, usecase:0x   8
04-14 18:20:49.152 I/DPUModule(  679): DpuR5P0::checkLayerFormat <142>: checkLayerFormat: Format(1)
04-14 18:20:49.152 I/DPUModule(  679): DpuR5P0::checkTransform <35>: checkTransform: Transform(0), SRCRect(0,0)
04-14 18:20:49.152 I/DPUModule(  679): DpuR5P0::checkAFBCBlockSize <97>: checkAFBCBlockSize: compressed(1),format(1), pitch(720), vstride(1616)
04-14 18:20:49.152 I/DPUModule(  679): DpuR5P0::checkLayerFormat <142>: checkLayerFormat: Format(1)
04-14 18:20:49.152 I/DPUModule(  679): DpuR5P0::checkTransform <35>: checkTransform: Transform(0), SRCRect(0,0)
04-14 18:20:49.152 I/DPUModule(  679): DpuR5P0::checkAFBCBlockSize <97>: checkAFBCBlockSize: compressed(1),format(1), pitch(720), vstride(80)
04-14 18:20:49.152 I/DPUModule(  679): DpuR5P0::checkLayerFormat <142>: checkLayerFormat: Format(1)
04-14 18:20:49.152 I/DPUModule(  679): DpuR5P0::checkTransform <35>: checkTransform: Transform(0), SRCRect(0,0)
04-14 18:20:49.152 I/DPUModule(  679): DpuR5P0::checkAFBCBlockSize <97>: checkAFBCBlockSize: compressed(1),format(1), pitch(720), vstride(96)
04-14 18:20:49.152 D/DPUModule(  679): [ …śhu] support: 0
04-14 18:20:49.180 I/audio_hw_primary(  674): app type:0x   0, is_voip:0, device:2, pcm:-352510464, usecase:0x   8
04-14 18:20:49.223 I/audio_hw_primary(  674): app type:0x   0, is_voip:0, device:2, pcm:-352510464, usecase:0x   8
04-14 18:20:49.261 I/audio_hw_primary(  674): app type:0x   0, is_voip:0, device:2, pcm:-352510464, usecase:0x   8
04-14 18:20:49.303 I/audio_hw_primary(  674): app type:0x   0, is_voip:0, device:2, pcm:-352510464, usecase:0x   8
04-14 18:20:49.342 I/audio_hw_primary(  674): app type:0x   0, is_voip:0, device:2, pcm:-352510464, usecase:0x   8
04-14 18:20:49.385 I/audio_hw_primary(  674): app type:0x   0, is_voip:0, device:2, pcm:-352510464, usecase:0x   8
04-14 18:20:49.421 I/audio_hw_primary(  674): app type:0x   0, is_voip:0, device:2, pcm:-352510464, usecase:0x   8
04-14 18:20:49.435 I/DPUModule(  679): DpuR5P0::checkLayerFormat <142>: checkLayerFormat: Format(1)
04-14 18:20:49.435 I/DPUModule(  679): DpuR5P0::checkTransform <35>: checkTransform: Transform(0), SRCRect(0,0)
04-14 18:20:49.435 I/DPUModule(  679): DpuR5P0::checkAFBCBlockSize <97>: checkAFBCBlockSize: compressed(1),format(1), pitch(720), vstride(1616)
04-14 18:20:49.435 I/DPUModule(  679): DpuR5P0::checkLayerFormat <142>: checkLayerFormat: Format(1)
04-14 18:20:49.435 I/DPUModule(  679): DpuR5P0::checkTransform <35>: checkTransform: Transform(0), SRCRect(0,0)
04-14 18:20:49.435 I/DPUModule(  679): DpuR5P0::checkAFBCBlockSize <97>: checkAFBCBlockSize: compressed(1),format(1), pitch(720), vstride(80)
04-14 18:20:49.435 I/DPUModule(  679): DpuR5P0::checkLayerFormat <142>: checkLayerFormat: Format(1)
04-14 18:20:49.435 I/DPUModule(  679): DpuR5P0::checkTransform <35>: checkTransform: Transform(0), SRCRect(0,0)
04-14 18:20:49.435 I/DPUModule(  679): DpuR5P0::checkAFBCBlockSize <97>: checkAFBCBlockSize: compressed(1),format(1), pitch(720), vstride(96)
04-14 18:20:49.435 D/DPUModule(  679): [ …śhu] support: 0
04-14 18:20:49.459 I/audio_hw_primary(  674): app type:0x   0, is_voip:0, device:2, pcm:-352510464, usecase:0x   8
04-14 18:20:49.485 I/DPUModule(  679): DpuR5P0::checkLayerFormat <142>: checkLayerFormat: Format(1)
04-14 18:20:49.485 I/DPUModule(  679): DpuR5P0::checkTransform <35>: checkTransform: Transform(0), SRCRect(0,0)
04-14 18:20:49.485 I/DPUModule(  679): DpuR5P0::checkAFBCBlockSize <97>: checkAFBCBlockSize: compressed(1),format(1), pitch(720), vstride(1616)
04-14 18:20:49.485 I/DPUModule(  679): DpuR5P0::checkLayerFormat <142>: checkLayerFormat: Format(1)
04-14 18:20:49.485 I/DPUModule(  679): DpuR5P0::checkTransform <35>: checkTransform: Transform(0), SRCRect(0,0)
04-14 18:20:49.485 I/DPUModule(  679): DpuR5P0::checkAFBCBlockSize <97>: checkAFBCBlockSize: compressed(1),format(1), pitch(720), vstride(80)
04-14 18:20:49.485 I/DPUModule(  679): DpuR5P0::checkLayerFormat <142>: checkLayerFormat: Format(1)
04-14 18:20:49.485 I/DPUModule(  679): DpuR5P0::checkTransform <35>: checkTransform: Transform(0), SRCRect(0,0)
04-14 18:20:49.485 I/DPUModule(  679): DpuR5P0::checkAFBCBlockSize <97>: checkAFBCBlockSize: compressed(1),format(1), pitch(720), vstride(96)
04-14 18:20:49.485 D/DPUModule(  679): [ …śhu] support: 0
04-14 18:20:49.504 I/audio_hw_primary(  674): app type:0x   0, is_voip:0, device:2, pcm:-352510464, usecase:0x   8
04-14 18:20:49.543 I/audio_hw_primary(  674): app type:0x   0, is_voip:0, device:2, pcm:-352510464, usecase:0x   8
04-14 18:20:49.569 I/DPUModule(  679): DpuR5P0::checkLayerFormat <142>: checkLayerFormat: Format(1)
04-14 18:20:49.569 I/DPUModule(  679): DpuR5P0::checkTransform <35>: checkTransform: Transform(0), SRCRect(0,0)
04-14 18:20:49.569 I/DPUModule(  679): DpuR5P0::checkAFBCBlockSize <97>: checkAFBCBlockSize: compressed(1),format(1), pitch(720), vstride(1616)
04-14 18:20:49.569 I/DPUModule(  679): DpuR5P0::checkLayerFormat <142>: checkLayerFormat: Format(1)
04-14 18:20:49.569 I/DPUModule(  679): DpuR5P0::checkTransform <35>: checkTransform: Transform(0), SRCRect(0,0)
04-14 18:20:49.569 I/DPUModule(  679): DpuR5P0::checkAFBCBlockSize <97>: checkAFBCBlockSize: compressed(1),format(1), pitch(720), vstride(80)
04-14 18:20:49.569 I/DPUModule(  679): DpuR5P0::checkLayerFormat <142>: checkLayerFormat: Format(1)
04-14 18:20:49.569 I/DPUModule(  679): DpuR5P0::checkTransform <35>: checkTransform: Transform(0), SRCRect(0,0)
04-14 18:20:49.569 I/DPUModule(  679): DpuR5P0::checkAFBCBlockSize <97>: checkAFBCBlockSize: compressed(1),format(1), pitch(720), vstride(96)
04-14 18:20:49.569 D/DPUModule(  679): [ …śhu] support: 0
04-14 18:20:49.582 I/audio_hw_primary(  674): app type:0x   0, is_voip:0, device:2, pcm:-352510464, usecase:0x   8
04-14 18:20:49.585 I/DPUModule(  679): DpuR5P0::checkLayerFormat <142>: checkLayerFormat: Format(1)
04-14 18:20:49.585 I/DPUModule(  679): DpuR5P0::checkTransform <35>: checkTransform: Transform(0), SRCRect(0,0)
04-14 18:20:49.585 I/DPUModule(  679): DpuR5P0::checkAFBCBlockSize <97>: checkAFBCBlockSize: compressed(1),format(1), pitch(720), vstride(1616)
04-14 18:20:49.585 I/DPUModule(  679): DpuR5P0::checkLayerFormat <142>: checkLayerFormat: Format(1)
04-14 18:20:49.585 I/DPUModule(  679): DpuR5P0::checkTransform <35>: checkTransform: Transform(0), SRCRect(0,0)
04-14 18:20:49.585 I/DPUModule(  679): DpuR5P0::checkAFBCBlockSize <97>: checkAFBCBlockSize: compressed(1),format(1), pitch(720), vstride(80)
04-14 18:20:49.585 I/DPUModule(  679): DpuR5P0::checkLayerFormat <142>: checkLayerFormat: Format(1)
04-14 18:20:49.585 I/DPUModule(  679): DpuR5P0::checkTransform <35>: checkTransform: Transform(0), SRCRect(0,0)
04-14 18:20:49.586 I/DPUModule(  679): DpuR5P0::checkAFBCBlockSize <97>: checkAFBCBlockSize: compressed(1),format(1), pitch(720), vstride(96)
04-14 18:20:49.586 D/DPUModule(  679): [ …śhu] support: 0
04-14 18:20:49.623 I/audio_hw_primary(  674): app type:0x   0, is_voip:0, device:2, pcm:-352510464, usecase:0x   8
04-14 18:20:49.632 D/Hiber/proxyManager( 1092): up_service: 10202
04-14 18:20:49.633 D/Hiber/proxyManager( 1092): up_job: 10202
04-14 18:20:49.633 D/Hiber/proxyManager( 1092): un_job: 10202
04-14 18:20:49.634 D/Hiber/alarmManagerServiceExtImpl( 1092): unproxyAlarms leave, uid=10202, packageName=drop
04-14 18:20:49.666 I/audio_hw_primary(  674): app type:0x   0, is_voip:0, device:2, pcm:-352510464, usecase:0x   8
04-14 18:20:49.703 I/audio_hw_primary(  674): app type:0x   0, is_voip:0, device:2, pcm:-352510464, usecase:0x   8
04-14 18:20:49.735 I/DPUModule(  679): DpuR5P0::checkLayerFormat <142>: checkLayerFormat: Format(1)
04-14 18:20:49.735 I/DPUModule(  679): DpuR5P0::checkTransform <35>: checkTransform: Transform(0), SRCRect(0,0)
04-14 18:20:49.735 I/DPUModule(  679): DpuR5P0::checkAFBCBlockSize <97>: checkAFBCBlockSize: compressed(1),format(1), pitch(720), vstride(1616)
04-14 18:20:49.735 I/DPUModule(  679): DpuR5P0::checkLayerFormat <142>: checkLayerFormat: Format(1)
04-14 18:20:49.735 I/DPUModule(  679): DpuR5P0::checkTransform <35>: checkTransform: Transform(0), SRCRect(0,0)
04-14 18:20:49.735 I/DPUModule(  679): DpuR5P0::checkAFBCBlockSize <97>: checkAFBCBlockSize: compressed(1),format(1), pitch(720), vstride(80)
04-14 18:20:49.735 I/DPUModule(  679): DpuR5P0::checkLayerFormat <142>: checkLayerFormat: Format(1)
04-14 18:20:49.735 I/DPUModule(  679): DpuR5P0::checkTransform <35>: checkTransform: Transform(0), SRCRect(0,0)
04-14 18:20:49.735 I/DPUModule(  679): DpuR5P0::checkAFBCBlockSize <97>: checkAFBCBlockSize: compressed(1),format(1), pitch(720), vstride(96)
04-14 18:20:49.735 D/DPUModule(  679): [ …śhu] support: 0
04-14 18:20:49.741 I/audio_hw_primary(  674): app type:0x   0, is_voip:0, device:2, pcm:-352510464, usecase:0x   8
04-14 18:20:49.752 I/DPUModule(  679): DpuR5P0::checkLayerFormat <142>: checkLayerFormat: Format(1)
04-14 18:20:49.752 I/DPUModule(  679): DpuR5P0::checkTransform <35>: checkTransform: Transform(0), SRCRect(0,0)
04-14 18:20:49.752 I/DPUModule(  679): DpuR5P0::checkAFBCBlockSize <97>: checkAFBCBlockSize: compressed(1),format(1), pitch(720), vstride(1616)
04-14 18:20:49.752 I/DPUModule(  679): DpuR5P0::checkLayerFormat <142>: checkLayerFormat: Format(1)
04-14 18:20:49.752 I/DPUModule(  679): DpuR5P0::checkTransform <35>: checkTransform: Transform(0), SRCRect(0,0)
04-14 18:20:49.752 I/DPUModule(  679): DpuR5P0::checkAFBCBlockSize <97>: checkAFBCBlockSize: compressed(1),format(1), pitch(720), vstride(80)
04-14 18:20:49.752 I/DPUModule(  679): DpuR5P0::checkLayerFormat <142>: checkLayerFormat: Format(1)
04-14 18:20:49.752 I/DPUModule(  679): DpuR5P0::checkTransform <35>: checkTransform: Transform(0), SRCRect(0,0)
04-14 18:20:49.752 I/DPUModule(  679): DpuR5P0::checkAFBCBlockSize <97>: checkAFBCBlockSize: compressed(1),format(1), pitch(720), vstride(96)
04-14 18:20:49.752 D/DPUModule(  679): [ …śhu] support: 0
04-14 18:20:49.778 I/audio_hw_primary(  674): app type:0x   0, is_voip:0, device:2, pcm:-352510464, usecase:0x   8
04-14 18:20:49.807 D/GNSSMGT (  955): watchdog: PowerState: CP SLEEP
04-14 18:20:49.819 I/keystore2(  440): keystore2::watchdog: Watchdog thread idle -> terminating. Have a great day.
04-14 18:20:49.822 I/audio_hw_primary(  674): app type:0x   0, is_voip:0, device:2, pcm:-352510464, usecase:0x   8
04-14 18:20:49.866 I/audio_hw_primary(  674): app type:0x   0, is_voip:0, device:2, pcm:-352510464, usecase:0x   8
04-14 18:20:49.903 I/audio_hw_primary(  674): app type:0x   0, is_voip:0, device:2, pcm:-352510464, usecase:0x   8
04-14 18:20:49.943 I/audio_hw_primary(  674): app type:0x   0, is_voip:0, device:2, pcm:-352510464, usecase:0x   8
04-14 18:20:49.956 D/TranCellSignalStrengthImpl( 1514): [LTE] dbm: -95
04-14 18:20:49.957 D/TranCellSignalStrengthImpl( 1514): [LTE] dbm: -95
04-14 18:20:49.959 D/TranCellSignalStrengthImpl( 1092): [LTE] dbm: -95
04-14 18:20:49.981 I/audio_hw_primary(  674): app type:0x   0, is_voip:0, device:2, pcm:-352510464, usecase:0x   8
04-14 18:20:50.022 I/audio_hw_primary(  674): app type:0x   0, is_voip:0, device:2, pcm:-352510464, usecase:0x   8
04-14 18:20:50.035 I/DPUModule(  679): DpuR5P0::checkLayerFormat <142>: checkLayerFormat: Format(1)
04-14 18:20:50.035 I/DPUModule(  679): DpuR5P0::checkTransform <35>: checkTransform: Transform(0), SRCRect(0,0)
04-14 18:20:50.035 I/DPUModule(  679): DpuR5P0::checkAFBCBlockSize <97>: checkAFBCBlockSize: compressed(1),format(1), pitch(720), vstride(1616)
04-14 18:20:50.035 I/DPUModule(  679): DpuR5P0::checkLayerFormat <142>: checkLayerFormat: Format(1)
04-14 18:20:50.035 I/DPUModule(  679): DpuR5P0::checkTransform <35>: checkTransform: Transform(0), SRCRect(0,0)
04-14 18:20:50.035 I/DPUModule(  679): DpuR5P0::checkAFBCBlockSize <97>: checkAFBCBlockSize: compressed(1),format(1), pitch(720), vstride(80)
04-14 18:20:50.035 I/DPUModule(  679): DpuR5P0::checkLayerFormat <142>: checkLayerFormat: Format(1)
04-14 18:20:50.035 I/DPUModule(  679): DpuR5P0::checkTransform <35>: checkTransform: Transform(0), SRCRect(0,0)
04-14 18:20:50.035 I/DPUModule(  679): DpuR5P0::checkAFBCBlockSize <97>: checkAFBCBlockSize: compressed(1),format(1), pitch(720), vstride(96)
04-14 18:20:50.035 D/DPUModule(  679): [ …śhu] support: 0
04-14 18:20:50.061 I/audio_hw_primary(  674): app type:0x   0, is_voip:0, device:2, pcm:-352510464, usecase:0x   8
04-14 18:20:50.085 I/DPUModule(  679): DpuR5P0::checkLayerFormat <142>: checkLayerFormat: Format(1)
04-14 18:20:50.085 I/DPUModule(  679): DpuR5P0::checkTransform <35>: checkTransform: Transform(0), SRCRect(0,0)
04-14 18:20:50.085 I/DPUModule(  679): DpuR5P0::checkAFBCBlockSize <97>: checkAFBCBlockSize: compressed(1),format(1), pitch(720), vstride(1616)
04-14 18:20:50.085 I/DPUModule(  679): DpuR5P0::checkLayerFormat <142>: checkLayerFormat: Format(1)
04-14 18:20:50.085 I/DPUModule(  679): DpuR5P0::checkTransform <35>: checkTransform: Transform(0), SRCRect(0,0)
04-14 18:20:50.085 I/DPUModule(  679): DpuR5P0::checkAFBCBlockSize <97>: checkAFBCBlockSize: compressed(1),format(1), pitch(720), vstride(80)
04-14 18:20:50.085 I/DPUModule(  679): DpuR5P0::checkLayerFormat <142>: checkLayerFormat: Format(1)
04-14 18:20:50.085 I/DPUModule(  679): DpuR5P0::checkTransform <35>: checkTransform: Transform(0), SRCRect(0,0)
04-14 18:20:50.085 I/DPUModule(  679): DpuR5P0::checkAFBCBlockSize <97>: checkAFBCBlockSize: compressed(1),format(1), pitch(720), vstride(96)
04-14 18:20:50.085 D/DPUModule(  679): [ …śhu] support: 0
04-14 18:20:50.101 I/audio_hw_primary(  674): app type:0x   0, is_voip:0, device:2, pcm:-352510464, usecase:0x   8
04-14 18:20:50.140 I/audio_hw_primary(  674): app type:0x   0, is_voip:0, device:2, pcm:-352510464, usecase:0x   8
04-14 18:20:50.184 I/audio_hw_primary(  674): app type:0x   0, is_voip:0, device:2, pcm:-352510464, usecase:0x   8
04-14 18:20:50.224 I/audio_hw_primary(  674): app type:0x   0, is_voip:0, device:2, pcm:-352510464, usecase:0x   8
04-14 18:20:50.265 I/audio_hw_primary(  674): app type:0x   0, is_voip:0, device:2, pcm:-352510464, usecase:0x   8
04-14 18:20:50.304 I/audio_hw_primary(  674): app type:0x   0, is_voip:0, device:2, pcm:-352510464, usecase:0x   8
04-14 18:20:50.335 I/DPUModule(  679): DpuR5P0::checkLayerFormat <142>: checkLayerFormat: Format(1)
04-14 18:20:50.335 I/DPUModule(  679): DpuR5P0::checkTransform <35>: checkTransform: Transform(0), SRCRect(0,0)
04-14 18:20:50.335 I/DPUModule(  679): DpuR5P0::checkAFBCBlockSize <97>: checkAFBCBlockSize: compressed(1),format(1), pitch(720), vstride(1616)
04-14 18:20:50.335 I/DPUModule(  679): DpuR5P0::checkLayerFormat <142>: checkLayerFormat: Format(1)
04-14 18:20:50.335 I/DPUModule(  679): DpuR5P0::checkTransform <35>: checkTransform: Transform(0), SRCRect(0,0)
04-14 18:20:50.335 I/DPUModule(  679): DpuR5P0::checkAFBCBlockSize <97>: checkAFBCBlockSize: compressed(1),format(1), pitch(720), vstride(80)
04-14 18:20:50.335 I/DPUModule(  679): DpuR5P0::checkLayerFormat <142>: checkLayerFormat: Format(1)
04-14 18:20:50.335 I/DPUModule(  679): DpuR5P0::checkTransform <35>: checkTransform: Transform(0), SRCRect(0,0)
04-14 18:20:50.335 I/DPUModule(  679): DpuR5P0::checkAFBCBlockSize <97>: checkAFBCBlockSize: compressed(1),format(1), pitch(720), vstride(96)
04-14 18:20:50.335 D/DPUModule(  679): [ …śhu] support: 0
04-14 18:20:50.342 I/audio_hw_primary(  674): app type:0x   0, is_voip:0, device:2, pcm:-352510464, usecase:0x   8
04-14 18:20:50.351 I/DPUModule(  679): DpuR5P0::checkLayerFormat <142>: checkLayerFormat: Format(1)
04-14 18:20:50.352 I/DPUModule(  679): DpuR5P0::checkTransform <35>: checkTransform: Transform(0), SRCRect(0,0)
04-14 18:20:50.352 I/DPUModule(  679): DpuR5P0::checkAFBCBlockSize <97>: checkAFBCBlockSize: compressed(1),format(1), pitch(720), vstride(1616)
04-14 18:20:50.352 I/DPUModule(  679): DpuR5P0::checkLayerFormat <142>: checkLayerFormat: Format(1)
04-14 18:20:50.352 I/DPUModule(  679): DpuR5P0::checkTransform <35>: checkTransform: Transform(0), SRCRect(0,0)
04-14 18:20:50.352 I/DPUModule(  679): DpuR5P0::checkAFBCBlockSize <97>: checkAFBCBlockSize: compressed(1),format(1), pitch(720), vstride(80)
04-14 18:20:50.352 I/DPUModule(  679): DpuR5P0::checkLayerFormat <142>: checkLayerFormat: Format(1)
04-14 18:20:50.352 I/DPUModule(  679): DpuR5P0::checkTransform <35>: checkTransform: Transform(0), SRCRect(0,0)
04-14 18:20:50.352 I/DPUModule(  679): DpuR5P0::checkAFBCBlockSize <97>: checkAFBCBlockSize: compressed(1),format(1), pitch(720), vstride(96)
04-14 18:20:50.352 D/DPUModule(  679): [ …śhu] support: 0
04-14 18:20:50.383 I/audio_hw_primary(  674): app type:0x   0, is_voip:0, device:2, pcm:-352510464, usecase:0x   8
04-14 18:20:50.421 I/audio_hw_primary(  674): app type:0x   0, is_voip:0, device:2, pcm:-352510464, usecase:0x   8
04-14 18:20:50.460 I/audio_hw_primary(  674): app type:0x   0, is_voip:0, device:2, pcm:-352510464, usecase:0x   8
04-14 18:20:50.481 D/TLinkBrush_DATA( 1092): [NetdEvent]Wifi connect true, screen state true, do nothing!
04-14 18:20:50.500 I/audio_hw_primary(  674): app type:0x   0, is_voip:0, device:2, pcm:-352510464, usecase:0x   8
04-14 18:20:50.544 I/audio_hw_primary(  674): app type:0x   0, is_voip:0, device:2, pcm:-352510464, usecase:0x   8
04-14 18:20:50.587 I/audio_hw_primary(  674): app type:0x   0, is_voip:0, device:2, pcm:-352510464, usecase:0x   8
04-14 18:20:50.622 I/audio_hw_primary(  674): app type:0x   0, is_voip:0, device:2, pcm:-352510464, usecase:0x   8
04-14 18:20:50.635 I/DPUModule(  679): DpuR5P0::checkLayerFormat <142>: checkLayerFormat: Format(1)
04-14 18:20:50.635 I/DPUModule(  679): DpuR5P0::checkTransform <35>: checkTransform: Transform(0), SRCRect(0,0)
04-14 18:20:50.635 I/DPUModule(  679): DpuR5P0::checkAFBCBlockSize <97>: checkAFBCBlockSize: compressed(1),format(1), pitch(720), vstride(1616)
04-14 18:20:50.635 I/DPUModule(  679): DpuR5P0::checkLayerFormat <142>: checkLayerFormat: Format(1)
04-14 18:20:50.635 I/DPUModule(  679): DpuR5P0::checkTransform <35>: checkTransform: Transform(0), SRCRect(0,0)
04-14 18:20:50.635 I/DPUModule(  679): DpuR5P0::checkAFBCBlockSize <97>: checkAFBCBlockSize: compressed(1),format(1), pitch(720), vstride(80)
04-14 18:20:50.635 I/DPUModule(  679): DpuR5P0::checkLayerFormat <142>: checkLayerFormat: Format(1)
04-14 18:20:50.635 I/DPUModule(  679): DpuR5P0::checkTransform <35>: checkTransform: Transform(0), SRCRect(0,0)
04-14 18:20:50.635 I/DPUModule(  679): DpuR5P0::checkAFBCBlockSize <97>: checkAFBCBlockSize: compressed(1),format(1), pitch(720), vstride(96)
04-14 18:20:50.635 D/DPUModule(  679): [ …śhu] support: 0
04-14 18:20:50.652 I/DPUModule(  679): DpuR5P0::checkLayerFormat <142>: checkLayerFormat: Format(1)
04-14 18:20:50.652 I/DPUModule(  679): DpuR5P0::checkTransform <35>: checkTransform: Transform(0), SRCRect(0,0)
04-14 18:20:50.652 I/DPUModule(  679): DpuR5P0::checkAFBCBlockSize <97>: checkAFBCBlockSize: compressed(1),format(1), pitch(720), vstride(1616)
04-14 18:20:50.652 I/DPUModule(  679): DpuR5P0::checkLayerFormat <142>: checkLayerFormat: Format(1)
04-14 18:20:50.652 I/DPUModule(  679): DpuR5P0::checkTransform <35>: checkTransform: Transform(0), SRCRect(0,0)
04-14 18:20:50.652 I/DPUModule(  679): DpuR5P0::checkAFBCBlockSize <97>: checkAFBCBlockSize: compressed(1),format(1), pitch(720), vstride(80)
04-14 18:20:50.652 I/DPUModule(  679): DpuR5P0::checkLayerFormat <142>: checkLayerFormat: Format(1)
04-14 18:20:50.652 I/DPUModule(  679): DpuR5P0::checkTransform <35>: checkTransform: Transform(0), SRCRect(0,0)
04-14 18:20:50.652 I/DPUModule(  679): DpuR5P0::checkAFBCBlockSize <97>: checkAFBCBlockSize: compressed(1),format(1), pitch(720), vstride(96)
04-14 18:20:50.652 D/DPUModule(  679): [ …śhu] support: 0
04-14 18:20:50.661 I/audio_hw_primary(  674): app type:0x   0, is_voip:0, device:2, pcm:-352510464, usecase:0x   8
04-14 18:20:50.697 E/SLOGCP  (  922): data_rate_stat: agdsp rate: total size(MB)=0.000000; per second(bytes)=0.000000, drop_cnt_=0, drop_data_size_=0
04-14 18:20:50.705 I/audio_hw_primary(  674): app type:0x   0, is_voip:0, device:2, pcm:-352510464, usecase:0x   8
04-14 18:20:50.740 I/audio_hw_primary(  674): app type:0x   0, is_voip:0, device:2, pcm:-352510464, usecase:0x   8
04-14 18:20:50.783 I/audio_hw_primary(  674): app type:0x   0, is_voip:0, device:2, pcm:-352510464, usecase:0x   8
04-14 18:20:50.822 I/audio_hw_primary(  674): app type:0x   0, is_voip:0, device:2, pcm:-352510464, usecase:0x   8
04-14 18:20:50.865 I/audio_hw_primary(  674): app type:0x   0, is_voip:0, device:2, pcm:-352510464, usecase:0x   8
04-14 18:20:50.905 I/audio_hw_primary(  674): app type:0x   0, is_voip:0, device:2, pcm:-352510464, usecase:0x   8
04-14 18:20:50.935 I/DPUModule(  679): DpuR5P0::checkLayerFormat <142>: checkLayerFormat: Format(1)
04-14 18:20:50.935 I/DPUModule(  679): DpuR5P0::checkTransform <35>: checkTransform: Transform(0), SRCRect(0,0)
04-14 18:20:50.935 I/DPUModule(  679): DpuR5P0::checkAFBCBlockSize <97>: checkAFBCBlockSize: compressed(1),format(1), pitch(720), vstride(1616)
04-14 18:20:50.935 I/DPUModule(  679): DpuR5P0::checkLayerFormat <142>: checkLayerFormat: Format(1)
04-14 18:20:50.935 I/DPUModule(  679): DpuR5P0::checkTransform <35>: checkTransform: Transform(0), SRCRect(0,0)
04-14 18:20:50.935 I/DPUModule(  679): DpuR5P0::checkAFBCBlockSize <97>: checkAFBCBlockSize: compressed(1),format(1), pitch(720), vstride(80)
04-14 18:20:50.935 I/DPUModule(  679): DpuR5P0::checkLayerFormat <142>: checkLayerFormat: Format(1)
04-14 18:20:50.935 I/DPUModule(  679): DpuR5P0::checkTransform <35>: checkTransform: Transform(0), SRCRect(0,0)
04-14 18:20:50.935 I/DPUModule(  679): DpuR5P0::checkAFBCBlockSize <97>: checkAFBCBlockSize: compressed(1),format(1), pitch(720), vstride(96)
04-14 18:20:50.935 D/DPUModule(  679): [ …śhu] support: 0
04-14 18:20:50.942 I/audio_hw_primary(  674): app type:0x   0, is_voip:0, device:2, pcm:-352510464, usecase:0x   8
04-14 18:20:50.951 I/DPUModule(  679): DpuR5P0::checkLayerFormat <142>: checkLayerFormat: Format(1)
04-14 18:20:50.952 I/DPUModule(  679): DpuR5P0::checkTransform <35>: checkTransform: Transform(0), SRCRect(0,0)
04-14 18:20:50.952 I/DPUModule(  679): DpuR5P0::checkAFBCBlockSize <97>: checkAFBCBlockSize: compressed(1),format(1), pitch(720), vstride(1616)
04-14 18:20:50.952 I/DPUModule(  679): DpuR5P0::checkLayerFormat <142>: checkLayerFormat: Format(1)
04-14 18:20:50.952 I/DPUModule(  679): DpuR5P0::checkTransform <35>: checkTransform: Transform(0), SRCRect(0,0)
04-14 18:20:50.952 I/DPUModule(  679): DpuR5P0::checkAFBCBlockSize <97>: checkAFBCBlockSize: compressed(1),format(1), pitch(720), vstride(80)
04-14 18:20:50.952 I/DPUModule(  679): DpuR5P0::checkLayerFormat <142>: checkLayerFormat: Format(1)
04-14 18:20:50.952 I/DPUModule(  679): DpuR5P0::checkTransform <35>: checkTransform: Transform(0), SRCRect(0,0)
04-14 18:20:50.952 I/DPUModule(  679): DpuR5P0::checkAFBCBlockSize <97>: checkAFBCBlockSize: compressed(1),format(1), pitch(720), vstride(96)
04-14 18:20:50.952 D/DPUModule(  679): [ …śhu] support: 0
04-14 18:20:50.986 I/audio_hw_primary(  674): app type:0x   0, is_voip:0, device:2, pcm:-352510464, usecase:0x   8
04-14 18:20:51.023 I/audio_hw_primary(  674): app type:0x   0, is_voip:0, device:2, pcm:-352510464, usecase:0x   8
04-14 18:20:51.061 I/audio_hw_primary(  674): app type:0x   0, is_voip:0, device:2, pcm:-352510464, usecase:0x   8
04-14 18:20:51.103 D/SmartBandWith_Controller2( 1092): [handleMessage] what: 1004
04-14 18:20:51.103 D/SmartBandWith_Controller2( 1092): [isNetworkRateSatisfy]mUid = 10282, curWhiteAppByte = 9802875325 Byte
04-14 18:20:51.103 D/SmartBandWith_Controller2( 1092): [isNetworkRateSatisfy]System totalRate = 72.27311 kbps
04-14 18:20:51.103 D/SmartBandWith_Controller2( 1092): system network is out of limit scale or fg App not using
04-14 18:20:51.103 D/SmartBandWith_Controller2( 1092): isNetworkRateSatisfy: false
04-14 18:20:51.106 I/audio_hw_primary(  674): app type:0x   0, is_voip:0, device:2, pcm:-352510464, usecase:0x   8
04-14 18:20:51.144 I/audio_hw_primary(  674): app type:0x   0, is_voip:0, device:2, pcm:-352510464, usecase:0x   8
04-14 18:20:51.185 I/audio_hw_primary(  674): app type:0x   0, is_voip:0, device:2, pcm:-352510464, usecase:0x   8
04-14 18:20:51.223 I/audio_hw_primary(  674): app type:0x   0, is_voip:0, device:2, pcm:-352510464, usecase:0x   8
04-14 18:20:51.235 I/DPUModule(  679): DpuR5P0::checkLayerFormat <142>: checkLayerFormat: Format(1)
04-14 18:20:51.235 I/DPUModule(  679): DpuR5P0::checkTransform <35>: checkTransform: Transform(0), SRCRect(0,0)
04-14 18:20:51.235 I/DPUModule(  679): DpuR5P0::checkAFBCBlockSize <97>: checkAFBCBlockSize: compressed(1),format(1), pitch(720), vstride(1616)
04-14 18:20:51.235 I/DPUModule(  679): DpuR5P0::checkLayerFormat <142>: checkLayerFormat: Format(1)
04-14 18:20:51.235 I/DPUModule(  679): DpuR5P0::checkTransform <35>: checkTransform: Transform(0), SRCRect(0,0)
04-14 18:20:51.235 I/DPUModule(  679): DpuR5P0::checkAFBCBlockSize <97>: checkAFBCBlockSize: compressed(1),format(1), pitch(720), vstride(80)
04-14 18:20:51.235 I/DPUModule(  679): DpuR5P0::checkLayerFormat <142>: checkLayerFormat: Format(1)
04-14 18:20:51.235 I/DPUModule(  679): DpuR5P0::checkTransform <35>: checkTransform: Transform(0), SRCRect(0,0)
04-14 18:20:51.235 I/DPUModule(  679): DpuR5P0::checkAFBCBlockSize <97>: checkAFBCBlockSize: compressed(1),format(1), pitch(720), vstride(96)
04-14 18:20:51.235 D/DPUModule(  679): [ …śhu] support: 0
04-14 18:20:51.251 I/DPUModule(  679): DpuR5P0::checkLayerFormat <142>: checkLayerFormat: Format(1)
04-14 18:20:51.251 I/DPUModule(  679): DpuR5P0::checkTransform <35>: checkTransform: Transform(0), SRCRect(0,0)
04-14 18:20:51.251 I/DPUModule(  679): DpuR5P0::checkAFBCBlockSize <97>: checkAFBCBlockSize: compressed(1),format(1), pitch(720), vstride(1616)
04-14 18:20:51.252 I/DPUModule(  679): DpuR5P0::checkLayerFormat <142>: checkLayerFormat: Format(1)
04-14 18:20:51.252 I/DPUModule(  679): DpuR5P0::checkTransform <35>: checkTransform: Transform(0), SRCRect(0,0)
04-14 18:20:51.252 I/DPUModule(  679): DpuR5P0::checkAFBCBlockSize <97>: checkAFBCBlockSize: compressed(1),format(1), pitch(720), vstride(80)
04-14 18:20:51.252 I/DPUModule(  679): DpuR5P0::checkLayerFormat <142>: checkLayerFormat: Format(1)
04-14 18:20:51.252 I/DPUModule(  679): DpuR5P0::checkTransform <35>: checkTransform: Transform(0), SRCRect(0,0)
04-14 18:20:51.252 I/DPUModule(  679): DpuR5P0::checkAFBCBlockSize <97>: checkAFBCBlockSize: compressed(1),format(1), pitch(720), vstride(96)
04-14 18:20:51.252 D/DPUModule(  679): [ …śhu] support: 0
04-14 18:20:51.268 I/audio_hw_primary(  674): app type:0x   0, is_voip:0, device:2, pcm:-352510464, usecase:0x   8
04-14 18:20:51.304 I/audio_hw_primary(  674): app type:0x   0, is_voip:0, device:2, pcm:-352510464, usecase:0x   8
04-14 18:20:51.341 I/audio_hw_primary(  674): app type:0x   0, is_voip:0, device:2, pcm:-352510464, usecase:0x   8
04-14 18:20:51.379 I/audio_hw_primary(  674): app type:0x   0, is_voip:0, device:2, pcm:-352510464, usecase:0x   8
04-14 18:20:51.424 I/audio_hw_primary(  674): app type:0x   0, is_voip:0, device:2, pcm:-352510464, usecase:0x   8
04-14 18:20:51.460 I/audio_hw_primary(  674): app type:0x   0, is_voip:0, device:2, pcm:-352510464, usecase:0x   8
04-14 18:20:51.506 I/audio_hw_primary(  674): app type:0x   0, is_voip:0, device:2, pcm:-352510464, usecase:0x   8
04-14 18:20:51.523 D/AlarmManager( 1092): waitForAlarm result:8currentTime=1776187251522, elapsedRealtime=517695252
04-14 18:20:51.535 I/DPUModule(  679): DpuR5P0::checkLayerFormat <142>: checkLayerFormat: Format(1)
04-14 18:20:51.535 I/DPUModule(  679): DpuR5P0::checkTransform <35>: checkTransform: Transform(0), SRCRect(0,0)
04-14 18:20:51.535 I/DPUModule(  679): DpuR5P0::checkAFBCBlockSize <97>: checkAFBCBlockSize: compressed(1),format(1), pitch(720), vstride(1616)
04-14 18:20:51.535 I/DPUModule(  679): DpuR5P0::checkLayerFormat <142>: checkLayerFormat: Format(1)
04-14 18:20:51.535 I/DPUModule(  679): DpuR5P0::checkTransform <35>: checkTransform: Transform(0), SRCRect(0,0)
04-14 18:20:51.535 I/DPUModule(  679): DpuR5P0::checkAFBCBlockSize <97>: checkAFBCBlockSize: compressed(1),format(1), pitch(720), vstride(80)
04-14 18:20:51.535 I/DPUModule(  679): DpuR5P0::checkLayerFormat <142>: checkLayerFormat: Format(1)
04-14 18:20:51.535 I/DPUModule(  679): DpuR5P0::checkTransform <35>: checkTransform: Transform(0), SRCRect(0,0)
04-14 18:20:51.535 I/DPUModule(  679): DpuR5P0::checkAFBCBlockSize <97>: checkAFBCBlockSize: compressed(1),format(1), pitch(720), vstride(96)
04-14 18:20:51.535 D/DPUModule(  679): [ …śhu] support: 0
04-14 18:20:51.538 I/AlarmManager( 1092): going to acquire mWakeLock actually.
04-14 18:20:51.539 D/AlarmManager( 1092): sending alarm.type = 3, action = null, alarm = Alarm{86948da type 3 origWhen 517659900 whenElapsed 517659900 android}, cn = null, operation = null, listener=android.app.AlarmManager$ListenerWrapper@5de6a77, listenerTag=*job.cleanup*, workSource=null
04-14 18:20:51.544 I/audio_hw_primary(  674): app type:0x   0, is_voip:0, device:2, pcm:-352510464, usecase:0x   8
04-14 18:20:51.552 I/DPUModule(  679): DpuR5P0::checkLayerFormat <142>: checkLayerFormat: Format(1)
04-14 18:20:51.552 I/DPUModule(  679): DpuR5P0::checkTransform <35>: checkTransform: Transform(0), SRCRect(0,0)
04-14 18:20:51.552 I/DPUModule(  679): DpuR5P0::checkAFBCBlockSize <97>: checkAFBCBlockSize: compressed(1),format(1), pitch(720), vstride(1616)
04-14 18:20:51.552 I/DPUModule(  679): DpuR5P0::checkLayerFormat <142>: checkLayerFormat: Format(1)
04-14 18:20:51.552 I/DPUModule(  679): DpuR5P0::checkTransform <35>: checkTransform: Transform(0), SRCRect(0,0)
04-14 18:20:51.552 I/DPUModule(  679): DpuR5P0::checkAFBCBlockSize <97>: checkAFBCBlockSize: compressed(1),format(1), pitch(720), vstride(80)
04-14 18:20:51.552 I/DPUModule(  679): DpuR5P0::checkLayerFormat <142>: checkLayerFormat: Format(1)
04-14 18:20:51.552 I/DPUModule(  679): DpuR5P0::checkTransform <35>: checkTransform: Transform(0), SRCRect(0,0)
04-14 18:20:51.552 I/DPUModule(  679): DpuR5P0::checkAFBCBlockSize <97>: checkAFBCBlockSize: compressed(1),format(1), pitch(720), vstride(96)
04-14 18:20:51.552 D/DPUModule(  679): [ …śhu] support: 0
04-14 18:20:51.557 D/Griffin/filterReceiveBroadcast( 1092): not limit Intent { act=com.whatsapp.alarm.CLIENT_PING_PERIODIC flg=0x10 pkg=com.whatsapp } for resultTo not null
04-14 18:20:51.557 D/BroadcastQueue( 1092): Add broadcast <BroadcastRecord{ba2a10b u0 com.whatsapp.alarm.CLIENT_PING_PERIODIC}> into [ordered | background], pending size 64
04-14 18:20:51.558 D/BroadcastQueue( 1092): Header is BroadcastRecord{bcaef64 u0 android.intent.action.MEDIA_SCANNER_SCAN_FILE} now
04-14 18:20:51.558 D/AlarmManager( 1092): sending alarm.type = 3, action = com.whatsapp.alarm.CLIENT_PING_PERIODIC, alarm = Alarm{ad21be8 type 3 origWhen 517684002 whenElapsed 517684002 com.whatsapp}, cn = null, operation = PendingIntent{3c71b8e: PendingIntentRecord{e4afca5 com.whatsapp broadcastIntent}}, listener=null, listenerTag=null, workSource=null
04-14 18:20:51.559 D/AlarmManagerService( 1092): set alarm to kernel: 517705.518000000, type=2 
04-14 18:20:51.559 D/AlarmManagerService( 1092): set alarm to kernel: 517703.729000000, type=3 
04-14 18:20:51.561 V/AlarmManager( 1092): set(null) : type=3 listener=android.app.AlarmManager$ListenerWrapper@5de6a77 listenerTag=*job.cleanup* workSource=null callingPackage=android callingUid=1000 triggerAtTime=518259900 win=423456 tElapsed=518259900 maxElapsed=518683356 interval=0 flags=0x8
04-14 18:20:51.561 D/AlarmManager( 1092): Add alarm packageName=android, type=3, when=518259900, tag=*job.cleanup*, callingUid=1000, callingPackage=android
04-14 18:20:51.562 D/AlarmManagerService( 1092): set alarm to kernel: 517705.518000000, type=2 
04-14 18:20:51.562 D/AlarmManagerService( 1092): set alarm to kernel: 517703.729000000, type=3 
04-14 18:20:51.568 I/DPUModule(  679): DpuR5P0::checkLayerFormat <142>: checkLayerFormat: Format(1)
04-14 18:20:51.568 I/DPUModule(  679): DpuR5P0::checkTransform <35>: checkTransform: Transform(0), SRCRect(0,0)
04-14 18:20:51.568 I/DPUModule(  679): DpuR5P0::checkAFBCBlockSize <97>: checkAFBCBlockSize: compressed(1),format(1), pitch(720), vstride(1616)
04-14 18:20:51.568 I/DPUModule(  679): DpuR5P0::checkLayerFormat <142>: checkLayerFormat: Format(1)
04-14 18:20:51.568 I/DPUModule(  679): DpuR5P0::checkTransform <35>: checkTransform: Transform(0), SRCRect(0,0)
04-14 18:20:51.568 I/DPUModule(  679): DpuR5P0::checkAFBCBlockSize <97>: checkAFBCBlockSize: compressed(1),format(1), pitch(720), vstride(80)
04-14 18:20:51.568 I/DPUModule(  679): DpuR5P0::checkLayerFormat <142>: checkLayerFormat: Format(1)
04-14 18:20:51.568 I/DPUModule(  679): DpuR5P0::checkTransform <35>: checkTransform: Transform(0), SRCRect(0,0)
04-14 18:20:51.568 I/DPUModule(  679): DpuR5P0::checkAFBCBlockSize <97>: checkAFBCBlockSize: compressed(1),format(1), pitch(720), vstride(96)
04-14 18:20:51.568 D/DPUModule(  679): [ …śhu] support: 0
04-14 18:20:51.582 I/audio_hw_primary(  674): app type:0x   0, is_voip:0, device:2, pcm:-352510464, usecase:0x   8
04-14 18:20:51.585 I/DPUModule(  679): DpuR5P0::checkLayerFormat <142>: checkLayerFormat: Format(1)
04-14 18:20:51.585 I/DPUModule(  679): DpuR5P0::checkTransform <35>: checkTransform: Transform(0), SRCRect(0,0)
04-14 18:20:51.585 I/DPUModule(  679): DpuR5P0::checkAFBCBlockSize <97>: checkAFBCBlockSize: compressed(1),format(1), pitch(720), vstride(1616)
04-14 18:20:51.585 I/DPUModule(  679): DpuR5P0::checkLayerFormat <142>: checkLayerFormat: Format(1)
04-14 18:20:51.585 I/DPUModule(  679): DpuR5P0::checkTransform <35>: checkTransform: Transform(0), SRCRect(0,0)
04-14 18:20:51.585 I/DPUModule(  679): DpuR5P0::checkAFBCBlockSize <97>: checkAFBCBlockSize: compressed(1),format(1), pitch(720), vstride(80)
04-14 18:20:51.585 I/DPUModule(  679): DpuR5P0::checkLayerFormat <142>: checkLayerFormat: Format(1)
04-14 18:20:51.585 I/DPUModule(  679): DpuR5P0::checkTransform <35>: checkTransform: Transform(0), SRCRect(0,0)
04-14 18:20:51.585 I/DPUModule(  679): DpuR5P0::checkAFBCBlockSize <97>: checkAFBCBlockSize: compressed(1),format(1), pitch(720), vstride(96)
04-14 18:20:51.585 D/DPUModule(  679): [ …śhu] support: 0
04-14 18:20:51.622 I/audio_hw_primary(  674): app type:0x   0, is_voip:0, device:2, pcm:-352510464, usecase:0x   8
04-14 18:20:51.666 I/audio_hw_primary(  674): app type:0x   0, is_voip:0, device:2, pcm:-352510464, usecase:0x   8
04-14 18:20:51.701 I/audio_hw_primary(  674): app type:0x   0, is_voip:0, device:2, pcm:-352510464, usecase:0x   8
04-14 18:20:51.739 I/audio_hw_primary(  674): app type:0x   0, is_voip:0, device:2, pcm:-352510464, usecase:0x   8
04-14 18:20:51.785 I/audio_hw_primary(  674): app type:0x   0, is_voip:0, device:2, pcm:-352510464, usecase:0x   8
04-14 18:20:51.807 D/GNSSMGT (  955): watchdog: PowerState: CP SLEEP
04-14 18:20:51.822 I/audio_hw_primary(  674): app type:0x   0, is_voip:0, device:2, pcm:-352510464, usecase:0x   8
04-14 18:20:51.835 I/DPUModule(  679): DpuR5P0::checkLayerFormat <142>: checkLayerFormat: Format(1)
04-14 18:20:51.835 I/DPUModule(  679): DpuR5P0::checkTransform <35>: checkTransform: Transform(0), SRCRect(0,0)
04-14 18:20:51.835 I/DPUModule(  679): DpuR5P0::checkAFBCBlockSize <97>: checkAFBCBlockSize: compressed(1),format(1), pitch(720), vstride(1616)
04-14 18:20:51.835 I/DPUModule(  679): DpuR5P0::checkLayerFormat <142>: checkLayerFormat: Format(1)
04-14 18:20:51.835 I/DPUModule(  679): DpuR5P0::checkTransform <35>: checkTransform: Transform(0), SRCRect(0,0)
04-14 18:20:51.835 I/DPUModule(  679): DpuR5P0::checkAFBCBlockSize <97>: checkAFBCBlockSize: compressed(1),format(1), pitch(720), vstride(80)
04-14 18:20:51.835 I/DPUModule(  679): DpuR5P0::checkLayerFormat <142>: checkLayerFormat: Format(1)
04-14 18:20:51.835 I/DPUModule(  679): DpuR5P0::checkTransform <35>: checkTransform: Transform(0), SRCRect(0,0)
04-14 18:20:51.835 I/DPUModule(  679): DpuR5P0::checkAFBCBlockSize <97>: checkAFBCBlockSize: compressed(1),format(1), pitch(720), vstride(96)
04-14 18:20:51.835 D/DPUModule(  679): [ …śhu] support: 0
04-14 18:20:51.851 I/DPUModule(  679): DpuR5P0::checkLayerFormat <142>: checkLayerFormat: Format(1)
04-14 18:20:51.851 I/DPUModule(  679): DpuR5P0::checkTransform <35>: checkTransform: Transform(0), SRCRect(0,0)
04-14 18:20:51.851 I/DPUModule(  679): DpuR5P0::checkAFBCBlockSize <97>: checkAFBCBlockSize: compressed(1),format(1), pitch(720), vstride(1616)
04-14 18:20:51.852 I/DPUModule(  679): DpuR5P0::checkLayerFormat <142>: checkLayerFormat: Format(1)
04-14 18:20:51.852 I/DPUModule(  679): DpuR5P0::checkTransform <35>: checkTransform: Transform(0), SRCRect(0,0)
04-14 18:20:51.852 I/DPUModule(  679): DpuR5P0::checkAFBCBlockSize <97>: checkAFBCBlockSize: compressed(1),format(1), pitch(720), vstride(80)
04-14 18:20:51.852 I/DPUModule(  679): DpuR5P0::checkLayerFormat <142>: checkLayerFormat: Format(1)
04-14 18:20:51.852 I/DPUModule(  679): DpuR5P0::checkTransform <35>: checkTransform: Transform(0), SRCRect(0,0)
04-14 18:20:51.852 I/DPUModule(  679): DpuR5P0::checkAFBCBlockSize <97>: checkAFBCBlockSize: compressed(1),format(1), pitch(720), vstride(96)
04-14 18:20:51.852 D/DPUModule(  679): [ …śhu] support: 0
04-14 18:20:51.864 I/audio_hw_primary(  674): app type:0x   0, is_voip:0, device:2, pcm:-352510464, usecase:0x   8
04-14 18:20:51.905 I/audio_hw_primary(  674): app type:0x   0, is_voip:0, device:2, pcm:-352510464, usecase:0x   8
04-14 18:20:51.942 I/audio_hw_primary(  674): app type:0x   0, is_voip:0, device:2, pcm:-352510464, usecase:0x   8
04-14 18:20:51.986 I/audio_hw_primary(  674): app type:0x   0, is_voip:0, device:2, pcm:-352510464, usecase:0x   8
04-14 18:20:52.021 I/audio_hw_primary(  674): app type:0x   0, is_voip:0, device:2, pcm:-352510464, usecase:0x   8
04-14 18:20:52.068 I/audio_hw_primary(  674): app type:0x   0, is_voip:0, device:2, pcm:-352510464, usecase:0x   8
04-14 18:20:52.105 I/audio_hw_primary(  674): app type:0x   0, is_voip:0, device:2, pcm:-352510464, usecase:0x   8
04-14 18:20:52.134 I/DPUModule(  679): DpuR5P0::checkLayerFormat <142>: checkLayerFormat: Format(1)
04-14 18:20:52.134 I/DPUModule(  679): DpuR5P0::checkTransform <35>: checkTransform: Transform(0), SRCRect(0,0)
04-14 18:20:52.134 I/DPUModule(  679): DpuR5P0::checkAFBCBlockSize <97>: checkAFBCBlockSize: compressed(1),format(1), pitch(720), vstride(1616)
04-14 18:20:52.134 I/DPUModule(  679): DpuR5P0::checkLayerFormat <142>: checkLayerFormat: Format(1)
04-14 18:20:52.134 I/DPUModule(  679): DpuR5P0::checkTransform <35>: checkTransform: Transform(0), SRCRect(0,0)
04-14 18:20:52.134 I/DPUModule(  679): DpuR5P0::checkAFBCBlockSize <97>: checkAFBCBlockSize: compressed(1),format(1), pitch(720), vstride(80)
04-14 18:20:52.134 I/DPUModule(  679): DpuR5P0::checkLayerFormat <142>: checkLayerFormat: Format(1)
04-14 18:20:52.134 I/DPUModule(  679): DpuR5P0::checkTransform <35>: checkTransform: Transform(0), SRCRect(0,0)
04-14 18:20:52.134 I/DPUModule(  679): DpuR5P0::checkAFBCBlockSize <97>: checkAFBCBlockSize: compressed(1),format(1), pitch(720), vstride(96)
04-14 18:20:52.134 D/DPUModule(  679): [ …śhu] support: 0
04-14 18:20:52.142 I/audio_hw_primary(  674): app type:0x   0, is_voip:0, device:2, pcm:-352510464, usecase:0x   8
04-14 18:20:52.151 I/DPUModule(  679): DpuR5P0::checkLayerFormat <142>: checkLayerFormat: Format(1)
04-14 18:20:52.151 I/DPUModule(  679): DpuR5P0::checkTransform <35>: checkTransform: Transform(0), SRCRect(0,0)
04-14 18:20:52.151 I/DPUModule(  679): DpuR5P0::checkAFBCBlockSize <97>: checkAFBCBlockSize: compressed(1),format(1), pitch(720), vstride(1616)
04-14 18:20:52.151 I/DPUModule(  679): DpuR5P0::checkLayerFormat <142>: checkLayerFormat: Format(1)
04-14 18:20:52.151 I/DPUModule(  679): DpuR5P0::checkTransform <35>: checkTransform: Transform(0), SRCRect(0,0)
04-14 18:20:52.151 I/DPUModule(  679): DpuR5P0::checkAFBCBlockSize <97>: checkAFBCBlockSize: compressed(1),format(1), pitch(720), vstride(80)
04-14 18:20:52.151 I/DPUModule(  679): DpuR5P0::checkLayerFormat <142>: checkLayerFormat: Format(1)
04-14 18:20:52.151 I/DPUModule(  679): DpuR5P0::checkTransform <35>: checkTransform: Transform(0), SRCRect(0,0)
04-14 18:20:52.151 I/DPUModule(  679): DpuR5P0::checkAFBCBlockSize <97>: checkAFBCBlockSize: compressed(1),format(1), pitch(720), vstride(96)
04-14 18:20:52.151 D/DPUModule(  679): [ …śhu] support: 0
04-14 18:20:52.186 I/audio_hw_primary(  674): app type:0x   0, is_voip:0, device:2, pcm:-352510464, usecase:0x   8
04-14 18:20:52.195 W/ThreadPoolForeg(15065): type=1400 audit(0.0:508840): avc: denied { write } for name="traced_producer" dev="tmpfs" ino=26121 scontext=u:r:gmscore_app:s0:c512,c768 tcontext=u:object_r:traced_producer_socket:s0 tclass=sock_file permissive=0 app=com.google.android.gms
04-14 18:20:52.223 I/audio_hw_primary(  674): app type:0x   0, is_voip:0, device:2, pcm:-352510464, usecase:0x   8
04-14 18:20:52.261 I/audio_hw_primary(  674): app type:0x   0, is_voip:0, device:2, pcm:-352510464, usecase:0x   8
04-14 18:20:52.303 I/audio_hw_primary(  674): app type:0x   0, is_voip:0, device:2, pcm:-352510464, usecase:0x   8
04-14 18:20:52.340 I/audio_hw_primary(  674): app type:0x   0, is_voip:0, device:2, pcm:-352510464, usecase:0x   8
04-14 18:20:52.386 I/audio_hw_primary(  674): app type:0x   0, is_voip:0, device:2, pcm:-352510464, usecase:0x   8
04-14 18:20:52.423 I/audio_hw_primary(  674): app type:0x   0, is_voip:0, device:2, pcm:-352510464, usecase:0x   8
04-14 18:20:52.435 I/DPUModule(  679): DpuR5P0::checkLayerFormat <142>: checkLayerFormat: Format(1)
04-14 18:20:52.435 I/DPUModule(  679): DpuR5P0::checkTransform <35>: checkTransform: Transform(0), SRCRect(0,0)
04-14 18:20:52.435 I/DPUModule(  679): DpuR5P0::checkAFBCBlockSize <97>: checkAFBCBlockSize: compressed(1),format(1), pitch(720), vstride(1616)
04-14 18:20:52.435 I/DPUModule(  679): DpuR5P0::checkLayerFormat <142>: checkLayerFormat: Format(1)
04-14 18:20:52.435 I/DPUModule(  679): DpuR5P0::checkTransform <35>: checkTransform: Transform(0), SRCRect(0,0)
04-14 18:20:52.435 I/DPUModule(  679): DpuR5P0::checkAFBCBlockSize <97>: checkAFBCBlockSize: compressed(1),format(1), pitch(720), vstride(80)
04-14 18:20:52.435 I/DPUModule(  679): DpuR5P0::checkLayerFormat <142>: checkLayerFormat: Format(1)
04-14 18:20:52.435 I/DPUModule(  679): DpuR5P0::checkTransform <35>: checkTransform: Transform(0), SRCRect(0,0)
04-14 18:20:52.435 I/DPUModule(  679): DpuR5P0::checkAFBCBlockSize <97>: checkAFBCBlockSize: compressed(1),format(1), pitch(720), vstride(96)
04-14 18:20:52.435 D/DPUModule(  679): [ …śhu] support: 0
04-14 18:20:52.451 I/DPUModule(  679): DpuR5P0::checkLayerFormat <142>: checkLayerFormat: Format(1)
04-14 18:20:52.452 I/DPUModule(  679): DpuR5P0::checkTransform <35>: checkTransform: Transform(0), SRCRect(0,0)
04-14 18:20:52.452 I/DPUModule(  679): DpuR5P0::checkAFBCBlockSize <97>: checkAFBCBlockSize: compressed(1),format(1), pitch(720), vstride(1616)
04-14 18:20:52.452 I/DPUModule(  679): DpuR5P0::checkLayerFormat <142>: checkLayerFormat: Format(1)
04-14 18:20:52.452 I/DPUModule(  679): DpuR5P0::checkTransform <35>: checkTransform: Transform(0), SRCRect(0,0)
04-14 18:20:52.452 I/DPUModule(  679): DpuR5P0::checkAFBCBlockSize <97>: checkAFBCBlockSize: compressed(1),format(1), pitch(720), vstride(80)
04-14 18:20:52.452 I/DPUModule(  679): DpuR5P0::checkLayerFormat <142>: checkLayerFormat: Format(1)
04-14 18:20:52.452 I/DPUModule(  679): DpuR5P0::checkTransform <35>: checkTransform: Transform(0), SRCRect(0,0)
04-14 18:20:52.452 I/DPUModule(  679): DpuR5P0::checkAFBCBlockSize <97>: checkAFBCBlockSize: compressed(1),format(1), pitch(720), vstride(96)
04-14 18:20:52.452 D/DPUModule(  679): [ …śhu] support: 0
04-14 18:20:52.460 I/audio_hw_primary(  674): app type:0x   0, is_voip:0, device:2, pcm:-352510464, usecase:0x   8
04-14 18:20:52.504 I/audio_hw_primary(  674): app type:0x   0, is_voip:0, device:2, pcm:-352510464, usecase:0x   8
04-14 18:20:52.542 I/audio_hw_primary(  674): app type:0x   0, is_voip:0, device:2, pcm:-352510464, usecase:0x   8
04-14 18:20:52.582 I/audio_hw_primary(  674): app type:0x   0, is_voip:0, device:2, pcm:-352510464, usecase:0x   8
04-14 18:20:52.626 I/audio_hw_primary(  674): app type:0x   0, is_voip:0, device:2, pcm:-352510464, usecase:0x   8
04-14 18:20:52.659 I/audio_hw_primary(  674): app type:0x   0, is_voip:0, device:2, pcm:-352510464, usecase:0x   8
04-14 18:20:52.704 I/audio_hw_primary(  674): app type:0x   0, is_voip:0, device:2, pcm:-352510464, usecase:0x   8
04-14 18:20:52.734 I/DPUModule(  679): DpuR5P0::checkLayerFormat <142>: checkLayerFormat: Format(1)
04-14 18:20:52.735 I/DPUModule(  679): DpuR5P0::checkTransform <35>: checkTransform: Transform(0), SRCRect(0,0)
04-14 18:20:52.735 I/DPUModule(  679): DpuR5P0::checkAFBCBlockSize <97>: checkAFBCBlockSize: compressed(1),format(1), pitch(720), vstride(1616)
