04-14 18:18:51.741  2973  3039 D MediaProvider: Open with FUSE. FilePath: /storage/emulated/0/Documents/Scans/downloads/Mangas-Origines.fr (FR)/Perfect Surgeon/Chapitre 67 - OpĂ©ration d'urgence_764b98_tmp/048.jpg. Uid: 10053. Media Capabilities Uid: 0. ShouldRedact: false. ShouldTranscode: false
04-14 18:18:51.743   674 11196 I audio_hw_primary: app type:0x   0, is_voip:0, device:2, pcm:-352510464, usecase:0x   8
04-14 18:18:51.754   679   776 I DPUModule: DpuR5P0::checkLayerFormat <142>: checkLayerFormat: Format(1)
04-14 18:18:51.754   679   776 I DPUModule: DpuR5P0::checkTransform <35>: checkTransform: Transform(0), SRCRect(0,0)
04-14 18:18:51.754   679   776 I DPUModule: DpuR5P0::checkAFBCBlockSize <97>: checkAFBCBlockSize: compressed(1),format(1), pitch(720), vstride(1616)
04-14 18:18:51.754   679   776 I DPUModule: DpuR5P0::checkLayerFormat <142>: checkLayerFormat: Format(1)
04-14 18:18:51.754   679   776 I DPUModule: DpuR5P0::checkTransform <35>: checkTransform: Transform(0), SRCRect(0,0)
04-14 18:18:51.754   679   776 I DPUModule: DpuR5P0::checkAFBCBlockSize <97>: checkAFBCBlockSize: compressed(1),format(1), pitch(720), vstride(80)
04-14 18:18:51.754   679   776 I DPUModule: DpuR5P0::checkLayerFormat <142>: checkLayerFormat: Format(1)
04-14 18:18:51.754   679   776 I DPUModule: DpuR5P0::checkTransform <35>: checkTransform: Transform(0), SRCRect(0,0)
04-14 18:18:51.754   679   776 I DPUModule: DpuR5P0::checkAFBCBlockSize <97>: checkAFBCBlockSize: compressed(1),format(1), pitch(720), vstride(96)
04-14 18:18:51.754   679   776 D DPUModule: [ …śhu] support: 0
04-14 18:18:51.771   679   776 I DPUModule: DpuR5P0::checkLayerFormat <142>: checkLayerFormat: Format(1)
04-14 18:18:51.771   679   776 I DPUModule: DpuR5P0::checkTransform <35>: checkTransform: Transform(0), SRCRect(0,0)
04-14 18:18:51.771   679   776 I DPUModule: DpuR5P0::checkAFBCBlockSize <97>: checkAFBCBlockSize: compressed(1),format(1), pitch(720), vstride(1616)
04-14 18:18:51.771   679   776 I DPUModule: DpuR5P0::checkLayerFormat <142>: checkLayerFormat: Format(1)
04-14 18:18:51.771   679   776 I DPUModule: DpuR5P0::checkTransform <35>: checkTransform: Transform(0), SRCRect(0,0)
04-14 18:18:51.771   679   776 I DPUModule: DpuR5P0::checkAFBCBlockSize <97>: checkAFBCBlockSize: compressed(1),format(1), pitch(720), vstride(80)
04-14 18:18:51.771   679   776 I DPUModule: DpuR5P0::checkLayerFormat <142>: checkLayerFormat: Format(1)
04-14 18:18:51.771   679   776 I DPUModule: DpuR5P0::checkTransform <35>: checkTransform: Transform(0), SRCRect(0,0)
04-14 18:18:51.771   679   776 I DPUModule: DpuR5P0::checkAFBCBlockSize <97>: checkAFBCBlockSize: compressed(1),format(1), pitch(720), vstride(96)
04-14 18:18:51.771   679   776 D DPUModule: [ …śhu] support: 0
04-14 18:18:51.779  2973  3039 I MediaProvider: Observed non-standard /storage/emulated/0/Documents/Scans/downloads/.nomedia
04-14 18:18:51.782   674 11196 I audio_hw_primary: app type:0x   0, is_voip:0, device:2, pcm:-352510464, usecase:0x   8
04-14 18:18:51.788   955  1727 D GNSSMGT : watchdog: PowerState: CP SLEEP
04-14 18:18:51.793  2973  3039 D MediaProvider: Open with FUSE. FilePath: /storage/emulated/0/Documents/Scans/downloads/Mangas-Origines.fr (FR)/Perfect Surgeon/Chapitre 67 - OpĂ©ration d'urgence_764b98_tmp/049.jpg. Uid: 10053. Media Capabilities Uid: 0. ShouldRedact: false. ShouldTranscode: false
04-14 18:18:51.824   674 11196 I audio_hw_primary: app type:0x   0, is_voip:0, device:2, pcm:-352510464, usecase:0x   8
04-14 18:18:51.833  1092  1395 D NetworkAdapter: UnisocOffloadUsbTetheringStatsProvider.onRequestStatsUpdate
04-14 18:18:51.834  1092  1867 D NetworkAdapter: UnisocOffloadUsbTetheringStatsProvider.pushTetherStats
04-14 18:18:51.834  1092  1867 D NetworkAdapter: Unisoc Offload UsbTethering StatsProvider getTetherStats
04-14 18:18:51.835  1092  1867 D NetworkAdapter: OFFLOAD_USB_TETHERING_PROP = 0
04-14 18:18:51.836  1092  1867 D NetworkAdapter: Unisoc Offload UsbTethering StatsProvider getTetherStats
04-14 18:18:51.836  2973  3039 I MediaProvider: Observed non-standard /storage/emulated/0/Documents/Scans/downloads/.nomedia
04-14 18:18:51.838  1092  1867 D NetworkAdapter: OFFLOAD_USB_TETHERING_PROP = 0
04-14 18:18:51.847  2973  3039 D MediaProvider: Open with FUSE. FilePath: /storage/emulated/0/Documents/Scans/downloads/Mangas-Origines.fr (FR)/Perfect Surgeon/Chapitre 67 - OpĂ©ration d'urgence_764b98_tmp/050.jpg. Uid: 10053. Media Capabilities Uid: 0. ShouldRedact: false. ShouldTranscode: false
04-14 18:18:51.861   674 11196 I audio_hw_primary: app type:0x   0, is_voip:0, device:2, pcm:-352510464, usecase:0x   8
04-14 18:18:51.883  2973  3039 I MediaProvider: Observed non-standard /storage/emulated/0/Documents/Scans/downloads/.nomedia
04-14 18:18:51.898  2973  3039 D MediaProvider: Open with FUSE. FilePath: /storage/emulated/0/Documents/Scans/downloads/Mangas-Origines.fr (FR)/Perfect Surgeon/Chapitre 67 - OpĂ©ration d'urgence_764b98_tmp/056.jpg. Uid: 10053. Media Capabilities Uid: 0. ShouldRedact: false. ShouldTranscode: false
04-14 18:18:51.899   674 11196 I audio_hw_primary: app type:0x   0, is_voip:0, device:2, pcm:-352510464, usecase:0x   8
04-14 18:18:51.935  2973  3039 I MediaProvider: Observed non-standard /storage/emulated/0/Documents/Scans/downloads/.nomedia
04-14 18:18:51.944   674 11196 I audio_hw_primary: app type:0x   0, is_voip:0, device:2, pcm:-352510464, usecase:0x   8
04-14 18:18:51.946  2973  3039 D MediaProvider: Open with FUSE. FilePath: /storage/emulated/0/Documents/Scans/downloads/Mangas-Origines.fr (FR)/Perfect Surgeon/Chapitre 67 - OpĂ©ration d'urgence_764b98_tmp/051.jpg. Uid: 10053. Media Capabilities Uid: 0. ShouldRedact: false. ShouldTranscode: false
04-14 18:18:51.978  2973  3039 I MediaProvider: Observed non-standard /storage/emulated/0/Documents/Scans/downloads/.nomedia
04-14 18:18:51.985   674 11196 I audio_hw_primary: app type:0x   0, is_voip:0, device:2, pcm:-352510464, usecase:0x   8
04-14 18:18:51.991  2973  3039 D MediaProvider: Open with FUSE. FilePath: /storage/emulated/0/Documents/Scans/downloads/Mangas-Origines.fr (FR)/Perfect Surgeon/Chapitre 67 - OpĂ©ration d'urgence_764b98_tmp/053.jpg. Uid: 10053. Media Capabilities Uid: 0. ShouldRedact: false. ShouldTranscode: false
04-14 18:18:52.019   674 11196 I audio_hw_primary: app type:0x   0, is_voip:0, device:2, pcm:-352510464, usecase:0x   8
04-14 18:18:52.025  2973  3039 I MediaProvider: Observed non-standard /storage/emulated/0/Documents/Scans/downloads/.nomedia
04-14 18:18:52.036  2973  3039 D MediaProvider: Open with FUSE. FilePath: /storage/emulated/0/Documents/Scans/downloads/Mangas-Origines.fr (FR)/Perfect Surgeon/Chapitre 67 - OpĂ©ration d'urgence_764b98_tmp/063.jpg. Uid: 10053. Media Capabilities Uid: 0. ShouldRedact: false. ShouldTranscode: false
04-14 18:18:52.054   679   776 I DPUModule: DpuR5P0::checkLayerFormat <142>: checkLayerFormat: Format(1)
04-14 18:18:52.054   679   776 I DPUModule: DpuR5P0::checkTransform <35>: checkTransform: Transform(0), SRCRect(0,0)
04-14 18:18:52.054   679   776 I DPUModule: DpuR5P0::checkAFBCBlockSize <97>: checkAFBCBlockSize: compressed(1),format(1), pitch(720), vstride(1616)
04-14 18:18:52.054   679   776 I DPUModule: DpuR5P0::checkLayerFormat <142>: checkLayerFormat: Format(1)
04-14 18:18:52.054   679   776 I DPUModule: DpuR5P0::checkTransform <35>: checkTransform: Transform(0), SRCRect(0,0)
04-14 18:18:52.054   679   776 I DPUModule: DpuR5P0::checkAFBCBlockSize <97>: checkAFBCBlockSize: compressed(1),format(1), pitch(720), vstride(80)
04-14 18:18:52.055   679   776 I DPUModule: DpuR5P0::checkLayerFormat <142>: checkLayerFormat: Format(1)
04-14 18:18:52.055   679   776 I DPUModule: DpuR5P0::checkTransform <35>: checkTransform: Transform(0), SRCRect(0,0)
04-14 18:18:52.055   679   776 I DPUModule: DpuR5P0::checkAFBCBlockSize <97>: checkAFBCBlockSize: compressed(1),format(1), pitch(720), vstride(96)
04-14 18:18:52.055   679   776 D DPUModule: [ …śhu] support: 0
04-14 18:18:52.061  2973  3039 I MediaProvider: Observed non-standard /storage/emulated/0/Documents/Scans/downloads/.nomedia
04-14 18:18:52.065   674 11196 I audio_hw_primary: app type:0x   0, is_voip:0, device:2, pcm:-352510464, usecase:0x   8
04-14 18:18:52.070  2973  3039 D MediaProvider: Open with FUSE. FilePath: /storage/emulated/0/Documents/Scans/downloads/Mangas-Origines.fr (FR)/Perfect Surgeon/Chapitre 67 - OpĂ©ration d'urgence_764b98_tmp/055.jpg. Uid: 10053. Media Capabilities Uid: 0. ShouldRedact: false. ShouldTranscode: false
04-14 18:18:52.087   679   776 I DPUModule: DpuR5P0::checkLayerFormat <142>: checkLayerFormat: Format(1)
04-14 18:18:52.087   679   776 I DPUModule: DpuR5P0::checkTransform <35>: checkTransform: Transform(0), SRCRect(0,0)
04-14 18:18:52.087   679   776 I DPUModule: DpuR5P0::checkAFBCBlockSize <97>: checkAFBCBlockSize: compressed(1),format(1), pitch(720), vstride(1616)
04-14 18:18:52.087   679   776 I DPUModule: DpuR5P0::checkLayerFormat <142>: checkLayerFormat: Format(1)
04-14 18:18:52.087   679   776 I DPUModule: DpuR5P0::checkTransform <35>: checkTransform: Transform(0), SRCRect(0,0)
04-14 18:18:52.087   679   776 I DPUModule: DpuR5P0::checkAFBCBlockSize <97>: checkAFBCBlockSize: compressed(1),format(1), pitch(720), vstride(80)
04-14 18:18:52.088   679   776 I DPUModule: DpuR5P0::checkLayerFormat <142>: checkLayerFormat: Format(1)
04-14 18:18:52.088   679   776 I DPUModule: DpuR5P0::checkTransform <35>: checkTransform: Transform(0), SRCRect(0,0)
04-14 18:18:52.088   679   776 I DPUModule: DpuR5P0::checkAFBCBlockSize <97>: checkAFBCBlockSize: compressed(1),format(1), pitch(720), vstride(96)
04-14 18:18:52.088   679   776 D DPUModule: [ …śhu] support: 0
04-14 18:18:52.103  2973  3039 I MediaProvider: Observed non-standard /storage/emulated/0/Documents/Scans/downloads/.nomedia
04-14 18:18:52.105   674 11196 I audio_hw_primary: app type:0x   0, is_voip:0, device:2, pcm:-352510464, usecase:0x   8
04-14 18:18:52.113  2973  3039 D MediaProvider: Open with FUSE. FilePath: /storage/emulated/0/Documents/Scans/downloads/Mangas-Origines.fr (FR)/Perfect Surgeon/Chapitre 67 - OpĂ©ration d'urgence_764b98_tmp/054.jpg. Uid: 10053. Media Capabilities Uid: 0. ShouldRedact: false. ShouldTranscode: false
04-14 18:18:52.141   674 11196 I audio_hw_primary: app type:0x   0, is_voip:0, device:2, pcm:-352510464, usecase:0x   8
04-14 18:18:52.143  2973  3039 I MediaProvider: Observed non-standard /storage/emulated/0/Documents/Scans/downloads/.nomedia
04-14 18:18:52.153  2973  3039 D MediaProvider: Open with FUSE. FilePath: /storage/emulated/0/Documents/Scans/downloads/Mangas-Origines.fr (FR)/Perfect Surgeon/Chapitre 67 - OpĂ©ration d'urgence_764b98_tmp/059.jpg. Uid: 10053. Media Capabilities Uid: 0. ShouldRedact: false. ShouldTranscode: false
04-14 18:18:52.182   674 11196 I audio_hw_primary: app type:0x   0, is_voip:0, device:2, pcm:-352510464, usecase:0x   8
04-14 18:18:52.195  2973  3039 I MediaProvider: Observed non-standard /storage/emulated/0/Documents/Scans/downloads/.nomedia
04-14 18:18:52.205  2973  3039 D MediaProvider: Open with FUSE. FilePath: /storage/emulated/0/Documents/Scans/downloads/Mangas-Origines.fr (FR)/Perfect Surgeon/Chapitre 67 - OpĂ©ration d'urgence_764b98_tmp/058.jpg. Uid: 10053. Media Capabilities Uid: 0. ShouldRedact: false. ShouldTranscode: false
04-14 18:18:52.223   674 11196 I audio_hw_primary: app type:0x   0, is_voip:0, device:2, pcm:-352510464, usecase:0x   8
04-14 18:18:52.241  2973  3039 I MediaProvider: Observed non-standard /storage/emulated/0/Documents/Scans/downloads/.nomedia
04-14 18:18:52.249  1092  1332 D BroadcastQueue: Add broadcast <BroadcastRecord{3342b21 u-1 android.intent.action.BATTERY_CHANGED}> into [parallel | background], pending size 0
04-14 18:18:52.250  1092  1275 D BroadcastQueue: Done with parallel broadcast [background] [BroadcastRecord{3342b21 u-1 android.intent.action.BATTERY_CHANGED}]
04-14 18:18:52.247 13282 13282 W pty-setup: type=1400 audit(0.0:508448): avc: denied { search } for name="thermal" dev="sysfs" ino=15488 scontext=u:r:untrusted_app:s0:c26,c257,c512,c768 tcontext=u:object_r:sysfs_thermal:s0 tclass=dir permissive=0 app=com.zhiliaoapp.musically
04-14 18:18:52.251  2973  3039 D MediaProvider: Open with FUSE. FilePath: /storage/emulated/0/Documents/Scans/downloads/Mangas-Origines.fr (FR)/Perfect Surgeon/Chapitre 67 - OpĂ©ration d'urgence_764b98_tmp/057.jpg. Uid: 10053. Media Capabilities Uid: 0. ShouldRedact: false. ShouldTranscode: false
04-14 18:18:52.251 13282 13282 W pty-setup: type=1400 audit(0.0:508449): avc: denied { search } for name="thermal" dev="sysfs" ino=15488 scontext=u:r:untrusted_app:s0:c26,c257,c512,c768 tcontext=u:object_r:sysfs_thermal:s0 tclass=dir permissive=0 app=com.zhiliaoapp.musically
04-14 18:18:52.251 13282 13282 W pty-setup: type=1400 audit(0.0:508450): avc: denied { search } for name="thermal" dev="sysfs" ino=15488 scontext=u:r:untrusted_app:s0:c26,c257,c512,c768 tcontext=u:object_r:sysfs_thermal:s0 tclass=dir permissive=0 app=com.zhiliaoapp.musically
04-14 18:18:52.251 13282 13282 W pty-setup: type=1400 audit(0.0:508451): avc: denied { search } for name="thermal" dev="sysfs" ino=15488 scontext=u:r:untrusted_app:s0:c26,c257,c512,c768 tcontext=u:object_r:sysfs_thermal:s0 tclass=dir permissive=0 app=com.zhiliaoapp.musically
04-14 18:18:52.251 13282 13282 W pty-setup: type=1400 audit(0.0:508452): avc: denied { search } for name="thermal" dev="sysfs" ino=15488 scontext=u:r:untrusted_app:s0:c26,c257,c512,c768 tcontext=u:object_r:sysfs_thermal:s0 tclass=dir permissive=0 app=com.zhiliaoapp.musically
04-14 18:18:52.261   674 11196 I audio_hw_primary: app type:0x   0, is_voip:0, device:2, pcm:-352510464, usecase:0x   8
04-14 18:18:52.286  2973  3039 I MediaProvider: Observed non-standard /storage/emulated/0/Documents/Scans/downloads/.nomedia
04-14 18:18:52.300  2973  3039 D MediaProvider: Open with FUSE. FilePath: /storage/emulated/0/Documents/Scans/downloads/Mangas-Origines.fr (FR)/Perfect Surgeon/Chapitre 67 - OpĂ©ration d'urgence_764b98_tmp/062.jpg. Uid: 10053. Media Capabilities Uid: 0. ShouldRedact: false. ShouldTranscode: false
04-14 18:18:52.303   674 11196 I audio_hw_primary: app type:0x   0, is_voip:0, device:2, pcm:-352510464, usecase:0x   8
04-14 18:18:52.336  2973  3039 I MediaProvider: Observed non-standard /storage/emulated/0/Documents/Scans/downloads/.nomedia
04-14 18:18:52.341   674 11196 I audio_hw_primary: app type:0x   0, is_voip:0, device:2, pcm:-352510464, usecase:0x   8
04-14 18:18:52.341  1092  1224 I system_server: Background young concurrent mark compact GC freed 22MB AllocSpace bytes, 0(0B) LOS objects, 28% free, 57MB/80MB, paused 1.973ms,7.504ms total 115.522ms
04-14 18:18:52.348  2973  3039 D MediaProvider: Open with FUSE. FilePath: /storage/emulated/0/Documents/Scans/downloads/Mangas-Origines.fr (FR)/Perfect Surgeon/Chapitre 67 - OpĂ©ration d'urgence_764b98_tmp/067.jpg. Uid: 10053. Media Capabilities Uid: 0. ShouldRedact: false. ShouldTranscode: false
04-14 18:18:52.354   679   776 I DPUModule: DpuR5P0::checkLayerFormat <142>: checkLayerFormat: Format(1)
04-14 18:18:52.354   679   776 I DPUModule: DpuR5P0::checkTransform <35>: checkTransform: Transform(0), SRCRect(0,0)
04-14 18:18:52.354   679   776 I DPUModule: DpuR5P0::checkAFBCBlockSize <97>: checkAFBCBlockSize: compressed(1),format(1), pitch(720), vstride(1616)
04-14 18:18:52.354   679   776 I DPUModule: DpuR5P0::checkLayerFormat <142>: checkLayerFormat: Format(1)
04-14 18:18:52.354   679   776 I DPUModule: DpuR5P0::checkTransform <35>: checkTransform: Transform(0), SRCRect(0,0)
04-14 18:18:52.354   679   776 I DPUModule: DpuR5P0::checkAFBCBlockSize <97>: checkAFBCBlockSize: compressed(1),format(1), pitch(720), vstride(80)
04-14 18:18:52.354   679   776 I DPUModule: DpuR5P0::checkLayerFormat <142>: checkLayerFormat: Format(1)
04-14 18:18:52.354   679   776 I DPUModule: DpuR5P0::checkTransform <35>: checkTransform: Transform(0), SRCRect(0,0)
04-14 18:18:52.354   679   776 I DPUModule: DpuR5P0::checkAFBCBlockSize <97>: checkAFBCBlockSize: compressed(1),format(1), pitch(720), vstride(96)
04-14 18:18:52.354   679   776 D DPUModule: [ …śhu] support: 0
04-14 18:18:52.371   679   776 I DPUModule: DpuR5P0::checkLayerFormat <142>: checkLayerFormat: Format(1)
04-14 18:18:52.371   679   776 I DPUModule: DpuR5P0::checkTransform <35>: checkTransform: Transform(0), SRCRect(0,0)
04-14 18:18:52.371   679   776 I DPUModule: DpuR5P0::checkAFBCBlockSize <97>: checkAFBCBlockSize: compressed(1),format(1), pitch(720), vstride(1616)
04-14 18:18:52.371   679   776 I DPUModule: DpuR5P0::checkLayerFormat <142>: checkLayerFormat: Format(1)
04-14 18:18:52.371   679   776 I DPUModule: DpuR5P0::checkTransform <35>: checkTransform: Transform(0), SRCRect(0,0)
04-14 18:18:52.371   679   776 I DPUModule: DpuR5P0::checkAFBCBlockSize <97>: checkAFBCBlockSize: compressed(1),format(1), pitch(720), vstride(80)
04-14 18:18:52.371   679   776 I DPUModule: DpuR5P0::checkLayerFormat <142>: checkLayerFormat: Format(1)
04-14 18:18:52.371   679   776 I DPUModule: DpuR5P0::checkTransform <35>: checkTransform: Transform(0), SRCRect(0,0)
04-14 18:18:52.371   679   776 I DPUModule: DpuR5P0::checkAFBCBlockSize <97>: checkAFBCBlockSize: compressed(1),format(1), pitch(720), vstride(96)
04-14 18:18:52.371   679   776 D DPUModule: [ …śhu] support: 0
04-14 18:18:52.379  2973  3039 I MediaProvider: Observed non-standard /storage/emulated/0/Documents/Scans/downloads/.nomedia
04-14 18:18:52.384   674 11196 I audio_hw_primary: app type:0x   0, is_voip:0, device:2, pcm:-352510464, usecase:0x   8
04-14 18:18:52.391  2973  3039 D MediaProvider: Open with FUSE. FilePath: /storage/emulated/0/Documents/Scans/downloads/Mangas-Origines.fr (FR)/Perfect Surgeon/Chapitre 67 - OpĂ©ration d'urgence_764b98_tmp/061.jpg. Uid: 10053. Media Capabilities Uid: 0. ShouldRedact: false. ShouldTranscode: false
04-14 18:18:52.423   674 11196 I audio_hw_primary: app type:0x   0, is_voip:0, device:2, pcm:-352510464, usecase:0x   8
04-14 18:18:52.427  2973  3039 I MediaProvider: Observed non-standard /storage/emulated/0/Documents/Scans/downloads/.nomedia
04-14 18:18:52.437  2973  3039 D MediaProvider: Open with FUSE. FilePath: /storage/emulated/0/Documents/Scans/downloads/Mangas-Origines.fr (FR)/Perfect Surgeon/Chapitre 67 - OpĂ©ration d'urgence_764b98_tmp/060.jpg. Uid: 10053. Media Capabilities Uid: 0. ShouldRedact: false. ShouldTranscode: false
04-14 18:18:52.464   674 11196 I audio_hw_primary: app type:0x   0, is_voip:0, device:2, pcm:-352510464, usecase:0x   8
04-14 18:18:52.477  2973  3039 I MediaProvider: Observed non-standard /storage/emulated/0/Documents/Scans/downloads/.nomedia
04-14 18:18:52.488  2973  3039 D MediaProvider: Open with FUSE. FilePath: /storage/emulated/0/Documents/Scans/downloads/Mangas-Origines.fr (FR)/Perfect Surgeon/Chapitre 67 - OpĂ©ration d'urgence_764b98_tmp/066.jpg. Uid: 10053. Media Capabilities Uid: 0. ShouldRedact: false. ShouldTranscode: false
04-14 18:18:52.503 13282 14693 E BX      : [nonstd::optional<StrategyResult> bytebench::ruleengine::BXRuleEngine::executorStrategy(int, const std::string &, bytebench::ruleengine::MatchParams &, bool):95] bytebench_1233, get strategy failed: test_pitaya
04-14 18:18:52.503   674 11196 I audio_hw_primary: app type:0x   0, is_voip:0, device:2, pcm:-352510464, usecase:0x   8
04-14 18:18:52.519  2973  3039 I MediaProvider: Observed non-standard /storage/emulated/0/Documents/Scans/downloads/.nomedia
04-14 18:18:52.529  2973  3039 D MediaProvider: Open with FUSE. FilePath: /storage/emulated/0/Documents/Scans/downloads/Mangas-Origines.fr (FR)/Perfect Surgeon/Chapitre 67 - OpĂ©ration d'urgence_764b98_tmp/068.jpg. Uid: 10053. Media Capabilities Uid: 0. ShouldRedact: false. ShouldTranscode: false
04-14 18:18:52.545   674 11196 I audio_hw_primary: app type:0x   0, is_voip:0, device:2, pcm:-352510464, usecase:0x   8
04-14 18:18:52.574  2973  3039 I MediaProvider: Observed non-standard /storage/emulated/0/Documents/Scans/downloads/.nomedia
04-14 18:18:52.581  1514  1514 D TranCellSignalStrengthImpl: [LTE] dbm: -97
04-14 18:18:52.581  1514  1514 D TranCellSignalStrengthImpl: [LTE] dbm: -97
04-14 18:18:52.583  1092  1282 D TranCellSignalStrengthImpl: [LTE] dbm: -97
04-14 18:18:52.584  2973  3039 D MediaProvider: Open with FUSE. FilePath: /storage/emulated/0/Documents/Scans/downloads/Mangas-Origines.fr (FR)/Perfect Surgeon/Chapitre 67 - OpĂ©ration d'urgence_764b98_tmp/065.jpg. Uid: 10053. Media Capabilities Uid: 0. ShouldRedact: false. ShouldTranscode: false
04-14 18:18:52.584   674 11196 I audio_hw_primary: app type:0x   0, is_voip:0, device:2, pcm:-352510464, usecase:0x   8
04-14 18:18:52.585  1604  1762 D Dito    : mcc=616, mnc=03
04-14 18:18:52.585  1514  1514 D TranCellSignalStrengthImpl: [LTE] dbm: -97
04-14 18:18:52.585  1514  1514 D TranCellSignalStrengthImpl: [LTE] dbm: -97
04-14 18:18:52.586  1092  1282 D TranCellSignalStrengthImpl: [LTE] dbm: -97
04-14 18:18:52.588  1514  1514 D TranPhoneInterfaceManagerEx: [onSignalStrengthsChanged]
04-14 18:18:52.588  1514  1514 D TranSmartAllocController: mDefaultDataSubId = 5  subId = 5
04-14 18:18:52.588  1514  1514 D TranSmartAllocController: mSupport = true  mBwAllocEnable = true mSimReady =true  mScreenOn =true
04-14 18:18:52.610  2973  3039 I MediaProvider: Observed non-standard /storage/emulated/0/Documents/Scans/downloads/.nomedia
04-14 18:18:52.619  2973  3039 D MediaProvider: Open with FUSE. FilePath: /storage/emulated/0/Documents/Scans/downloads/Mangas-Origines.fr (FR)/Perfect Surgeon/Chapitre 67 - OpĂ©ration d'urgence_764b98_tmp/070.jpg. Uid: 10053. Media Capabilities Uid: 0. ShouldRedact: false. ShouldTranscode: false
04-14 18:18:52.621   674 11196 I audio_hw_primary: app type:0x   0, is_voip:0, device:2, pcm:-352510464, usecase:0x   8
04-14 18:18:52.647  2973  3039 I MediaProvider: Observed non-standard /storage/emulated/0/Documents/Scans/downloads/.nomedia
04-14 18:18:52.656  2973  3039 D MediaProvider: Open with FUSE. FilePath: /storage/emulated/0/Documents/Scans/downloads/Mangas-Origines.fr (FR)/Perfect Surgeon/Chapitre 67 - OpĂ©ration d'urgence_764b98_tmp/069.jpg. Uid: 10053. Media Capabilities Uid: 0. ShouldRedact: false. ShouldTranscode: false
04-14 18:18:52.660   674 11196 I audio_hw_primary: app type:0x   0, is_voip:0, device:2, pcm:-352510464, usecase:0x   8
04-14 18:18:52.670   679   776 I DPUModule: DpuR5P0::checkLayerFormat <142>: checkLayerFormat: Format(1)
04-14 18:18:52.671   679   776 I DPUModule: DpuR5P0::checkTransform <35>: checkTransform: Transform(0), SRCRect(0,0)
04-14 18:18:52.671   679   776 I DPUModule: DpuR5P0::checkAFBCBlockSize <97>: checkAFBCBlockSize: compressed(1),format(1), pitch(720), vstride(1616)
04-14 18:18:52.671   679   776 I DPUModule: DpuR5P0::checkLayerFormat <142>: checkLayerFormat: Format(1)
04-14 18:18:52.671   679   776 I DPUModule: DpuR5P0::checkTransform <35>: checkTransform: Transform(0), SRCRect(0,0)
04-14 18:18:52.671   679   776 I DPUModule: DpuR5P0::checkAFBCBlockSize <97>: checkAFBCBlockSize: compressed(1),format(1), pitch(720), vstride(80)
04-14 18:18:52.671   679   776 I DPUModule: DpuR5P0::checkLayerFormat <142>: checkLayerFormat: Format(1)
04-14 18:18:52.671   679   776 I DPUModule: DpuR5P0::checkTransform <35>: checkTransform: Transform(0), SRCRect(0,0)
04-14 18:18:52.671   679   776 I DPUModule: DpuR5P0::checkAFBCBlockSize <97>: checkAFBCBlockSize: compressed(1),format(1), pitch(720), vstride(96)
04-14 18:18:52.671   679   776 D DPUModule: [ …śhu] support: 0
04-14 18:18:52.673 13282 14714 D PTY-JNI : Watch dog is disabled!
04-14 18:18:52.685  2973  3039 I MediaProvider: Observed non-standard /storage/emulated/0/Documents/Scans/downloads/.nomedia
04-14 18:18:52.687   679   776 I DPUModule: DpuR5P0::checkLayerFormat <142>: checkLayerFormat: Format(1)
04-14 18:18:52.687   679   776 I DPUModule: DpuR5P0::checkTransform <35>: checkTransform: Transform(0), SRCRect(0,0)
04-14 18:18:52.687   679   776 I DPUModule: DpuR5P0::checkAFBCBlockSize <97>: checkAFBCBlockSize: compressed(1),format(1), pitch(720), vstride(1616)
04-14 18:18:52.687   679   776 I DPUModule: DpuR5P0::checkLayerFormat <142>: checkLayerFormat: Format(1)
04-14 18:18:52.687   679   776 I DPUModule: DpuR5P0::checkTransform <35>: checkTransform: Transform(0), SRCRect(0,0)
04-14 18:18:52.687   679   776 I DPUModule: DpuR5P0::checkAFBCBlockSize <97>: checkAFBCBlockSize: compressed(1),format(1), pitch(720), vstride(80)
04-14 18:18:52.687   679   776 I DPUModule: DpuR5P0::checkLayerFormat <142>: checkLayerFormat: Format(1)
04-14 18:18:52.687   679   776 I DPUModule: DpuR5P0::checkTransform <35>: checkTransform: Transform(0), SRCRect(0,0)
04-14 18:18:52.687   679   776 I DPUModule: DpuR5P0::checkAFBCBlockSize <97>: checkAFBCBlockSize: compressed(1),format(1), pitch(720), vstride(96)
04-14 18:18:52.687   679   776 D DPUModule: [ …śhu] support: 0
04-14 18:18:52.696  2973  3039 D MediaProvider: Open with FUSE. FilePath: /storage/emulated/0/Documents/Scans/downloads/Mangas-Origines.fr (FR)/Perfect Surgeon/Chapitre 67 - OpĂ©ration d'urgence_764b98_tmp/064.jpg. Uid: 10053. Media Capabilities Uid: 0. ShouldRedact: false. ShouldTranscode: false
04-14 18:18:52.703   674 11196 I audio_hw_primary: app type:0x   0, is_voip:0, device:2, pcm:-352510464, usecase:0x   8
04-14 18:18:52.725  2973  3039 I MediaProvider: Observed non-standard /storage/emulated/0/Documents/Scans/downloads/.nomedia
04-14 18:18:52.736  2973  3039 D MediaProvider: Open with FUSE. FilePath: /storage/emulated/0/Documents/Scans/downloads/Mangas-Origines.fr (FR)/Perfect Surgeon/Chapitre 67 - OpĂ©ration d'urgence_764b98_tmp/ComicInfo.xml. Uid: 10053. Media Capabilities Uid: 0. ShouldRedact: false. ShouldTranscode: false
04-14 18:18:52.741   674 11196 I audio_hw_primary: app type:0x   0, is_voip:0, device:2, pcm:-352510464, usecase:0x   8
04-14 18:18:52.764  2973  3039 I MediaProvider: Observed non-standard /storage/emulated/0/Documents/Scans/downloads/.nomedia
04-14 18:18:52.773  2973  3039 D MediaProvider: Open with FUSE. FilePath: /storage/emulated/0/Documents/Scans/downloads/Mangas-Origines.fr (FR)/Perfect Surgeon/Chapitre 67 - OpĂ©ration d'urgence_764b98_tmp/071.jpg. Uid: 10053. Media Capabilities Uid: 0. ShouldRedact: false. ShouldTranscode: false
04-14 18:18:52.784   674 11196 I audio_hw_primary: app type:0x   0, is_voip:0, device:2, pcm:-352510464, usecase:0x   8
04-14 18:18:52.792  1092  1547 D BroadcastQueue: Add broadcast <BroadcastRecord{4c1cd1e u0 android.intent.action.MEDIA_SCANNER_SCAN_FILE}> into [ordered | background], pending size 0
04-14 18:18:52.801  2973  9227 I MediaProvider: Observed non-standard /storage/emulated/0/Documents/Scans/downloads/.nomedia
04-14 18:18:52.803  2973  9227 I MediaProvider: Observed non-standard /storage/emulated/0/Documents/Scans/downloads/.nomedia
04-14 18:18:52.808  1092  1332 D F_TranHibernation: screen off bc restricted1 by uid 10202
04-14 18:18:52.810  1092  1275 D BroadcastQueue: Finished with ordered broadcast BroadcastRecord{4c1cd1e u0 android.intent.action.MEDIA_SCANNER_SCAN_FILE} receivers:([ResolveInfo{b66e71b com.google.android.providers.media.module/com.android.providers.media.MediaReceiver m=0x208000}, ResolveInfo{f1cd0b8 com.folderv.file/.UsbBroadcastReceiver m=0x208000}]) take 16ms in [background], remains -1
04-14 18:18:52.812  2973  3813 I MediaProvider: Begin Intent { act=android.intent.action.MEDIA_SCANNER_SCAN_FILE dat=file:///... flg=0x1000010 cmp=com.google.android.providers.media.module/com.android.providers.media.MediaService }
04-14 18:18:52.814  2973  3813 I MediaProvider: Observed non-standard /storage/emulated/0/Documents/Scans/downloads/.nomedia
04-14 18:18:52.815  2973  3813 W ModernMediaScanner: Failed to visit /storage/emulated/0/Documents/Scans/downloads/Mangas-Origines.fr (FR)/Perfect Surgeon/Chapitre 67 - OpĂ©ration d'urgence_764b98.cbz_tmp: java.nio.file.NoSuchFileException: /storage/emulated/0/Documents/Scans/downloads/Mangas-Origines.fr (FR)/Perfect Surgeon/Chapitre 67 - OpĂ©ration d'urgence_764b98.cbz_tmp
04-14 18:18:52.823   674 11196 I audio_hw_primary: app type:0x   0, is_voip:0, device:2, pcm:-352510464, usecase:0x   8
04-14 18:18:52.832  2973  3039 I MediaProvider: Observed non-standard /storage/emulated/0/Documents/Scans/downloads/.nomedia
04-14 18:18:52.833  2973  3039 W ModernMediaScanner: Failed to visit /storage/emulated/0/Documents/Scans/downloads/Mangas-Origines.fr (FR)/Perfect Surgeon/Chapitre 67 - OpĂ©ration d'urgence_764b98.cbz_tmp: java.nio.file.NoSuchFileException: /storage/emulated/0/Documents/Scans/downloads/Mangas-Origines.fr (FR)/Perfect Surgeon/Chapitre 67 - OpĂ©ration d'urgence_764b98.cbz_tmp
04-14 18:18:52.853  2973  3813 I MediaProvider: Scanned external_primary due to REASON_DEMAND, found 0 items in 39ms, 0 inserts 0 updates 0 deletes
04-14 18:18:52.854  2973  3813 I MediaProvider: End Intent { act=android.intent.action.MEDIA_SCANNER_SCAN_FILE dat=file:///... flg=0x1000010 cmp=com.google.android.providers.media.module/com.android.providers.media.MediaService }
04-14 18:18:52.863   674 11196 I audio_hw_primary: app type:0x   0, is_voip:0, device:2, pcm:-352510464, usecase:0x   8
04-14 18:18:52.876  2973  3039 I MediaProvider: Scanned external_primary due to REASON_DEMAND, found 0 items in 45ms, 0 inserts 0 updates 0 deletes
04-14 18:18:52.880  2973  3039 I MediaProvider: Observed non-standard /storage/emulated/0/Documents/Scans/downloads/.nomedia
04-14 18:18:52.906   674 11196 I audio_hw_primary: app type:0x   0, is_voip:0, device:2, pcm:-352510464, usecase:0x   8
04-14 18:18:52.942   674 11196 I audio_hw_primary: app type:0x   0, is_voip:0, device:2, pcm:-352510464, usecase:0x   8
04-14 18:18:52.954   679   776 I DPUModule: DpuR5P0::checkLayerFormat <142>: checkLayerFormat: Format(1)
04-14 18:18:52.954   679   776 I DPUModule: DpuR5P0::checkTransform <35>: checkTransform: Transform(0), SRCRect(0,0)
04-14 18:18:52.954   679   776 I DPUModule: DpuR5P0::checkAFBCBlockSize <97>: checkAFBCBlockSize: compressed(1),format(1), pitch(720), vstride(1616)
04-14 18:18:52.954   679   776 I DPUModule: DpuR5P0::checkLayerFormat <142>: checkLayerFormat: Format(1)
04-14 18:18:52.954   679   776 I DPUModule: DpuR5P0::checkTransform <35>: checkTransform: Transform(0), SRCRect(0,0)
04-14 18:18:52.954   679   776 I DPUModule: DpuR5P0::checkAFBCBlockSize <97>: checkAFBCBlockSize: compressed(1),format(1), pitch(720), vstride(80)
04-14 18:18:52.954   679   776 I DPUModule: DpuR5P0::checkLayerFormat <142>: checkLayerFormat: Format(1)
04-14 18:18:52.954   679   776 I DPUModule: DpuR5P0::checkTransform <35>: checkTransform: Transform(0), SRCRect(0,0)
04-14 18:18:52.954   679   776 I DPUModule: DpuR5P0::checkAFBCBlockSize <97>: checkAFBCBlockSize: compressed(1),format(1), pitch(720), vstride(96)
04-14 18:18:52.954   679   776 D DPUModule: [ …śhu] support: 0
04-14 18:18:52.958  2973  9929 I MediaProvider: Deleted 1 0 0 0 0 0 0 items on external_primary due to com.android.externalstorage
04-14 18:18:52.969  2973  9227 I MediaProvider: Deleted 1 0 0 0 0 0 0 items on external_primary due to com.android.externalstorage
04-14 18:18:52.971   679   776 I DPUModule: DpuR5P0::checkLayerFormat <142>: checkLayerFormat: Format(1)
04-14 18:18:52.971   679   776 I DPUModule: DpuR5P0::checkTransform <35>: checkTransform: Transform(0), SRCRect(0,0)
04-14 18:18:52.971   679   776 I DPUModule: DpuR5P0::checkAFBCBlockSize <97>: checkAFBCBlockSize: compressed(1),format(1), pitch(720), vstride(1616)
04-14 18:18:52.971   679   776 I DPUModule: DpuR5P0::checkLayerFormat <142>: checkLayerFormat: Format(1)
04-14 18:18:52.971   679   776 I DPUModule: DpuR5P0::checkTransform <35>: checkTransform: Transform(0), SRCRect(0,0)
04-14 18:18:52.971   679   776 I DPUModule: DpuR5P0::checkAFBCBlockSize <97>: checkAFBCBlockSize: compressed(1),format(1), pitch(720), vstride(80)
04-14 18:18:52.971   679   776 I DPUModule: DpuR5P0::checkLayerFormat <142>: checkLayerFormat: Format(1)
04-14 18:18:52.971   679   776 I DPUModule: DpuR5P0::checkTransform <35>: checkTransform: Transform(0), SRCRect(0,0)
04-14 18:18:52.971   679   776 I DPUModule: DpuR5P0::checkAFBCBlockSize <97>: checkAFBCBlockSize: compressed(1),format(1), pitch(720), vstride(96)
04-14 18:18:52.971   679   776 D DPUModule: [ …śhu] support: 0
04-14 18:18:52.979   674 11196 I audio_hw_primary: app type:0x   0, is_voip:0, device:2, pcm:-352510464, usecase:0x   8
04-14 18:18:52.982  2973 31488 I MediaProvider: Deleted 1 0 0 0 0 0 0 items on external_primary due to com.android.externalstorage
04-14 18:18:52.993  2973 14510 I MediaProvider: Deleted 1 0 0 0 0 0 0 items on external_primary due to com.android.externalstorage
04-14 18:18:53.004  2973  9929 I MediaProvider: Deleted 1 0 0 0 0 0 0 items on external_primary due to com.android.externalstorage
04-14 18:18:53.022  2973 13256 I MediaProvider: Deleted 1 0 0 0 0 0 0 items on external_primary due to com.android.externalstorage
04-14 18:18:53.024   674 11196 I audio_hw_primary: app type:0x   0, is_voip:0, device:2, pcm:-352510464, usecase:0x   8
04-14 18:18:53.036  2973  7441 I MediaProvider: Deleted 1 0 0 0 0 0 0 items on external_primary due to com.android.externalstorage
04-14 18:18:53.055  2973 31397 I MediaProvider: Deleted 1 0 0 0 0 0 0 items on external_primary due to com.android.externalstorage
04-14 18:18:53.065   674 11196 I audio_hw_primary: app type:0x   0, is_voip:0, device:2, pcm:-352510464, usecase:0x   8
04-14 18:18:53.067  2973 31478 I MediaProvider: Deleted 1 0 0 0 0 0 0 items on external_primary due to com.android.externalstorage
04-14 18:18:53.082  2973 31396 I MediaProvider: Deleted 1 0 0 0 0 0 0 items on external_primary due to com.android.externalstorage
04-14 18:18:53.095  2973 31490 I MediaProvider: Deleted 1 0 0 0 0 0 0 items on external_primary due to com.android.externalstorage
04-14 18:18:53.105   674 11196 I audio_hw_primary: app type:0x   0, is_voip:0, device:2, pcm:-352510464, usecase:0x   8
04-14 18:18:53.113  2973 31397 I MediaProvider: Deleted 1 0 0 0 0 0 0 items on external_primary due to com.android.externalstorage
04-14 18:18:53.127  2973 31488 I MediaProvider: Deleted 1 0 0 0 0 0 0 items on external_primary due to com.android.externalstorage
04-14 18:18:53.143  2973 31488 I MediaProvider: Deleted 1 0 0 0 0 0 0 items on external_primary due to com.android.externalstorage
04-14 18:18:53.148   674 11196 I audio_hw_primary: app type:0x   0, is_voip:0, device:2, pcm:-352510464, usecase:0x   8
04-14 18:18:53.156  2973  9227 I MediaProvider: Deleted 1 0 0 0 0 0 0 items on external_primary due to com.android.externalstorage
04-14 18:18:53.169  2973 31478 I MediaProvider: Deleted 1 0 0 0 0 0 0 items on external_primary due to com.android.externalstorage
04-14 18:18:53.181  2973 31478 I MediaProvider: Deleted 1 0 0 0 0 0 0 items on external_primary due to com.android.externalstorage
04-14 18:18:53.183   674 11196 I audio_hw_primary: app type:0x   0, is_voip:0, device:2, pcm:-352510464, usecase:0x   8
04-14 18:18:53.198  2973 31488 I MediaProvider: Deleted 1 0 0 0 0 0 0 items on external_primary due to com.android.externalstorage
04-14 18:18:53.210  2973 13256 I MediaProvider: Deleted 1 0 0 0 0 0 0 items on external_primary due to com.android.externalstorage
04-14 18:18:53.223  2973  7441 I MediaProvider: Deleted 1 0 0 0 0 0 0 items on external_primary due to com.android.externalstorage
04-14 18:18:53.225   674 11196 I audio_hw_primary: app type:0x   0, is_voip:0, device:2, pcm:-352510464, usecase:0x   8
04-14 18:18:53.239  2973  9929 I MediaProvider: Deleted 1 0 0 0 0 0 0 items on external_primary due to com.android.externalstorage
04-14 18:18:53.252  2973  9227 I MediaProvider: Deleted 1 0 0 0 0 0 0 items on external_primary due to com.android.externalstorage
04-14 18:18:53.263   674 11196 I audio_hw_primary: app type:0x   0, is_voip:0, device:2, pcm:-352510464, usecase:0x   8
04-14 18:18:53.266  2973 31396 I MediaProvider: Deleted 1 0 0 0 0 0 0 items on external_primary due to com.android.externalstorage
04-14 18:18:53.271   679   776 I DPUModule: DpuR5P0::checkLayerFormat <142>: checkLayerFormat: Format(1)
04-14 18:18:53.271   679   776 I DPUModule: DpuR5P0::checkTransform <35>: checkTransform: Transform(0), SRCRect(0,0)
04-14 18:18:53.271   679   776 I DPUModule: DpuR5P0::checkAFBCBlockSize <97>: checkAFBCBlockSize: compressed(1),format(1), pitch(720), vstride(1616)
04-14 18:18:53.271   679   776 I DPUModule: DpuR5P0::checkLayerFormat <142>: checkLayerFormat: Format(1)
04-14 18:18:53.271   679   776 I DPUModule: DpuR5P0::checkTransform <35>: checkTransform: Transform(0), SRCRect(0,0)
04-14 18:18:53.271   679   776 I DPUModule: DpuR5P0::checkAFBCBlockSize <97>: checkAFBCBlockSize: compressed(1),format(1), pitch(720), vstride(80)
04-14 18:18:53.271   679   776 I DPUModule: DpuR5P0::checkLayerFormat <142>: checkLayerFormat: Format(1)
04-14 18:18:53.271   679   776 I DPUModule: DpuR5P0::checkTransform <35>: checkTransform: Transform(0), SRCRect(0,0)
04-14 18:18:53.271   679   776 I DPUModule: DpuR5P0::checkAFBCBlockSize <97>: checkAFBCBlockSize: compressed(1),format(1), pitch(720), vstride(96)
04-14 18:18:53.271   679   776 D DPUModule: [ …śhu] support: 0
04-14 18:18:53.283  2973  7441 I MediaProvider: Deleted 1 0 0 0 0 0 0 items on external_primary due to com.android.externalstorage
04-14 18:18:53.288   679   776 I DPUModule: DpuR5P0::checkLayerFormat <142>: checkLayerFormat: Format(1)
04-14 18:18:53.288   679   776 I DPUModule: DpuR5P0::checkTransform <35>: checkTransform: Transform(0), SRCRect(0,0)
04-14 18:18:53.288   679   776 I DPUModule: DpuR5P0::checkAFBCBlockSize <97>: checkAFBCBlockSize: compressed(1),format(1), pitch(720), vstride(1616)
04-14 18:18:53.288   679   776 I DPUModule: DpuR5P0::checkLayerFormat <142>: checkLayerFormat: Format(1)
04-14 18:18:53.288   679   776 I DPUModule: DpuR5P0::checkTransform <35>: checkTransform: Transform(0), SRCRect(0,0)
04-14 18:18:53.288   679   776 I DPUModule: DpuR5P0::checkAFBCBlockSize <97>: checkAFBCBlockSize: compressed(1),format(1), pitch(720), vstride(80)
04-14 18:18:53.288   679   776 I DPUModule: DpuR5P0::checkLayerFormat <142>: checkLayerFormat: Format(1)
04-14 18:18:53.288   679   776 I DPUModule: DpuR5P0::checkTransform <35>: checkTransform: Transform(0), SRCRect(0,0)
04-14 18:18:53.288   679   776 I DPUModule: DpuR5P0::checkAFBCBlockSize <97>: checkAFBCBlockSize: compressed(1),format(1), pitch(720), vstride(96)
04-14 18:18:53.288   679   776 D DPUModule: [ …śhu] support: 0
04-14 18:18:53.298  2973 31488 I MediaProvider: Deleted 1 0 0 0 0 0 0 items on external_primary due to com.android.externalstorage
04-14 18:18:53.300   674 11196 I audio_hw_primary: app type:0x   0, is_voip:0, device:2, pcm:-352510464, usecase:0x   8
04-14 18:18:53.314  2973 13256 I MediaProvider: Deleted 1 0 0 0 0 0 0 items on external_primary due to com.android.externalstorage
04-14 18:18:53.321   679   776 I DPUModule: DpuR5P0::checkLayerFormat <142>: checkLayerFormat: Format(1)
04-14 18:18:53.322   679   776 I DPUModule: DpuR5P0::checkTransform <35>: checkTransform: Transform(0), SRCRect(0,0)
04-14 18:18:53.322   679   776 I DPUModule: DpuR5P0::checkAFBCBlockSize <97>: checkAFBCBlockSize: compressed(1),format(1), pitch(720), vstride(1616)
04-14 18:18:53.322   679   776 I DPUModule: DpuR5P0::checkLayerFormat <142>: checkLayerFormat: Format(1)
04-14 18:18:53.322   679   776 I DPUModule: DpuR5P0::checkTransform <35>: checkTransform: Transform(0), SRCRect(0,0)
04-14 18:18:53.322   679   776 I DPUModule: DpuR5P0::checkAFBCBlockSize <97>: checkAFBCBlockSize: compressed(1),format(1), pitch(720), vstride(80)
04-14 18:18:53.322   679   776 I DPUModule: DpuR5P0::checkLayerFormat <142>: checkLayerFormat: Format(1)
04-14 18:18:53.322   679   776 I DPUModule: DpuR5P0::checkTransform <35>: checkTransform: Transform(0), SRCRect(0,0)
04-14 18:18:53.322   679   776 I DPUModule: DpuR5P0::checkAFBCBlockSize <97>: checkAFBCBlockSize: compressed(1),format(1), pitch(720), vstride(96)
04-14 18:18:53.322   679   776 D DPUModule: [ …śhu] support: 0
04-14 18:18:53.327  2973 31490 I MediaProvider: Deleted 1 0 0 0 0 0 0 items on external_primary due to com.android.externalstorage
04-14 18:18:53.340  2973 31397 I MediaProvider: Deleted 1 0 0 0 0 0 0 items on external_primary due to com.android.externalstorage
04-14 18:18:53.342   674 11196 I audio_hw_primary: app type:0x   0, is_voip:0, device:2, pcm:-352510464, usecase:0x   8
04-14 18:18:53.358  2973 14510 I MediaProvider: Deleted 1 0 0 0 0 0 0 items on external_primary due to com.android.externalstorage
04-14 18:18:53.368  2973 31396 I MediaProvider: Deleted 1 0 0 0 0 0 0 items on external_primary due to com.android.externalstorage
04-14 18:18:53.371   679   776 I DPUModule: DpuR5P0::checkLayerFormat <142>: checkLayerFormat: Format(1)
04-14 18:18:53.371   679   776 I DPUModule: DpuR5P0::checkTransform <35>: checkTransform: Transform(0), SRCRect(0,0)
04-14 18:18:53.371   679   776 I DPUModule: DpuR5P0::checkAFBCBlockSize <97>: checkAFBCBlockSize: compressed(1),format(1), pitch(720), vstride(1616)
04-14 18:18:53.371   679   776 I DPUModule: DpuR5P0::checkLayerFormat <142>: checkLayerFormat: Format(1)
04-14 18:18:53.371   679   776 I DPUModule: DpuR5P0::checkTransform <35>: checkTransform: Transform(0), SRCRect(0,0)
04-14 18:18:53.371   679   776 I DPUModule: DpuR5P0::checkAFBCBlockSize <97>: checkAFBCBlockSize: compressed(1),format(1), pitch(720), vstride(80)
04-14 18:18:53.371   679   776 I DPUModule: DpuR5P0::checkLayerFormat <142>: checkLayerFormat: Format(1)
04-14 18:18:53.371   679   776 I DPUModule: DpuR5P0::checkTransform <35>: checkTransform: Transform(0), SRCRect(0,0)
04-14 18:18:53.371   679   776 I DPUModule: DpuR5P0::checkAFBCBlockSize <97>: checkAFBCBlockSize: compressed(1),format(1), pitch(720), vstride(96)
04-14 18:18:53.371   679   776 D DPUModule: [ …śhu] support: 0
04-14 18:18:53.382  2973  9929 I MediaProvider: Deleted 1 0 0 0 0 0 0 items on external_primary due to com.android.externalstorage
04-14 18:18:53.383   674 11196 I audio_hw_primary: app type:0x   0, is_voip:0, device:2, pcm:-352510464, usecase:0x   8
04-14 18:18:53.395  2973  9227 I MediaProvider: Deleted 1 0 0 0 0 0 0 items on external_primary due to com.android.externalstorage
04-14 18:18:53.407  2973 31478 I MediaProvider: Deleted 1 0 0 0 0 0 0 items on external_primary due to com.android.externalstorage
04-14 18:18:53.421  2973  7441 I MediaProvider: Deleted 1 0 0 0 0 0 0 items on external_primary due to com.android.externalstorage
04-14 18:18:53.425   674 11196 I audio_hw_primary: app type:0x   0, is_voip:0, device:2, pcm:-352510464, usecase:0x   8
04-14 18:18:53.441  2973 31488 I MediaProvider: Deleted 1 0 0 0 0 0 0 items on external_primary due to com.android.externalstorage
04-14 18:18:53.454  2973 13256 I MediaProvider: Deleted 1 0 0 0 0 0 0 items on external_primary due to com.android.externalstorage
04-14 18:18:53.462   674 11196 I audio_hw_primary: app type:0x   0, is_voip:0, device:2, pcm:-352510464, usecase:0x   8
04-14 18:18:53.466  2973 31490 I MediaProvider: Deleted 1 0 0 0 0 0 0 items on external_primary due to com.android.externalstorage
04-14 18:18:53.478  2973 31397 I MediaProvider: Deleted 1 0 0 0 0 0 0 items on external_primary due to com.android.externalstorage
04-14 18:18:53.492  2973 14510 I MediaProvider: Deleted 1 0 0 0 0 0 0 items on external_primary due to com.android.externalstorage
04-14 18:18:53.504   674 11196 I audio_hw_primary: app type:0x   0, is_voip:0, device:2, pcm:-352510464, usecase:0x   8
04-14 18:18:53.512  2973 31396 I MediaProvider: Deleted 1 0 0 0 0 0 0 items on external_primary due to com.android.externalstorage
04-14 18:18:53.529  2973  9929 I MediaProvider: Deleted 1 0 0 0 0 0 0 items on external_primary due to com.android.externalstorage
04-14 18:18:53.542  2973  9227 I MediaProvider: Deleted 1 0 0 0 0 0 0 items on external_primary due to com.android.externalstorage
04-14 18:18:53.546   674 11196 I audio_hw_primary: app type:0x   0, is_voip:0, device:2, pcm:-352510464, usecase:0x   8
04-14 18:18:53.554  2973 31478 I MediaProvider: Deleted 1 0 0 0 0 0 0 items on external_primary due to com.android.externalstorage
04-14 18:18:53.564  2973 31490 I MediaProvider: Deleted 1 0 0 0 0 0 0 items on external_primary due to com.android.externalstorage
04-14 18:18:53.571   679   776 I DPUModule: DpuR5P0::checkLayerFormat <142>: checkLayerFormat: Format(1)
04-14 18:18:53.571   679   776 I DPUModule: DpuR5P0::checkTransform <35>: checkTransform: Transform(0), SRCRect(0,0)
04-14 18:18:53.571   679   776 I DPUModule: DpuR5P0::checkAFBCBlockSize <97>: checkAFBCBlockSize: compressed(1),format(1), pitch(720), vstride(1616)
04-14 18:18:53.571   679   776 I DPUModule: DpuR5P0::checkLayerFormat <142>: checkLayerFormat: Format(1)
04-14 18:18:53.571   679   776 I DPUModule: DpuR5P0::checkTransform <35>: checkTransform: Transform(0), SRCRect(0,0)
04-14 18:18:53.571   679   776 I DPUModule: DpuR5P0::checkAFBCBlockSize <97>: checkAFBCBlockSize: compressed(1),format(1), pitch(720), vstride(80)
04-14 18:18:53.571   679   776 I DPUModule: DpuR5P0::checkLayerFormat <142>: checkLayerFormat: Format(1)
04-14 18:18:53.571   679   776 I DPUModule: DpuR5P0::checkTransform <35>: checkTransform: Transform(0), SRCRect(0,0)
04-14 18:18:53.571   679   776 I DPUModule: DpuR5P0::checkAFBCBlockSize <97>: checkAFBCBlockSize: compressed(1),format(1), pitch(720), vstride(96)
04-14 18:18:53.571   679   776 D DPUModule: [ …śhu] support: 0
04-14 18:18:53.578  2973 31488 I MediaProvider: Deleted 1 0 0 0 0 0 0 items on external_primary due to com.android.externalstorage
04-14 18:18:53.584   674 11196 I audio_hw_primary: app type:0x   0, is_voip:0, device:2, pcm:-352510464, usecase:0x   8
04-14 18:18:53.594  2973 13256 I MediaProvider: Deleted 1 0 0 0 0 0 0 items on external_primary due to com.android.externalstorage
04-14 18:18:53.604   679   776 I DPUModule: DpuR5P0::checkLayerFormat <142>: checkLayerFormat: Format(1)
04-14 18:18:53.604   679   776 I DPUModule: DpuR5P0::checkTransform <35>: checkTransform: Transform(0), SRCRect(0,0)
04-14 18:18:53.604   679   776 I DPUModule: DpuR5P0::checkAFBCBlockSize <97>: checkAFBCBlockSize: compressed(1),format(1), pitch(720), vstride(1616)
04-14 18:18:53.604   679   776 I DPUModule: DpuR5P0::checkLayerFormat <142>: checkLayerFormat: Format(1)
04-14 18:18:53.604   679   776 I DPUModule: DpuR5P0::checkTransform <35>: checkTransform: Transform(0), SRCRect(0,0)
04-14 18:18:53.604   679   776 I DPUModule: DpuR5P0::checkAFBCBlockSize <97>: checkAFBCBlockSize: compressed(1),format(1), pitch(720), vstride(80)
04-14 18:18:53.604   679   776 I DPUModule: DpuR5P0::checkLayerFormat <142>: checkLayerFormat: Format(1)
04-14 18:18:53.604   679   776 I DPUModule: DpuR5P0::checkTransform <35>: checkTransform: Transform(0), SRCRect(0,0)
04-14 18:18:53.604   679   776 I DPUModule: DpuR5P0::checkAFBCBlockSize <97>: checkAFBCBlockSize: compressed(1),format(1), pitch(720), vstride(96)
04-14 18:18:53.604   679   776 D DPUModule: [ …śhu] support: 0
04-14 18:18:53.606  2973 31396 I MediaProvider: Deleted 1 0 0 0 0 0 0 items on external_primary due to com.android.externalstorage
04-14 18:18:53.619  2973 31397 I MediaProvider: Deleted 1 0 0 0 0 0 0 items on external_primary due to com.android.externalstorage
04-14 18:18:53.621   674 11196 I audio_hw_primary: app type:0x   0, is_voip:0, device:2, pcm:-352510464, usecase:0x   8
04-14 18:18:53.629  1092  1332 D AlarmManagerService: set alarm to kernel: 517637.856000000, type=2 
04-14 18:18:53.629  1092  1332 D AlarmManagerService: set alarm to kernel: 517583.730000000, type=3 
04-14 18:18:53.632  2973 14510 I MediaProvider: Deleted 1 0 0 0 0 0 0 items on external_primary due to com.android.externalstorage
04-14 18:18:53.647  2973 31478 I MediaProvider: Deleted 1 0 0 0 0 0 0 items on external_primary due to com.android.externalstorage
04-14 18:18:53.663  2973 31490 I MediaProvider: Deleted 1 0 0 0 0 0 0 items on external_primary due to com.android.externalstorage
04-14 18:18:53.665   674 11196 I audio_hw_primary: app type:0x   0, is_voip:0, device:2, pcm:-352510464, usecase:0x   8
04-14 18:18:53.681  2973  9227 I MediaProvider: Deleted 1 0 0 0 0 0 0 items on external_primary due to com.android.externalstorage
04-14 18:18:53.696  2973  7441 I MediaProvider: Deleted 1 0 0 0 0 0 0 items on external_primary due to com.android.externalstorage
04-14 18:18:53.704   674 11196 I audio_hw_primary: app type:0x   0, is_voip:0, device:2, pcm:-352510464, usecase:0x   8
04-14 18:18:53.711  2973  9929 I MediaProvider: Deleted 1 0 0 0 0 0 0 items on external_primary due to com.android.externalstorage
04-14 18:18:53.729  2973 31488 I MediaProvider: Deleted 1 0 0 0 0 0 0 items on external_primary due to com.android.externalstorage
04-14 18:18:53.743  2973 13256 I MediaProvider: Deleted 1 0 0 0 0 0 0 items on external_primary due to com.android.externalstorage
04-14 18:18:53.743   674 11196 I audio_hw_primary: app type:0x   0, is_voip:0, device:2, pcm:-352510464, usecase:0x   8
04-14 18:18:53.757  2973 31396 I MediaProvider: Deleted 1 0 0 0 0 0 0 items on external_primary due to com.android.externalstorage
04-14 18:18:53.776  2973 31397 I MediaProvider: Deleted 1 0 0 0 0 0 0 items on external_primary due to com.android.externalstorage
04-14 18:18:53.785   674 11196 I audio_hw_primary: app type:0x   0, is_voip:0, device:2, pcm:-352510464, usecase:0x   8
04-14 18:18:53.788   955  1727 D GNSSMGT : watchdog: PowerState: CP SLEEP
04-14 18:18:53.789  2973 14510 I MediaProvider: Deleted 1 0 0 0 0 0 0 items on external_primary due to com.android.externalstorage
04-14 18:18:53.804  2973  7441 I MediaProvider: Deleted 1 0 0 0 0 0 0 items on external_primary due to com.android.externalstorage
04-14 18:18:53.820  2973  9929 I MediaProvider: Deleted 1 0 0 0 0 0 0 items on external_primary due to com.android.externalstorage
04-14 18:18:53.824   674 11196 I audio_hw_primary: app type:0x   0, is_voip:0, device:2, pcm:-352510464, usecase:0x   8
