04-14 18:18:48.536  2973  3813 W ModernMediaScanner: Failed to visit /storage/emulated/0/Documents/Scans/downloads/Mangas-Origines.fr (FR)/Perfect Surgeon/Chapitre 67 - OpĂ©ration d'urgence_764b98_tmp/070.tmp: java.nio.file.NoSuchFileException: /storage/emulated/0/Documents/Scans/downloads/Mangas-Origines.fr (FR)/Perfect Surgeon/Chapitre 67 - OpĂ©ration d'urgence_764b98_tmp/070.tmp
04-14 18:18:48.539   674 11196 I audio_hw_primary: app type:0x   0, is_voip:0, device:2, pcm:-352510464, usecase:0x   8
04-14 18:18:48.547  2973  3039 I MediaProvider: Observed non-standard /storage/emulated/0/Documents/Scans/downloads/.nomedia
04-14 18:18:48.548  2973  3039 W ModernMediaScanner: Failed to visit /storage/emulated/0/Documents/Scans/downloads/Mangas-Origines.fr (FR)/Perfect Surgeon/Chapitre 67 - OpĂ©ration d'urgence_764b98_tmp/070.tmp: java.nio.file.NoSuchFileException: /storage/emulated/0/Documents/Scans/downloads/Mangas-Origines.fr (FR)/Perfect Surgeon/Chapitre 67 - OpĂ©ration d'urgence_764b98_tmp/070.tmp
04-14 18:18:48.579   674 11196 I audio_hw_primary: app type:0x   0, is_voip:0, device:2, pcm:-352510464, usecase:0x   8
04-14 18:18:48.588  2973  3813 I MediaProvider: Scanned external_primary due to REASON_DEMAND, found 0 items in 55ms, 0 inserts 0 updates 0 deletes
04-14 18:18:48.589  2973  3039 I MediaProvider: Scanned external_primary due to REASON_DEMAND, found 0 items in 42ms, 0 inserts 0 updates 0 deletes
04-14 18:18:48.589  2973  3813 I MediaProvider: End Intent { act=android.intent.action.MEDIA_SCANNER_SCAN_FILE dat=file:///... flg=0x1000010 cmp=com.google.android.providers.media.module/com.android.providers.media.MediaService }
04-14 18:18:48.594  2973  3039 I MediaProvider: Observed non-standard /storage/emulated/0/Documents/Scans/downloads/.nomedia
04-14 18:18:48.595  6883  6892 W ExternalStorage: Error in checking file equality check.
04-14 18:18:48.595  6883  6892 W ExternalStorage: java.nio.file.NoSuchFileException: /storage/emulated/0/Documents/Scans/downloads/Mangas-Origines.fr (FR)/Perfect Surgeon/Chapitre 67 - OpĂ©ration d'urgence_764b98_tmp/071.tmp
04-14 18:18:48.595  6883  6892 W ExternalStorage: 	at sun.nio.fs.UnixFileSystemProvider.isSameFile(UnixFileSystemProvider.java:344)
04-14 18:18:48.595  6883  6892 W ExternalStorage: 	at java.nio.file.Files.isSameFile(Files.java:1531)
04-14 18:18:48.595  6883  6892 W ExternalStorage: 	at com.android.externalstorage.ExternalStorageProvider.isRestrictedPath(ExternalStorageProvider.java:352)
04-14 18:18:48.595  6883  6892 W ExternalStorage: 	at com.android.externalstorage.ExternalStorageProvider.shouldHideDocument(ExternalStorageProvider.java:313)
04-14 18:18:48.595  6883  6892 W ExternalStorage: 	at com.android.internal.content.FileSystemProvider.shouldHideDocument(FileSystemProvider.java:680)
04-14 18:18:48.595  6883  6892 W ExternalStorage: 	at com.android.internal.content.FileSystemProvider.queryChildDocuments(FileSystemProvider.java:420)
04-14 18:18:48.595  6883  6892 W ExternalStorage: 	at com.android.internal.content.FileSystemProvider.queryChildDocuments(FileSystemProvider.java:385)
04-14 18:18:48.595  6883  6892 W ExternalStorage: 	at android.provider.DocumentsProvider.queryChildDocuments(DocumentsProvider.java:618)
04-14 18:18:48.595  6883  6892 W ExternalStorage: 	at android.provider.DocumentsProvider.query(DocumentsProvider.java:935)
04-14 18:18:48.595  6883  6892 W ExternalStorage: 	at android.content.ContentProvider$Transport.query(ContentProvider.java:293)
04-14 18:18:48.595  6883  6892 W ExternalStorage: 	at android.content.ContentProviderNative.onTransact(ContentProviderNative.java:107)
04-14 18:18:48.595  6883  6892 W ExternalStorage: 	at android.os.Binder.execTransactInternal(Binder.java:1281)
04-14 18:18:48.595  6883  6892 W ExternalStorage: 	at android.os.Binder.execTransact(Binder.java:1244)
04-14 18:18:48.604  6883  7250 W ExternalStorage: Error in checking file equality check.
04-14 18:18:48.604  6883  7250 W ExternalStorage: java.nio.file.NoSuchFileException: /storage/emulated/0/Documents/Scans/downloads/Mangas-Origines.fr (FR)/Perfect Surgeon/Chapitre 67 - OpĂ©ration d'urgence_764b98_tmp/071.tmp
04-14 18:18:48.604  6883  7250 W ExternalStorage: 	at sun.nio.fs.UnixFileSystemProvider.isSameFile(UnixFileSystemProvider.java:344)
04-14 18:18:48.604  6883  7250 W ExternalStorage: 	at java.nio.file.Files.isSameFile(Files.java:1531)
04-14 18:18:48.604  6883  7250 W ExternalStorage: 	at com.android.externalstorage.ExternalStorageProvider.isRestrictedPath(ExternalStorageProvider.java:352)
04-14 18:18:48.604  6883  7250 W ExternalStorage: 	at com.android.externalstorage.ExternalStorageProvider.shouldHideDocument(ExternalStorageProvider.java:313)
04-14 18:18:48.604  6883  7250 W ExternalStorage: 	at com.android.internal.content.FileSystemProvider.shouldHideDocument(FileSystemProvider.java:680)
04-14 18:18:48.604  6883  7250 W ExternalStorage: 	at com.android.internal.content.FileSystemProvider.queryChildDocuments(FileSystemProvider.java:420)
04-14 18:18:48.604  6883  7250 W ExternalStorage: 	at com.android.internal.content.FileSystemProvider.queryChildDocuments(FileSystemProvider.java:385)
04-14 18:18:48.604  6883  7250 W ExternalStorage: 	at android.provider.DocumentsProvider.queryChildDocuments(DocumentsProvider.java:618)
04-14 18:18:48.604  6883  7250 W ExternalStorage: 	at android.provider.DocumentsProvider.query(DocumentsProvider.java:935)
04-14 18:18:48.604  6883  7250 W ExternalStorage: 	at android.content.ContentProvider$Transport.query(ContentProvider.java:293)
04-14 18:18:48.604  6883  7250 W ExternalStorage: 	at android.content.ContentProviderNative.onTransact(ContentProviderNative.java:107)
04-14 18:18:48.604  6883  7250 W ExternalStorage: 	at android.os.Binder.execTransactInternal(Binder.java:1281)
04-14 18:18:48.604  6883  7250 W ExternalStorage: 	at android.os.Binder.execTransact(Binder.java:1244)
04-14 18:18:48.620   674 11196 I audio_hw_primary: app type:0x   0, is_voip:0, device:2, pcm:-352510464, usecase:0x   8
04-14 18:18:48.633  2973  3039 I MediaProvider: Observed non-standard /storage/emulated/0/Documents/Scans/downloads/.nomedia
04-14 18:18:48.639  2973  3011 I MediaProvider: Observed non-standard /storage/emulated/0/Documents/Scans/downloads/.nomedia
04-14 18:18:48.642  2973  3039 D MediaProvider: Open with FUSE. FilePath: /storage/emulated/0/Documents/Scans/downloads/Mangas-Origines.fr (FR)/Perfect Surgeon/Chapitre 67 - OpĂ©ration d'urgence_764b98_tmp/064.jpg. Uid: 10053. Media Capabilities Uid: 0. ShouldRedact: false. ShouldTranscode: false
04-14 18:18:48.645  2973  3011 D MediaProvider: Open with FUSE. FilePath: /storage/emulated/0/Documents/Scans/downloads/Mangas-Origines.fr (FR)/Perfect Surgeon/Chapitre 67 - OpĂ©ration d'urgence_764b98_tmp/069.jpg. Uid: 10053. Media Capabilities Uid: 0. ShouldRedact: false. ShouldTranscode: false
04-14 18:18:48.650  1092  1547 V os.NotificationManagerServiceLice: onFixNotification notification= Notification(channel=downloader_progress_channel shortcut=null contentView=null vibrate=null sound=null defaults=0x0 flags=0xa color=0xff54759e actions=2 vis=PRIVATE)
04-14 18:18:48.653  6883  7161 W ExternalStorage: Error in checking file equality check.
04-14 18:18:48.653  6883  7161 W ExternalStorage: java.nio.file.NoSuchFileException: /storage/emulated/0/Documents/Scans/downloads/Mangas-Origines.fr (FR)/Perfect Surgeon/Chapitre 67 - OpĂ©ration d'urgence_764b98_tmp/071.tmp
04-14 18:18:48.653  6883  7161 W ExternalStorage: 	at sun.nio.fs.UnixFileSystemProvider.isSameFile(UnixFileSystemProvider.java:344)
04-14 18:18:48.653  6883  7161 W ExternalStorage: 	at java.nio.file.Files.isSameFile(Files.java:1531)
04-14 18:18:48.653  6883  7161 W ExternalStorage: 	at com.android.externalstorage.ExternalStorageProvider.isRestrictedPath(ExternalStorageProvider.java:352)
04-14 18:18:48.653  6883  7161 W ExternalStorage: 	at com.android.externalstorage.ExternalStorageProvider.shouldHideDocument(ExternalStorageProvider.java:313)
04-14 18:18:48.653  6883  7161 W ExternalStorage: 	at com.android.internal.content.FileSystemProvider.shouldHideDocument(FileSystemProvider.java:680)
04-14 18:18:48.653  6883  7161 W ExternalStorage: 	at com.android.internal.content.FileSystemProvider.queryChildDocuments(FileSystemProvider.java:420)
04-14 18:18:48.653  6883  7161 W ExternalStorage: 	at com.android.internal.content.FileSystemProvider.queryChildDocuments(FileSystemProvider.java:385)
04-14 18:18:48.653  6883  7161 W ExternalStorage: 	at android.provider.DocumentsProvider.queryChildDocuments(DocumentsProvider.java:618)
04-14 18:18:48.653  6883  7161 W ExternalStorage: 	at android.provider.DocumentsProvider.query(DocumentsProvider.java:935)
04-14 18:18:48.653  6883  7161 W ExternalStorage: 	at android.content.ContentProvider$Transport.query(ContentProvider.java:293)
04-14 18:18:48.653  6883  7161 W ExternalStorage: 	at android.content.ContentProviderNative.onTransact(ContentProviderNative.java:107)
04-14 18:18:48.653  6883  7161 W ExternalStorage: 	at android.os.Binder.execTransactInternal(Binder.java:1281)
04-14 18:18:48.653  6883  7161 W ExternalStorage: 	at android.os.Binder.execTransact(Binder.java:1244)
04-14 18:18:48.653  6883  7167 W ExternalStorage: Error in checking file equality check.
04-14 18:18:48.653  6883  7167 W ExternalStorage: java.nio.file.NoSuchFileException: /storage/emulated/0/Documents/Scans/downloads/Mangas-Origines.fr (FR)/Perfect Surgeon/Chapitre 67 - OpĂ©ration d'urgence_764b98_tmp/071.tmp
04-14 18:18:48.653  6883  7167 W ExternalStorage: 	at sun.nio.fs.UnixFileSystemProvider.isSameFile(UnixFileSystemProvider.java:344)
04-14 18:18:48.653  6883  7167 W ExternalStorage: 	at java.nio.file.Files.isSameFile(Files.java:1531)
04-14 18:18:48.653  6883  7167 W ExternalStorage: 	at com.android.externalstorage.ExternalStorageProvider.isRestrictedPath(ExternalStorageProvider.java:352)
04-14 18:18:48.653  6883  7167 W ExternalStorage: 	at com.android.externalstorage.ExternalStorageProvider.shouldHideDocument(ExternalStorageProvider.java:313)
04-14 18:18:48.653  6883  7167 W ExternalStorage: 	at com.android.internal.content.FileSystemProvider.shouldHideDocument(FileSystemProvider.java:680)
04-14 18:18:48.653  6883  7167 W ExternalStorage: 	at com.android.internal.content.FileSystemProvider.queryChildDocuments(FileSystemProvider.java:420)
04-14 18:18:48.653  6883  7167 W ExternalStorage: 	at com.android.internal.content.FileSystemProvider.queryChildDocuments(FileSystemProvider.java:385)
04-14 18:18:48.653  6883  7167 W ExternalStorage: 	at android.provider.DocumentsProvider.queryChildDocuments(DocumentsProvider.java:618)
04-14 18:18:48.653  6883  7167 W ExternalStorage: 	at android.provider.DocumentsProvider.query(DocumentsProvider.java:935)
04-14 18:18:48.653  6883  7167 W ExternalStorage: 	at android.content.ContentProvider$Transport.query(ContentProvider.java:293)
04-14 18:18:48.653  6883  7167 W ExternalStorage: 	at android.content.ContentProviderNative.onTransact(ContentProviderNative.java:107)
04-14 18:18:48.653  6883  7167 W ExternalStorage: 	at android.os.Binder.execTransactInternal(Binder.java:1281)
04-14 18:18:48.653  6883  7167 W ExternalStorage: 	at android.os.Binder.execTransact(Binder.java:1244)
04-14 18:18:48.655  1092  9594 V os.NotificationManagerServiceLice: onFixNotification notification= Notification(channel=downloader_progress_channel shortcut=null contentView=null vibrate=null sound=null defaults=0x0 flags=0xa color=0xff54759e actions=2 vis=PRIVATE)
04-14 18:18:48.662   674 11196 I audio_hw_primary: app type:0x   0, is_voip:0, device:2, pcm:-352510464, usecase:0x   8
04-14 18:18:48.673  6883  7166 W ExternalStorage: Error in checking file equality check.
04-14 18:18:48.673  6883  7166 W ExternalStorage: java.nio.file.NoSuchFileException: /storage/emulated/0/Documents/Scans/downloads/Mangas-Origines.fr (FR)/Perfect Surgeon/Chapitre 67 - OpĂ©ration d'urgence_764b98_tmp/071.tmp
04-14 18:18:48.673  6883  7166 W ExternalStorage: 	at sun.nio.fs.UnixFileSystemProvider.isSameFile(UnixFileSystemProvider.java:344)
04-14 18:18:48.673  6883  7166 W ExternalStorage: 	at java.nio.file.Files.isSameFile(Files.java:1531)
04-14 18:18:48.673  6883  7166 W ExternalStorage: 	at com.android.externalstorage.ExternalStorageProvider.isRestrictedPath(ExternalStorageProvider.java:352)
04-14 18:18:48.673  6883  7166 W ExternalStorage: 	at com.android.externalstorage.ExternalStorageProvider.shouldHideDocument(ExternalStorageProvider.java:313)
04-14 18:18:48.673  6883  7166 W ExternalStorage: 	at com.android.internal.content.FileSystemProvider.shouldHideDocument(FileSystemProvider.java:680)
04-14 18:18:48.673  6883  7166 W ExternalStorage: 	at com.android.internal.content.FileSystemProvider.queryChildDocuments(FileSystemProvider.java:420)
04-14 18:18:48.673  6883  7166 W ExternalStorage: 	at com.android.internal.content.FileSystemProvider.queryChildDocuments(FileSystemProvider.java:385)
04-14 18:18:48.673  6883  7166 W ExternalStorage: 	at android.provider.DocumentsProvider.queryChildDocuments(DocumentsProvider.java:618)
04-14 18:18:48.673  6883  7166 W ExternalStorage: 	at android.provider.DocumentsProvider.query(DocumentsProvider.java:935)
04-14 18:18:48.673  6883  7166 W ExternalStorage: 	at android.content.ContentProvider$Transport.query(ContentProvider.java:293)
04-14 18:18:48.673  6883  7166 W ExternalStorage: 	at android.content.ContentProviderNative.onTransact(ContentProviderNative.java:107)
04-14 18:18:48.673  6883  7166 W ExternalStorage: 	at android.os.Binder.execTransactInternal(Binder.java:1281)
04-14 18:18:48.673  6883  7166 W ExternalStorage: 	at android.os.Binder.execTransact(Binder.java:1244)
04-14 18:18:48.679  2973  3011 I MediaProvider: Observed non-standard /storage/emulated/0/Documents/Scans/downloads/.nomedia
04-14 18:18:48.680  2973  3039 I MediaProvider: Observed non-standard /storage/emulated/0/Documents/Scans/downloads/.nomedia
04-14 18:18:48.687  2973  3039 D MediaProvider: Open with FUSE. FilePath: /storage/emulated/0/Documents/Scans/downloads/Mangas-Origines.fr (FR)/Perfect Surgeon/Chapitre 67 - OpĂ©ration d'urgence_764b98_tmp/065.jpg. Uid: 10053. Media Capabilities Uid: 0. ShouldRedact: false. ShouldTranscode: false
04-14 18:18:48.687  2973  3011 D MediaProvider: Open with FUSE. FilePath: /storage/emulated/0/Documents/Scans/downloads/Mangas-Origines.fr (FR)/Perfect Surgeon/Chapitre 67 - OpĂ©ration d'urgence_764b98_tmp/067.jpg. Uid: 10053. Media Capabilities Uid: 0. ShouldRedact: false. ShouldTranscode: false
04-14 18:18:48.699   674 11196 I audio_hw_primary: app type:0x   0, is_voip:0, device:2, pcm:-352510464, usecase:0x   8
04-14 18:18:48.702  1092  1547 V os.NotificationManagerServiceLice: onFixNotification notification= Notification(channel=downloader_progress_channel shortcut=null contentView=null vibrate=null sound=null defaults=0x0 flags=0xa color=0xff54759e actions=2 vis=PRIVATE)
04-14 18:18:48.707  1092  1547 V os.NotificationManagerServiceLice: onFixNotification notification= Notification(channel=downloader_progress_channel shortcut=null contentView=null vibrate=null sound=null defaults=0x0 flags=0xa color=0xff54759e actions=2 vis=PRIVATE)
04-14 18:18:48.710  2973  3011 I MediaProvider: Observed non-standard /storage/emulated/0/Documents/Scans/downloads/.nomedia
04-14 18:18:48.715  2973  3011 D MediaProvider: Open with FUSE. FilePath: /storage/emulated/0/Documents/Scans/downloads/Mangas-Origines.fr (FR)/Perfect Surgeon/Chapitre 67 - OpĂ©ration d'urgence_764b98_tmp/068.jpg. Uid: 10053. Media Capabilities Uid: 0. ShouldRedact: false. ShouldTranscode: false
04-14 18:18:48.726  1092  1547 V os.NotificationManagerServiceLice: onFixNotification notification= Notification(channel=downloader_progress_channel shortcut=null contentView=null vibrate=null sound=null defaults=0x0 flags=0xa color=0xff54759e actions=2 vis=PRIVATE)
04-14 18:18:48.740   674 11196 I audio_hw_primary: app type:0x   0, is_voip:0, device:2, pcm:-352510464, usecase:0x   8
04-14 18:18:48.763  2973  3011 I MediaProvider: Observed non-standard /storage/emulated/0/Documents/Scans/downloads/.nomedia
04-14 18:18:48.770  2973  3011 D MediaProvider: Open with FUSE. FilePath: /storage/emulated/0/Documents/Scans/downloads/Mangas-Origines.fr (FR)/Perfect Surgeon/Chapitre 67 - OpĂ©ration d'urgence_764b98_tmp/071.jpg. Uid: 10053. Media Capabilities Uid: 0. ShouldRedact: false. ShouldTranscode: false
04-14 18:18:48.772   679   776 I DPUModule: DpuR5P0::checkLayerFormat <142>: checkLayerFormat: Format(1)
04-14 18:18:48.772   679   776 I DPUModule: DpuR5P0::checkTransform <35>: checkTransform: Transform(0), SRCRect(0,0)
04-14 18:18:48.772   679   776 I DPUModule: DpuR5P0::checkAFBCBlockSize <97>: checkAFBCBlockSize: compressed(1),format(1), pitch(720), vstride(1616)
04-14 18:18:48.772   679   776 I DPUModule: DpuR5P0::checkLayerFormat <142>: checkLayerFormat: Format(1)
04-14 18:18:48.772   679   776 I DPUModule: DpuR5P0::checkTransform <35>: checkTransform: Transform(0), SRCRect(0,0)
04-14 18:18:48.772   679   776 I DPUModule: DpuR5P0::checkAFBCBlockSize <97>: checkAFBCBlockSize: compressed(1),format(1), pitch(720), vstride(80)
04-14 18:18:48.772   679   776 I DPUModule: DpuR5P0::checkLayerFormat <142>: checkLayerFormat: Format(1)
04-14 18:18:48.772   679   776 I DPUModule: DpuR5P0::checkTransform <35>: checkTransform: Transform(0), SRCRect(0,0)
04-14 18:18:48.772   679   776 I DPUModule: DpuR5P0::checkAFBCBlockSize <97>: checkAFBCBlockSize: compressed(1),format(1), pitch(720), vstride(96)
04-14 18:18:48.772   679   776 D DPUModule: [ …śhu] support: 0
04-14 18:18:48.785  1092  1332 V os.NotificationManagerServiceLice: onFixNotification notification= Notification(channel=downloader_progress_channel shortcut=null contentView=null vibrate=null sound=null defaults=0x0 flags=0xa color=0xff54759e actions=2 vis=PRIVATE)
04-14 18:18:48.785   674 11196 I audio_hw_primary: app type:0x   0, is_voip:0, device:2, pcm:-352510464, usecase:0x   8
04-14 18:18:48.789   679   776 I DPUModule: DpuR5P0::checkLayerFormat <142>: checkLayerFormat: Format(1)
04-14 18:18:48.789   679   776 I DPUModule: DpuR5P0::checkTransform <35>: checkTransform: Transform(0), SRCRect(0,0)
04-14 18:18:48.789   679   776 I DPUModule: DpuR5P0::checkAFBCBlockSize <97>: checkAFBCBlockSize: compressed(1),format(1), pitch(720), vstride(1616)
04-14 18:18:48.789   679   776 I DPUModule: DpuR5P0::checkLayerFormat <142>: checkLayerFormat: Format(1)
04-14 18:18:48.789   679   776 I DPUModule: DpuR5P0::checkTransform <35>: checkTransform: Transform(0), SRCRect(0,0)
04-14 18:18:48.789   679   776 I DPUModule: DpuR5P0::checkAFBCBlockSize <97>: checkAFBCBlockSize: compressed(1),format(1), pitch(720), vstride(80)
04-14 18:18:48.789   679   776 I DPUModule: DpuR5P0::checkLayerFormat <142>: checkLayerFormat: Format(1)
04-14 18:18:48.789   679   776 I DPUModule: DpuR5P0::checkTransform <35>: checkTransform: Transform(0), SRCRect(0,0)
04-14 18:18:48.789   679   776 I DPUModule: DpuR5P0::checkAFBCBlockSize <97>: checkAFBCBlockSize: compressed(1),format(1), pitch(720), vstride(96)
04-14 18:18:48.789   679   776 D DPUModule: [ …śhu] support: 0
04-14 18:18:48.820   674 11196 I audio_hw_primary: app type:0x   0, is_voip:0, device:2, pcm:-352510464, usecase:0x   8
04-14 18:18:48.853  1092  1092 I MultipleDialerDeviceUtil: isMultipleDialerDevice start 0
04-14 18:18:48.854  1092  1092 I Telecom : DefaultDialerCache: Package Manager could not find ComponentName:com.android.incallui: TSI.iIMC@aXY
04-14 18:18:48.861  1514  1514 D SmsFilterController: isAutoVerificationEnable: true
04-14 18:18:48.861  1092  1092 I MultipleDialerDeviceUtil: isMultipleDialerDevice start 0
04-14 18:18:48.861  1514  1514 D SmsFilterController: isLongBatterySuperPs: false
04-14 18:18:48.861  1514  1514 D SmsFilterController: isBikeModeEnable: false
04-14 18:18:48.861  1514  1514 D SmsFilterController: isGameNotInterrupt: false
04-14 18:18:48.861  1514  1514 D SmsFilterController: isZenModeOff: true
04-14 18:18:48.861  1514  1514 D SmsFilterController: isVideoAssistantMode: false
04-14 18:18:48.862  1092  1092 I Telecom : DefaultDialerCache: Package Manager could not find ComponentName:com.android.incallui: TSI.iIMC@aXg
04-14 18:18:48.867   674 11196 I audio_hw_primary: app type:0x   0, is_voip:0, device:2, pcm:-352510464, usecase:0x   8
04-14 18:18:48.867  1514  1514 D SmsFilterController: appItem : com.ubercab
04-14 18:18:48.872  1514  1514 D SmsFilterController: isAutoVerificationEnable: true
04-14 18:18:48.872  1514  1514 D SmsFilterController: isLongBatterySuperPs: false
04-14 18:18:48.872  1514  1514 D SmsFilterController: isBikeModeEnable: false
04-14 18:18:48.872  1514  1514 D SmsFilterController: isGameNotInterrupt: false
04-14 18:18:48.872  1514  1514 D SmsFilterController: isZenModeOff: true
04-14 18:18:48.872  1514  1514 D SmsFilterController: isVideoAssistantMode: false
04-14 18:18:48.874  1604  1604 I SysUI_OverviewSysUiProxyService:  isEnabled mIsEnabled false mIsFoldExpanded true
04-14 18:18:48.874  2973  3011 I MediaProvider: Observed non-standard /storage/emulated/0/Documents/Scans/downloads/.nomedia
04-14 18:18:48.877  1514  1514 D SmsFilterController: appItem : com.ubercab
04-14 18:18:48.882  2973  3011 D MediaProvider: Open with FUSE. FilePath: /storage/emulated/0/Documents/Scans/downloads/Mangas-Origines.fr (FR)/Perfect Surgeon/Chapitre 67 - OpĂ©ration d'urgence_764b98_tmp/070.jpg. Uid: 10053. Media Capabilities Uid: 0. ShouldRedact: false. ShouldTranscode: false
04-14 18:18:48.894  1604  1604 I SysUI_OverviewSysUiProxyService:  isEnabled mIsEnabled false mIsFoldExpanded true
04-14 18:18:48.898  1092  1332 V os.NotificationManagerServiceLice: onFixNotification notification= Notification(channel=downloader_progress_channel shortcut=null contentView=null vibrate=null sound=null defaults=0x0 flags=0xa color=0xff54759e actions=2 vis=PRIVATE)
04-14 18:18:48.904   674 11196 I audio_hw_primary: app type:0x   0, is_voip:0, device:2, pcm:-352510464, usecase:0x   8
04-14 18:18:48.906  1092  1092 I MultipleDialerDeviceUtil: isMultipleDialerDevice start 0
04-14 18:18:48.907  1092  1092 I Telecom : DefaultDialerCache: Package Manager could not find ComponentName:com.android.incallui: TSI.iIMC@aXo
04-14 18:18:48.909  1604  1762 D NotificationLice: setThunderbackButtonVisiable
04-14 18:18:48.909  1604  1762 D NotificationLice: setThunderbackButtonVisiable
04-14 18:18:48.910  1604  1762 D NotificationLice: updateThunderbackButtonVisiable
04-14 18:18:48.911  1604  1762 D LocalImageResolver: Couldn't use ImageDecoder for drawable, falling back to non-resized load.
04-14 18:18:48.911  1514  1514 D SmsFilterController: isAutoVerificationEnable: true
04-14 18:18:48.911  1514  1514 D SmsFilterController: isLongBatterySuperPs: false
04-14 18:18:48.911  1514  1514 D SmsFilterController: isBikeModeEnable: false
04-14 18:18:48.911  1514  1514 D SmsFilterController: isGameNotInterrupt: false
04-14 18:18:48.911  1514  1514 D SmsFilterController: isZenModeOff: true
04-14 18:18:48.911  1514  1514 D SmsFilterController: isVideoAssistantMode: false
04-14 18:18:48.912  1092  1092 I MultipleDialerDeviceUtil: isMultipleDialerDevice start 0
04-14 18:18:48.913  1604  1762 D LocalImageResolver: Couldn't use ImageDecoder for drawable, falling back to non-resized load.
04-14 18:18:48.914  1092  1092 I Telecom : DefaultDialerCache: Package Manager could not find ComponentName:com.android.incallui: TSI.iIMC@aXw
04-14 18:18:48.915  1514  1514 D SmsFilterController: appItem : com.ubercab
04-14 18:18:48.918  1514  1514 D SmsFilterController: isAutoVerificationEnable: true
04-14 18:18:48.918  1514  1514 D SmsFilterController: isLongBatterySuperPs: false
04-14 18:18:48.918  1514  1514 D SmsFilterController: isBikeModeEnable: false
04-14 18:18:48.918  1514  1514 D SmsFilterController: isGameNotInterrupt: false
04-14 18:18:48.918  1514  1514 D SmsFilterController: isZenModeOff: true
04-14 18:18:48.918  1514  1514 D SmsFilterController: isVideoAssistantMode: false
04-14 18:18:48.922  1514  1514 D SmsFilterController: appItem : com.ubercab
04-14 18:18:48.930  1092  1092 I MultipleDialerDeviceUtil: isMultipleDialerDevice start 0
04-14 18:18:48.930  1092  1092 I Telecom : DefaultDialerCache: Package Manager could not find ComponentName:com.android.incallui: TSI.iIMC@aX4
04-14 18:18:48.932  1604  1604 I SysUI_OverviewSysUiProxyService:  isEnabled mIsEnabled false mIsFoldExpanded true
04-14 18:18:48.935  1514  1514 D SmsFilterController: isAutoVerificationEnable: true
04-14 18:18:48.935  1514  1514 D SmsFilterController: isLongBatterySuperPs: false
04-14 18:18:48.935  1514  1514 D SmsFilterController: isBikeModeEnable: false
04-14 18:18:48.935  1514  1514 D SmsFilterController: isGameNotInterrupt: false
04-14 18:18:48.935  1514  1514 D SmsFilterController: isZenModeOff: true
04-14 18:18:48.935  1514  1514 D SmsFilterController: isVideoAssistantMode: false
04-14 18:18:48.938  1514  1514 D SmsFilterController: appItem : com.ubercab
04-14 18:18:48.941   674 11196 I audio_hw_primary: app type:0x   0, is_voip:0, device:2, pcm:-352510464, usecase:0x   8
04-14 18:18:48.946  1604  1604 I SysUI_OverviewSysUiProxyService:  isEnabled mIsEnabled false mIsFoldExpanded true
04-14 18:18:48.950  1604  1762 D NotificationLice: setThunderbackButtonVisiable
04-14 18:18:48.951  1604  1762 D NotificationLice: setThunderbackButtonVisiable
04-14 18:18:48.951  1604  1762 D NotificationLice: updateThunderbackButtonVisiable
04-14 18:18:48.959  1604  1604 I SysUI_OverviewSysUiProxyService:  isEnabled mIsEnabled false mIsFoldExpanded true
04-14 18:18:48.976  1604  1762 D NotificationLice: setThunderbackButtonVisiable
04-14 18:18:48.977  1604  1762 D NotificationLice: setThunderbackButtonVisiable
04-14 18:18:48.977  1604  1762 D NotificationLice: updateThunderbackButtonVisiable
04-14 18:18:48.980  1604  1762 D LocalImageResolver: Couldn't use ImageDecoder for drawable, falling back to non-resized load.
04-14 18:18:48.982  1604  1762 D LocalImageResolver: Couldn't use ImageDecoder for drawable, falling back to non-resized load.
04-14 18:18:48.985   674 11196 I audio_hw_primary: app type:0x   0, is_voip:0, device:2, pcm:-352510464, usecase:0x   8
04-14 18:18:48.989  1092  1092 I MultipleDialerDeviceUtil: isMultipleDialerDevice start 0
04-14 18:18:48.989  1092  1092 I Telecom : DefaultDialerCache: Package Manager could not find ComponentName:com.android.incallui: TSI.iIMC@aYA
04-14 18:18:48.994  1514  1514 D SmsFilterController: isAutoVerificationEnable: true
04-14 18:18:48.994  1514  1514 D SmsFilterController: isLongBatterySuperPs: false
04-14 18:18:48.994  1514  1514 D SmsFilterController: isBikeModeEnable: false
04-14 18:18:48.994  1514  1514 D SmsFilterController: isGameNotInterrupt: false
04-14 18:18:48.994  1514  1514 D SmsFilterController: isZenModeOff: true
04-14 18:18:48.994  1514  1514 D SmsFilterController: isVideoAssistantMode: false
04-14 18:18:49.000  1514  1514 D SmsFilterController: appItem : com.ubercab
04-14 18:18:49.012  1604  1604 I SysUI_OverviewSysUiProxyService:  isEnabled mIsEnabled false mIsFoldExpanded true
04-14 18:18:49.023   674 11196 I audio_hw_primary: app type:0x   0, is_voip:0, device:2, pcm:-352510464, usecase:0x   8
04-14 18:18:49.027  1604  1762 D NotificationLice: setThunderbackButtonVisiable
04-14 18:18:49.028  1604  1762 D NotificationLice: setThunderbackButtonVisiable
04-14 18:18:49.029  1604  1762 D NotificationLice: updateThunderbackButtonVisiable
04-14 18:18:49.031  1604  1762 D LocalImageResolver: Couldn't use ImageDecoder for drawable, falling back to non-resized load.
04-14 18:18:49.034  1604  1762 D LocalImageResolver: Couldn't use ImageDecoder for drawable, falling back to non-resized load.
04-14 18:18:49.050  1092  1381 D InputReader: syncTouch: pointerCount 0 -> 1, touching ids 0x00000000 -> 0x80000000, hovering ids 0x00000000 -> 0x00000000, canceled ids 0x00000000
04-14 18:18:49.050  1092  1381 D InputReader: dispatchTouches action DOWN now(ns): 449221866542419
04-14 18:18:49.050  1092  1381 D InputReader: notifyMotion call dispatcher
04-14 18:18:49.061   674 11196 I audio_hw_primary: app type:0x   0, is_voip:0, device:2, pcm:-352510464, usecase:0x   8
04-14 18:18:49.072   679   776 I DPUModule: DpuR5P0::checkLayerFormat <142>: checkLayerFormat: Format(1)
04-14 18:18:49.072   679   776 I DPUModule: DpuR5P0::checkTransform <35>: checkTransform: Transform(0), SRCRect(0,0)
04-14 18:18:49.072   679   776 I DPUModule: DpuR5P0::checkAFBCBlockSize <97>: checkAFBCBlockSize: compressed(1),format(1), pitch(720), vstride(1616)
04-14 18:18:49.072   679   776 I DPUModule: DpuR5P0::checkLayerFormat <142>: checkLayerFormat: Format(1)
04-14 18:18:49.072   679   776 I DPUModule: DpuR5P0::checkTransform <35>: checkTransform: Transform(0), SRCRect(0,0)
04-14 18:18:49.072   679   776 I DPUModule: DpuR5P0::checkAFBCBlockSize <97>: checkAFBCBlockSize: compressed(1),format(1), pitch(720), vstride(80)
04-14 18:18:49.072   679   776 I DPUModule: DpuR5P0::checkLayerFormat <142>: checkLayerFormat: Format(1)
04-14 18:18:49.072   679   776 I DPUModule: DpuR5P0::checkTransform <35>: checkTransform: Transform(0), SRCRect(0,0)
04-14 18:18:49.072   679   776 I DPUModule: DpuR5P0::checkAFBCBlockSize <97>: checkAFBCBlockSize: compressed(1),format(1), pitch(720), vstride(96)
04-14 18:18:49.072   679   776 D DPUModule: [ …śhu] support: 0
04-14 18:18:49.103   674 11196 I audio_hw_primary: app type:0x   0, is_voip:0, device:2, pcm:-352510464, usecase:0x   8
04-14 18:18:49.105  1092  1092 I MultipleDialerDeviceUtil: isMultipleDialerDevice start 0
04-14 18:18:49.105  1092  1092 I Telecom : DefaultDialerCache: Package Manager could not find ComponentName:com.android.incallui: TSI.iIMC@aYI
04-14 18:18:49.110  1514  1514 D SmsFilterController: isAutoVerificationEnable: true
04-14 18:18:49.111  1514  1514 D SmsFilterController: isLongBatterySuperPs: false
04-14 18:18:49.111  1514  1514 D SmsFilterController: isBikeModeEnable: false
04-14 18:18:49.111  1514  1514 D SmsFilterController: isGameNotInterrupt: false
04-14 18:18:49.111  1514  1514 D SmsFilterController: isZenModeOff: true
04-14 18:18:49.111  1514  1514 D SmsFilterController: isVideoAssistantMode: false
04-14 18:18:49.115  1514  1514 D SmsFilterController: appItem : com.ubercab
04-14 18:18:49.115  1604  1604 I SysUI_OverviewSysUiProxyService:  isEnabled mIsEnabled false mIsFoldExpanded true
04-14 18:18:49.122   679   776 I DPUModule: DpuR5P0::checkLayerFormat <142>: checkLayerFormat: Format(1)
04-14 18:18:49.122   679   776 I DPUModule: DpuR5P0::checkTransform <35>: checkTransform: Transform(0), SRCRect(0,0)
04-14 18:18:49.122   679   776 I DPUModule: DpuR5P0::checkAFBCBlockSize <97>: checkAFBCBlockSize: compressed(1),format(1), pitch(720), vstride(1616)
04-14 18:18:49.122   679   776 I DPUModule: DpuR5P0::checkLayerFormat <142>: checkLayerFormat: Format(1)
04-14 18:18:49.122   679   776 I DPUModule: DpuR5P0::checkTransform <35>: checkTransform: Transform(0), SRCRect(0,0)
04-14 18:18:49.122   679   776 I DPUModule: DpuR5P0::checkAFBCBlockSize <97>: checkAFBCBlockSize: compressed(1),format(1), pitch(720), vstride(80)
04-14 18:18:49.122   679   776 I DPUModule: DpuR5P0::checkLayerFormat <142>: checkLayerFormat: Format(1)
04-14 18:18:49.122   679   776 I DPUModule: DpuR5P0::checkTransform <35>: checkTransform: Transform(0), SRCRect(0,0)
04-14 18:18:49.122   679   776 I DPUModule: DpuR5P0::checkAFBCBlockSize <97>: checkAFBCBlockSize: compressed(1),format(1), pitch(720), vstride(96)
04-14 18:18:49.122   679   776 D DPUModule: [ …śhu] support: 0
04-14 18:18:49.126  1604  1762 D NotificationLice: setThunderbackButtonVisiable
04-14 18:18:49.127  1604  1762 D NotificationLice: setThunderbackButtonVisiable
04-14 18:18:49.128  1604  1762 D NotificationLice: updateThunderbackButtonVisiable
04-14 18:18:49.130  1604  1762 D LocalImageResolver: Couldn't use ImageDecoder for drawable, falling back to non-resized load.
04-14 18:18:49.131  1604  1762 D LocalImageResolver: Couldn't use ImageDecoder for drawable, falling back to non-resized load.
04-14 18:18:49.133  1092  1381 D InputReader: syncTouch: pointerCount 1 -> 1, touching ids 0x80000000 -> 0x80000000, hovering ids 0x00000000 -> 0x00000000, canceled ids 0x00000000
04-14 18:18:49.133  1092  1381 D InputReader: dispatchTouches action MOVE now(ns): 449221949025573
04-14 18:18:49.133  1092  1381 D InputReader: notifyMotion call dispatcher
04-14 18:18:49.140   674 11196 I audio_hw_primary: app type:0x   0, is_voip:0, device:2, pcm:-352510464, usecase:0x   8
04-14 18:18:49.141  1092  1381 D InputReader: syncTouch: pointerCount 1 -> 1, touching ids 0x80000000 -> 0x80000000, hovering ids 0x00000000 -> 0x00000000, canceled ids 0x00000000
04-14 18:18:49.141  1092  1381 D InputReader: dispatchTouches action MOVE now(ns): 449221957486266
04-14 18:18:49.141  1092  1381 D InputReader: notifyMotion call dispatcher
04-14 18:18:49.149  1092  1381 D InputReader: syncTouch: pointerCount 1 -> 1, touching ids 0x80000000 -> 0x80000000, hovering ids 0x00000000 -> 0x00000000, canceled ids 0x00000000
04-14 18:18:49.149  1092  1381 D InputReader: dispatchTouches action MOVE now(ns): 449221965677189
04-14 18:18:49.149  1092  1381 D InputReader: notifyMotion call dispatcher
04-14 18:18:49.158  1092  1381 D InputReader: syncTouch: pointerCount 1 -> 1, touching ids 0x80000000 -> 0x80000000, hovering ids 0x00000000 -> 0x00000000, canceled ids 0x00000000
04-14 18:18:49.158  1092  1381 D InputReader: dispatchTouches action MOVE now(ns): 449221974355881
04-14 18:18:49.158  1092  1381 D InputReader: notifyMotion call dispatcher
04-14 18:18:49.166  1092  1381 D InputReader: syncTouch: pointerCount 1 -> 1, touching ids 0x80000000 -> 0x80000000, hovering ids 0x00000000 -> 0x00000000, canceled ids 0x00000000
04-14 18:18:49.167  1092  1381 D InputReader: dispatchTouches action MOVE now(ns): 449221982911227
04-14 18:18:49.167  1092  1381 D InputReader: notifyMotion call dispatcher
04-14 18:18:49.175  1092  1381 D InputReader: syncTouch: pointerCount 1 -> 1, touching ids 0x80000000 -> 0x80000000, hovering ids 0x00000000 -> 0x00000000, canceled ids 0x00000000
04-14 18:18:49.175  1092  1381 D InputReader: dispatchTouches action MOVE now(ns): 449221990865304
04-14 18:18:49.175  1092  1381 D InputReader: notifyMotion call dispatcher
04-14 18:18:49.181   674 11196 I audio_hw_primary: app type:0x   0, is_voip:0, device:2, pcm:-352510464, usecase:0x   8
04-14 18:18:49.183  1092  1381 D InputReader: syncTouch: pointerCount 1 -> 1, touching ids 0x80000000 -> 0x80000000, hovering ids 0x00000000 -> 0x00000000, canceled ids 0x00000000
04-14 18:18:49.183  1092  1381 D InputReader: dispatchTouches action MOVE now(ns): 449221999028535
04-14 18:18:49.183  1092  1381 D InputReader: notifyMotion call dispatcher
04-14 18:18:49.191  1092  1381 D InputReader: syncTouch: pointerCount 1 -> 1, touching ids 0x80000000 -> 0x80000000, hovering ids 0x00000000 -> 0x00000000, canceled ids 0x00000000
04-14 18:18:49.192  1092  1381 D InputReader: dispatchTouches action MOVE now(ns): 449222007750804
04-14 18:18:49.192  1092  1381 D InputReader: notifyMotion call dispatcher
04-14 18:18:49.199  1092  1381 D InputReader: syncTouch: pointerCount 1 -> 1, touching ids 0x80000000 -> 0x80000000, hovering ids 0x00000000 -> 0x00000000, canceled ids 0x00000000
04-14 18:18:49.199  1092  1381 D InputReader: dispatchTouches action MOVE now(ns): 449222015695727
04-14 18:18:49.200  1092  1381 D InputReader: notifyMotion call dispatcher
04-14 18:18:49.205   679   776 I DPUModule: DpuR5P0::checkLayerFormat <142>: checkLayerFormat: Format(1)
04-14 18:18:49.205   679   776 I DPUModule: DpuR5P0::checkTransform <35>: checkTransform: Transform(0), SRCRect(0,0)
04-14 18:18:49.205   679   776 I DPUModule: DpuR5P0::checkAFBCBlockSize <97>: checkAFBCBlockSize: compressed(1),format(1), pitch(720), vstride(1616)
04-14 18:18:49.205   679   776 I DPUModule: DpuR5P0::checkLayerFormat <142>: checkLayerFormat: Format(1)
04-14 18:18:49.205   679   776 I DPUModule: DpuR5P0::checkTransform <35>: checkTransform: Transform(0), SRCRect(0,0)
04-14 18:18:49.205   679   776 I DPUModule: DpuR5P0::checkAFBCBlockSize <97>: checkAFBCBlockSize: compressed(1),format(1), pitch(720), vstride(80)
04-14 18:18:49.205   679   776 I DPUModule: DpuR5P0::checkLayerFormat <142>: checkLayerFormat: Format(1)
04-14 18:18:49.205   679   776 I DPUModule: DpuR5P0::checkTransform <35>: checkTransform: Transform(0), SRCRect(0,0)
04-14 18:18:49.205   679   776 I DPUModule: DpuR5P0::checkAFBCBlockSize <97>: checkAFBCBlockSize: compressed(1),format(1), pitch(720), vstride(96)
04-14 18:18:49.205   679   776 D DPUModule: [ …śhu] support: 0
04-14 18:18:49.208  1092  1381 D InputReader: syncTouch: pointerCount 1 -> 1, touching ids 0x80000000 -> 0x80000000, hovering ids 0x00000000 -> 0x00000000, canceled ids 0x00000000
04-14 18:18:49.208  1092  1381 D InputReader: dispatchTouches action MOVE now(ns): 449222024248842
04-14 18:18:49.208  1092  1381 D InputReader: notifyMotion call dispatcher
04-14 18:18:49.218  1092  1381 D InputReader: syncTouch: pointerCount 1 -> 1, touching ids 0x80000000 -> 0x80000000, hovering ids 0x00000000 -> 0x00000000, canceled ids 0x00000000
04-14 18:18:49.219  1092  1381 D InputReader: dispatchTouches action MOVE now(ns): 449222034897150
04-14 18:18:49.219  1092  1381 D InputReader: notifyMotion call dispatcher
04-14 18:18:49.222   674 11196 I audio_hw_primary: app type:0x   0, is_voip:0, device:2, pcm:-352510464, usecase:0x   8
04-14 18:18:49.225  1092  1381 D InputReader: syncTouch: pointerCount 1 -> 1, touching ids 0x80000000 -> 0x80000000, hovering ids 0x00000000 -> 0x00000000, canceled ids 0x00000000
04-14 18:18:49.225  1092  1381 D InputReader: dispatchTouches action MOVE now(ns): 449222041343996
04-14 18:18:49.225  1092  1381 D InputReader: notifyMotion call dispatcher
04-14 18:18:49.229  6883  7050 E DatabaseUtils: Writing exception to parcel
04-14 18:18:49.229  6883  7050 E DatabaseUtils: java.lang.IllegalArgumentException: Failed to determine if primary:Documents/Scans/downloads/Mangas-Origines.fr (FR)/Perfect Surgeon/Chapitre 67 - OpĂ©ration d'urgence_764b98_tmp/ComicInfo.xml is child of primary:Documents/Scans: java.io.FileNotFoundException: Missing file for primary:Documents/Scans/downloads/Mangas-Origines.fr (FR)/Perfect Surgeon/Chapitre 67 - OpĂ©ration d'urgence_764b98_tmp/ComicInfo.xml at /storage/emulated/0/Documents/Scans/downloads/Mangas-Origines.fr (FR)/Perfect Surgeon/Chapitre 67 - OpĂ©ration d'urgence_764b98_tmp/ComicInfo.xml
04-14 18:18:49.229  6883  7050 E DatabaseUtils: 	at com.android.internal.content.FileSystemProvider.isChildDocument(FileSystemProvider.java:145)
04-14 18:18:49.229  6883  7050 E DatabaseUtils: 	at android.provider.DocumentsProvider.enforceTree(DocumentsProvider.java:235)
04-14 18:18:49.229  6883  7050 E DatabaseUtils: 	at android.provider.DocumentsProvider.query(DocumentsProvider.java:923)
04-14 18:18:49.229  6883  7050 E DatabaseUtils: 	at android.content.ContentProvider$Transport.query(ContentProvider.java:293)
04-14 18:18:49.229  6883  7050 E DatabaseUtils: 	at android.content.ContentProviderNative.onTransact(ContentProviderNative.java:107)
04-14 18:18:49.229  6883  7050 E DatabaseUtils: 	at android.os.Binder.execTransactInternal(Binder.java:1281)
04-14 18:18:49.229  6883  7050 E DatabaseUtils: 	at android.os.Binder.execTransact(Binder.java:1244)
04-14 18:18:49.233  1092  1381 D InputReader: syncTouch: pointerCount 1 -> 1, touching ids 0x80000000 -> 0x80000000, hovering ids 0x00000000 -> 0x00000000, canceled ids 0x00000000
04-14 18:18:49.233  1092  1381 D InputReader: dispatchTouches action MOVE now(ns): 449222049442804
04-14 18:18:49.234  1092  1381 D InputReader: notifyMotion call dispatcher
04-14 18:18:49.241  1092  1381 D InputReader: syncTouch: pointerCount 1 -> 1, touching ids 0x80000000 -> 0x80000000, hovering ids 0x00000000 -> 0x00000000, canceled ids 0x00000000
04-14 18:18:49.242  1092  1381 D InputReader: dispatchTouches action MOVE now(ns): 449222057927304
04-14 18:18:49.242  1092  1381 D InputReader: notifyMotion call dispatcher
04-14 18:18:49.250  1092  1381 D InputReader: syncTouch: pointerCount 1 -> 1, touching ids 0x80000000 -> 0x80000000, hovering ids 0x00000000 -> 0x00000000, canceled ids 0x00000000
04-14 18:18:49.250  1092  1381 D InputReader: dispatchTouches action MOVE now(ns): 449222066387535
04-14 18:18:49.250  1092  1381 D InputReader: notifyMotion call dispatcher
04-14 18:18:49.252  6883  7158 E DatabaseUtils: Writing exception to parcel
04-14 18:18:49.252  6883  7158 E DatabaseUtils: java.lang.IllegalArgumentException: Failed to determine if primary:Documents/Scans/downloads/Mangas-Origines.fr (FR)/Perfect Surgeon/Chapitre 67 - OpĂ©ration d'urgence_764b98_tmp/ComicInfo.xml is child of primary:Documents/Scans: java.io.FileNotFoundException: Missing file for primary:Documents/Scans/downloads/Mangas-Origines.fr (FR)/Perfect Surgeon/Chapitre 67 - OpĂ©ration d'urgence_764b98_tmp/ComicInfo.xml at /storage/emulated/0/Documents/Scans/downloads/Mangas-Origines.fr (FR)/Perfect Surgeon/Chapitre 67 - OpĂ©ration d'urgence_764b98_tmp/ComicInfo.xml
04-14 18:18:49.252  6883  7158 E DatabaseUtils: 	at com.android.internal.content.FileSystemProvider.isChildDocument(FileSystemProvider.java:145)
04-14 18:18:49.252  6883  7158 E DatabaseUtils: 	at android.provider.DocumentsProvider.enforceTree(DocumentsProvider.java:235)
04-14 18:18:49.252  6883  7158 E DatabaseUtils: 	at android.provider.DocumentsProvider.query(DocumentsProvider.java:923)
04-14 18:18:49.252  6883  7158 E DatabaseUtils: 	at android.content.ContentProvider$Transport.query(ContentProvider.java:293)
04-14 18:18:49.252  6883  7158 E DatabaseUtils: 	at android.content.ContentProviderNative.onTransact(ContentProviderNative.java:107)
04-14 18:18:49.252  6883  7158 E DatabaseUtils: 	at android.os.Binder.execTransactInternal(Binder.java:1281)
04-14 18:18:49.252  6883  7158 E DatabaseUtils: 	at android.os.Binder.execTransact(Binder.java:1244)
04-14 18:18:49.258  1092  1381 D InputReader: syncTouch: pointerCount 1 -> 1, touching ids 0x80000000 -> 0x80000000, hovering ids 0x00000000 -> 0x00000000, canceled ids 0x00000000
04-14 18:18:49.259  1092  1381 D InputReader: dispatchTouches action MOVE now(ns): 449222074796650
04-14 18:18:49.259  1092  1381 D InputReader: notifyMotion call dispatcher
04-14 18:18:49.265   674 11196 I audio_hw_primary: app type:0x   0, is_voip:0, device:2, pcm:-352510464, usecase:0x   8
04-14 18:18:49.266  1092  1381 D InputReader: syncTouch: pointerCount 1 -> 1, touching ids 0x80000000 -> 0x80000000, hovering ids 0x00000000 -> 0x00000000, canceled ids 0x00000000
04-14 18:18:49.267  1092  1381 D InputReader: dispatchTouches action MOVE now(ns): 449222082901881
04-14 18:18:49.267  1092  1381 D InputReader: notifyMotion call dispatcher
04-14 18:18:49.275  1092  1381 D InputReader: syncTouch: pointerCount 1 -> 1, touching ids 0x80000000 -> 0x80000000, hovering ids 0x00000000 -> 0x00000000, canceled ids 0x00000000
04-14 18:18:49.275  1092  1381 D InputReader: dispatchTouches action MOVE now(ns): 449222091100419
04-14 18:18:49.275  1092  1381 D InputReader: notifyMotion call dispatcher
04-14 18:18:49.279  2973 31397 I MediaProvider: Observed non-standard /storage/emulated/0/Documents/Scans/downloads/.nomedia
04-14 18:18:49.281  2973 31397 W MediaProvider: isAppCloneUserPair for user 0: false
04-14 18:18:49.283  1092  1381 D InputReader: syncTouch: pointerCount 1 -> 1, touching ids 0x80000000 -> 0x80000000, hovering ids 0x00000000 -> 0x00000000, canceled ids 0x00000000
04-14 18:18:49.283  1092  1381 D InputReader: dispatchTouches action MOVE now(ns): 449222099063342
04-14 18:18:49.283  1092  1381 D InputReader: notifyMotion call dispatcher
04-14 18:18:49.291  1092  1381 D InputReader: syncTouch: pointerCount 1 -> 1, touching ids 0x80000000 -> 0x80000000, hovering ids 0x00000000 -> 0x00000000, canceled ids 0x00000000
04-14 18:18:49.291  1092  1381 D InputReader: dispatchTouches action MOVE now(ns): 449222107352304
04-14 18:18:49.291  1092  1381 D InputReader: notifyMotion call dispatcher
04-14 18:18:49.299  1092  1381 I InputReader: processEventsLocked: type=3 Count=4 code=57 value=-1 deviceId=1 when=449222115183000
04-14 18:18:49.300  1092  1381 D InputReader: syncTouch: pointerCount 1 -> 0, touching ids 0x80000000 -> 0x00000000, hovering ids 0x00000000 -> 0x00000000, canceled ids 0x00000000
04-14 18:18:49.300  1092  1381 D InputReader: dispatchTouches action UP now(ns): 449222116274650
04-14 18:18:49.300  1092  1381 D InputReader: notifyMotion call dispatcher
04-14 18:18:49.302  1092  1239 D TranFlingManagerImpl: onOverScrollerFinish()
04-14 18:18:49.303  1092  1239 D TranFlingManagerImpl: onOverScrollerFinish()
04-14 18:18:49.303   674 11196 I audio_hw_primary: app type:0x   0, is_voip:0, device:2, pcm:-352510464, usecase:0x   8
04-14 18:18:49.304   691   691 D vendor.unisoc.hardware.power-service: Enter getSceneIdByName: sceneName:com.zhiliaoapp.musically/com.ss.android.ugc.aweme.splash.SplashActivity
04-14 18:18:49.309 13282 13584 D MediaStrategy: <vc_log.cpp,event,147>[center][event] on event, id = 7396188573567682053_1776186992718_7605287362540670230, key = 3000, value = 0, info = , jsonLog = {"net_block_avg":-1.0,"net_block_std":-1.0,"net_first_frame":410,"net_last_buffer":0,"net_total_avg":238.57142857142858,"net_total_std":127.06016572587069}
04-14 18:18:49.309 13282 13584 D MediaStrategy: <vc_log.cpp,event,147>[center][event] on event, id = 7396188573567682053_1776186992718_7605287362540670230, key = 3001, value = 1, info = 7886, jsonLog = null
04-14 18:18:49.310 13282 13584 D MediaStrategy: <vc_log.cpp,event,147>[center][event] on event, id = 7396188573567682053_1776186992718_7605287362540670230, key = 3002, value = -1, info = {"last_buf":-100,"last_res":1,"last_ts":1776187120727}, jsonLog = null
04-14 18:18:49.310 13282 13584 D MediaStrategy: <vc_log.cpp,event,147>[center][event] on event, id = 7396188573567682053_1776186992718_7605287362540670230, key = 3004, value = -1, info = , jsonLog = {"video":[{"buf":0,"hash":"30c58292589cf82b3104ac1134842c8f","off":168680,"size":86704,"ts":1776187118653},{"buf":0,"hash":"30c58292589cf82b3104ac1134842c8f","off":255384,"size":96608,"ts":1776187119974},{"buf":0,"hash":"30c58292589cf82b3104ac1134842c8f","off":351992,"size":93697,"ts":1776187120735},{"buf":0,"hash":"30c58292589cf82b3104ac1134842c8f","off":445689,"size":105324,"ts":1776187121032},{"bitrate":-1,"buf":0,"hash":"0fbc57eef7e4b74bc0bfc9fad6c8c0e5","off":343319,"size":134122,"speed":-1,"ts":1776187122259},{"bitrate":-1,"buf":0,"hash":"0fbc57eef7e4b74bc0bfc9fad6c8c0e5","off":477441,"size":94878,"speed":-1,"ts":1776187122792}]}
04-14 18:18:49.311 13282 13726 D MediaStrategy: <vc_log.cpp,event,147>[center][event] on event, id = 7396188573567682053_1776186992718_7626027433074134274, key = 3009, value = 1, info = , jsonLog = null
04-14 18:18:49.311 13282 13726 D MediaStrategy: <vc_log.cpp,event,147>[center][event] on event, id = 7396188573567682053_1776186992718_7626027433074134274, key = 3010, value = 1, info = , jsonLog = null
04-14 18:18:49.311 13282 13726 D MediaStrategy: <vc_log.cpp,event,147>[center][event] on event, id = 7396188573567682053_1776186992718_7605287362540670230, key = 3039, value = 2, info = , jsonLog = null
04-14 18:18:49.311 13282 13726 D MediaStrategy: <vc_log.cpp,event,147>[center][event] on event, id = 7396188573567682053_1776186992718_7605287362540670230, key = 3039, value = 2, info = , jsonLog = null
04-14 18:18:49.311 13282 13584 D MediaStrategy: <vc_log.cpp,event,147>[center][event] on event, id = 7396188573567682053_1776186992718_7605287362540670230, key = 3013, value = 0, info = , jsonLog = {"avg":111,"buckets":{"0":2,"1000":0,"200":0,"400":0,"600":0,"800":0},"max":130,"min":92,"std":26.870057685088806}
04-14 18:18:49.312 13282 13584 D MediaStrategy: <vc_log.cpp,event,147>[center][event] on event, id = 7396188573567682053_1776186992718_7605287362540670230, key = 3043, value = 0, info = , jsonLog = {"avg":92,"buckets":{"0":0,"100":1,"1000":0,"150":0,"200":0,"50":3,"500":0},"max":102,"min":84,"std":7.4554230821149323}
04-14 18:18:49.312 13282 13584 D MediaStrategy: <vc_log.cpp,event,147>[center][event] on event, id = 7396188573567682053_1776186992718_7605287362540670230, key = 3016, value = 0, info = , jsonLog = {"b_avg":0,"b_diff":0,"b_diff_abs":0,"b_init":0,"b_weight":0,"o_range_cnt":0,"o_range_diff":0,"t_range_cnt":0,"t_range_size":0,"t_range_time":0.0,"u_range_cnt":0,"u_range_diff":0}
04-14 18:18:49.312 13282 14034 D MediaStrategy: <vc_log.cpp,event,147>[center][event] on event, id = 7396188573567682053_1776186992718_7605287362540670230, key = 3039, value = 4, info = , jsonLog = null
04-14 18:18:49.312 13282 14002 D MediaStrategy: <vc_log.cpp,event,147>[center][event] on event, id = 7626027433074134274, key = 2500, value = 1, info = 1776187129312, jsonLog = null
04-14 18:18:49.313 13282 14034 D MediaStrategy: <vc_log.cpp,event,147>[center][event] on event, id = 7396188573567682053_1776186992718_7605287362540670230, key = 3030, value = 0, info = , jsonLog = {"hash":"30c58292589cf82b3104ac1134842c8f","off":551013,"size":99378}
04-14 18:18:49.313 13282 14034 D MediaStrategy: <vc_play_task.cpp,obtainAVMDLDownloadContext,887>[center] [range] play strategy, range control, off = 551013, size = 99378, blockFlag = 0, pieceSize = 0, minRangeSize = 0, jitterBufMin = 0, abrReadEndOff = -1, extraInfo = cmcd_priority=2, ret = 0
04-14 18:18:49.313   700  1070 I AudioFlinger: acquireWakeLock_l() AudioOut_2D status 0
04-14 18:18:49.313   700  1063 I AudioFlinger: acquireWakeLock_l() AudioOut_25 status 0
04-14 18:18:49.314 13282 13726 W ttmn    : <73909ed1c0,av_wrapper.cpp,handleMessage,830>setting subtitle: state :3 
04-14 18:18:49.314   700  1057 I AudioFlinger: acquireWakeLock_l() AudioOut_1D status 0
04-14 18:18:49.314   700  1057 D AudioFlinger: ro.audio.silent is ignored since no output device is set
