04-14 18:18:41.378  1092  9594 V os.NotificationManagerServiceLice: onFixNotification notification= Notification(channel=downloader_progress_channel shortcut=null contentView=null vibrate=null sound=null defaults=0x0 flags=0xa color=0xff54759e actions=2 vis=PRIVATE)
04-14 18:18:41.565  1092  1530 D BroadcastQueue: Add broadcast <BroadcastRecord{7afe806 u0 android.intent.action.MEDIA_SCANNER_SCAN_FILE}> into [ordered | background], pending size 0
04-14 18:18:41.582  1092  1092 I Telecom : DefaultDialerCache: Package Manager could not find ComponentName:com.android.incallui: TSI.iIMC@aUI
04-14 18:18:41.596  1092  9594 D F_TranHibernation: screen off bc restricted1 by uid 10202
04-14 18:18:41.598  1092  1275 D BroadcastQueue: Finished with ordered broadcast BroadcastRecord{7afe806 u0 android.intent.action.MEDIA_SCANNER_SCAN_FILE} receivers:([ResolveInfo{894dd19 com.google.android.providers.media.module/com.android.providers.media.MediaReceiver m=0x208000}, ResolveInfo{d15f1de com.folderv.file/.UsbBroadcastReceiver m=0x208000}]) take 33ms in [background], remains -1
04-14 18:18:41.672  1092  1398 D BroadcastQueue: Add broadcast <BroadcastRecord{70b4dea u-1 android.net.wifi.RSSI_CHANGED}> into [parallel | background], pending size 0
04-14 18:18:41.673  1092  1275 D BroadcastQueue: Done with parallel broadcast [background] [BroadcastRecord{70b4dea u-1 android.net.wifi.RSSI_CHANGED}]
04-14 18:18:41.704  1092  1530 D BroadcastQueue: Add broadcast <BroadcastRecord{e89a8db u0 android.intent.action.MEDIA_SCANNER_SCAN_FILE}> into [ordered | background], pending size 0
04-14 18:18:41.725  1092  2971 D F_TranHibernation: screen off bc restricted1 by uid 10202
04-14 18:18:41.729  1092  1275 D BroadcastQueue: Finished with ordered broadcast BroadcastRecord{e89a8db u0 android.intent.action.MEDIA_SCANNER_SCAN_FILE} receivers:([ResolveInfo{6b06b24 com.google.android.providers.media.module/com.android.providers.media.MediaReceiver m=0x208000}, ResolveInfo{b9ac68d com.folderv.file/.UsbBroadcastReceiver m=0x208000}]) take 22ms in [background], remains -1
04-14 18:18:41.783  1092  1720 D BroadcastQueue: Add broadcast <BroadcastRecord{773b042 u0 android.intent.action.MEDIA_SCANNER_SCAN_FILE}> into [ordered | background], pending size 0
04-14 18:18:41.795  1092  1720 D F_TranHibernation: screen off bc restricted1 by uid 10202
04-14 18:18:41.797  1092  1275 D BroadcastQueue: Finished with ordered broadcast BroadcastRecord{773b042 u0 android.intent.action.MEDIA_SCANNER_SCAN_FILE} receivers:([ResolveInfo{d5026af com.google.android.providers.media.module/com.android.providers.media.MediaReceiver m=0x208000}, ResolveInfo{143fabc com.folderv.file/.UsbBroadcastReceiver m=0x208000}]) take 14ms in [background], remains -1
04-14 18:18:41.809  1092  2971 D BroadcastQueue: Add broadcast <BroadcastRecord{9bf3a45 u0 android.intent.action.MEDIA_SCANNER_SCAN_FILE}> into [ordered | background], pending size 0
04-14 18:18:41.816  1092  1547 D F_TranHibernation: screen off bc restricted1 by uid 10202
04-14 18:18:41.818  1092  1275 D BroadcastQueue: Finished with ordered broadcast BroadcastRecord{9bf3a45 u0 android.intent.action.MEDIA_SCANNER_SCAN_FILE} receivers:([ResolveInfo{8b059a com.google.android.providers.media.module/com.android.providers.media.MediaReceiver m=0x208000}, ResolveInfo{6027ecb com.folderv.file/.UsbBroadcastReceiver m=0x208000}]) take 7ms in [background], remains -1
04-14 18:18:41.869  1092  2971 D BroadcastQueue: Add broadcast <BroadcastRecord{503e166 u0 android.intent.action.MEDIA_SCANNER_SCAN_FILE}> into [ordered | background], pending size 0
04-14 18:18:41.883  1092  2971 D F_TranHibernation: screen off bc restricted1 by uid 10202
04-14 18:18:41.884  1092  1275 D BroadcastQueue: Finished with ordered broadcast BroadcastRecord{503e166 u0 android.intent.action.MEDIA_SCANNER_SCAN_FILE} receivers:([ResolveInfo{a21fc43 com.google.android.providers.media.module/com.android.providers.media.MediaReceiver m=0x208000}, ResolveInfo{a2702c0 com.folderv.file/.UsbBroadcastReceiver m=0x208000}]) take 15ms in [background], remains -1
04-14 18:18:41.903  1092  1547 W JobScheduler: Job didn't exist in JobStore: 8f4d572 #u0a99/65501 com.google.android.apps.nbu.files/androidx.work.impl.background.systemjob.SystemJobService
04-14 18:18:41.924  1092  1092 D NetworkStatusMonitor: getAllInterfaceNames network type is wifi
04-14 18:18:41.924  1092  1092 D NetworkStatusMonitor: onNetworkTypeChanged wifi => wifi
04-14 18:18:41.949  1092  2971 V os.NotificationManagerServiceLice: onFixNotification notification= Notification(channel=downloader_progress_channel shortcut=null contentView=null vibrate=null sound=null defaults=0x0 flags=0xa color=0xff54759e actions=2 vis=PRIVATE)
04-14 18:18:42.083  1092  1547 V os.NotificationManagerServiceLice: onFixNotification notification= Notification(channel=downloader_progress_channel shortcut=null contentView=null vibrate=null sound=null defaults=0x0 flags=0xa color=0xff54759e actions=2 vis=PRIVATE)
04-14 18:18:42.092  1092  1720 D BroadcastQueue: Add broadcast <BroadcastRecord{c7c3eb5 u0 android.intent.action.MEDIA_SCANNER_SCAN_FILE}> into [ordered | background], pending size 0
04-14 18:18:42.107  1092  1720 D F_TranHibernation: screen off bc restricted1 by uid 10202
04-14 18:18:42.109  1092  1275 D BroadcastQueue: Finished with ordered broadcast BroadcastRecord{c7c3eb5 u0 android.intent.action.MEDIA_SCANNER_SCAN_FILE} receivers:([ResolveInfo{fbd7016 com.google.android.providers.media.module/com.android.providers.media.MediaReceiver m=0x208000}, ResolveInfo{2d39d97 com.folderv.file/.UsbBroadcastReceiver m=0x208000}]) take 16ms in [background], remains -1
04-14 18:18:42.155  1092  1092 I Telecom : DefaultDialerCache: Package Manager could not find ComponentName:com.android.incallui: TSI.iIMC@aUQ
04-14 18:18:42.235  1092  1547 V os.NotificationManagerServiceLice: onFixNotification notification= Notification(channel=downloader_progress_channel shortcut=null contentView=null vibrate=null sound=null defaults=0x0 flags=0xa color=0xff54759e actions=2 vis=PRIVATE)
04-14 18:18:42.240  1092  1720 V os.NotificationManagerServiceLice: onFixNotification notification= Notification(channel=downloader_progress_channel shortcut=null contentView=null vibrate=null sound=null defaults=0x0 flags=0xa color=0xff54759e actions=2 vis=PRIVATE)
04-14 18:18:42.290  1092  1092 I Telecom : DefaultDialerCache: Package Manager could not find ComponentName:com.android.incallui: TSI.iIMC@aUY
04-14 18:18:42.327  1092  1547 D BroadcastQueue: Add broadcast <BroadcastRecord{11877a2 u0 android.intent.action.MEDIA_SCANNER_SCAN_FILE}> into [ordered | background], pending size 0
04-14 18:18:42.327  1092  2971 V os.NotificationManagerServiceLice: onFixNotification notification= Notification(channel=downloader_progress_channel shortcut=null contentView=null vibrate=null sound=null defaults=0x0 flags=0xa color=0xff54759e actions=2 vis=PRIVATE)
04-14 18:18:42.340  1092  9594 D BroadcastQueue: Add broadcast <BroadcastRecord{8cb871c u0 android.intent.action.MEDIA_SCANNER_SCAN_FILE}> into [ordered | background], pending size 0
04-14 18:18:42.341  1092  2971 D F_TranHibernation: screen off bc restricted1 by uid 10202
04-14 18:18:42.343  1092  1275 D BroadcastQueue: Finished with ordered broadcast BroadcastRecord{11877a2 u0 android.intent.action.MEDIA_SCANNER_SCAN_FILE} receivers:([ResolveInfo{d7b3f25 com.google.android.providers.media.module/com.android.providers.media.MediaReceiver m=0x208000}, ResolveInfo{65558fa com.folderv.file/.UsbBroadcastReceiver m=0x208000}]) take 14ms in [background], remains 0
04-14 18:18:42.346  1092  1720 D BroadcastQueue: Add broadcast <BroadcastRecord{697f908 u0 android.intent.action.MEDIA_SCANNER_SCAN_FILE}> into [ordered | background], pending size 0
04-14 18:18:42.349  1092  9594 D F_TranHibernation: screen off bc restricted1 by uid 10202
04-14 18:18:42.350  1092  1275 D BroadcastQueue: Finished with ordered broadcast BroadcastRecord{8cb871c u0 android.intent.action.MEDIA_SCANNER_SCAN_FILE} receivers:([ResolveInfo{c5a8a1 com.google.android.providers.media.module/com.android.providers.media.MediaReceiver m=0x208000}, ResolveInfo{b100ac6 com.folderv.file/.UsbBroadcastReceiver m=0x208000}]) take 8ms in [background], remains 0
04-14 18:18:42.354  1092  9594 D F_TranHibernation: screen off bc restricted1 by uid 10202
04-14 18:18:42.356  1092  1275 D BroadcastQueue: Finished with ordered broadcast BroadcastRecord{697f908 u0 android.intent.action.MEDIA_SCANNER_SCAN_FILE} receivers:([ResolveInfo{1379db4 com.google.android.providers.media.module/com.android.providers.media.MediaReceiver m=0x208000}, ResolveInfo{3f32ddd com.folderv.file/.UsbBroadcastReceiver m=0x208000}]) take 6ms in [background], remains -1
04-14 18:18:42.440  1092  1092 I Telecom : DefaultDialerCache: Package Manager could not find ComponentName:com.android.incallui: TSI.iIMC@aUg
04-14 18:18:42.444  1092  1092 I Telecom : DefaultDialerCache: Package Manager could not find ComponentName:com.android.incallui: TSI.iIMC@aUo
04-14 18:18:42.533  1092  1092 I Telecom : DefaultDialerCache: Package Manager could not find ComponentName:com.android.incallui: TSI.iIMC@aUw
04-14 18:18:42.577  1092  1530 V os.NotificationManagerServiceLice: onFixNotification notification= Notification(channel=downloader_progress_channel shortcut=null contentView=null vibrate=null sound=null defaults=0x0 flags=0xa color=0xff54759e actions=2 vis=PRIVATE)
04-14 18:18:42.777  1092  5611 V os.NotificationManagerServiceLice: onFixNotification notification= Notification(channel=downloader_progress_channel shortcut=null contentView=null vibrate=null sound=null defaults=0x0 flags=0xa color=0xff54759e actions=2 vis=PRIVATE)
04-14 18:18:42.782  1092  1530 V os.NotificationManagerServiceLice: onFixNotification notification= Notification(channel=downloader_progress_channel shortcut=null contentView=null vibrate=null sound=null defaults=0x0 flags=0xa color=0xff54759e actions=2 vis=PRIVATE)
04-14 18:18:42.803  1092  2971 V os.NotificationManagerServiceLice: onFixNotification notification= Notification(channel=downloader_progress_channel shortcut=null contentView=null vibrate=null sound=null defaults=0x0 flags=0xa color=0xff54759e actions=2 vis=PRIVATE)
04-14 18:18:42.994  1092  1530 D BroadcastQueue: Add broadcast <BroadcastRecord{a7fac9e u0 android.intent.action.MEDIA_SCANNER_SCAN_FILE}> into [ordered | background], pending size 0
04-14 18:18:43.015  1092  5611 D F_TranHibernation: screen off bc restricted1 by uid 10202
04-14 18:18:43.017  1092  1275 D BroadcastQueue: Finished with ordered broadcast BroadcastRecord{a7fac9e u0 android.intent.action.MEDIA_SCANNER_SCAN_FILE} receivers:([ResolveInfo{1289b com.google.android.providers.media.module/com.android.providers.media.MediaReceiver m=0x208000}, ResolveInfo{dbfb438 com.folderv.file/.UsbBroadcastReceiver m=0x208000}]) take 23ms in [background], remains -1
04-14 18:18:43.126  1092  9594 D BroadcastQueue: Add broadcast <BroadcastRecord{ed8fc11 u0 android.intent.action.MEDIA_SCANNER_SCAN_FILE}> into [ordered | background], pending size 0
04-14 18:18:43.144  1092  2971 D F_TranHibernation: screen off bc restricted1 by uid 10202
04-14 18:18:43.146  1092  1275 D BroadcastQueue: Finished with ordered broadcast BroadcastRecord{ed8fc11 u0 android.intent.action.MEDIA_SCANNER_SCAN_FILE} receivers:([ResolveInfo{ff46f02 com.google.android.providers.media.module/com.android.providers.media.MediaReceiver m=0x208000}, ResolveInfo{2721013 com.folderv.file/.UsbBroadcastReceiver m=0x208000}]) take 20ms in [background], remains -1
04-14 18:18:43.394  1092  2971 V os.NotificationManagerServiceLice: onFixNotification notification= Notification(channel=downloader_progress_channel shortcut=null contentView=null vibrate=null sound=null defaults=0x0 flags=0xa color=0xff54759e actions=2 vis=PRIVATE)
04-14 18:18:43.486  1092  2971 V os.NotificationManagerServiceLice: onFixNotification notification= Notification(channel=downloader_progress_channel shortcut=null contentView=null vibrate=null sound=null defaults=0x0 flags=0xa color=0xff54759e actions=2 vis=PRIVATE)
04-14 18:18:43.600  1092  1092 I Telecom : DefaultDialerCache: Package Manager could not find ComponentName:com.android.incallui: TSI.iIMC@aU4
04-14 18:18:43.661  1092  5611 D BroadcastQueue: Add broadcast <BroadcastRecord{7396e8b u0 android.intent.action.MEDIA_SCANNER_SCAN_FILE}> into [ordered | background], pending size 0
04-14 18:18:43.680  1092  2971 D F_TranHibernation: screen off bc restricted1 by uid 10202
04-14 18:18:43.682  1092  1275 D BroadcastQueue: Finished with ordered broadcast BroadcastRecord{7396e8b u0 android.intent.action.MEDIA_SCANNER_SCAN_FILE} receivers:([ResolveInfo{bdc0614 com.google.android.providers.media.module/com.android.providers.media.MediaReceiver m=0x208000}, ResolveInfo{e00debd com.folderv.file/.UsbBroadcastReceiver m=0x208000}]) take 19ms in [background], remains -1
04-14 18:18:43.693  1092  1092 I Telecom : DefaultDialerCache: Package Manager could not find ComponentName:com.android.incallui: TSI.iIMC@aVA
04-14 18:18:43.916  1092  2971 D BroadcastQueue: Add broadcast <BroadcastRecord{37d6f80 u0 android.intent.action.MEDIA_SCANNER_SCAN_FILE}> into [ordered | background], pending size 0
04-14 18:18:43.925  1092  1741 D SunLightProtectorImpl: Scene notify: mVideoSceneId:7 mGameSceneId:0 changed:true mVideoWindowMode:1 mGameWindowMode:0
04-14 18:18:43.927  1092  1720 D BroadcastQueue: Add broadcast <BroadcastRecord{661d1fe u0 android.intent.action.MEDIA_SCANNER_SCAN_FILE}> into [ordered | background], pending size 0
04-14 18:18:43.927  1092  1374 D UnisocWindowEhanceController: updateVideoSceneStatus to 16, mVideoPlaying = true
04-14 18:18:43.937  1092  1720 D BroadcastQueue: Add broadcast <BroadcastRecord{a05100a u0 android.intent.action.MEDIA_SCANNER_SCAN_FILE}> into [ordered | background], pending size 1
04-14 18:18:43.937  1092  1720 D BroadcastQueue: Header is BroadcastRecord{661d1fe u0 android.intent.action.MEDIA_SCANNER_SCAN_FILE} now
04-14 18:18:43.937  1092  2971 D F_TranHibernation: screen off bc restricted1 by uid 10202
04-14 18:18:43.939  1092  1275 D BroadcastQueue: Finished with ordered broadcast BroadcastRecord{37d6f80 u0 android.intent.action.MEDIA_SCANNER_SCAN_FILE} receivers:([ResolveInfo{c7107b com.google.android.providers.media.module/com.android.providers.media.MediaReceiver m=0x208000}, ResolveInfo{5e9ae98 com.folderv.file/.UsbBroadcastReceiver m=0x208000}]) take 22ms in [background], remains 1
04-14 18:18:43.943  1092  2971 D BroadcastQueue: Add broadcast <BroadcastRecord{941d6f1 u0 android.intent.action.MEDIA_SCANNER_SCAN_FILE}> into [ordered | background], pending size 1
04-14 18:18:43.943  1092  2971 D BroadcastQueue: Header is BroadcastRecord{a05100a u0 android.intent.action.MEDIA_SCANNER_SCAN_FILE} now
04-14 18:18:43.947  1092  5611 D F_TranHibernation: screen off bc restricted1 by uid 10202
04-14 18:18:43.952  1092  1275 D BroadcastQueue: Finished with ordered broadcast BroadcastRecord{661d1fe u0 android.intent.action.MEDIA_SCANNER_SCAN_FILE} receivers:([ResolveInfo{fec22d6 com.google.android.providers.media.module/com.android.providers.media.MediaReceiver m=0x208000}, ResolveInfo{1ac3957 com.folderv.file/.UsbBroadcastReceiver m=0x208000}]) take 12ms in [background], remains 1
04-14 18:18:43.958  1092  9594 D F_TranHibernation: screen off bc restricted1 by uid 10202
04-14 18:18:43.962  1092  1275 D BroadcastQueue: Finished with ordered broadcast BroadcastRecord{a05100a u0 android.intent.action.MEDIA_SCANNER_SCAN_FILE} receivers:([ResolveInfo{171c44 com.google.android.providers.media.module/com.android.providers.media.MediaReceiver m=0x208000}, ResolveInfo{50bf12d com.folderv.file/.UsbBroadcastReceiver m=0x208000}]) take 10ms in [background], remains 0
04-14 18:18:43.972  1092  9594 D F_TranHibernation: screen off bc restricted1 by uid 10202
04-14 18:18:43.974  1092  1275 D BroadcastQueue: Finished with ordered broadcast BroadcastRecord{941d6f1 u0 android.intent.action.MEDIA_SCANNER_SCAN_FILE} receivers:([ResolveInfo{f5f9662 com.google.android.providers.media.module/com.android.providers.media.MediaReceiver m=0x208000}, ResolveInfo{d5113f3 com.folderv.file/.UsbBroadcastReceiver m=0x208000}]) take 10ms in [background], remains -1
04-14 18:18:44.209  1092  9594 D BroadcastQueue: Add broadcast <BroadcastRecord{8bb8b0 u0 android.intent.action.MEDIA_SCANNER_SCAN_FILE}> into [ordered | background], pending size 0
04-14 18:18:44.221  1092  9594 D BroadcastQueue: Add broadcast <BroadcastRecord{9a4b6ae u0 android.intent.action.MEDIA_SCANNER_SCAN_FILE}> into [ordered | background], pending size 0
04-14 18:18:44.228  1092  1530 V os.NotificationManagerServiceLice: onFixNotification notification= Notification(channel=downloader_progress_channel shortcut=null contentView=null vibrate=null sound=null defaults=0x0 flags=0xa color=0xff54759e actions=2 vis=PRIVATE)
04-14 18:18:44.231  1092  2971 D F_TranHibernation: screen off bc restricted1 by uid 10202
04-14 18:18:44.233  1092  1275 D BroadcastQueue: Finished with ordered broadcast BroadcastRecord{8bb8b0 u0 android.intent.action.MEDIA_SCANNER_SCAN_FILE} receivers:([ResolveInfo{d098fba com.google.android.providers.media.module/com.android.providers.media.MediaReceiver m=0x208000}, ResolveInfo{ab90e6b com.folderv.file/.UsbBroadcastReceiver m=0x208000}]) take 23ms in [background], remains 0
04-14 18:18:44.238  1092  9594 D F_TranHibernation: screen off bc restricted1 by uid 10202
04-14 18:18:44.240  1092  1275 D BroadcastQueue: Finished with ordered broadcast BroadcastRecord{9a4b6ae u0 android.intent.action.MEDIA_SCANNER_SCAN_FILE} receivers:([ResolveInfo{4f1edc8 com.google.android.providers.media.module/com.android.providers.media.MediaReceiver m=0x208000}, ResolveInfo{2255e61 com.folderv.file/.UsbBroadcastReceiver m=0x208000}]) take 8ms in [background], remains -1
04-14 18:18:44.372  1092  2971 D BroadcastQueue: Add broadcast <BroadcastRecord{cb0ed86 u0 android.intent.action.MEDIA_SCANNER_SCAN_FILE}> into [ordered | background], pending size 0
04-14 18:18:44.391  1092  1530 V os.NotificationManagerServiceLice: onFixNotification notification= Notification(channel=downloader_progress_channel shortcut=null contentView=null vibrate=null sound=null defaults=0x0 flags=0xa color=0xff54759e actions=2 vis=PRIVATE)
04-14 18:18:44.394  1092  5611 D F_TranHibernation: screen off bc restricted1 by uid 10202
04-14 18:18:44.396  1092  1275 D BroadcastQueue: Finished with ordered broadcast BroadcastRecord{cb0ed86 u0 android.intent.action.MEDIA_SCANNER_SCAN_FILE} receivers:([ResolveInfo{9e6dfe3 com.google.android.providers.media.module/com.android.providers.media.MediaReceiver m=0x208000}, ResolveInfo{c16ade0 com.folderv.file/.UsbBroadcastReceiver m=0x208000}]) take 24ms in [background], remains -1
04-14 18:18:44.430  1092  5611 V os.NotificationManagerServiceLice: onFixNotification notification= Notification(channel=downloader_progress_channel shortcut=null contentView=null vibrate=null sound=null defaults=0x0 flags=0xa color=0xff54759e actions=2 vis=PRIVATE)
04-14 18:18:44.434  1092  1092 I Telecom : DefaultDialerCache: Package Manager could not find ComponentName:com.android.incallui: TSI.iIMC@aVI
04-14 18:18:44.496  1092  1530 V os.NotificationManagerServiceLice: onFixNotification notification= Notification(channel=downloader_progress_channel shortcut=null contentView=null vibrate=null sound=null defaults=0x0 flags=0xa color=0xff54759e actions=2 vis=PRIVATE)
04-14 18:18:44.515  1092  9594 V os.NotificationManagerServiceLice: onFixNotification notification= Notification(channel=downloader_progress_channel shortcut=null contentView=null vibrate=null sound=null defaults=0x0 flags=0xa color=0xff54759e actions=2 vis=PRIVATE)
04-14 18:18:44.594  1092  1092 I Telecom : DefaultDialerCache: Package Manager could not find ComponentName:com.android.incallui: TSI.iIMC@aVQ
04-14 18:18:44.628  1092  1530 D BroadcastQueue: Add broadcast <BroadcastRecord{5c55b6a u0 android.intent.action.MEDIA_SCANNER_SCAN_FILE}> into [ordered | background], pending size 0
04-14 18:18:44.633  1092  1092 I Telecom : DefaultDialerCache: Package Manager could not find ComponentName:com.android.incallui: TSI.iIMC@aVY
04-14 18:18:44.650  1092  5611 V os.NotificationManagerServiceLice: onFixNotification notification= Notification(channel=downloader_progress_channel shortcut=null contentView=null vibrate=null sound=null defaults=0x0 flags=0xa color=0xff54759e actions=2 vis=PRIVATE)
04-14 18:18:44.653  1092  1547 D F_TranHibernation: screen off bc restricted1 by uid 10202
04-14 18:18:44.655  1092  1275 D BroadcastQueue: Finished with ordered broadcast BroadcastRecord{5c55b6a u0 android.intent.action.MEDIA_SCANNER_SCAN_FILE} receivers:([ResolveInfo{b112f37 com.google.android.providers.media.module/com.android.providers.media.MediaReceiver m=0x208000}, ResolveInfo{e3e0ca4 com.folderv.file/.UsbBroadcastReceiver m=0x208000}]) take 27ms in [background], remains -1
04-14 18:18:44.700  1092  1332 V os.NotificationManagerServiceLice: onFixNotification notification= Notification(channel=downloader_progress_channel shortcut=null contentView=null vibrate=null sound=null defaults=0x0 flags=0xa color=0xff54759e actions=2 vis=PRIVATE)
04-14 18:18:44.701  1092  1092 I Telecom : DefaultDialerCache: Package Manager could not find ComponentName:com.android.incallui: TSI.iIMC@aVg
04-14 18:18:44.702  1092  1332 E NotificationService: Package enqueue rate is 5.1806793. Shedding 0|app.mihon|-201|null|10215. package=app.mihon
04-14 18:18:44.717  1092  1092 I Telecom : DefaultDialerCache: Package Manager could not find ComponentName:com.android.incallui: TSI.iIMC@aVo
04-14 18:18:44.741  1092  1530 D BroadcastQueue: Add broadcast <BroadcastRecord{525ba09 u0 android.intent.action.MEDIA_SCANNER_SCAN_FILE}> into [ordered | background], pending size 0
04-14 18:18:44.758  1092  9594 D F_TranHibernation: screen off bc restricted1 by uid 10202
04-14 18:18:44.760  1092  1275 D BroadcastQueue: Finished with ordered broadcast BroadcastRecord{525ba09 u0 android.intent.action.MEDIA_SCANNER_SCAN_FILE} receivers:([ResolveInfo{6a3731a com.google.android.providers.media.module/com.android.providers.media.MediaReceiver m=0x208000}, ResolveInfo{c61e4b com.folderv.file/.UsbBroadcastReceiver m=0x208000}]) take 18ms in [background], remains -1
04-14 18:18:44.857  1092  1332 V os.NotificationManagerServiceLice: onFixNotification notification= Notification(channel=downloader_progress_channel shortcut=null contentView=null vibrate=null sound=null defaults=0x0 flags=0xa color=0xff54759e actions=2 vis=PRIVATE)
04-14 18:18:44.866  1092  1092 I Telecom : DefaultDialerCache: Package Manager could not find ComponentName:com.android.incallui: TSI.iIMC@aVw
04-14 18:18:44.954  1092  1530 D BroadcastQueue: Add broadcast <BroadcastRecord{b8fe6d4 u0 android.intent.action.MEDIA_SCANNER_SCAN_FILE}> into [ordered | background], pending size 0
04-14 18:18:44.972  1092  5611 D F_TranHibernation: screen off bc restricted1 by uid 10202
04-14 18:18:44.975  1092  1275 D BroadcastQueue: Finished with ordered broadcast BroadcastRecord{b8fe6d4 u0 android.intent.action.MEDIA_SCANNER_SCAN_FILE} receivers:([ResolveInfo{f343779 com.google.android.providers.media.module/com.android.providers.media.MediaReceiver m=0x208000}, ResolveInfo{2b8acbe com.folderv.file/.UsbBroadcastReceiver m=0x208000}]) take 20ms in [background], remains -1
04-14 18:18:44.987  1092  1332 V os.NotificationManagerServiceLice: onFixNotification notification= Notification(channel=downloader_progress_channel shortcut=null contentView=null vibrate=null sound=null defaults=0x0 flags=0xa color=0xff54759e actions=2 vis=PRIVATE)
04-14 18:18:45.089  1092  9594 V os.NotificationManagerServiceLice: onFixNotification notification= Notification(channel=downloader_progress_channel shortcut=null contentView=null vibrate=null sound=null defaults=0x0 flags=0xa color=0xff54759e actions=2 vis=PRIVATE)
04-14 18:18:45.314  1092  9594 V os.NotificationManagerServiceLice: onFixNotification notification= Notification(channel=downloader_progress_channel shortcut=null contentView=null vibrate=null sound=null defaults=0x0 flags=0xa color=0xff54759e actions=2 vis=PRIVATE)
04-14 18:18:45.520  1092  1092 I Telecom : DefaultDialerCache: Package Manager could not find ComponentName:com.android.incallui: TSI.iIMC@aV4
04-14 18:18:45.653  1092  1244 E UnisocWatchdog: WDT_Monitor: writeWDTMonitor duration=50,shutdowning=false
04-14 18:18:45.786  1092  5611 D BroadcastQueue: Add broadcast <BroadcastRecord{be4ad04 u0 android.intent.action.MEDIA_SCANNER_SCAN_FILE}> into [ordered | background], pending size 0
04-14 18:18:45.808  1092  9594 D F_TranHibernation: screen off bc restricted1 by uid 10202
04-14 18:18:45.810  1092  1275 D BroadcastQueue: Finished with ordered broadcast BroadcastRecord{be4ad04 u0 android.intent.action.MEDIA_SCANNER_SCAN_FILE} receivers:([ResolveInfo{f54f0e9 com.google.android.providers.media.module/com.android.providers.media.MediaReceiver m=0x208000}, ResolveInfo{5c7c16e com.folderv.file/.UsbBroadcastReceiver m=0x208000}]) take 24ms in [background], remains -1
04-14 18:18:45.910  1092  5611 D BroadcastQueue: Add broadcast <BroadcastRecord{8aea288 u0 android.intent.action.MEDIA_SCANNER_SCAN_FILE}> into [ordered | background], pending size 0
04-14 18:18:45.915  1092  5611 D BroadcastQueue: Add broadcast <BroadcastRecord{510d421 u0 android.intent.action.MEDIA_SCANNER_SCAN_FILE}> into [ordered | background], pending size 0
04-14 18:18:45.934  1092  1332 D F_TranHibernation: screen off bc restricted1 by uid 10202
04-14 18:18:45.935  1092  1275 D BroadcastQueue: Finished with ordered broadcast BroadcastRecord{8aea288 u0 android.intent.action.MEDIA_SCANNER_SCAN_FILE} receivers:([ResolveInfo{29d3aa0 com.google.android.providers.media.module/com.android.providers.media.MediaReceiver m=0x208000}, ResolveInfo{c8ee659 com.folderv.file/.UsbBroadcastReceiver m=0x208000}]) take 25ms in [background], remains 0
04-14 18:18:45.943  1092  1332 D F_TranHibernation: screen off bc restricted1 by uid 10202
04-14 18:18:45.953  1092  1275 D BroadcastQueue: Finished with ordered broadcast BroadcastRecord{510d421 u0 android.intent.action.MEDIA_SCANNER_SCAN_FILE} receivers:([ResolveInfo{2ab60cc com.google.android.providers.media.module/com.android.providers.media.MediaReceiver m=0x208000}, ResolveInfo{43e8f15 com.folderv.file/.UsbBroadcastReceiver m=0x208000}]) take 18ms in [background], remains -1
04-14 18:18:46.038  1092  9594 D BroadcastQueue: Add broadcast <BroadcastRecord{7448bd0 u0 android.intent.action.MEDIA_SCANNER_SCAN_FILE}> into [ordered | background], pending size 0
04-14 18:18:46.045  1092  1530 D BroadcastQueue: Add broadcast <BroadcastRecord{da917c9 u0 android.intent.action.MEDIA_SCANNER_SCAN_FILE}> into [ordered | background], pending size 0
04-14 18:18:46.046  1092  1530 D F_TranHibernation: screen off bc restricted1 by uid 10202
04-14 18:18:46.052  1092  1275 D BroadcastQueue: Finished with ordered broadcast BroadcastRecord{7448bd0 u0 android.intent.action.MEDIA_SCANNER_SCAN_FILE} receivers:([ResolveInfo{4b48ece com.google.android.providers.media.module/com.android.providers.media.MediaReceiver m=0x208000}, ResolveInfo{5b7c1ef com.folderv.file/.UsbBroadcastReceiver m=0x208000}]) take 13ms in [background], remains 0
04-14 18:18:46.062  1092  9594 D F_TranHibernation: screen off bc restricted1 by uid 10202
04-14 18:18:46.063  1092  1275 D BroadcastQueue: Finished with ordered broadcast BroadcastRecord{da917c9 u0 android.intent.action.MEDIA_SCANNER_SCAN_FILE} receivers:([ResolveInfo{e688e0b com.google.android.providers.media.module/com.android.providers.media.MediaReceiver m=0x208000}, ResolveInfo{54e04e8 com.folderv.file/.UsbBroadcastReceiver m=0x208000}]) take 12ms in [background], remains -1
04-14 18:18:46.380  1092  1370 D AlarmManager: waitForAlarm result:4currentTime=1776187126380, elapsedRealtime=517570110
04-14 18:18:46.394  1092  1370 D Griffin/filterReceiveBroadcast: not limit Intent { act=com.google.android.location.ALARM_WAKEUP_ACTIVITY_DETECTION flg=0x10 pkg=com.google.android.gms } for resultTo not null
04-14 18:18:46.394  1092  1370 D BroadcastQueue: Add broadcast <BroadcastRecord{42629b6 u0 com.google.android.location.ALARM_WAKEUP_ACTIVITY_DETECTION}> into [ordered | background], pending size 0
04-14 18:18:46.395  1092  1370 I AlarmManager: going to acquire mWakeLock actually.
04-14 18:18:46.410  1092  9594 D BroadcastQueue: Finished with ordered broadcast BroadcastRecord{42629b6 u0 com.google.android.location.ALARM_WAKEUP_ACTIVITY_DETECTION} receivers:([BroadcastFilter{fad82d3 10106/u0 ReceiverList{77ef4c2 15011 com.google.android.gms.persistent/10106/u0 remote:86e4d0d}}]) take 15ms in [background], remains -1
04-14 18:18:46.436  1092  1370 D AlarmManager: sending alarm.type = 2, action = com.google.android.location.ALARM_WAKEUP_ACTIVITY_DETECTION, alarm = Alarm{1cda145 type 2 origWhen 517562609 whenElapsed 517562609 com.google.android.gms}, cn = null, operation = PendingIntent{68dd9dd: PendingIntentRecord{6845d75 com.google.android.gms/com.google.android.gms.location_base broadcastIntent}}, listener=null, listenerTag=null, workSource=WorkSource{}
04-14 18:18:46.442  1092  1332 V os.NotificationManagerServiceLice: onFixNotification notification= Notification(channel=downloader_progress_channel shortcut=null contentView=null vibrate=null sound=null defaults=0x0 flags=0xa color=0xff54759e actions=2 vis=PRIVATE)
04-14 18:18:46.449  1092  1332 V os.NotificationManagerServiceLice: onFixNotification notification= Notification(channel=downloader_progress_channel shortcut=null contentView=null vibrate=null sound=null defaults=0x0 flags=0xa color=0xff54759e actions=2 vis=PRIVATE)
04-14 18:18:46.475  1092  1332 D BroadcastQueue: Add broadcast <BroadcastRecord{d43e854 u0 android.intent.action.MEDIA_SCANNER_SCAN_FILE}> into [ordered | background], pending size 0
04-14 18:18:46.479  1092  1720 V os.NotificationManagerServiceLice: onFixNotification notification= Notification(channel=downloader_progress_channel shortcut=null contentView=null vibrate=null sound=null defaults=0x0 flags=0xa color=0xff54759e actions=2 vis=PRIVATE)
04-14 18:18:46.493  1092  9594 D F_TranHibernation: screen off bc restricted1 by uid 10202
04-14 18:18:46.495  1092  1275 D BroadcastQueue: Finished with ordered broadcast BroadcastRecord{d43e854 u0 android.intent.action.MEDIA_SCANNER_SCAN_FILE} receivers:([ResolveInfo{ab8289f com.google.android.providers.media.module/com.android.providers.media.MediaReceiver m=0x208000}, ResolveInfo{6c3edec com.folderv.file/.UsbBroadcastReceiver m=0x208000}]) take 20ms in [background], remains -1
04-14 18:18:46.514  1092  1740 V AlarmManager: set(PendingIntent{7255c: PendingIntentRecord{1952065 android broadcastIntent}}) : type=3 listener=null listenerTag=null workSource=null callingPackage=android callingUid=1000 triggerAtTime=517870243 win=225000 tElapsed=517870243 maxElapsed=518095243 interval=0 flags=0x8
04-14 18:18:46.514  1092  1740 D AlarmManager: Add alarm packageName=android, type=3, when=517870243, tag=null, callingUid=1000, callingPackage=android
04-14 18:18:46.550  1092  1530 W AppOps  : Noting op not finished: uid 10106 pkg com.google.android.gms code 113 startTime of in progress event=1776182507505
04-14 18:18:46.565  1092  1530 W AppOps  : Noting op not finished: uid 10106 pkg com.google.android.gms code 113 startTime of in progress event=1776182507505
04-14 18:18:46.566  1092  1332 V AlarmManager: set(PendingIntent{1b32c69: PendingIntentRecord{30816ee com.google.android.gms/com.google.android.gms.container startService}}) : type=3 listener=null listenerTag=null workSource=null callingPackage=com.google.android.gms callingUid=10106 triggerAtTime=315877570296 win=3600000 tElapsed=315877570296 maxElapsed=315881170296 interval=0 flags=0x0
04-14 18:18:46.567  1092  1332 D AlarmManager: Add alarm packageName=com.google.android.gms, type=3, when=315877570296, tag=null, callingUid=10106, callingPackage=com.google.android.gms
04-14 18:18:46.578  1092  9594 W AppOps  : Noting op not finished: uid 10106 pkg com.google.android.gms code 113 startTime of in progress event=1776183450760
04-14 18:18:46.591  1092  1720 W AppOps  : Noting op not finished: uid 10106 pkg com.google.android.gms code 113 startTime of in progress event=1776182507505
04-14 18:18:46.600  1092  9594 W AppOps  : Noting op not finished: uid 10106 pkg com.google.android.gms code 113 startTime of in progress event=1776182507505
04-14 18:18:46.614  1092  9594 W AppOps  : Noting op not finished: uid 10106 pkg com.google.android.gms code 113 startTime of in progress event=1776183450760
04-14 18:18:46.628  1092  1332 V AlarmManager: set(PendingIntent{a9815c6: PendingIntentRecord{6845d75 com.google.android.gms/com.google.android.gms.location_base broadcastIntent}}) : type=2 listener=null listenerTag=null workSource=WorkSource{} callingPackage=com.google.android.gms callingUid=10106 triggerAtTime=517630356 win=7500 tElapsed=517630356 maxElapsed=517637856 interval=0 flags=0x0
04-14 18:18:46.630  1092  1332 D AlarmManager: Add alarm packageName=com.google.android.gms, type=2, when=517630356, tag=null, callingUid=10106, callingPackage=com.google.android.gms
04-14 18:18:46.642  1092  9594 V os.NotificationManagerServiceLice: onFixNotification notification= Notification(channel=downloader_progress_channel shortcut=null contentView=null vibrate=null sound=null defaults=0x0 flags=0xa color=0xff54759e actions=2 vis=PRIVATE)
04-14 18:18:46.647  1092  1092 I Telecom : DefaultDialerCache: Package Manager could not find ComponentName:com.android.incallui: TSI.iIMC@aWA
04-14 18:18:46.652  1092  1092 I Telecom : DefaultDialerCache: Package Manager could not find ComponentName:com.android.incallui: TSI.iIMC@aWI
04-14 18:18:46.669  1092  1332 V os.NotificationManagerServiceLice: onFixNotification notification= Notification(channel=downloader_progress_channel shortcut=null contentView=null vibrate=null sound=null defaults=0x0 flags=0xa color=0xff54759e actions=2 vis=PRIVATE)
04-14 18:18:46.683  1092  1092 I Telecom : DefaultDialerCache: Package Manager could not find ComponentName:com.android.incallui: TSI.iIMC@aWQ
04-14 18:18:46.846  1092  1092 I Telecom : DefaultDialerCache: Package Manager could not find ComponentName:com.android.incallui: TSI.iIMC@aWY
04-14 18:18:46.859  1092  9594 V os.NotificationManagerServiceLice: onFixNotification notification= Notification(channel=downloader_progress_channel shortcut=null contentView=null vibrate=null sound=null defaults=0x0 flags=0xa color=0xff54759e actions=2 vis=PRIVATE)
04-14 18:18:46.873  1092  1092 I Telecom : DefaultDialerCache: Package Manager could not find ComponentName:com.android.incallui: TSI.iIMC@aWg
04-14 18:18:46.922  1092  1332 D BroadcastQueue: Add broadcast <BroadcastRecord{2f2e96f u0 android.intent.action.MEDIA_SCANNER_SCAN_FILE}> into [ordered | background], pending size 0
04-14 18:18:46.937  1092  9594 D F_TranHibernation: screen off bc restricted1 by uid 10202
04-14 18:18:46.943  1092  1275 D BroadcastQueue: Finished with ordered broadcast BroadcastRecord{2f2e96f u0 android.intent.action.MEDIA_SCANNER_SCAN_FILE} receivers:([ResolveInfo{815ef26 com.google.android.providers.media.module/com.android.providers.media.MediaReceiver m=0x208000}, ResolveInfo{d989767 com.folderv.file/.UsbBroadcastReceiver m=0x208000}]) take 21ms in [background], remains -1
04-14 18:18:47.022  1092  1547 D BroadcastQueue: Add broadcast <BroadcastRecord{fb425bd u0 android.intent.action.MEDIA_SCANNER_SCAN_FILE}> into [ordered | background], pending size 0
04-14 18:18:47.065  1092  1547 D BroadcastQueue: Add broadcast <BroadcastRecord{111bcfe u0 android.intent.action.MEDIA_SCANNER_SCAN_FILE}> into [ordered | background], pending size 0
04-14 18:18:47.069  1092  1092 I Telecom : DefaultDialerCache: Package Manager could not find ComponentName:com.android.incallui: TSI.iIMC@aWo
04-14 18:18:47.070  1092  1547 D BroadcastQueue: Add broadcast <BroadcastRecord{6970c5f u0 android.intent.action.MEDIA_SCANNER_SCAN_FILE}> into [ordered | background], pending size 1
04-14 18:18:47.070  1092  1547 D BroadcastQueue: Header is BroadcastRecord{111bcfe u0 android.intent.action.MEDIA_SCANNER_SCAN_FILE} now
04-14 18:18:47.077  1092  1547 D F_TranHibernation: screen off bc restricted1 by uid 10202
04-14 18:18:47.082  1092  1275 D BroadcastQueue: Finished with ordered broadcast BroadcastRecord{fb425bd u0 android.intent.action.MEDIA_SCANNER_SCAN_FILE} receivers:([ResolveInfo{48f66ac com.google.android.providers.media.module/com.android.providers.media.MediaReceiver m=0x208000}, ResolveInfo{75f4f75 com.folderv.file/.UsbBroadcastReceiver m=0x208000}]) take 60ms in [background], remains 1
04-14 18:18:47.093  1092  9594 D F_TranHibernation: screen off bc restricted1 by uid 10202
04-14 18:18:47.095  1092  1275 D BroadcastQueue: Finished with ordered broadcast BroadcastRecord{111bcfe u0 android.intent.action.MEDIA_SCANNER_SCAN_FILE} receivers:([ResolveInfo{748ab0a com.google.android.providers.media.module/com.android.providers.media.MediaReceiver m=0x208000}, ResolveInfo{1ca0f7b com.folderv.file/.UsbBroadcastReceiver m=0x208000}]) take 12ms in [background], remains 0
04-14 18:18:47.098  1092  1530 D F_TranHibernation: screen off bc restricted1 by uid 10202
04-14 18:18:47.099  1092  1275 D BroadcastQueue: Finished with ordered broadcast BroadcastRecord{6970c5f u0 android.intent.action.MEDIA_SCANNER_SCAN_FILE} receivers:([ResolveInfo{7e24198 com.google.android.providers.media.module/com.android.providers.media.MediaReceiver m=0x208000}, ResolveInfo{ee26df1 com.folderv.file/.UsbBroadcastReceiver m=0x208000}]) take 4ms in [background], remains -1
04-14 18:18:47.124  1092  9594 W JobScheduler: Job didn't exist in JobStore: 5f2dbf9 #u0a99/65502 com.google.android.apps.nbu.files/androidx.work.impl.background.systemjob.SystemJobService
04-14 18:18:47.206  1092  1547 D BroadcastQueue: Add broadcast <BroadcastRecord{a3abb0 u0 android.intent.action.MEDIA_SCANNER_SCAN_FILE}> into [ordered | background], pending size 0
04-14 18:18:47.211  1092  9594 D F_TranHibernation: screen off bc restricted1 by uid 10202
04-14 18:18:47.215  1092  1275 D BroadcastQueue: Finished with ordered broadcast BroadcastRecord{a3abb0 u0 android.intent.action.MEDIA_SCANNER_SCAN_FILE} receivers:([ResolveInfo{e1fea29 com.google.android.providers.media.module/com.android.providers.media.MediaReceiver m=0x208000}, ResolveInfo{1a561ae com.folderv.file/.UsbBroadcastReceiver m=0x208000}]) take 8ms in [background], remains -1
04-14 18:18:47.414  1092  1530 D os.permission.PermissionInfo: checkPermission 10174:android.permission.INTERACT_ACROSS_USERS_FULL:true
04-14 18:18:47.414  1092  1530 I os.permission: Grant permission: android.permission.INTERACT_ACROSS_USERS_FULL to uid: 10174
04-14 18:18:47.438  1092  1092 I AlarmManager: going to release mWakeLock actually.
04-14 18:18:47.475  1092  1720 V os.NotificationManagerServiceLice: onFixNotification notification= Notification(channel=downloader_progress_channel shortcut=null contentView=null vibrate=null sound=null defaults=0x0 flags=0xa color=0xff54759e actions=2 vis=PRIVATE)
04-14 18:18:47.481  1092  9594 V os.NotificationManagerServiceLice: onFixNotification notification= Notification(channel=downloader_progress_channel shortcut=null contentView=null vibrate=null sound=null defaults=0x0 flags=0xa color=0xff54759e actions=2 vis=PRIVATE)
04-14 18:18:47.537  1092  9594 V os.NotificationManagerServiceLice: onFixNotification notification= Notification(channel=downloader_progress_channel shortcut=null contentView=null vibrate=null sound=null defaults=0x0 flags=0xa color=0xff54759e actions=2 vis=PRIVATE)
04-14 18:18:47.542  1092  1720 V os.NotificationManagerServiceLice: onFixNotification notification= Notification(channel=downloader_progress_channel shortcut=null contentView=null vibrate=null sound=null defaults=0x0 flags=0xa color=0xff54759e actions=2 vis=PRIVATE)
04-14 18:18:47.584  1092  9594 V os.NotificationManagerServiceLice: onFixNotification notification= Notification(channel=downloader_progress_channel shortcut=null contentView=null vibrate=null sound=null defaults=0x0 flags=0xa color=0xff54759e actions=2 vis=PRIVATE)
04-14 18:18:47.680  1092  1092 I Telecom : DefaultDialerCache: Package Manager could not find ComponentName:com.android.incallui: TSI.iIMC@aWw
04-14 18:18:47.687  1092  1092 I Telecom : DefaultDialerCache: Package Manager could not find ComponentName:com.android.incallui: TSI.iIMC@aW4
04-14 18:18:47.695  1092  1398 D BroadcastQueue: Add broadcast <BroadcastRecord{1c1cb4f u-1 android.net.wifi.RSSI_CHANGED}> into [parallel | background], pending size 0
04-14 18:18:47.698  1092  1275 D BroadcastQueue: Done with parallel broadcast [background] [BroadcastRecord{1c1cb4f u-1 android.net.wifi.RSSI_CHANGED}]
04-14 18:18:47.741  1092  1092 I Telecom : DefaultDialerCache: Package Manager could not find ComponentName:com.android.incallui: TSI.iIMC@aXA
04-14 18:18:47.747  1092  1092 I Telecom : DefaultDialerCache: Package Manager could not find ComponentName:com.android.incallui: TSI.iIMC@aXI
04-14 18:18:47.789  1092  1092 I Telecom : DefaultDialerCache: Package Manager could not find ComponentName:com.android.incallui: TSI.iIMC@aXQ
04-14 18:18:47.958  1092  1092 D NetworkStatusMonitor: getAllInterfaceNames network type is wifi
04-14 18:18:47.958  1092  1092 D NetworkStatusMonitor: onNetworkTypeChanged wifi => wifi
04-14 18:18:48.013  1092  1720 D BroadcastQueue: Add broadcast <BroadcastRecord{bb540c8 u0 android.intent.action.MEDIA_SCANNER_SCAN_FILE}> into [ordered | background], pending size 0
04-14 18:18:48.018  1092  1332 D BroadcastQueue: Add broadcast <BroadcastRecord{8bbf886 u0 android.intent.action.MEDIA_SCANNER_SCAN_FILE}> into [ordered | background], pending size 0
04-14 18:18:48.033  1092  1530 D BroadcastQueue: Add broadcast <BroadcastRecord{24f1712 u0 android.intent.action.MEDIA_SCANNER_SCAN_FILE}> into [ordered | background], pending size 1
04-14 18:18:48.033  1092  1530 D BroadcastQueue: Header is BroadcastRecord{8bbf886 u0 android.intent.action.MEDIA_SCANNER_SCAN_FILE} now
04-14 18:18:48.034  1092  1332 D F_TranHibernation: screen off bc restricted1 by uid 10202
04-14 18:18:48.035  1092  1275 D BroadcastQueue: Finished with ordered broadcast BroadcastRecord{bb540c8 u0 android.intent.action.MEDIA_SCANNER_SCAN_FILE} receivers:([ResolveInfo{ea07ee3 com.google.android.providers.media.module/com.android.providers.media.MediaReceiver m=0x208000}, ResolveInfo{79160e0 com.folderv.file/.UsbBroadcastReceiver m=0x208000}]) take 22ms in [background], remains 1
04-14 18:18:48.040  1092  1530 D BroadcastQueue: Add broadcast <BroadcastRecord{1aaaf99 u0 android.intent.action.MEDIA_SCANNER_SCAN_FILE}> into [ordered | background], pending size 1
04-14 18:18:48.041  1092  1530 D BroadcastQueue: Header is BroadcastRecord{24f1712 u0 android.intent.action.MEDIA_SCANNER_SCAN_FILE} now
04-14 18:18:48.041  1092  9594 D F_TranHibernation: screen off bc restricted1 by uid 10202
04-14 18:18:48.043  1092  1275 D BroadcastQueue: Finished with ordered broadcast BroadcastRecord{8bbf886 u0 android.intent.action.MEDIA_SCANNER_SCAN_FILE} receivers:([ResolveInfo{83925e com.google.android.providers.media.module/com.android.providers.media.MediaReceiver m=0x208000}, ResolveInfo{152263f com.folderv.file/.UsbBroadcastReceiver m=0x208000}]) take 8ms in [background], remains 1
04-14 18:18:48.049  1092  1530 D BroadcastQueue: Add broadcast <BroadcastRecord{b5bab0c u0 android.intent.action.MEDIA_SCANNER_SCAN_FILE}> into [ordered | background], pending size 1
04-14 18:18:48.050  1092  1530 D BroadcastQueue: Header is BroadcastRecord{1aaaf99 u0 android.intent.action.MEDIA_SCANNER_SCAN_FILE} now
04-14 18:18:48.050  1092  1547 D F_TranHibernation: screen off bc restricted1 by uid 10202
04-14 18:18:48.052  1092  1275 D BroadcastQueue: Finished with ordered broadcast BroadcastRecord{24f1712 u0 android.intent.action.MEDIA_SCANNER_SCAN_FILE} receivers:([ResolveInfo{b6dac55 com.google.android.providers.media.module/com.android.providers.media.MediaReceiver m=0x208000}, ResolveInfo{6f2766a com.folderv.file/.UsbBroadcastReceiver m=0x208000}]) take 8ms in [background], remains 1
04-14 18:18:48.059  1092  1547 D F_TranHibernation: screen off bc restricted1 by uid 10202
04-14 18:18:48.060  1092  1275 D BroadcastQueue: Finished with ordered broadcast BroadcastRecord{1aaaf99 u0 android.intent.action.MEDIA_SCANNER_SCAN_FILE} receivers:([ResolveInfo{54ce75b com.google.android.providers.media.module/com.android.providers.media.MediaReceiver m=0x208000}, ResolveInfo{b9e6bf8 com.folderv.file/.UsbBroadcastReceiver m=0x208000}]) take 8ms in [background], remains 0
04-14 18:18:48.066  1092  9594 D F_TranHibernation: screen off bc restricted1 by uid 10202
04-14 18:18:48.068  1092  1275 D BroadcastQueue: Finished with ordered broadcast BroadcastRecord{b5bab0c u0 android.intent.action.MEDIA_SCANNER_SCAN_FILE} receivers:([ResolveInfo{129b8d1 com.google.android.providers.media.module/com.android.providers.media.MediaReceiver m=0x208000}, ResolveInfo{7b98f36 com.folderv.file/.UsbBroadcastReceiver m=0x208000}]) take 6ms in [background], remains -1
04-14 18:18:48.393  1092  9594 D BroadcastQueue: Add broadcast <BroadcastRecord{d689e37 u0 android.intent.action.MEDIA_SCANNER_SCAN_FILE}> into [ordered | background], pending size 0
04-14 18:18:48.413  1092  9594 D F_TranHibernation: screen off bc restricted1 by uid 10202
04-14 18:18:48.414  1092  1275 D BroadcastQueue: Finished with ordered broadcast BroadcastRecord{d689e37 u0 android.intent.action.MEDIA_SCANNER_SCAN_FILE} receivers:([ResolveInfo{9aec210 com.google.android.providers.media.module/com.android.providers.media.MediaReceiver m=0x208000}, ResolveInfo{6e9b109 com.folderv.file/.UsbBroadcastReceiver m=0x208000}]) take 21ms in [background], remains -1
--------- beginning of main
04-14 18:18:48.471   679   776 I DPUModule: DpuR5P0::checkLayerFormat <142>: checkLayerFormat: Format(1)
04-14 18:18:48.471   679   776 I DPUModule: DpuR5P0::checkTransform <35>: checkTransform: Transform(0), SRCRect(0,0)
04-14 18:18:48.471   679   776 I DPUModule: DpuR5P0::checkAFBCBlockSize <97>: checkAFBCBlockSize: compressed(1),format(1), pitch(720), vstride(96)
04-14 18:18:48.471   679   776 D DPUModule: [ …śhu] support: 0
04-14 18:18:48.483  2973  3039 I MediaProvider: Observed non-standard /storage/emulated/0/Documents/Scans/downloads/.nomedia
04-14 18:18:48.484  2973  3039 W ModernMediaScanner: Failed to visit /storage/emulated/0/Documents/Scans/downloads/Mangas-Origines.fr (FR)/Perfect Surgeon/Chapitre 67 - OpĂ©ration d'urgence_764b98_tmp/071.tmp: java.nio.file.NoSuchFileException: /storage/emulated/0/Documents/Scans/downloads/Mangas-Origines.fr (FR)/Perfect Surgeon/Chapitre 67 - OpĂ©ration d'urgence_764b98_tmp/071.tmp
04-14 18:18:48.488   679   776 I DPUModule: DpuR5P0::checkLayerFormat <142>: checkLayerFormat: Format(1)
04-14 18:18:48.488   679   776 I DPUModule: DpuR5P0::checkTransform <35>: checkTransform: Transform(0), SRCRect(0,0)
04-14 18:18:48.488   679   776 I DPUModule: DpuR5P0::checkAFBCBlockSize <97>: checkAFBCBlockSize: compressed(1),format(1), pitch(720), vstride(1616)
04-14 18:18:48.488   679   776 I DPUModule: DpuR5P0::checkLayerFormat <142>: checkLayerFormat: Format(1)
04-14 18:18:48.488   679   776 I DPUModule: DpuR5P0::checkTransform <35>: checkTransform: Transform(0), SRCRect(0,0)
04-14 18:18:48.488   679   776 I DPUModule: DpuR5P0::checkAFBCBlockSize <97>: checkAFBCBlockSize: compressed(1),format(1), pitch(720), vstride(80)
04-14 18:18:48.488   679   776 I DPUModule: DpuR5P0::checkLayerFormat <142>: checkLayerFormat: Format(1)
04-14 18:18:48.488   679   776 I DPUModule: DpuR5P0::checkTransform <35>: checkTransform: Transform(0), SRCRect(0,0)
04-14 18:18:48.488   679   776 I DPUModule: DpuR5P0::checkAFBCBlockSize <97>: checkAFBCBlockSize: compressed(1),format(1), pitch(720), vstride(96)
04-14 18:18:48.488   679   776 D DPUModule: [ …śhu] support: 0
04-14 18:18:48.498   674 11196 I audio_hw_primary: app type:0x   0, is_voip:0, device:2, pcm:-352510464, usecase:0x   8
04-14 18:18:48.509  1092  9594 D BroadcastQueue: Add broadcast <BroadcastRecord{b674f0e u0 android.intent.action.MEDIA_SCANNER_SCAN_FILE}> into [ordered | background], pending size 0
04-14 18:18:48.518  2973  3039 I MediaProvider: Scanned external_primary due to REASON_DEMAND, found 0 items in 36ms, 0 inserts 0 updates 0 deletes
04-14 18:18:48.520  2973 14510 I MediaProvider: Observed non-standard /storage/emulated/0/Documents/Scans/downloads/.nomedia
04-14 18:18:48.522  2973 14510 I MediaProvider: Observed non-standard /storage/emulated/0/Documents/Scans/downloads/.nomedia
04-14 18:18:48.524  2973  3039 I MediaProvider: Observed non-standard /storage/emulated/0/Documents/Scans/downloads/.nomedia
04-14 18:18:48.527  1092  9594 D F_TranHibernation: screen off bc restricted1 by uid 10202
04-14 18:18:48.529  1092  1275 D BroadcastQueue: Finished with ordered broadcast BroadcastRecord{b674f0e u0 android.intent.action.MEDIA_SCANNER_SCAN_FILE} receivers:([ResolveInfo{5525d4b com.google.android.providers.media.module/com.android.providers.media.MediaReceiver m=0x208000}, ResolveInfo{f80c328 com.folderv.file/.UsbBroadcastReceiver m=0x208000}]) take 19ms in [background], remains -1
04-14 18:18:48.531  2973  3813 I MediaProvider: Begin Intent { act=android.intent.action.MEDIA_SCANNER_SCAN_FILE dat=file:///... flg=0x1000010 cmp=com.google.android.providers.media.module/com.android.providers.media.MediaService }
04-14 18:18:48.534  2973  3813 I MediaProvider: Observed non-standard /storage/emulated/0/Documents/Scans/downloads/.nomedia
