04-14 18:18:53.834  2973  9227 I MediaProvider: Deleted 1 0 0 0 0 0 0 items on external_primary due to com.android.externalstorage
04-14 18:18:53.847  2973 31478 I MediaProvider: Deleted 1 0 0 0 0 0 0 items on external_primary due to com.android.externalstorage
04-14 18:18:53.862   674 11196 I audio_hw_primary: app type:0x   0, is_voip:0, device:2, pcm:-352510464, usecase:0x   8
04-14 18:18:53.865  2973 31490 I MediaProvider: Deleted 1 0 0 0 0 0 0 items on external_primary due to com.android.externalstorage
04-14 18:18:53.871   679   776 I DPUModule: DpuR5P0::checkLayerFormat <142>: checkLayerFormat: Format(1)
04-14 18:18:53.871   679   776 I DPUModule: DpuR5P0::checkTransform <35>: checkTransform: Transform(0), SRCRect(0,0)
04-14 18:18:53.871   679   776 I DPUModule: DpuR5P0::checkAFBCBlockSize <97>: checkAFBCBlockSize: compressed(1),format(1), pitch(720), vstride(1616)
04-14 18:18:53.871   679   776 I DPUModule: DpuR5P0::checkLayerFormat <142>: checkLayerFormat: Format(1)
04-14 18:18:53.871   679   776 I DPUModule: DpuR5P0::checkTransform <35>: checkTransform: Transform(0), SRCRect(0,0)
04-14 18:18:53.871   679   776 I DPUModule: DpuR5P0::checkAFBCBlockSize <97>: checkAFBCBlockSize: compressed(1),format(1), pitch(720), vstride(80)
04-14 18:18:53.871   679   776 I DPUModule: DpuR5P0::checkLayerFormat <142>: checkLayerFormat: Format(1)
04-14 18:18:53.871   679   776 I DPUModule: DpuR5P0::checkTransform <35>: checkTransform: Transform(0), SRCRect(0,0)
04-14 18:18:53.871   679   776 I DPUModule: DpuR5P0::checkAFBCBlockSize <97>: checkAFBCBlockSize: compressed(1),format(1), pitch(720), vstride(96)
04-14 18:18:53.871   679   776 D DPUModule: [ …śhu] support: 0
04-14 18:18:53.879  2973 31488 I MediaProvider: Deleted 1 0 0 0 0 0 0 items on external_primary due to com.android.externalstorage
04-14 18:18:53.887   679   776 I DPUModule: DpuR5P0::checkLayerFormat <142>: checkLayerFormat: Format(1)
04-14 18:18:53.887   679   776 I DPUModule: DpuR5P0::checkTransform <35>: checkTransform: Transform(0), SRCRect(0,0)
04-14 18:18:53.887   679   776 I DPUModule: DpuR5P0::checkAFBCBlockSize <97>: checkAFBCBlockSize: compressed(1),format(1), pitch(720), vstride(1616)
04-14 18:18:53.887   679   776 I DPUModule: DpuR5P0::checkLayerFormat <142>: checkLayerFormat: Format(1)
04-14 18:18:53.887   679   776 I DPUModule: DpuR5P0::checkTransform <35>: checkTransform: Transform(0), SRCRect(0,0)
04-14 18:18:53.887   679   776 I DPUModule: DpuR5P0::checkAFBCBlockSize <97>: checkAFBCBlockSize: compressed(1),format(1), pitch(720), vstride(80)
04-14 18:18:53.887   679   776 I DPUModule: DpuR5P0::checkLayerFormat <142>: checkLayerFormat: Format(1)
04-14 18:18:53.887   679   776 I DPUModule: DpuR5P0::checkTransform <35>: checkTransform: Transform(0), SRCRect(0,0)
04-14 18:18:53.887   679   776 I DPUModule: DpuR5P0::checkAFBCBlockSize <97>: checkAFBCBlockSize: compressed(1),format(1), pitch(720), vstride(96)
04-14 18:18:53.887   679   776 D DPUModule: [ …śhu] support: 0
04-14 18:18:53.898  2973 13256 I MediaProvider: Deleted 1 0 0 0 0 0 0 items on external_primary due to com.android.externalstorage
04-14 18:18:53.905   674 11196 I audio_hw_primary: app type:0x   0, is_voip:0, device:2, pcm:-352510464, usecase:0x   8
04-14 18:18:53.915  2973 31396 I MediaProvider: Deleted 1 0 0 0 0 0 0 items on external_primary due to com.android.externalstorage
04-14 18:18:53.932  2973 31397 I MediaProvider: Deleted 1 0 0 0 0 0 0 items on external_primary due to com.android.externalstorage
04-14 18:18:53.944   674 11196 I audio_hw_primary: app type:0x   0, is_voip:0, device:2, pcm:-352510464, usecase:0x   8
04-14 18:18:53.947  2973 14510 I MediaProvider: Deleted 1 0 0 0 0 0 0 items on external_primary due to com.android.externalstorage
04-14 18:18:53.971  2973  7441 I MediaProvider: Deleted 1 0 0 0 0 0 0 items on external_primary due to com.android.externalstorage
04-14 18:18:53.983   674 11196 I audio_hw_primary: app type:0x   0, is_voip:0, device:2, pcm:-352510464, usecase:0x   8
04-14 18:18:53.984  2973 31396 I MediaProvider: Deleted 1 0 0 0 0 0 0 items on external_primary due to com.android.externalstorage
04-14 18:18:53.985   675   675 D bt_vendor: op for BT_VND_OP_LPM_WAKE_SET_STATE
04-14 18:18:53.998  2973 31396 I MediaProvider: Deleted 1 0 0 0 0 0 0 items on external_primary due to com.android.externalstorage
04-14 18:18:54.005  2215  2359 I bluetooth: packages/modules/Bluetooth/system/gd/hci/hci_layer.cc:292 send_next_command: LE_SET_EXTENDED_SCAN_ENABLE
04-14 18:18:54.006  2215  2361 I bluetooth: packages/modules/Bluetooth/system/gd/hci/hci_layer.cc:497 hciEventReceived: hciEventReceived -> on_hci_event start
04-14 18:18:54.006  2215  2361 I bluetooth: packages/modules/Bluetooth/system/gd/hci/hci_layer.cc:499 hciEventReceived: hciEventReceived -> on_hci_event end
04-14 18:18:54.009  2215  2359 I bluetooth: packages/modules/Bluetooth/system/gd/hci/hci_layer.cc:226 handle_command_response: middle
04-14 18:18:54.010  2215  2359 I bluetooth: packages/modules/Bluetooth/system/gd/hci/hci_layer.cc:279 send_next_command: return 3
04-14 18:18:54.011  2215  2359 I bluetooth: packages/modules/Bluetooth/system/gd/hci/hci_layer.cc:292 send_next_command: LE_SET_RANDOM_ADDRESS
04-14 18:18:54.012  2215  2359 W bluetooth: packages/modules/Bluetooth/system/gd/hci/le_scanning_manager.cc:1476 check_status: Receive set extended scan enable with error code SUCCESS
04-14 18:18:54.015  2215  2361 I bluetooth: packages/modules/Bluetooth/system/gd/hci/hci_layer.cc:497 hciEventReceived: hciEventReceived -> on_hci_event start
04-14 18:18:54.015  2215  2361 I bluetooth: packages/modules/Bluetooth/system/gd/hci/hci_layer.cc:499 hciEventReceived: hciEventReceived -> on_hci_event end
04-14 18:18:54.015  2215  2359 I bluetooth: packages/modules/Bluetooth/system/gd/hci/hci_layer.cc:226 handle_command_response: middle
04-14 18:18:54.016  2215  2359 I bluetooth: packages/modules/Bluetooth/system/gd/hci/hci_layer.cc:279 send_next_command: return 3
04-14 18:18:54.016  2215  2359 I bluetooth: packages/modules/Bluetooth/system/gd/hci/le_address_manager.cc:523 OnCommandComplete: Received command complete with op_code LE_SET_RANDOM_ADDRESS
04-14 18:18:54.017  2215  2359 I bluetooth: packages/modules/Bluetooth/system/gd/hci/le_address_manager.cc:542 OnCommandComplete: update random address : 5c:ce:44:37:35:96
04-14 18:18:54.018  2215  2359 I bluetooth: packages/modules/Bluetooth/system/gd/hci/hci_layer.cc:292 send_next_command: LE_SET_EXTENDED_SCAN_ENABLE
04-14 18:18:54.022  2973  3039 I MediaProvider: Observed non-standard /storage/emulated/0/Documents/Scans/downloads/.nomedia
04-14 18:18:54.022  2215  2361 I bluetooth: packages/modules/Bluetooth/system/gd/hci/hci_layer.cc:497 hciEventReceived: hciEventReceived -> on_hci_event start
04-14 18:18:54.022  2215  2361 I bluetooth: packages/modules/Bluetooth/system/gd/hci/hci_layer.cc:499 hciEventReceived: hciEventReceived -> on_hci_event end
04-14 18:18:54.023  2215  2359 I bluetooth: packages/modules/Bluetooth/system/gd/hci/hci_layer.cc:226 handle_command_response: middle
04-14 18:18:54.023  2215  2359 I bluetooth: packages/modules/Bluetooth/system/gd/hci/hci_layer.cc:279 send_next_command: return 3
04-14 18:18:54.023  2215  2359 W bluetooth: packages/modules/Bluetooth/system/gd/hci/le_scanning_manager.cc:1476 check_status: Receive set extended scan enable with error code SUCCESS
04-14 18:18:54.023   674 11196 I audio_hw_primary: app type:0x   0, is_voip:0, device:2, pcm:-352510464, usecase:0x   8
04-14 18:18:54.023  2973  3039 W ModernMediaScanner: Failed to visit /storage/emulated/0/Documents/Scans/downloads/Mangas-Origines.fr (FR)/Perfect Surgeon/Chapitre 67 - OpĂ©ration d'urgence_764b98_tmp: java.nio.file.NoSuchFileException: /storage/emulated/0/Documents/Scans/downloads/Mangas-Origines.fr (FR)/Perfect Surgeon/Chapitre 67 - OpĂ©ration d'urgence_764b98_tmp
04-14 18:18:54.060  2973  3039 I MediaProvider: Deleted 1 0 0 0 0 0 0 items on external_primary due to scan triggered by reason: REASON_DEMAND
04-14 18:18:54.063  2973  3039 I MediaProvider: Scanned external_primary due to REASON_DEMAND, found 0 items in 43ms, 0 inserts 0 updates 1 deletes
04-14 18:18:54.064   674 11196 I audio_hw_primary: app type:0x   0, is_voip:0, device:2, pcm:-352510464, usecase:0x   8
04-14 18:18:54.077  6883  7050 E DatabaseUtils: Writing exception to parcel
04-14 18:18:54.077  6883  7050 E DatabaseUtils: java.lang.IllegalArgumentException: Failed to determine if primary:Documents/Scans/downloads/Mangas-Origines.fr (FR)/Perfect Surgeon/Chapitre 67 - OpĂ©ration d'urgence_764b98_tmp is child of primary:Documents/Scans: java.io.FileNotFoundException: Missing file for primary:Documents/Scans/downloads/Mangas-Origines.fr (FR)/Perfect Surgeon/Chapitre 67 - OpĂ©ration d'urgence_764b98_tmp at /storage/emulated/0/Documents/Scans/downloads/Mangas-Origines.fr (FR)/Perfect Surgeon/Chapitre 67 - OpĂ©ration d'urgence_764b98_tmp
04-14 18:18:54.077  6883  7050 E DatabaseUtils: 	at com.android.internal.content.FileSystemProvider.isChildDocument(FileSystemProvider.java:145)
04-14 18:18:54.077  6883  7050 E DatabaseUtils: 	at android.provider.DocumentsProvider.enforceTree(DocumentsProvider.java:235)
04-14 18:18:54.077  6883  7050 E DatabaseUtils: 	at android.provider.DocumentsProvider.query(DocumentsProvider.java:923)
04-14 18:18:54.077  6883  7050 E DatabaseUtils: 	at android.content.ContentProvider$Transport.query(ContentProvider.java:293)
04-14 18:18:54.077  6883  7050 E DatabaseUtils: 	at android.content.ContentProviderNative.onTransact(ContentProviderNative.java:107)
04-14 18:18:54.077  6883  7050 E DatabaseUtils: 	at android.os.Binder.execTransactInternal(Binder.java:1281)
04-14 18:18:54.077  6883  7050 E DatabaseUtils: 	at android.os.Binder.execTransact(Binder.java:1244)
04-14 18:18:54.084  1092  2391 D SmartBandWith_Controller2: [handleMessage] what: 1004
04-14 18:18:54.085  1092  2391 D SmartBandWith_Controller2: [isNetworkRateSatisfy]mUid = 10282, curWhiteAppByte = 9797433766 Byte
04-14 18:18:54.087  1092  2391 D SmartBandWith_Controller2: [isNetworkRateSatisfy]System totalRate = 22.681967 kbps
04-14 18:18:54.087  1092  2391 D SmartBandWith_Controller2: system network is out of limit scale or fg App not using
04-14 18:18:54.087  1092  2391 D SmartBandWith_Controller2: isNetworkRateSatisfy: false
04-14 18:18:54.102   674 11196 I audio_hw_primary: app type:0x   0, is_voip:0, device:2, pcm:-352510464, usecase:0x   8
04-14 18:18:54.145   674 11196 I audio_hw_primary: app type:0x   0, is_voip:0, device:2, pcm:-352510464, usecase:0x   8
04-14 18:18:54.171   679   776 I DPUModule: DpuR5P0::checkLayerFormat <142>: checkLayerFormat: Format(1)
04-14 18:18:54.171   679   776 I DPUModule: DpuR5P0::checkTransform <35>: checkTransform: Transform(0), SRCRect(0,0)
04-14 18:18:54.171   679   776 I DPUModule: DpuR5P0::checkAFBCBlockSize <97>: checkAFBCBlockSize: compressed(1),format(1), pitch(720), vstride(1616)
04-14 18:18:54.171   679   776 I DPUModule: DpuR5P0::checkLayerFormat <142>: checkLayerFormat: Format(1)
04-14 18:18:54.171   679   776 I DPUModule: DpuR5P0::checkTransform <35>: checkTransform: Transform(0), SRCRect(0,0)
04-14 18:18:54.171   679   776 I DPUModule: DpuR5P0::checkAFBCBlockSize <97>: checkAFBCBlockSize: compressed(1),format(1), pitch(720), vstride(80)
04-14 18:18:54.171   679   776 I DPUModule: DpuR5P0::checkLayerFormat <142>: checkLayerFormat: Format(1)
04-14 18:18:54.171   679   776 I DPUModule: DpuR5P0::checkTransform <35>: checkTransform: Transform(0), SRCRect(0,0)
04-14 18:18:54.171   679   776 I DPUModule: DpuR5P0::checkAFBCBlockSize <97>: checkAFBCBlockSize: compressed(1),format(1), pitch(720), vstride(96)
04-14 18:18:54.171   679   776 D DPUModule: [ …śhu] support: 0
04-14 18:18:54.185   674 11196 I audio_hw_primary: app type:0x   0, is_voip:0, device:2, pcm:-352510464, usecase:0x   8
04-14 18:18:54.203  6883  7050 E DatabaseUtils: Writing exception to parcel
04-14 18:18:54.203  6883  7050 E DatabaseUtils: java.lang.IllegalArgumentException: Failed to determine if primary:Documents/Scans/downloads/Mangas-Origines.fr (FR)/Perfect Surgeon/Chapitre 68 - Quelqu'un de cĂ©lĂ¨bre_6f3c3e_tmp is child of primary:Documents/Scans: java.io.FileNotFoundException: Missing file for primary:Documents/Scans/downloads/Mangas-Origines.fr (FR)/Perfect Surgeon/Chapitre 68 - Quelqu'un de cĂ©lĂ¨bre_6f3c3e_tmp at /storage/emulated/0/Documents/Scans/downloads/Mangas-Origines.fr (FR)/Perfect Surgeon/Chapitre 68 - Quelqu'un de cĂ©lĂ¨bre_6f3c3e_tmp
04-14 18:18:54.203  6883  7050 E DatabaseUtils: 	at com.android.internal.content.FileSystemProvider.isChildDocument(FileSystemProvider.java:145)
04-14 18:18:54.203  6883  7050 E DatabaseUtils: 	at android.provider.DocumentsProvider.enforceTree(DocumentsProvider.java:235)
04-14 18:18:54.203  6883  7050 E DatabaseUtils: 	at android.provider.DocumentsProvider.query(DocumentsProvider.java:923)
04-14 18:18:54.203  6883  7050 E DatabaseUtils: 	at android.content.ContentProvider$Transport.query(ContentProvider.java:293)
04-14 18:18:54.203  6883  7050 E DatabaseUtils: 	at android.content.ContentProviderNative.onTransact(ContentProviderNative.java:107)
04-14 18:18:54.203  6883  7050 E DatabaseUtils: 	at android.os.Binder.execTransactInternal(Binder.java:1281)
04-14 18:18:54.203  6883  7050 E DatabaseUtils: 	at android.os.Binder.execTransact(Binder.java:1244)
04-14 18:18:54.204   679   776 I DPUModule: DpuR5P0::checkLayerFormat <142>: checkLayerFormat: Format(1)
04-14 18:18:54.204   679   776 I DPUModule: DpuR5P0::checkTransform <35>: checkTransform: Transform(0), SRCRect(0,0)
04-14 18:18:54.204   679   776 I DPUModule: DpuR5P0::checkAFBCBlockSize <97>: checkAFBCBlockSize: compressed(1),format(1), pitch(720), vstride(1616)
04-14 18:18:54.204   679   776 I DPUModule: DpuR5P0::checkLayerFormat <142>: checkLayerFormat: Format(1)
04-14 18:18:54.204   679   776 I DPUModule: DpuR5P0::checkTransform <35>: checkTransform: Transform(0), SRCRect(0,0)
04-14 18:18:54.204   679   776 I DPUModule: DpuR5P0::checkAFBCBlockSize <97>: checkAFBCBlockSize: compressed(1),format(1), pitch(720), vstride(80)
04-14 18:18:54.204   679   776 I DPUModule: DpuR5P0::checkLayerFormat <142>: checkLayerFormat: Format(1)
04-14 18:18:54.204   679   776 I DPUModule: DpuR5P0::checkTransform <35>: checkTransform: Transform(0), SRCRect(0,0)
04-14 18:18:54.204   679   776 I DPUModule: DpuR5P0::checkAFBCBlockSize <97>: checkAFBCBlockSize: compressed(1),format(1), pitch(720), vstride(96)
04-14 18:18:54.204   679   776 D DPUModule: [ …śhu] support: 0
04-14 18:18:54.222   674 11196 I audio_hw_primary: app type:0x   0, is_voip:0, device:2, pcm:-352510464, usecase:0x   8
04-14 18:18:54.227  2973  3039 I MediaProvider: Observed non-standard /storage/emulated/0/Documents/Scans/downloads/.nomedia
04-14 18:18:54.230  2973  3039 D ModernMediaScanner: Skipping preVisitDirectory /storage/emulated/0/Documents/Scans/downloads/Mangas-Origines.fr (FR)/Perfect Surgeon/Chapitre 68 - Quelqu'un de cĂ©lĂ¨bre_6f3c3e_tmp
04-14 18:18:54.259   674 11196 I audio_hw_primary: app type:0x   0, is_voip:0, device:2, pcm:-352510464, usecase:0x   8
04-14 18:18:54.262  2973  3039 I MediaProvider: Scanned external_primary due to REASON_DEMAND, found 0 items in 36ms, 0 inserts 0 updates 0 deletes
04-14 18:18:54.301   674 11196 I audio_hw_primary: app type:0x   0, is_voip:0, device:2, pcm:-352510464, usecase:0x   8
04-14 18:18:54.342   674 11196 I audio_hw_primary: app type:0x   0, is_voip:0, device:2, pcm:-352510464, usecase:0x   8
04-14 18:18:54.380   674 11196 I audio_hw_primary: app type:0x   0, is_voip:0, device:2, pcm:-352510464, usecase:0x   8
04-14 18:18:54.422   674 11196 I audio_hw_primary: app type:0x   0, is_voip:0, device:2, pcm:-352510464, usecase:0x   8
04-14 18:18:54.461   674 11196 I audio_hw_primary: app type:0x   0, is_voip:0, device:2, pcm:-352510464, usecase:0x   8
04-14 18:18:54.470   679   776 I DPUModule: DpuR5P0::checkLayerFormat <142>: checkLayerFormat: Format(1)
04-14 18:18:54.470   679   776 I DPUModule: DpuR5P0::checkTransform <35>: checkTransform: Transform(0), SRCRect(0,0)
04-14 18:18:54.470   679   776 I DPUModule: DpuR5P0::checkAFBCBlockSize <97>: checkAFBCBlockSize: compressed(1),format(1), pitch(720), vstride(1616)
04-14 18:18:54.470   679   776 I DPUModule: DpuR5P0::checkLayerFormat <142>: checkLayerFormat: Format(1)
04-14 18:18:54.470   679   776 I DPUModule: DpuR5P0::checkTransform <35>: checkTransform: Transform(0), SRCRect(0,0)
04-14 18:18:54.470   679   776 I DPUModule: DpuR5P0::checkAFBCBlockSize <97>: checkAFBCBlockSize: compressed(1),format(1), pitch(720), vstride(80)
04-14 18:18:54.470   679   776 I DPUModule: DpuR5P0::checkLayerFormat <142>: checkLayerFormat: Format(1)
04-14 18:18:54.470   679   776 I DPUModule: DpuR5P0::checkTransform <35>: checkTransform: Transform(0), SRCRect(0,0)
04-14 18:18:54.470   679   776 I DPUModule: DpuR5P0::checkAFBCBlockSize <97>: checkAFBCBlockSize: compressed(1),format(1), pitch(720), vstride(96)
04-14 18:18:54.470   679   776 D DPUModule: [ …śhu] support: 0
04-14 18:18:54.501   674 11196 I audio_hw_primary: app type:0x   0, is_voip:0, device:2, pcm:-352510464, usecase:0x   8
04-14 18:18:54.503   679   776 I DPUModule: DpuR5P0::checkLayerFormat <142>: checkLayerFormat: Format(1)
04-14 18:18:54.503   679   776 I DPUModule: DpuR5P0::checkTransform <35>: checkTransform: Transform(0), SRCRect(0,0)
04-14 18:18:54.503   679   776 I DPUModule: DpuR5P0::checkAFBCBlockSize <97>: checkAFBCBlockSize: compressed(1),format(1), pitch(720), vstride(1616)
04-14 18:18:54.503   679   776 I DPUModule: DpuR5P0::checkLayerFormat <142>: checkLayerFormat: Format(1)
04-14 18:18:54.503   679   776 I DPUModule: DpuR5P0::checkTransform <35>: checkTransform: Transform(0), SRCRect(0,0)
04-14 18:18:54.504   679   776 I DPUModule: DpuR5P0::checkAFBCBlockSize <97>: checkAFBCBlockSize: compressed(1),format(1), pitch(720), vstride(80)
04-14 18:18:54.504   679   776 I DPUModule: DpuR5P0::checkLayerFormat <142>: checkLayerFormat: Format(1)
04-14 18:18:54.504   679   776 I DPUModule: DpuR5P0::checkTransform <35>: checkTransform: Transform(0), SRCRect(0,0)
04-14 18:18:54.504   679   776 I DPUModule: DpuR5P0::checkAFBCBlockSize <97>: checkAFBCBlockSize: compressed(1),format(1), pitch(720), vstride(96)
04-14 18:18:54.504   679   776 D DPUModule: [ …śhu] support: 0
04-14 18:18:54.539   674 11196 I audio_hw_primary: app type:0x   0, is_voip:0, device:2, pcm:-352510464, usecase:0x   8
04-14 18:18:54.579   674 11408 D dtsaudio: eagle pipeline proc call 6946000 (size =1920, inCh=3, outCh=3, android fmt in=5, out=5) ret 0 
04-14 18:18:54.580   674 11196 I audio_hw_primary: app type:0x   0, is_voip:0, device:2, pcm:-352510464, usecase:0x   8
04-14 18:18:54.623   674 11196 I audio_hw_primary: app type:0x   0, is_voip:0, device:2, pcm:-352510464, usecase:0x   8
04-14 18:18:54.660   674 11196 I audio_hw_primary: app type:0x   0, is_voip:0, device:2, pcm:-352510464, usecase:0x   8
04-14 18:18:54.704   674 11196 I audio_hw_primary: app type:0x   0, is_voip:0, device:2, pcm:-352510464, usecase:0x   8
04-14 18:18:54.743   674 11196 I audio_hw_primary: app type:0x   0, is_voip:0, device:2, pcm:-352510464, usecase:0x   8
04-14 18:18:54.770   679   776 I DPUModule: DpuR5P0::checkLayerFormat <142>: checkLayerFormat: Format(1)
04-14 18:18:54.770   679   776 I DPUModule: DpuR5P0::checkTransform <35>: checkTransform: Transform(0), SRCRect(0,0)
04-14 18:18:54.770   679   776 I DPUModule: DpuR5P0::checkAFBCBlockSize <97>: checkAFBCBlockSize: compressed(1),format(1), pitch(720), vstride(1616)
04-14 18:18:54.770   679   776 I DPUModule: DpuR5P0::checkLayerFormat <142>: checkLayerFormat: Format(1)
04-14 18:18:54.770   679   776 I DPUModule: DpuR5P0::checkTransform <35>: checkTransform: Transform(0), SRCRect(0,0)
04-14 18:18:54.770   679   776 I DPUModule: DpuR5P0::checkAFBCBlockSize <97>: checkAFBCBlockSize: compressed(1),format(1), pitch(720), vstride(80)
04-14 18:18:54.770   679   776 I DPUModule: DpuR5P0::checkLayerFormat <142>: checkLayerFormat: Format(1)
04-14 18:18:54.770   679   776 I DPUModule: DpuR5P0::checkTransform <35>: checkTransform: Transform(0), SRCRect(0,0)
04-14 18:18:54.770   679   776 I DPUModule: DpuR5P0::checkAFBCBlockSize <97>: checkAFBCBlockSize: compressed(1),format(1), pitch(720), vstride(96)
04-14 18:18:54.770   679   776 D DPUModule: [ …śhu] support: 0
04-14 18:18:54.782   674 11196 I audio_hw_primary: app type:0x   0, is_voip:0, device:2, pcm:-352510464, usecase:0x   8
04-14 18:18:54.803   679   776 I DPUModule: DpuR5P0::checkLayerFormat <142>: checkLayerFormat: Format(1)
04-14 18:18:54.803   679   776 I DPUModule: DpuR5P0::checkTransform <35>: checkTransform: Transform(0), SRCRect(0,0)
04-14 18:18:54.803   679   776 I DPUModule: DpuR5P0::checkAFBCBlockSize <97>: checkAFBCBlockSize: compressed(1),format(1), pitch(720), vstride(1616)
04-14 18:18:54.803   679   776 I DPUModule: DpuR5P0::checkLayerFormat <142>: checkLayerFormat: Format(1)
04-14 18:18:54.803   679   776 I DPUModule: DpuR5P0::checkTransform <35>: checkTransform: Transform(0), SRCRect(0,0)
04-14 18:18:54.803   679   776 I DPUModule: DpuR5P0::checkAFBCBlockSize <97>: checkAFBCBlockSize: compressed(1),format(1), pitch(720), vstride(80)
04-14 18:18:54.804   679   776 I DPUModule: DpuR5P0::checkLayerFormat <142>: checkLayerFormat: Format(1)
04-14 18:18:54.804   679   776 I DPUModule: DpuR5P0::checkTransform <35>: checkTransform: Transform(0), SRCRect(0,0)
04-14 18:18:54.804   679   776 I DPUModule: DpuR5P0::checkAFBCBlockSize <97>: checkAFBCBlockSize: compressed(1),format(1), pitch(720), vstride(96)
04-14 18:18:54.804   679   776 D DPUModule: [ …śhu] support: 0
04-14 18:18:54.825   674 11196 I audio_hw_primary: app type:0x   0, is_voip:0, device:2, pcm:-352510464, usecase:0x   8
04-14 18:18:54.864   674 11196 I audio_hw_primary: app type:0x   0, is_voip:0, device:2, pcm:-352510464, usecase:0x   8
04-14 18:18:54.902   674 11196 I audio_hw_primary: app type:0x   0, is_voip:0, device:2, pcm:-352510464, usecase:0x   8
04-14 18:18:54.948   674 11196 I audio_hw_primary: app type:0x   0, is_voip:0, device:2, pcm:-352510464, usecase:0x   8
04-14 18:18:54.958 14718 14718 D ip_monitor-917: 192.168.100.6 dev wlan0 lladdr 58:96:71:b3:dc:18 STALE
04-14 18:18:54.982   674 11196 I audio_hw_primary: app type:0x   0, is_voip:0, device:2, pcm:-352510464, usecase:0x   8
04-14 18:18:55.022   674 11196 I audio_hw_primary: app type:0x   0, is_voip:0, device:2, pcm:-352510464, usecase:0x   8
04-14 18:18:55.062   674 11196 I audio_hw_primary: app type:0x   0, is_voip:0, device:2, pcm:-352510464, usecase:0x   8
04-14 18:18:55.070   679   776 I DPUModule: DpuR5P0::checkLayerFormat <142>: checkLayerFormat: Format(1)
04-14 18:18:55.070   679   776 I DPUModule: DpuR5P0::checkTransform <35>: checkTransform: Transform(0), SRCRect(0,0)
04-14 18:18:55.070   679   776 I DPUModule: DpuR5P0::checkAFBCBlockSize <97>: checkAFBCBlockSize: compressed(1),format(1), pitch(720), vstride(1616)
04-14 18:18:55.070   679   776 I DPUModule: DpuR5P0::checkLayerFormat <142>: checkLayerFormat: Format(1)
04-14 18:18:55.070   679   776 I DPUModule: DpuR5P0::checkTransform <35>: checkTransform: Transform(0), SRCRect(0,0)
04-14 18:18:55.070   679   776 I DPUModule: DpuR5P0::checkAFBCBlockSize <97>: checkAFBCBlockSize: compressed(1),format(1), pitch(720), vstride(80)
04-14 18:18:55.070   679   776 I DPUModule: DpuR5P0::checkLayerFormat <142>: checkLayerFormat: Format(1)
04-14 18:18:55.070   679   776 I DPUModule: DpuR5P0::checkTransform <35>: checkTransform: Transform(0), SRCRect(0,0)
04-14 18:18:55.070   679   776 I DPUModule: DpuR5P0::checkAFBCBlockSize <97>: checkAFBCBlockSize: compressed(1),format(1), pitch(720), vstride(96)
04-14 18:18:55.070   679   776 D DPUModule: [ …śhu] support: 0
04-14 18:18:55.087   679   776 I DPUModule: DpuR5P0::checkLayerFormat <142>: checkLayerFormat: Format(1)
04-14 18:18:55.087   679   776 I DPUModule: DpuR5P0::checkTransform <35>: checkTransform: Transform(0), SRCRect(0,0)
04-14 18:18:55.087   679   776 I DPUModule: DpuR5P0::checkAFBCBlockSize <97>: checkAFBCBlockSize: compressed(1),format(1), pitch(720), vstride(1616)
04-14 18:18:55.087   679   776 I DPUModule: DpuR5P0::checkLayerFormat <142>: checkLayerFormat: Format(1)
04-14 18:18:55.087   679   776 I DPUModule: DpuR5P0::checkTransform <35>: checkTransform: Transform(0), SRCRect(0,0)
04-14 18:18:55.087   679   776 I DPUModule: DpuR5P0::checkAFBCBlockSize <97>: checkAFBCBlockSize: compressed(1),format(1), pitch(720), vstride(80)
04-14 18:18:55.087   679   776 I DPUModule: DpuR5P0::checkLayerFormat <142>: checkLayerFormat: Format(1)
04-14 18:18:55.087   679   776 I DPUModule: DpuR5P0::checkTransform <35>: checkTransform: Transform(0), SRCRect(0,0)
04-14 18:18:55.087   679   776 I DPUModule: DpuR5P0::checkAFBCBlockSize <97>: checkAFBCBlockSize: compressed(1),format(1), pitch(720), vstride(96)
04-14 18:18:55.087   679   776 D DPUModule: [ …śhu] support: 0
04-14 18:18:55.099   674 11196 I audio_hw_primary: app type:0x   0, is_voip:0, device:2, pcm:-352510464, usecase:0x   8
04-14 18:18:55.141   674 11196 I audio_hw_primary: app type:0x   0, is_voip:0, device:2, pcm:-352510464, usecase:0x   8
04-14 18:18:55.182   674 11196 I audio_hw_primary: app type:0x   0, is_voip:0, device:2, pcm:-352510464, usecase:0x   8
04-14 18:18:55.218   674 11196 I audio_hw_primary: app type:0x   0, is_voip:0, device:2, pcm:-352510464, usecase:0x   8
04-14 18:18:55.260   674 11196 I audio_hw_primary: app type:0x   0, is_voip:0, device:2, pcm:-352510464, usecase:0x   8
04-14 18:18:55.301   674 11196 I audio_hw_primary: app type:0x   0, is_voip:0, device:2, pcm:-352510464, usecase:0x   8
04-14 18:18:55.321   679   776 I DPUModule: DpuR5P0::checkLayerFormat <142>: checkLayerFormat: Format(1)
04-14 18:18:55.321   679   776 I DPUModule: DpuR5P0::checkTransform <35>: checkTransform: Transform(0), SRCRect(0,0)
04-14 18:18:55.321   679   776 I DPUModule: DpuR5P0::checkAFBCBlockSize <97>: checkAFBCBlockSize: compressed(1),format(1), pitch(720), vstride(1616)
04-14 18:18:55.321   679   776 I DPUModule: DpuR5P0::checkLayerFormat <142>: checkLayerFormat: Format(1)
04-14 18:18:55.321   679   776 I DPUModule: DpuR5P0::checkTransform <35>: checkTransform: Transform(0), SRCRect(0,0)
04-14 18:18:55.321   679   776 I DPUModule: DpuR5P0::checkAFBCBlockSize <97>: checkAFBCBlockSize: compressed(1),format(1), pitch(720), vstride(80)
04-14 18:18:55.321   679   776 I DPUModule: DpuR5P0::checkLayerFormat <142>: checkLayerFormat: Format(1)
04-14 18:18:55.321   679   776 I DPUModule: DpuR5P0::checkTransform <35>: checkTransform: Transform(0), SRCRect(0,0)
04-14 18:18:55.321   679   776 I DPUModule: DpuR5P0::checkAFBCBlockSize <97>: checkAFBCBlockSize: compressed(1),format(1), pitch(720), vstride(96)
04-14 18:18:55.321   679   776 D DPUModule: [ …śhu] support: 0
04-14 18:18:55.339   674 11196 I audio_hw_primary: app type:0x   0, is_voip:0, device:2, pcm:-352510464, usecase:0x   8
04-14 18:18:55.370   679   776 I DPUModule: DpuR5P0::checkLayerFormat <142>: checkLayerFormat: Format(1)
04-14 18:18:55.370   679   776 I DPUModule: DpuR5P0::checkTransform <35>: checkTransform: Transform(0), SRCRect(0,0)
04-14 18:18:55.370   679   776 I DPUModule: DpuR5P0::checkAFBCBlockSize <97>: checkAFBCBlockSize: compressed(1),format(1), pitch(720), vstride(1616)
04-14 18:18:55.370   679   776 I DPUModule: DpuR5P0::checkLayerFormat <142>: checkLayerFormat: Format(1)
04-14 18:18:55.370   679   776 I DPUModule: DpuR5P0::checkTransform <35>: checkTransform: Transform(0), SRCRect(0,0)
04-14 18:18:55.370   679   776 I DPUModule: DpuR5P0::checkAFBCBlockSize <97>: checkAFBCBlockSize: compressed(1),format(1), pitch(720), vstride(80)
04-14 18:18:55.370   679   776 I DPUModule: DpuR5P0::checkLayerFormat <142>: checkLayerFormat: Format(1)
04-14 18:18:55.370   679   776 I DPUModule: DpuR5P0::checkTransform <35>: checkTransform: Transform(0), SRCRect(0,0)
04-14 18:18:55.370   679   776 I DPUModule: DpuR5P0::checkAFBCBlockSize <97>: checkAFBCBlockSize: compressed(1),format(1), pitch(720), vstride(96)
04-14 18:18:55.370   679   776 D DPUModule: [ …śhu] support: 0
04-14 18:18:55.381   674 11196 I audio_hw_primary: app type:0x   0, is_voip:0, device:2, pcm:-352510464, usecase:0x   8
04-14 18:18:55.403   679   776 I DPUModule: DpuR5P0::checkLayerFormat <142>: checkLayerFormat: Format(1)
04-14 18:18:55.404   679   776 I DPUModule: DpuR5P0::checkTransform <35>: checkTransform: Transform(0), SRCRect(0,0)
04-14 18:18:55.404   679   776 I DPUModule: DpuR5P0::checkAFBCBlockSize <97>: checkAFBCBlockSize: compressed(1),format(1), pitch(720), vstride(1616)
04-14 18:18:55.404   679   776 I DPUModule: DpuR5P0::checkLayerFormat <142>: checkLayerFormat: Format(1)
04-14 18:18:55.404   679   776 I DPUModule: DpuR5P0::checkTransform <35>: checkTransform: Transform(0), SRCRect(0,0)
04-14 18:18:55.404   679   776 I DPUModule: DpuR5P0::checkAFBCBlockSize <97>: checkAFBCBlockSize: compressed(1),format(1), pitch(720), vstride(80)
04-14 18:18:55.404   679   776 I DPUModule: DpuR5P0::checkLayerFormat <142>: checkLayerFormat: Format(1)
04-14 18:18:55.404   679   776 I DPUModule: DpuR5P0::checkTransform <35>: checkTransform: Transform(0), SRCRect(0,0)
04-14 18:18:55.404   679   776 I DPUModule: DpuR5P0::checkAFBCBlockSize <97>: checkAFBCBlockSize: compressed(1),format(1), pitch(720), vstride(96)
04-14 18:18:55.404   679   776 D DPUModule: [ …śhu] support: 0
04-14 18:18:55.419   674 11196 I audio_hw_primary: app type:0x   0, is_voip:0, device:2, pcm:-352510464, usecase:0x   8
04-14 18:18:55.462   674 11196 I audio_hw_primary: app type:0x   0, is_voip:0, device:2, pcm:-352510464, usecase:0x   8
04-14 18:18:55.500   674 11196 I audio_hw_primary: app type:0x   0, is_voip:0, device:2, pcm:-352510464, usecase:0x   8
04-14 18:18:55.540   674 11196 I audio_hw_primary: app type:0x   0, is_voip:0, device:2, pcm:-352510464, usecase:0x   8
04-14 18:18:55.581   674 11196 I audio_hw_primary: app type:0x   0, is_voip:0, device:2, pcm:-352510464, usecase:0x   8
04-14 18:18:55.621   674 11196 I audio_hw_primary: app type:0x   0, is_voip:0, device:2, pcm:-352510464, usecase:0x   8
04-14 18:18:55.660   674 11196 I audio_hw_primary: app type:0x   0, is_voip:0, device:2, pcm:-352510464, usecase:0x   8
04-14 18:18:55.670   679   776 I DPUModule: DpuR5P0::checkLayerFormat <142>: checkLayerFormat: Format(1)
04-14 18:18:55.670   679   776 I DPUModule: DpuR5P0::checkTransform <35>: checkTransform: Transform(0), SRCRect(0,0)
04-14 18:18:55.670   679   776 I DPUModule: DpuR5P0::checkAFBCBlockSize <97>: checkAFBCBlockSize: compressed(1),format(1), pitch(720), vstride(1616)
04-14 18:18:55.670   679   776 I DPUModule: DpuR5P0::checkLayerFormat <142>: checkLayerFormat: Format(1)
04-14 18:18:55.670   679   776 I DPUModule: DpuR5P0::checkTransform <35>: checkTransform: Transform(0), SRCRect(0,0)
04-14 18:18:55.670   679   776 I DPUModule: DpuR5P0::checkAFBCBlockSize <97>: checkAFBCBlockSize: compressed(1),format(1), pitch(720), vstride(80)
04-14 18:18:55.670   679   776 I DPUModule: DpuR5P0::checkLayerFormat <142>: checkLayerFormat: Format(1)
04-14 18:18:55.670   679   776 I DPUModule: DpuR5P0::checkTransform <35>: checkTransform: Transform(0), SRCRect(0,0)
04-14 18:18:55.670   679   776 I DPUModule: DpuR5P0::checkAFBCBlockSize <97>: checkAFBCBlockSize: compressed(1),format(1), pitch(720), vstride(96)
04-14 18:18:55.670   679   776 D DPUModule: [ …śhu] support: 0
04-14 18:18:55.687   679   776 I DPUModule: DpuR5P0::checkLayerFormat <142>: checkLayerFormat: Format(1)
04-14 18:18:55.687   679   776 I DPUModule: DpuR5P0::checkTransform <35>: checkTransform: Transform(0), SRCRect(0,0)
04-14 18:18:55.687   679   776 I DPUModule: DpuR5P0::checkAFBCBlockSize <97>: checkAFBCBlockSize: compressed(1),format(1), pitch(720), vstride(1616)
04-14 18:18:55.687   679   776 I DPUModule: DpuR5P0::checkLayerFormat <142>: checkLayerFormat: Format(1)
04-14 18:18:55.687   679   776 I DPUModule: DpuR5P0::checkTransform <35>: checkTransform: Transform(0), SRCRect(0,0)
04-14 18:18:55.687   679   776 I DPUModule: DpuR5P0::checkAFBCBlockSize <97>: checkAFBCBlockSize: compressed(1),format(1), pitch(720), vstride(80)
04-14 18:18:55.687   679   776 I DPUModule: DpuR5P0::checkLayerFormat <142>: checkLayerFormat: Format(1)
04-14 18:18:55.687   679   776 I DPUModule: DpuR5P0::checkTransform <35>: checkTransform: Transform(0), SRCRect(0,0)
04-14 18:18:55.687   679   776 I DPUModule: DpuR5P0::checkAFBCBlockSize <97>: checkAFBCBlockSize: compressed(1),format(1), pitch(720), vstride(96)
04-14 18:18:55.687   679   776 D DPUModule: [ …śhu] support: 0
04-14 18:18:55.701   674 11196 I audio_hw_primary: app type:0x   0, is_voip:0, device:2, pcm:-352510464, usecase:0x   8
04-14 18:18:55.740   674 11196 I audio_hw_primary: app type:0x   0, is_voip:0, device:2, pcm:-352510464, usecase:0x   8
04-14 18:18:55.780   674 11196 I audio_hw_primary: app type:0x   0, is_voip:0, device:2, pcm:-352510464, usecase:0x   8
04-14 18:18:55.788   955  1727 D GNSSMGT : watchdog: PowerState: CP SLEEP
04-14 18:18:55.821   674 11196 I audio_hw_primary: app type:0x   0, is_voip:0, device:2, pcm:-352510464, usecase:0x   8
04-14 18:18:55.857   674 11196 I audio_hw_primary: app type:0x   0, is_voip:0, device:2, pcm:-352510464, usecase:0x   8
04-14 18:18:55.902   674 11196 I audio_hw_primary: app type:0x   0, is_voip:0, device:2, pcm:-352510464, usecase:0x   8
04-14 18:18:55.941   674 11196 I audio_hw_primary: app type:0x   0, is_voip:0, device:2, pcm:-352510464, usecase:0x   8
04-14 18:18:55.980   674 11196 I audio_hw_primary: app type:0x   0, is_voip:0, device:2, pcm:-352510464, usecase:0x   8
04-14 18:18:55.986   679   776 I DPUModule: DpuR5P0::checkLayerFormat <142>: checkLayerFormat: Format(1)
04-14 18:18:55.986   679   776 I DPUModule: DpuR5P0::checkTransform <35>: checkTransform: Transform(0), SRCRect(0,0)
04-14 18:18:55.987   679   776 I DPUModule: DpuR5P0::checkAFBCBlockSize <97>: checkAFBCBlockSize: compressed(1),format(1), pitch(720), vstride(1616)
04-14 18:18:55.987   679   776 I DPUModule: DpuR5P0::checkLayerFormat <142>: checkLayerFormat: Format(1)
04-14 18:18:55.987   679   776 I DPUModule: DpuR5P0::checkTransform <35>: checkTransform: Transform(0), SRCRect(0,0)
04-14 18:18:55.987   679   776 I DPUModule: DpuR5P0::checkAFBCBlockSize <97>: checkAFBCBlockSize: compressed(1),format(1), pitch(720), vstride(80)
04-14 18:18:55.987   679   776 I DPUModule: DpuR5P0::checkLayerFormat <142>: checkLayerFormat: Format(1)
04-14 18:18:55.987   679   776 I DPUModule: DpuR5P0::checkTransform <35>: checkTransform: Transform(0), SRCRect(0,0)
04-14 18:18:55.987   679   776 I DPUModule: DpuR5P0::checkAFBCBlockSize <97>: checkAFBCBlockSize: compressed(1),format(1), pitch(720), vstride(96)
04-14 18:18:55.987   679   776 D DPUModule: [ …śhu] support: 0
04-14 18:18:56.003   679   776 I DPUModule: DpuR5P0::checkLayerFormat <142>: checkLayerFormat: Format(1)
04-14 18:18:56.003   679   776 I DPUModule: DpuR5P0::checkTransform <35>: checkTransform: Transform(0), SRCRect(0,0)
04-14 18:18:56.003   679   776 I DPUModule: DpuR5P0::checkAFBCBlockSize <97>: checkAFBCBlockSize: compressed(1),format(1), pitch(720), vstride(1616)
04-14 18:18:56.003   679   776 I DPUModule: DpuR5P0::checkLayerFormat <142>: checkLayerFormat: Format(1)
04-14 18:18:56.003   679   776 I DPUModule: DpuR5P0::checkTransform <35>: checkTransform: Transform(0), SRCRect(0,0)
04-14 18:18:56.003   679   776 I DPUModule: DpuR5P0::checkAFBCBlockSize <97>: checkAFBCBlockSize: compressed(1),format(1), pitch(720), vstride(80)
04-14 18:18:56.003   679   776 I DPUModule: DpuR5P0::checkLayerFormat <142>: checkLayerFormat: Format(1)
04-14 18:18:56.003   679   776 I DPUModule: DpuR5P0::checkTransform <35>: checkTransform: Transform(0), SRCRect(0,0)
04-14 18:18:56.003   679   776 I DPUModule: DpuR5P0::checkAFBCBlockSize <97>: checkAFBCBlockSize: compressed(1),format(1), pitch(720), vstride(96)
04-14 18:18:56.003   679   776 D DPUModule: [ …śhu] support: 0
04-14 18:18:56.014  6883  7161 E DatabaseUtils: Writing exception to parcel
04-14 18:18:56.014  6883  7161 E DatabaseUtils: java.lang.IllegalArgumentException: Failed to determine if primary:Documents/Scans/downloads/Mangas-Origines.fr (FR)/Perfect Surgeon/Chapitre 68 - Quelqu'un de cĂ©lĂ¨bre_6f3c3e_tmp/008.tmp is child of primary:Documents/Scans: java.io.FileNotFoundException: Missing file for primary:Documents/Scans/downloads/Mangas-Origines.fr (FR)/Perfect Surgeon/Chapitre 68 - Quelqu'un de cĂ©lĂ¨bre_6f3c3e_tmp/008.tmp at /storage/emulated/0/Documents/Scans/downloads/Mangas-Origines.fr (FR)/Perfect Surgeon/Chapitre 68 - Quelqu'un de cĂ©lĂ¨bre_6f3c3e_tmp/008.tmp
04-14 18:18:56.014  6883  7161 E DatabaseUtils: 	at com.android.internal.content.FileSystemProvider.isChildDocument(FileSystemProvider.java:145)
04-14 18:18:56.014  6883  7161 E DatabaseUtils: 	at android.provider.DocumentsProvider.enforceTree(DocumentsProvider.java:235)
04-14 18:18:56.014  6883  7161 E DatabaseUtils: 	at android.provider.DocumentsProvider.query(DocumentsProvider.java:923)
04-14 18:18:56.014  6883  7161 E DatabaseUtils: 	at android.content.ContentProvider$Transport.query(ContentProvider.java:293)
04-14 18:18:56.014  6883  7161 E DatabaseUtils: 	at android.content.ContentProviderNative.onTransact(ContentProviderNative.java:107)
04-14 18:18:56.014  6883  7161 E DatabaseUtils: 	at android.os.Binder.execTransactInternal(Binder.java:1281)
04-14 18:18:56.014  6883  7161 E DatabaseUtils: 	at android.os.Binder.execTransact(Binder.java:1244)
04-14 18:18:56.016  6883  6892 E DatabaseUtils: Writing exception to parcel
04-14 18:18:56.016  6883  6892 E DatabaseUtils: java.lang.IllegalArgumentException: Failed to determine if primary:Documents/Scans/downloads/Mangas-Origines.fr (FR)/Perfect Surgeon/Chapitre 68 - Quelqu'un de cĂ©lĂ¨bre_6f3c3e_tmp/006.tmp is child of primary:Documents/Scans: java.io.FileNotFoundException: Missing file for primary:Documents/Scans/downloads/Mangas-Origines.fr (FR)/Perfect Surgeon/Chapitre 68 - Quelqu'un de cĂ©lĂ¨bre_6f3c3e_tmp/006.tmp at /storage/emulated/0/Documents/Scans/downloads/Mangas-Origines.fr (FR)/Perfect Surgeon/Chapitre 68 - Quelqu'un de cĂ©lĂ¨bre_6f3c3e_tmp/006.tmp
04-14 18:18:56.016  6883  6892 E DatabaseUtils: 	at com.android.internal.content.FileSystemProvider.isChildDocument(FileSystemProvider.java:145)
04-14 18:18:56.016  6883  6892 E DatabaseUtils: 	at android.provider.DocumentsProvider.enforceTree(DocumentsProvider.java:235)
04-14 18:18:56.016  6883  6892 E DatabaseUtils: 	at android.provider.DocumentsProvider.query(DocumentsProvider.java:923)
04-14 18:18:56.016  6883  6892 E DatabaseUtils: 	at android.content.ContentProvider$Transport.query(ContentProvider.java:293)
04-14 18:18:56.016  6883  6892 E DatabaseUtils: 	at android.content.ContentProviderNative.onTransact(ContentProviderNative.java:107)
04-14 18:18:56.016  6883  6892 E DatabaseUtils: 	at android.os.Binder.execTransactInternal(Binder.java:1281)
04-14 18:18:56.016  6883  6892 E DatabaseUtils: 	at android.os.Binder.execTransact(Binder.java:1244)
04-14 18:18:56.019  6883  6906 E DatabaseUtils: Writing exception to parcel
04-14 18:18:56.019  6883  6906 E DatabaseUtils: java.lang.IllegalArgumentException: Failed to determine if primary:Documents/Scans/downloads/Mangas-Origines.fr (FR)/Perfect Surgeon/Chapitre 68 - Quelqu'un de cĂ©lĂ¨bre_6f3c3e_tmp/009.tmp is child of primary:Documents/Scans: java.io.FileNotFoundException: Missing file for primary:Documents/Scans/downloads/Mangas-Origines.fr (FR)/Perfect Surgeon/Chapitre 68 - Quelqu'un de cĂ©lĂ¨bre_6f3c3e_tmp/009.tmp at /storage/emulated/0/Documents/Scans/downloads/Mangas-Origines.fr (FR)/Perfect Surgeon/Chapitre 68 - Quelqu'un de cĂ©lĂ¨bre_6f3c3e_tmp/009.tmp
04-14 18:18:56.019  6883  6906 E DatabaseUtils: 	at com.android.internal.content.FileSystemProvider.isChildDocument(FileSystemProvider.java:145)
04-14 18:18:56.019  6883  6906 E DatabaseUtils: 	at android.provider.DocumentsProvider.enforceTree(DocumentsProvider.java:235)
04-14 18:18:56.019  6883  6906 E DatabaseUtils: 	at android.provider.DocumentsProvider.query(DocumentsProvider.java:923)
04-14 18:18:56.019  6883  6906 E DatabaseUtils: 	at android.content.ContentProvider$Transport.query(ContentProvider.java:293)
04-14 18:18:56.019  6883  6906 E DatabaseUtils: 	at android.content.ContentProviderNative.onTransact(ContentProviderNative.java:107)
04-14 18:18:56.019  6883  6906 E DatabaseUtils: 	at android.os.Binder.execTransactInternal(Binder.java:1281)
04-14 18:18:56.019  6883  6906 E DatabaseUtils: 	at android.os.Binder.execTransact(Binder.java:1244)
04-14 18:18:56.020   674 11196 I audio_hw_primary: app type:0x   0, is_voip:0, device:2, pcm:-352510464, usecase:0x   8
04-14 18:18:56.021  6883  7050 E DatabaseUtils: Writing exception to parcel
04-14 18:18:56.021  6883  7050 E DatabaseUtils: java.lang.IllegalArgumentException: Failed to determine if primary:Documents/Scans/downloads/Mangas-Origines.fr (FR)/Perfect Surgeon/Chapitre 68 - Quelqu'un de cĂ©lĂ¨bre_6f3c3e_tmp/004.tmp is child of primary:Documents/Scans: java.io.FileNotFoundException: Missing file for primary:Documents/Scans/downloads/Mangas-Origines.fr (FR)/Perfect Surgeon/Chapitre 68 - Quelqu'un de cĂ©lĂ¨bre_6f3c3e_tmp/004.tmp at /storage/emulated/0/Documents/Scans/downloads/Mangas-Origines.fr (FR)/Perfect Surgeon/Chapitre 68 - Quelqu'un de cĂ©lĂ¨bre_6f3c3e_tmp/004.tmp
04-14 18:18:56.021  6883  7050 E DatabaseUtils: 	at com.android.internal.content.FileSystemProvider.isChildDocument(FileSystemProvider.java:145)
04-14 18:18:56.021  6883  7050 E DatabaseUtils: 	at android.provider.DocumentsProvider.enforceTree(DocumentsProvider.java:235)
04-14 18:18:56.021  6883  7050 E DatabaseUtils: 	at android.provider.DocumentsProvider.query(DocumentsProvider.java:923)
04-14 18:18:56.021  6883  7050 E DatabaseUtils: 	at android.content.ContentProvider$Transport.query(ContentProvider.java:293)
04-14 18:18:56.021  6883  7050 E DatabaseUtils: 	at android.content.ContentProviderNative.onTransact(ContentProviderNative.java:107)
04-14 18:18:56.021  6883  7050 E DatabaseUtils: 	at android.os.Binder.execTransactInternal(Binder.java:1281)
04-14 18:18:56.021  6883  7050 E DatabaseUtils: 	at android.os.Binder.execTransact(Binder.java:1244)
04-14 18:18:56.025  6883  7167 E DatabaseUtils: Writing exception to parcel
04-14 18:18:56.025  6883  7167 E DatabaseUtils: java.lang.IllegalArgumentException: Failed to determine if primary:Documents/Scans/downloads/Mangas-Origines.fr (FR)/Perfect Surgeon/Chapitre 68 - Quelqu'un de cĂ©lĂ¨bre_6f3c3e_tmp/003.tmp is child of primary:Documents/Scans: java.io.FileNotFoundException: Missing file for primary:Documents/Scans/downloads/Mangas-Origines.fr (FR)/Perfect Surgeon/Chapitre 68 - Quelqu'un de cĂ©lĂ¨bre_6f3c3e_tmp/003.tmp at /storage/emulated/0/Documents/Scans/downloads/Mangas-Origines.fr (FR)/Perfect Surgeon/Chapitre 68 - Quelqu'un de cĂ©lĂ¨bre_6f3c3e_tmp/003.tmp
04-14 18:18:56.025  6883  7167 E DatabaseUtils: 	at com.android.internal.content.FileSystemProvider.isChildDocument(FileSystemProvider.java:145)
04-14 18:18:56.025  6883  7167 E DatabaseUtils: 	at android.provider.DocumentsProvider.enforceTree(DocumentsProvider.java:235)
04-14 18:18:56.025  6883  7167 E DatabaseUtils: 	at android.provider.DocumentsProvider.query(DocumentsProvider.java:923)
04-14 18:18:56.025  6883  7167 E DatabaseUtils: 	at android.content.ContentProvider$Transport.query(ContentProvider.java:293)
04-14 18:18:56.025  6883  7167 E DatabaseUtils: 	at android.content.ContentProviderNative.onTransact(ContentProviderNative.java:107)
04-14 18:18:56.025  6883  7167 E DatabaseUtils: 	at android.os.Binder.execTransactInternal(Binder.java:1281)
04-14 18:18:56.025  6883  7167 E DatabaseUtils: 	at android.os.Binder.execTransact(Binder.java:1244)
04-14 18:18:56.028  6883  7157 E DatabaseUtils: Writing exception to parcel
04-14 18:18:56.028  6883  7157 E DatabaseUtils: java.lang.IllegalArgumentException: Failed to determine if primary:Documents/Scans/downloads/Mangas-Origines.fr (FR)/Perfect Surgeon/Chapitre 68 - Quelqu'un de cĂ©lĂ¨bre_6f3c3e_tmp/007.tmp is child of primary:Documents/Scans: java.io.FileNotFoundException: Missing file for primary:Documents/Scans/downloads/Mangas-Origines.fr (FR)/Perfect Surgeon/Chapitre 68 - Quelqu'un de cĂ©lĂ¨bre_6f3c3e_tmp/007.tmp at /storage/emulated/0/Documents/Scans/downloads/Mangas-Origines.fr (FR)/Perfect Surgeon/Chapitre 68 - Quelqu'un de cĂ©lĂ¨bre_6f3c3e_tmp/007.tmp
04-14 18:18:56.028  6883  7157 E DatabaseUtils: 	at com.android.internal.content.FileSystemProvider.isChildDocument(FileSystemProvider.java:145)
04-14 18:18:56.028  6883  7157 E DatabaseUtils: 	at android.provider.DocumentsProvider.enforceTree(DocumentsProvider.java:235)
04-14 18:18:56.028  6883  7157 E DatabaseUtils: 	at android.provider.DocumentsProvider.query(DocumentsProvider.java:923)
04-14 18:18:56.028  6883  7157 E DatabaseUtils: 	at android.content.ContentProvider$Transport.query(ContentProvider.java:293)
04-14 18:18:56.028  6883  7157 E DatabaseUtils: 	at android.content.ContentProviderNative.onTransact(ContentProviderNative.java:107)
04-14 18:18:56.028  6883  7157 E DatabaseUtils: 	at android.os.Binder.execTransactInternal(Binder.java:1281)
04-14 18:18:56.028  6883  7157 E DatabaseUtils: 	at android.os.Binder.execTransact(Binder.java:1244)
04-14 18:18:56.030  6883  6897 E DatabaseUtils: Writing exception to parcel
04-14 18:18:56.030  6883  6897 E DatabaseUtils: java.lang.IllegalArgumentException: Failed to determine if primary:Documents/Scans/downloads/Mangas-Origines.fr (FR)/Perfect Surgeon/Chapitre 68 - Quelqu'un de cĂ©lĂ¨bre_6f3c3e_tmp/010.tmp is child of primary:Documents/Scans: java.io.FileNotFoundException: Missing file for primary:Documents/Scans/downloads/Mangas-Origines.fr (FR)/Perfect Surgeon/Chapitre 68 - Quelqu'un de cĂ©lĂ¨bre_6f3c3e_tmp/010.tmp at /storage/emulated/0/Documents/Scans/downloads/Mangas-Origines.fr (FR)/Perfect Surgeon/Chapitre 68 - Quelqu'un de cĂ©lĂ¨bre_6f3c3e_tmp/010.tmp
04-14 18:18:56.030  6883  6897 E DatabaseUtils: 	at com.android.internal.content.FileSystemProvider.isChildDocument(FileSystemProvider.java:145)
04-14 18:18:56.030  6883  6897 E DatabaseUtils: 	at android.provider.DocumentsProvider.enforceTree(DocumentsProvider.java:235)
04-14 18:18:56.030  6883  6897 E DatabaseUtils: 	at android.provider.DocumentsProvider.query(DocumentsProvider.java:923)
04-14 18:18:56.030  6883  6897 E DatabaseUtils: 	at android.content.ContentProvider$Transport.query(ContentProvider.java:293)
04-14 18:18:56.030  6883  6897 E DatabaseUtils: 	at android.content.ContentProviderNative.onTransact(ContentProviderNative.java:107)
04-14 18:18:56.030  6883  6897 E DatabaseUtils: 	at android.os.Binder.execTransactInternal(Binder.java:1281)
04-14 18:18:56.030  6883  6897 E DatabaseUtils: 	at android.os.Binder.execTransact(Binder.java:1244)
04-14 18:18:56.031  6883  7158 E DatabaseUtils: Writing exception to parcel
04-14 18:18:56.031  6883  7158 E DatabaseUtils: java.lang.IllegalArgumentException: Failed to determine if primary:Documents/Scans/downloads/Mangas-Origines.fr (FR)/Perfect Surgeon/Chapitre 68 - Quelqu'un de cĂ©lĂ¨bre_6f3c3e_tmp/001.tmp is child of primary:Documents/Scans: java.io.FileNotFoundException: Missing file for primary:Documents/Scans/downloads/Mangas-Origines.fr (FR)/Perfect Surgeon/Chapitre 68 - Quelqu'un de cĂ©lĂ¨bre_6f3c3e_tmp/001.tmp at /storage/emulated/0/Documents/Scans/downloads/Mangas-Origines.fr (FR)/Perfect Surgeon/Chapitre 68 - Quelqu'un de cĂ©lĂ¨bre_6f3c3e_tmp/001.tmp
04-14 18:18:56.031  6883  7158 E DatabaseUtils: 	at com.android.internal.content.FileSystemProvider.isChildDocument(FileSystemProvider.java:145)
04-14 18:18:56.031  6883  7158 E DatabaseUtils: 	at android.provider.DocumentsProvider.enforceTree(DocumentsProvider.java:235)
04-14 18:18:56.031  6883  7158 E DatabaseUtils: 	at android.provider.DocumentsProvider.query(DocumentsProvider.java:923)
04-14 18:18:56.031  6883  7158 E DatabaseUtils: 	at android.content.ContentProvider$Transport.query(ContentProvider.java:293)
04-14 18:18:56.031  6883  7158 E DatabaseUtils: 	at android.content.ContentProviderNative.onTransact(ContentProviderNative.java:107)
04-14 18:18:56.031  6883  7158 E DatabaseUtils: 	at android.os.Binder.execTransactInternal(Binder.java:1281)
04-14 18:18:56.031  6883  7158 E DatabaseUtils: 	at android.os.Binder.execTransact(Binder.java:1244)
04-14 18:18:56.031  6883  7250 E DatabaseUtils: Writing exception to parcel
04-14 18:18:56.031  6883  7250 E DatabaseUtils: java.lang.IllegalArgumentException: Failed to determine if primary:Documents/Scans/downloads/Mangas-Origines.fr (FR)/Perfect Surgeon/Chapitre 68 - Quelqu'un de cĂ©lĂ¨bre_6f3c3e_tmp/005.tmp is child of primary:Documents/Scans: java.io.FileNotFoundException: Missing file for primary:Documents/Scans/downloads/Mangas-Origines.fr (FR)/Perfect Surgeon/Chapitre 68 - Quelqu'un de cĂ©lĂ¨bre_6f3c3e_tmp/005.tmp at /storage/emulated/0/Documents/Scans/downloads/Mangas-Origines.fr (FR)/Perfect Surgeon/Chapitre 68 - Quelqu'un de cĂ©lĂ¨bre_6f3c3e_tmp/005.tmp
04-14 18:18:56.031  6883  7250 E DatabaseUtils: 	at com.android.internal.content.FileSystemProvider.isChildDocument(FileSystemProvider.java:145)
04-14 18:18:56.031  6883  7250 E DatabaseUtils: 	at android.provider.DocumentsProvider.enforceTree(DocumentsProvider.java:235)
04-14 18:18:56.031  6883  7250 E DatabaseUtils: 	at android.provider.DocumentsProvider.query(DocumentsProvider.java:923)
04-14 18:18:56.031  6883  7250 E DatabaseUtils: 	at android.content.ContentProvider$Transport.query(ContentProvider.java:293)
04-14 18:18:56.031  6883  7250 E DatabaseUtils: 	at android.content.ContentProviderNative.onTransact(ContentProviderNative.java:107)
04-14 18:18:56.031  6883  7250 E DatabaseUtils: 	at android.os.Binder.execTransactInternal(Binder.java:1281)
04-14 18:18:56.031  6883  7250 E DatabaseUtils: 	at android.os.Binder.execTransact(Binder.java:1244)
04-14 18:18:56.038  6883  7162 E DatabaseUtils: Writing exception to parcel
