04-14 18:20:13.553  1092  1275 D BroadcastQueue: Done with parallel broadcast [background] [BroadcastRecord{5bbb421 u-1 android.net.conn.CONNECTIVITY_CHANGE}]
04-14 18:20:13.554  2973 16652 I MediaProvider: Observed non-standard /storage/emulated/0/Documents/Scans/downloads/.nomedia
04-14 18:20:13.562  2973 16652 D MediaProvider: Open with FUSE. FilePath: /storage/emulated/0/Documents/Scans/downloads/Mangas-Origines.fr (FR)/Perfect Surgeon/Chapitre 69 - De la chance_bf1e8f_tmp/019.jpg. Uid: 10053. Media Capabilities Uid: 0. ShouldRedact: false. ShouldTranscode: false
04-14 18:20:13.564  1092  1092 I TransportConnection: BackupTransportService#3059: Notifying [AppBackupUtils.appIsRunningAndEligibleForBackupWithTransport] transport = BackupTransportClient
04-14 18:20:13.575  1092  1547 D BackupTransportManager: Transport com.google.android.gms/.backup.BackupTransportService updated its attributes
04-14 18:20:13.582   674 11196 I audio_hw_primary: app type:0x   0, is_voip:0, device:2, pcm:-352510464, usecase:0x   8
04-14 18:20:13.594  2973 16652 I MediaProvider: Observed non-standard /storage/emulated/0/Documents/Scans/downloads/.nomedia
04-14 18:20:13.600  1092  1228 D BroadcastQueue: Add broadcast <BroadcastRecord{955dfe7 u-1 android.net.conn.CONNECTIVITY_CHANGE}> into [parallel | background], pending size 0
04-14 18:20:13.602  1092  1275 D BroadcastQueue: Done with parallel broadcast [background] [BroadcastRecord{955dfe7 u-1 android.net.conn.CONNECTIVITY_CHANGE}]
04-14 18:20:13.603  2973 16652 D MediaProvider: Open with FUSE. FilePath: /storage/emulated/0/Documents/Scans/downloads/Mangas-Origines.fr (FR)/Perfect Surgeon/Chapitre 69 - De la chance_bf1e8f_tmp/014.jpg. Uid: 10053. Media Capabilities Uid: 0. ShouldRedact: false. ShouldTranscode: false
04-14 18:20:13.609  1092  1092 I TransportConnection: BackupTransportService#3070: Notifying [AppBackupUtils.appIsRunningAndEligibleForBackupWithTransport] transport = BackupTransportClient
04-14 18:20:13.615  1092  9576 D BackupTransportManager: Transport com.google.android.gms/.backup.BackupTransportService updated its attributes
04-14 18:20:13.618   674 11196 I audio_hw_primary: app type:0x   0, is_voip:0, device:2, pcm:-352510464, usecase:0x   8
04-14 18:20:13.631  1092  1228 D BroadcastQueue: Add broadcast <BroadcastRecord{de95dc4 u-1 android.net.conn.CONNECTIVITY_CHANGE}> into [parallel | background], pending size 0
04-14 18:20:13.632  1092  1275 D BroadcastQueue: Done with parallel broadcast [background] [BroadcastRecord{de95dc4 u-1 android.net.conn.CONNECTIVITY_CHANGE}]
04-14 18:20:13.634  2973 13333 I MediaProvider: Observed non-standard /storage/emulated/0/Documents/Scans/downloads/.nomedia
04-14 18:20:13.640  2973 13333 D MediaProvider: Open with FUSE. FilePath: /storage/emulated/0/Documents/Scans/downloads/Mangas-Origines.fr (FR)/Perfect Surgeon/Chapitre 69 - De la chance_bf1e8f_tmp/012.jpg. Uid: 10053. Media Capabilities Uid: 0. ShouldRedact: false. ShouldTranscode: false
04-14 18:20:13.649  1092  1092 I TransportConnection: BackupTransportService#3071: Notifying [AppBackupUtils.appIsRunningAndEligibleForBackupWithTransport] transport = BackupTransportClient
04-14 18:20:13.657  1092  5607 D BackupTransportManager: Transport com.google.android.gms/.backup.BackupTransportService updated its attributes
04-14 18:20:13.662  1092  1228 D BroadcastQueue: Add broadcast <BroadcastRecord{f165306 u-1 android.net.conn.CONNECTIVITY_CHANGE}> into [parallel | background], pending size 0
04-14 18:20:13.663  1092  1275 D BroadcastQueue: Done with parallel broadcast [background] [BroadcastRecord{f165306 u-1 android.net.conn.CONNECTIVITY_CHANGE}]
04-14 18:20:13.665   674 11196 I audio_hw_primary: app type:0x   0, is_voip:0, device:2, pcm:-352510464, usecase:0x   8
04-14 18:20:13.673  2973 13333 I MediaProvider: Observed non-standard /storage/emulated/0/Documents/Scans/downloads/.nomedia
04-14 18:20:13.678  1092  1547 D BroadcastQueue: Add broadcast <BroadcastRecord{75c4278 u-1 android.net.conn.CONNECTIVITY_CHANGE}> into [parallel | background], pending size 0
04-14 18:20:13.678  2973 13333 D MediaProvider: Open with FUSE. FilePath: /storage/emulated/0/Documents/Scans/downloads/Mangas-Origines.fr (FR)/Perfect Surgeon/Chapitre 69 - De la chance_bf1e8f_tmp/016.jpg. Uid: 10053. Media Capabilities Uid: 0. ShouldRedact: false. ShouldTranscode: false
04-14 18:20:13.682  1092  1275 D BroadcastQueue: Done with parallel broadcast [background] [BroadcastRecord{75c4278 u-1 android.net.conn.CONNECTIVITY_CHANGE}]
04-14 18:20:13.688  4491 14896 I RecoverableKeyStoreGms: [FolsomSyncManager] Starting sync for event: SYNC_PERIODIC
04-14 18:20:13.691  1092  1092 I TransportConnection: BackupTransportService#3073: Notifying [AppBackupUtils.appIsRunningAndEligibleForBackupWithTransport] transport = BackupTransportClient
04-14 18:20:13.696  1092  5607 D BackupTransportManager: Transport com.google.android.gms/.backup.BackupTransportService updated its attributes
04-14 18:20:13.701   674 11196 I audio_hw_primary: app type:0x   0, is_voip:0, device:2, pcm:-352510464, usecase:0x   8
04-14 18:20:13.711  4491 15197 I KeychainOwnerKeysImport: Import aborted. [CONTEXT service_id=284 ]
04-14 18:20:13.712  4491 15197 I SyncOwnerKeyStateMach: syncOwnerKey result: hollow victory [CONTEXT service_id=284 ]
04-14 18:20:13.713  2973 13333 I MediaProvider: Observed non-standard /storage/emulated/0/Documents/Scans/downloads/.nomedia
04-14 18:20:13.717  4491 15195 I GmsCoreXrpcWrapper: (REDACTED) Creating a custom channel provider with trafficStatsTag=%d trafficStatsUid=%d
04-14 18:20:13.723  2973 13333 D MediaProvider: Open with FUSE. FilePath: /storage/emulated/0/Documents/Scans/downloads/Mangas-Origines.fr (FR)/Perfect Surgeon/Chapitre 69 - De la chance_bf1e8f_tmp/017.jpg. Uid: 10053. Media Capabilities Uid: 0. ShouldRedact: false. ShouldTranscode: false
04-14 18:20:13.725  1092  9576 W ActivityManager: Unable to start service Intent { act=com.google.android.gms.wearable.BIND pkg=com.google.android.gms } U=0: not found
04-14 18:20:13.725  1092  1228 D BroadcastQueue: Add broadcast <BroadcastRecord{7ba089f u-1 android.net.conn.CONNECTIVITY_CHANGE}> into [parallel | background], pending size 0
04-14 18:20:13.726  1092  1275 D BroadcastQueue: Done with parallel broadcast [background] [BroadcastRecord{7ba089f u-1 android.net.conn.CONNECTIVITY_CHANGE}]
04-14 18:20:13.726  1092  9576 W ActivityManager: Unbind failed: could not find connection for android.os.BinderProxy@2d04dec
04-14 18:20:13.727  4491  4536 W GmsClient: unable to connect to service: com.google.android.gms.wearable.BIND on com.google.android.gms
04-14 18:20:13.729  4491  4536 W ServiceBindIntentUtils: Dynamic lookup for intent failed for action: com.google.android.gms.onboardingconsent.api.ConsentManagerApiService.START
04-14 18:20:13.731  1092  9576 W ActivityManager: Unable to start service Intent { act=com.google.android.gms.onboardingconsent.api.ConsentManagerApiService.START pkg=com.google.android.gms } U=0: not found
04-14 18:20:13.732  1092  1092 I TransportConnection: BackupTransportService#3081: Notifying [AppBackupUtils.appIsRunningAndEligibleForBackupWithTransport] transport = BackupTransportClient
04-14 18:20:13.735  1092  9576 W ActivityManager: Unbind failed: could not find connection for android.os.BinderProxy@6946e84
04-14 18:20:13.737  4491  4536 W GmsClient: unable to connect to service: com.google.android.gms.onboardingconsent.api.ConsentManagerApiService.START on com.google.android.gms
04-14 18:20:13.743   674 11196 I audio_hw_primary: app type:0x   0, is_voip:0, device:2, pcm:-352510464, usecase:0x   8
04-14 18:20:13.743  1092  1228 W ActivityManager: Unable to start service Intent { act=com.google.android.gms.wearable.BIND pkg=com.google.android.gms } U=0: not found
04-14 18:20:13.744  1092  1547 W ActivityManager: Unbind failed: could not find connection for android.os.BinderProxy@b220c69
04-14 18:20:13.745  4491  4536 W GmsClient: unable to connect to service: com.google.android.gms.wearable.BIND on com.google.android.gms
04-14 18:20:13.746  1092  1228 D BackupTransportManager: Transport com.google.android.gms/.backup.BackupTransportService updated its attributes
04-14 18:20:13.746  4491  4536 W ServiceBindIntentUtils: Dynamic lookup for intent failed for action: com.google.android.gms.onboardingconsent.api.ConsentManagerApiService.START
04-14 18:20:13.752  4491 15195 I SyncOwnerKeyStateMach: Starting syncOwnerKey [CONTEXT service_id=284 ]
04-14 18:20:13.757  2973 13333 I MediaProvider: Observed non-standard /storage/emulated/0/Documents/Scans/downloads/.nomedia
04-14 18:20:13.758  1092  9576 W ActivityManager: Unable to start service Intent { act=com.google.android.gms.onboardingconsent.api.ConsentManagerApiService.START pkg=com.google.android.gms } U=0: not found
04-14 18:20:13.762  1092  9576 W ActivityManager: Unbind failed: could not find connection for android.os.BinderProxy@91da987
04-14 18:20:13.763  4491  4536 W GmsClient: unable to connect to service: com.google.android.gms.onboardingconsent.api.ConsentManagerApiService.START on com.google.android.gms
04-14 18:20:13.765  2973 13333 D MediaProvider: Open with FUSE. FilePath: /storage/emulated/0/Documents/Scans/downloads/Mangas-Origines.fr (FR)/Perfect Surgeon/Chapitre 69 - De la chance_bf1e8f_tmp/022.jpg. Uid: 10053. Media Capabilities Uid: 0. ShouldRedact: false. ShouldTranscode: false
04-14 18:20:13.770  1092  1228 D BroadcastQueue: Add broadcast <BroadcastRecord{2b779e u-1 android.net.conn.CONNECTIVITY_CHANGE}> into [parallel | background], pending size 0
04-14 18:20:13.771  1092  9576 W ActivityManager: Unable to start service Intent { act=com.google.android.gms.wearable.BIND pkg=com.google.android.gms } U=0: not found
04-14 18:20:13.772  1092  1275 D BroadcastQueue: Done with parallel broadcast [background] [BroadcastRecord{2b779e u-1 android.net.conn.CONNECTIVITY_CHANGE}]
04-14 18:20:13.773  1092  1228 W ActivityManager: Unbind failed: could not find connection for android.os.BinderProxy@b536faa
04-14 18:20:13.773  4491  4536 W GmsClient: unable to connect to service: com.google.android.gms.wearable.BIND on com.google.android.gms
04-14 18:20:13.775  4491 15195 I KeychainDomainChooser: No Keychain domain is in use. [CONTEXT service_id=284 ]
04-14 18:20:13.778  1092  1092 I TransportConnection: BackupTransportService#3086: Notifying [AppBackupUtils.appIsRunningAndEligibleForBackupWithTransport] transport = BackupTransportClient
04-14 18:20:13.780   674 11196 I audio_hw_primary: app type:0x   0, is_voip:0, device:2, pcm:-352510464, usecase:0x   8
04-14 18:20:13.782  4491 14898 I RecoverableKeyStoreGms: (REDACTED) [GetSyncStatusOperation] GetSyncStatusOperation: %s
04-14 18:20:13.788  1092  1547 D BackupTransportManager: Transport com.google.android.gms/.backup.BackupTransportService updated its attributes
04-14 18:20:13.799  2973 13333 I MediaProvider: Observed non-standard /storage/emulated/0/Documents/Scans/downloads/.nomedia
04-14 18:20:13.802   955  1727 D GNSSMGT : watchdog: PowerState: CP SLEEP
04-14 18:20:13.805  2973 13333 D MediaProvider: Open with FUSE. FilePath: /storage/emulated/0/Documents/Scans/downloads/Mangas-Origines.fr (FR)/Perfect Surgeon/Chapitre 69 - De la chance_bf1e8f_tmp/020.jpg. Uid: 10053. Media Capabilities Uid: 0. ShouldRedact: false. ShouldTranscode: false
04-14 18:20:13.820  1092  5607 D BroadcastQueue: Add broadcast <BroadcastRecord{c912303 u-1 android.net.conn.CONNECTIVITY_CHANGE}> into [parallel | background], pending size 0
04-14 18:20:13.821  1092  1275 D BroadcastQueue: Done with parallel broadcast [background] [BroadcastRecord{c912303 u-1 android.net.conn.CONNECTIVITY_CHANGE}]
04-14 18:20:13.822   674 11196 I audio_hw_primary: app type:0x   0, is_voip:0, device:2, pcm:-352510464, usecase:0x   8
04-14 18:20:13.830  1092  1092 I TransportConnection: BackupTransportService#3091: Notifying [AppBackupUtils.appIsRunningAndEligibleForBackupWithTransport] transport = BackupTransportClient
04-14 18:20:13.833  2973 13333 I MediaProvider: Observed non-standard /storage/emulated/0/Documents/Scans/downloads/.nomedia
04-14 18:20:13.841  2973 13333 D MediaProvider: Open with FUSE. FilePath: /storage/emulated/0/Documents/Scans/downloads/Mangas-Origines.fr (FR)/Perfect Surgeon/Chapitre 69 - De la chance_bf1e8f_tmp/018.jpg. Uid: 10053. Media Capabilities Uid: 0. ShouldRedact: false. ShouldTranscode: false
04-14 18:20:13.844  1092  1228 D BackupTransportManager: Transport com.google.android.gms/.backup.BackupTransportService updated its attributes
04-14 18:20:13.861   674 11196 I audio_hw_primary: app type:0x   0, is_voip:0, device:2, pcm:-352510464, usecase:0x   8
04-14 18:20:13.864  1092  1228 D BroadcastQueue: Add broadcast <BroadcastRecord{6dbb547 u-1 android.net.conn.CONNECTIVITY_CHANGE}> into [parallel | background], pending size 0
04-14 18:20:13.865  1092  1275 D BroadcastQueue: Done with parallel broadcast [background] [BroadcastRecord{6dbb547 u-1 android.net.conn.CONNECTIVITY_CHANGE}]
04-14 18:20:13.876  1092  1228 I RecoverableAppKeyStore: Get 0/10106/com.google.android.gms.auth.folsom/v1/1733584411499/23AC82A345E4691FB3A5AD753726CEB1
04-14 18:20:13.877  2973 13333 I MediaProvider: Observed non-standard /storage/emulated/0/Documents/Scans/downloads/.nomedia
04-14 18:20:13.880  1092  1228 I RecoverableAppKeyStore: Get 0/10106/com.google.android.gms.auth.folsom/v1/1776164283224/32D6904718203974F01022A83463FE5D
04-14 18:20:13.884  2973 13333 D MediaProvider: Open with FUSE. FilePath: /storage/emulated/0/Documents/Scans/downloads/Mangas-Origines.fr (FR)/Perfect Surgeon/Chapitre 69 - De la chance_bf1e8f_tmp/030.jpg. Uid: 10053. Media Capabilities Uid: 0. ShouldRedact: false. ShouldTranscode: false
04-14 18:20:13.884  1092  1092 I TransportConnection: BackupTransportService#3101: Notifying [AppBackupUtils.appIsRunningAndEligibleForBackupWithTransport] transport = BackupTransportClient
04-14 18:20:13.887  4491 14898 I KeychainDomainChooser: (REDACTED) Can create an LSKF Keychain domain, so using the default one (syncStatus: %s).
04-14 18:20:13.888  4491 14898 I KeychainOwnerKeysImport: No owner key is installed [CONTEXT service_id=284 ]
04-14 18:20:13.888  4491 14898 I KeychainOwnerKeysImport: No in-use exported owner keys are missing [CONTEXT service_id=284 ]
04-14 18:20:13.888  4491 15195 I KeychainOwnerKeysImport: (REDACTED) Retrieving LSKF domain keys. Domain name: '%s'
04-14 18:20:13.889  4491 14904 I RecoverableKeyStoreGms: [GetKeyMaterialOperation] GetKeyMaterialOperation: 15cee3f5-4103-44a9-b6d4-cb437c54d6bc
04-14 18:20:13.894  1092  1547 D BackupTransportManager: Transport com.google.android.gms/.backup.BackupTransportService updated its attributes
04-14 18:20:13.900   674 11196 I audio_hw_primary: app type:0x   0, is_voip:0, device:2, pcm:-352510464, usecase:0x   8
04-14 18:20:13.914  2973 13333 I MediaProvider: Observed non-standard /storage/emulated/0/Documents/Scans/downloads/.nomedia
04-14 18:20:13.919  1092  9406 D BroadcastQueue: Add broadcast <BroadcastRecord{870fd2f u-1 android.net.conn.CONNECTIVITY_CHANGE}> into [parallel | background], pending size 0
04-14 18:20:13.919  1092  1275 D BroadcastQueue: Done with parallel broadcast [background] [BroadcastRecord{870fd2f u-1 android.net.conn.CONNECTIVITY_CHANGE}]
04-14 18:20:13.923  2973 13333 D MediaProvider: Open with FUSE. FilePath: /storage/emulated/0/Documents/Scans/downloads/Mangas-Origines.fr (FR)/Perfect Surgeon/Chapitre 69 - De la chance_bf1e8f_tmp/021.jpg. Uid: 10053. Media Capabilities Uid: 0. ShouldRedact: false. ShouldTranscode: false
04-14 18:20:13.928  1092  1092 I TransportConnection: BackupTransportService#3102: Notifying [AppBackupUtils.appIsRunningAndEligibleForBackupWithTransport] transport = BackupTransportClient
04-14 18:20:13.939   674 11196 I audio_hw_primary: app type:0x   0, is_voip:0, device:2, pcm:-352510464, usecase:0x   8
04-14 18:20:13.944  1092  9406 D BackupTransportManager: Transport com.google.android.gms/.backup.BackupTransportService updated its attributes
04-14 18:20:13.949  2973 13333 I MediaProvider: Observed non-standard /storage/emulated/0/Documents/Scans/downloads/.nomedia
04-14 18:20:13.956  1092  1228 D BroadcastQueue: Add broadcast <BroadcastRecord{c70d935 u-1 android.net.conn.CONNECTIVITY_CHANGE}> into [parallel | background], pending size 0
04-14 18:20:13.959  2973 13333 D MediaProvider: Open with FUSE. FilePath: /storage/emulated/0/Documents/Scans/downloads/Mangas-Origines.fr (FR)/Perfect Surgeon/Chapitre 69 - De la chance_bf1e8f_tmp/032.jpg. Uid: 10053. Media Capabilities Uid: 0. ShouldRedact: false. ShouldTranscode: false
04-14 18:20:13.959  1092  1275 D BroadcastQueue: Done with parallel broadcast [background] [BroadcastRecord{c70d935 u-1 android.net.conn.CONNECTIVITY_CHANGE}]
04-14 18:20:13.961  4491 14904 I RecoverableKeyStoreGms: [FolsomSyncManager] Starting sync for event:  GET_KEY_MATERIAL
04-14 18:20:13.966 15011 14734 I NetworkScheduler.Stats: (REDACTED) Task %s/%s finished executing. cause:%s result: %s elapsed_millis: %s uptime_millis: %s exec_start_elapsed_seconds: %s
04-14 18:20:13.981  1092  1092 I TransportConnection: BackupTransportService#3104: Notifying [AppBackupUtils.appIsRunningAndEligibleForBackupWithTransport] transport = BackupTransportClient
04-14 18:20:13.981   674 11196 I audio_hw_primary: app type:0x   0, is_voip:0, device:2, pcm:-352510464, usecase:0x   8
04-14 18:20:13.983  1092  5607 D AlarmManagerService: set alarm to kernel: 517705.518000000, type=2 
04-14 18:20:13.983  1092  5607 D AlarmManagerService: set alarm to kernel: 517690.388000000, type=3 
04-14 18:20:13.987  1092  5607 D BackupTransportManager: Transport com.google.android.gms/.backup.BackupTransportService updated its attributes
04-14 18:20:13.999  2973 13333 I MediaProvider: Observed non-standard /storage/emulated/0/Documents/Scans/downloads/.nomedia
04-14 18:20:14.005  1092  1547 D BroadcastQueue: Add broadcast <BroadcastRecord{b5f0b21 u-1 android.net.conn.CONNECTIVITY_CHANGE}> into [parallel | background], pending size 0
04-14 18:20:14.005  1092  1275 D BroadcastQueue: Done with parallel broadcast [background] [BroadcastRecord{b5f0b21 u-1 android.net.conn.CONNECTIVITY_CHANGE}]
04-14 18:20:14.008  2973 13333 D MediaProvider: Open with FUSE. FilePath: /storage/emulated/0/Documents/Scans/downloads/Mangas-Origines.fr (FR)/Perfect Surgeon/Chapitre 69 - De la chance_bf1e8f_tmp/023.jpg. Uid: 10053. Media Capabilities Uid: 0. ShouldRedact: false. ShouldTranscode: false
04-14 18:20:14.020   674 11196 I audio_hw_primary: app type:0x   0, is_voip:0, device:2, pcm:-352510464, usecase:0x   8
04-14 18:20:14.021  1092  1092 I TransportConnection: BackupTransportService#3105: Notifying [AppBackupUtils.appIsRunningAndEligibleForBackupWithTransport] transport = BackupTransportClient
04-14 18:20:14.028  1092  1547 V AlarmManager: set(PendingIntent{635a3cc: PendingIntentRecord{2fa0a4e com.google.android.gms/com.google.android.gms.scheduler broadcastIntent}}) : type=3 listener=null listenerTag=null workSource=WorkSource{10106 com.google.android.gms} callingPackage=com.google.android.gms callingUid=10106 triggerAtTime=519101403 win=1082733 tElapsed=519101403 maxElapsed=520184136 interval=0 flags=0x0
04-14 18:20:14.028  1092  5607 D BackupTransportManager: Transport com.google.android.gms/.backup.BackupTransportService updated its attributes
04-14 18:20:14.029  1092  1547 D AlarmManager: Add alarm packageName=com.google.android.gms, type=3, when=519101403, tag=null, callingUid=10106, callingPackage=com.google.android.gms
04-14 18:20:14.029  1092  1547 D AlarmManagerService: set alarm to kernel: 517705.518000000, type=2 
04-14 18:20:14.029  1092  1547 D AlarmManagerService: set alarm to kernel: 517690.388000000, type=3 
04-14 18:20:14.040  2973 13333 I MediaProvider: Observed non-standard /storage/emulated/0/Documents/Scans/downloads/.nomedia
04-14 18:20:14.047  2973 13333 D MediaProvider: Open with FUSE. FilePath: /storage/emulated/0/Documents/Scans/downloads/Mangas-Origines.fr (FR)/Perfect Surgeon/Chapitre 69 - De la chance_bf1e8f_tmp/027.jpg. Uid: 10053. Media Capabilities Uid: 0. ShouldRedact: false. ShouldTranscode: false
04-14 18:20:14.050 15011 14909 I NetworkScheduler.Stats: (REDACTED) Task %s/%s started execution. cause:%s exec_start_elapsed_seconds: %s
04-14 18:20:14.052  1092  2920 D BroadcastQueue: Add broadcast <BroadcastRecord{36f19ce u-1 android.net.conn.CONNECTIVITY_CHANGE}> into [parallel | background], pending size 0
04-14 18:20:14.053  1092  1275 D BroadcastQueue: Done with parallel broadcast [background] [BroadcastRecord{36f19ce u-1 android.net.conn.CONNECTIVITY_CHANGE}]
04-14 18:20:14.063   674 11196 I audio_hw_primary: app type:0x   0, is_voip:0, device:2, pcm:-352510464, usecase:0x   8
04-14 18:20:14.071  1092  1092 I TransportConnection: BackupTransportService#3107: Notifying [AppBackupUtils.appIsRunningAndEligibleForBackupWithTransport] transport = BackupTransportClient
04-14 18:20:14.082  2973 13333 I MediaProvider: Observed non-standard /storage/emulated/0/Documents/Scans/downloads/.nomedia
04-14 18:20:14.087  1092  2920 D BackupTransportManager: Transport com.google.android.gms/.backup.BackupTransportService updated its attributes
04-14 18:20:14.090  2973 13333 D MediaProvider: Open with FUSE. FilePath: /storage/emulated/0/Documents/Scans/downloads/Mangas-Origines.fr (FR)/Perfect Surgeon/Chapitre 69 - De la chance_bf1e8f_tmp/025.jpg. Uid: 10053. Media Capabilities Uid: 0. ShouldRedact: false. ShouldTranscode: false
04-14 18:20:14.097  1092  9406 D BroadcastQueue: Add broadcast <BroadcastRecord{57a588a u-1 android.net.conn.CONNECTIVITY_CHANGE}> into [parallel | background], pending size 0
04-14 18:20:14.098  1092  1275 D BroadcastQueue: Done with parallel broadcast [background] [BroadcastRecord{57a588a u-1 android.net.conn.CONNECTIVITY_CHANGE}]
04-14 18:20:14.102   674 11196 I audio_hw_primary: app type:0x   0, is_voip:0, device:2, pcm:-352510464, usecase:0x   8
04-14 18:20:14.106  1092  1092 I TransportConnection: BackupTransportService#3108: Notifying [AppBackupUtils.appIsRunningAndEligibleForBackupWithTransport] transport = BackupTransportClient
04-14 18:20:14.111  1092  9576 D BackupTransportManager: Transport com.google.android.gms/.backup.BackupTransportService updated its attributes
04-14 18:20:14.121  2973 13333 I MediaProvider: Observed non-standard /storage/emulated/0/Documents/Scans/downloads/.nomedia
04-14 18:20:14.131  2973 13333 D MediaProvider: Open with FUSE. FilePath: /storage/emulated/0/Documents/Scans/downloads/Mangas-Origines.fr (FR)/Perfect Surgeon/Chapitre 69 - De la chance_bf1e8f_tmp/026.jpg. Uid: 10053. Media Capabilities Uid: 0. ShouldRedact: false. ShouldTranscode: false
04-14 18:20:14.134  1092  5607 D BroadcastQueue: Add broadcast <BroadcastRecord{6a75e06 u-1 android.net.conn.CONNECTIVITY_CHANGE}> into [parallel | background], pending size 0
04-14 18:20:14.139  1092  1275 D BroadcastQueue: Done with parallel broadcast [background] [BroadcastRecord{6a75e06 u-1 android.net.conn.CONNECTIVITY_CHANGE}]
04-14 18:20:14.141   674 11196 I audio_hw_primary: app type:0x   0, is_voip:0, device:2, pcm:-352510464, usecase:0x   8
04-14 18:20:14.157  1092  1092 I TransportConnection: BackupTransportService#3109: Notifying [AppBackupUtils.appIsRunningAndEligibleForBackupWithTransport] transport = BackupTransportClient
04-14 18:20:14.166  2973 13333 I MediaProvider: Observed non-standard /storage/emulated/0/Documents/Scans/downloads/.nomedia
04-14 18:20:14.171  1092  9576 D BackupTransportManager: Transport com.google.android.gms/.backup.BackupTransportService updated its attributes
04-14 18:20:14.176  2973 13333 D MediaProvider: Open with FUSE. FilePath: /storage/emulated/0/Documents/Scans/downloads/Mangas-Origines.fr (FR)/Perfect Surgeon/Chapitre 69 - De la chance_bf1e8f_tmp/024.jpg. Uid: 10053. Media Capabilities Uid: 0. ShouldRedact: false. ShouldTranscode: false
04-14 18:20:14.178  1092  9576 D BroadcastQueue: Add broadcast <BroadcastRecord{4e0642 u-1 android.net.conn.CONNECTIVITY_CHANGE}> into [parallel | background], pending size 0
04-14 18:20:14.178  1092  1275 D BroadcastQueue: Done with parallel broadcast [background] [BroadcastRecord{4e0642 u-1 android.net.conn.CONNECTIVITY_CHANGE}]
04-14 18:20:14.182   674 11196 I audio_hw_primary: app type:0x   0, is_voip:0, device:2, pcm:-352510464, usecase:0x   8
04-14 18:20:14.193  1092  1092 I TransportConnection: BackupTransportService#3110: Notifying [AppBackupUtils.appIsRunningAndEligibleForBackupWithTransport] transport = BackupTransportClient
04-14 18:20:14.201  1092  2920 D BackupTransportManager: Transport com.google.android.gms/.backup.BackupTransportService updated its attributes
04-14 18:20:14.203  2973 13333 I MediaProvider: Observed non-standard /storage/emulated/0/Documents/Scans/downloads/.nomedia
04-14 18:20:14.211  2973 13333 D MediaProvider: Open with FUSE. FilePath: /storage/emulated/0/Documents/Scans/downloads/Mangas-Origines.fr (FR)/Perfect Surgeon/Chapitre 69 - De la chance_bf1e8f_tmp/029.jpg. Uid: 10053. Media Capabilities Uid: 0. ShouldRedact: false. ShouldTranscode: false
04-14 18:20:14.220  1092  2920 D BroadcastQueue: Add broadcast <BroadcastRecord{5c3efd8 u-1 android.net.conn.CONNECTIVITY_CHANGE}> into [parallel | background], pending size 0
04-14 18:20:14.221   674 11196 I audio_hw_primary: app type:0x   0, is_voip:0, device:2, pcm:-352510464, usecase:0x   8
04-14 18:20:14.224  1092  1275 D BroadcastQueue: Done with parallel broadcast [background] [BroadcastRecord{5c3efd8 u-1 android.net.conn.CONNECTIVITY_CHANGE}]
04-14 18:20:14.227  4491 14896 I RecoverableKeyStoreGms: [FolsomSyncManager] Starting sync for event: SYNC_PERIODIC
04-14 18:20:14.232  1092  1092 I TransportConnection: BackupTransportService#3117: Notifying [AppBackupUtils.appIsRunningAndEligibleForBackupWithTransport] transport = BackupTransportClient
04-14 18:20:14.237  2973 13333 I MediaProvider: Observed non-standard /storage/emulated/0/Documents/Scans/downloads/.nomedia
04-14 18:20:14.239  1092  1228 D BackupTransportManager: Transport com.google.android.gms/.backup.BackupTransportService updated its attributes
04-14 18:20:14.242  4491 15195 I KeychainOwnerKeysImport: Import aborted. [CONTEXT service_id=284 ]
04-14 18:20:14.242  4491 15195 I SyncOwnerKeyStateMach: syncOwnerKey result: hollow victory [CONTEXT service_id=284 ]
04-14 18:20:14.246  4491 15197 I GmsCoreXrpcWrapper: (REDACTED) Creating a custom channel provider with trafficStatsTag=%d trafficStatsUid=%d
04-14 18:20:14.246  2973 13333 D MediaProvider: Open with FUSE. FilePath: /storage/emulated/0/Documents/Scans/downloads/Mangas-Origines.fr (FR)/Perfect Surgeon/Chapitre 69 - De la chance_bf1e8f_tmp/031.jpg. Uid: 10053. Media Capabilities Uid: 0. ShouldRedact: false. ShouldTranscode: false
04-14 18:20:14.260   674 11196 I audio_hw_primary: app type:0x   0, is_voip:0, device:2, pcm:-352510464, usecase:0x   8
04-14 18:20:14.263  4491 15197 I SyncOwnerKeyStateMach: Starting syncOwnerKey [CONTEXT service_id=284 ]
04-14 18:20:14.269  1092  2920 W ActivityManager: Unable to start service Intent { act=com.google.android.gms.wearable.BIND pkg=com.google.android.gms } U=0: not found
04-14 18:20:14.272  1092  2920 W ActivityManager: Unbind failed: could not find connection for android.os.BinderProxy@a8903b4
04-14 18:20:14.272  4491  4536 W GmsClient: unable to connect to service: com.google.android.gms.wearable.BIND on com.google.android.gms
04-14 18:20:14.274  4491  4536 W ServiceBindIntentUtils: Dynamic lookup for intent failed for action: com.google.android.gms.onboardingconsent.api.ConsentManagerApiService.START
04-14 18:20:14.275  1092  2920 D BroadcastQueue: Add broadcast <BroadcastRecord{fd1d17f u-1 android.net.conn.CONNECTIVITY_CHANGE}> into [parallel | background], pending size 0
04-14 18:20:14.275  2973 13333 I MediaProvider: Observed non-standard /storage/emulated/0/Documents/Scans/downloads/.nomedia
04-14 18:20:14.276  1092  1275 D BroadcastQueue: Done with parallel broadcast [background] [BroadcastRecord{fd1d17f u-1 android.net.conn.CONNECTIVITY_CHANGE}]
04-14 18:20:14.278  1092  1547 W ActivityManager: Unable to start service Intent { act=com.google.android.gms.onboardingconsent.api.ConsentManagerApiService.START pkg=com.google.android.gms } U=0: not found
04-14 18:20:14.278  1092  9576 W ActivityManager: Unbind failed: could not find connection for android.os.BinderProxy@94f6995
04-14 18:20:14.279  4491  4536 W GmsClient: unable to connect to service: com.google.android.gms.onboardingconsent.api.ConsentManagerApiService.START on com.google.android.gms
04-14 18:20:14.284  4491 15197 I KeychainDomainChooser: Continuing to use the default password KF Keychain domain. [CONTEXT service_id=284 ]
04-14 18:20:14.284  4491 15197 I KeychainOwnerKeysImport: (REDACTED) Owner key is installed. Version: %d
04-14 18:20:14.284  4491 15197 I KeychainOwnerKeysImport: No in-use exported owner keys are missing [CONTEXT service_id=284 ]
04-14 18:20:14.285  4491 15195 I KeychainOwnerKeysImport: (REDACTED) Retrieving GAIA password domain keys. Domain name: '%s'
04-14 18:20:14.285  2973 13333 D MediaProvider: Open with FUSE. FilePath: /storage/emulated/0/Documents/Scans/downloads/Mangas-Origines.fr (FR)/Perfect Surgeon/Chapitre 69 - De la chance_bf1e8f_tmp/038.jpg. Uid: 10053. Media Capabilities Uid: 0. ShouldRedact: false. ShouldTranscode: false
04-14 18:20:14.286  1092  1092 I TransportConnection: BackupTransportService#3121: Notifying [AppBackupUtils.appIsRunningAndEligibleForBackupWithTransport] transport = BackupTransportClient
04-14 18:20:14.291  1092  2920 D BackupTransportManager: Transport com.google.android.gms/.backup.BackupTransportService updated its attributes
04-14 18:20:14.303   674 11196 I audio_hw_primary: app type:0x   0, is_voip:0, device:2, pcm:-352510464, usecase:0x   8
04-14 18:20:14.309  4491 14898 I RecoverableKeyStoreGms: [GetKeyMaterialOperation] GetKeyMaterialOperation: d0061058-f181-4837-b54c-e6aa22093eb7
04-14 18:20:14.319  2973 13333 I MediaProvider: Observed non-standard /storage/emulated/0/Documents/Scans/downloads/.nomedia
04-14 18:20:14.327  1092  2920 D BroadcastQueue: Add broadcast <BroadcastRecord{c86a168 u-1 android.net.conn.CONNECTIVITY_CHANGE}> into [parallel | background], pending size 0
04-14 18:20:14.328  2973 13333 D MediaProvider: Open with FUSE. FilePath: /storage/emulated/0/Documents/Scans/downloads/Mangas-Origines.fr (FR)/Perfect Surgeon/Chapitre 69 - De la chance_bf1e8f_tmp/028.jpg. Uid: 10053. Media Capabilities Uid: 0. ShouldRedact: false. ShouldTranscode: false
04-14 18:20:14.328  1092  1275 D BroadcastQueue: Done with parallel broadcast [background] [BroadcastRecord{c86a168 u-1 android.net.conn.CONNECTIVITY_CHANGE}]
04-14 18:20:14.337  1092  1092 I TransportConnection: BackupTransportService#3122: Notifying [AppBackupUtils.appIsRunningAndEligibleForBackupWithTransport] transport = BackupTransportClient
04-14 18:20:14.340   674 11196 I audio_hw_primary: app type:0x   0, is_voip:0, device:2, pcm:-352510464, usecase:0x   8
04-14 18:20:14.345  1092  9576 D BackupTransportManager: Transport com.google.android.gms/.backup.BackupTransportService updated its attributes
04-14 18:20:14.360  2973 13333 I MediaProvider: Observed non-standard /storage/emulated/0/Documents/Scans/downloads/.nomedia
04-14 18:20:14.371  2973 13333 D MediaProvider: Open with FUSE. FilePath: /storage/emulated/0/Documents/Scans/downloads/Mangas-Origines.fr (FR)/Perfect Surgeon/Chapitre 69 - De la chance_bf1e8f_tmp/033.jpg. Uid: 10053. Media Capabilities Uid: 0. ShouldRedact: false. ShouldTranscode: false
04-14 18:20:14.375  1092  9406 D BroadcastQueue: Add broadcast <BroadcastRecord{14edf2d u-1 android.net.conn.CONNECTIVITY_CHANGE}> into [parallel | background], pending size 0
04-14 18:20:14.377  1092  1275 D BroadcastQueue: Done with parallel broadcast [background] [BroadcastRecord{14edf2d u-1 android.net.conn.CONNECTIVITY_CHANGE}]
04-14 18:20:14.381   674 11196 I audio_hw_primary: app type:0x   0, is_voip:0, device:2, pcm:-352510464, usecase:0x   8
04-14 18:20:14.384  1092  1092 I TransportConnection: BackupTransportService#3124: Notifying [AppBackupUtils.appIsRunningAndEligibleForBackupWithTransport] transport = BackupTransportClient
04-14 18:20:14.393  1092  9406 D BackupTransportManager: Transport com.google.android.gms/.backup.BackupTransportService updated its attributes
04-14 18:20:14.398  2973 13333 I MediaProvider: Observed non-standard /storage/emulated/0/Documents/Scans/downloads/.nomedia
04-14 18:20:14.408  2973 13333 D MediaProvider: Open with FUSE. FilePath: /storage/emulated/0/Documents/Scans/downloads/Mangas-Origines.fr (FR)/Perfect Surgeon/Chapitre 69 - De la chance_bf1e8f_tmp/040.jpg. Uid: 10053. Media Capabilities Uid: 0. ShouldRedact: false. ShouldTranscode: false
04-14 18:20:14.413  1092  9406 D BroadcastQueue: Add broadcast <BroadcastRecord{37e5d5e u-1 android.net.conn.CONNECTIVITY_CHANGE}> into [parallel | background], pending size 0
04-14 18:20:14.414  1092  1275 D BroadcastQueue: Done with parallel broadcast [background] [BroadcastRecord{37e5d5e u-1 android.net.conn.CONNECTIVITY_CHANGE}]
04-14 18:20:14.423   674 11196 I audio_hw_primary: app type:0x   0, is_voip:0, device:2, pcm:-352510464, usecase:0x   8
04-14 18:20:14.425  1092  1092 I TransportConnection: BackupTransportService#3126: Notifying [AppBackupUtils.appIsRunningAndEligibleForBackupWithTransport] transport = BackupTransportClient
04-14 18:20:14.433  1092  9406 D BackupTransportManager: Transport com.google.android.gms/.backup.BackupTransportService updated its attributes
04-14 18:20:14.448  2973 13333 I MediaProvider: Observed non-standard /storage/emulated/0/Documents/Scans/downloads/.nomedia
04-14 18:20:14.450  1092  2920 D BroadcastQueue: Add broadcast <BroadcastRecord{6027c4b u-1 android.net.conn.CONNECTIVITY_CHANGE}> into [parallel | background], pending size 0
04-14 18:20:14.459  1092  1275 D BroadcastQueue: Done with parallel broadcast [background] [BroadcastRecord{6027c4b u-1 android.net.conn.CONNECTIVITY_CHANGE}]
04-14 18:20:14.459   674 11196 I audio_hw_primary: app type:0x   0, is_voip:0, device:2, pcm:-352510464, usecase:0x   8
04-14 18:20:14.460  2973 13333 D MediaProvider: Open with FUSE. FilePath: /storage/emulated/0/Documents/Scans/downloads/Mangas-Origines.fr (FR)/Perfect Surgeon/Chapitre 69 - De la chance_bf1e8f_tmp/035.jpg. Uid: 10053. Media Capabilities Uid: 0. ShouldRedact: false. ShouldTranscode: false
04-14 18:20:14.472  1092  1092 I TransportConnection: BackupTransportService#3131: Notifying [AppBackupUtils.appIsRunningAndEligibleForBackupWithTransport] transport = BackupTransportClient
04-14 18:20:14.478  1092  9406 D BackupTransportManager: Transport com.google.android.gms/.backup.BackupTransportService updated its attributes
04-14 18:20:14.490  2973 13333 I MediaProvider: Observed non-standard /storage/emulated/0/Documents/Scans/downloads/.nomedia
04-14 18:20:14.492  1092  1547 D BroadcastQueue: Add broadcast <BroadcastRecord{965317 u-1 android.net.conn.CONNECTIVITY_CHANGE}> into [parallel | background], pending size 0
04-14 18:20:14.493  1092  1275 D BroadcastQueue: Done with parallel broadcast [background] [BroadcastRecord{965317 u-1 android.net.conn.CONNECTIVITY_CHANGE}]
04-14 18:20:14.500  2973 13333 D MediaProvider: Open with FUSE. FilePath: /storage/emulated/0/Documents/Scans/downloads/Mangas-Origines.fr (FR)/Perfect Surgeon/Chapitre 69 - De la chance_bf1e8f_tmp/034.jpg. Uid: 10053. Media Capabilities Uid: 0. ShouldRedact: false. ShouldTranscode: false
04-14 18:20:14.501   674 11196 I audio_hw_primary: app type:0x   0, is_voip:0, device:2, pcm:-352510464, usecase:0x   8
04-14 18:20:14.501  1092  1092 I TransportConnection: BackupTransportService#3132: Notifying [AppBackupUtils.appIsRunningAndEligibleForBackupWithTransport] transport = BackupTransportClient
04-14 18:20:14.506  1092  9576 D BackupTransportManager: Transport com.google.android.gms/.backup.BackupTransportService updated its attributes
04-14 18:20:14.527  1092  9406 D BroadcastQueue: Add broadcast <BroadcastRecord{301c5a3 u-1 android.net.conn.CONNECTIVITY_CHANGE}> into [parallel | background], pending size 0
04-14 18:20:14.528  1092  1275 D BroadcastQueue: Done with parallel broadcast [background] [BroadcastRecord{301c5a3 u-1 android.net.conn.CONNECTIVITY_CHANGE}]
04-14 18:20:14.528  2973 13333 I MediaProvider: Observed non-standard /storage/emulated/0/Documents/Scans/downloads/.nomedia
04-14 18:20:14.537  2973 13333 D MediaProvider: Open with FUSE. FilePath: /storage/emulated/0/Documents/Scans/downloads/Mangas-Origines.fr (FR)/Perfect Surgeon/Chapitre 69 - De la chance_bf1e8f_tmp/037.jpg. Uid: 10053. Media Capabilities Uid: 0. ShouldRedact: false. ShouldTranscode: false
04-14 18:20:14.541  1092  1092 I TransportConnection: BackupTransportService#3133: Notifying [AppBackupUtils.appIsRunningAndEligibleForBackupWithTransport] transport = BackupTransportClient
04-14 18:20:14.542  1092  9406 D BackupTransportManager: Transport com.google.android.gms/.backup.BackupTransportService updated its attributes
04-14 18:20:14.544   674 11196 I audio_hw_primary: app type:0x   0, is_voip:0, device:2, pcm:-352510464, usecase:0x   8
04-14 18:20:14.571  2973 13333 I MediaProvider: Observed non-standard /storage/emulated/0/Documents/Scans/downloads/.nomedia
04-14 18:20:14.575  1092  1700 D BroadcastQueue: Add broadcast <BroadcastRecord{9621585 u-1 android.net.conn.CONNECTIVITY_CHANGE}> into [parallel | background], pending size 0
04-14 18:20:14.575  1092  1275 D BroadcastQueue: Done with parallel broadcast [background] [BroadcastRecord{9621585 u-1 android.net.conn.CONNECTIVITY_CHANGE}]
04-14 18:20:14.578   674 11408 D dtsaudio: eagle pipeline proc call 6948000 (size =1920, inCh=3, outCh=3, android fmt in=5, out=5) ret 0 
04-14 18:20:14.578   674 11196 I audio_hw_primary: app type:0x   0, is_voip:0, device:2, pcm:-352510464, usecase:0x   8
04-14 18:20:14.579  2973 13333 D MediaProvider: Open with FUSE. FilePath: /storage/emulated/0/Documents/Scans/downloads/Mangas-Origines.fr (FR)/Perfect Surgeon/Chapitre 69 - De la chance_bf1e8f_tmp/036.jpg. Uid: 10053. Media Capabilities Uid: 0. ShouldRedact: false. ShouldTranscode: false
04-14 18:20:14.588  1092  1092 I TransportConnection: BackupTransportService#3136: Notifying [AppBackupUtils.appIsRunningAndEligibleForBackupWithTransport] transport = BackupTransportClient
04-14 18:20:14.597  1092  2920 D BackupTransportManager: Transport com.google.android.gms/.backup.BackupTransportService updated its attributes
04-14 18:20:14.610  2973 13333 I MediaProvider: Observed non-standard /storage/emulated/0/Documents/Scans/downloads/.nomedia
04-14 18:20:14.616  1092  2920 D BroadcastQueue: Add broadcast <BroadcastRecord{4a6b071 u-1 android.net.conn.CONNECTIVITY_CHANGE}> into [parallel | background], pending size 0
04-14 18:20:14.618  1092  1275 D BroadcastQueue: Done with parallel broadcast [background] [BroadcastRecord{4a6b071 u-1 android.net.conn.CONNECTIVITY_CHANGE}]
04-14 18:20:14.620   674 11196 I audio_hw_primary: app type:0x   0, is_voip:0, device:2, pcm:-352510464, usecase:0x   8
04-14 18:20:14.621  2973 13333 D MediaProvider: Open with FUSE. FilePath: /storage/emulated/0/Documents/Scans/downloads/Mangas-Origines.fr (FR)/Perfect Surgeon/Chapitre 69 - De la chance_bf1e8f_tmp/039.jpg. Uid: 10053. Media Capabilities Uid: 0. ShouldRedact: false. ShouldTranscode: false
04-14 18:20:14.627  1092  1092 I TransportConnection: BackupTransportService#3137: Notifying [AppBackupUtils.appIsRunningAndEligibleForBackupWithTransport] transport = BackupTransportClient
04-14 18:20:14.640  1092  1547 D BackupTransportManager: Transport com.google.android.gms/.backup.BackupTransportService updated its attributes
04-14 18:20:14.658  2973 13333 I MediaProvider: Observed non-standard /storage/emulated/0/Documents/Scans/downloads/.nomedia
04-14 18:20:14.665   674 11196 I audio_hw_primary: app type:0x   0, is_voip:0, device:2, pcm:-352510464, usecase:0x   8
04-14 18:20:14.666  1092  9406 D BroadcastQueue: Add broadcast <BroadcastRecord{a70d11d u-1 android.net.conn.CONNECTIVITY_CHANGE}> into [parallel | background], pending size 0
04-14 18:20:14.671  4491 14898 I KeychainDomainRetriever: (REDACTED) Got %d domain keys starting from #%d
04-14 18:20:14.671  2973 13333 D MediaProvider: Open with FUSE. FilePath: /storage/emulated/0/Documents/Scans/downloads/Mangas-Origines.fr (FR)/Perfect Surgeon/Chapitre 69 - De la chance_bf1e8f_tmp/042.jpg. Uid: 10053. Media Capabilities Uid: 0. ShouldRedact: false. ShouldTranscode: false
04-14 18:20:14.674  4491 15195 I KeychainDomainRetriever: No reason to believe that the available Keychain domain keys are stale. [CONTEXT service_id=284 ]
04-14 18:20:14.676  1092  1275 D BroadcastQueue: Done with parallel broadcast [background] [BroadcastRecord{a70d11d u-1 android.net.conn.CONNECTIVITY_CHANGE}]
04-14 18:20:14.677  4491 15197 I KeychainOwnerKeysImport: No encrypted owner keys that the retrieved domain keys would allow us to decrypt need to be imported. [CONTEXT service_id=284 ]
04-14 18:20:14.677 15011 14734 I NetworkScheduler.Stats: (REDACTED) Task %s/%s finished executing. cause:%s result: %s elapsed_millis: %s uptime_millis: %s exec_start_elapsed_seconds: %s
04-14 18:20:14.683  1092  1092 I TransportConnection: BackupTransportService#3141: Notifying [AppBackupUtils.appIsRunningAndEligibleForBackupWithTransport] transport = BackupTransportClient
04-14 18:20:14.684  4491 15197 I SyncOwnerKeyStateMach: The installed owner key is in use and thus needs to be exported [CONTEXT service_id=284 ]
04-14 18:20:14.691  1092  1547 D BackupTransportManager: Transport com.google.android.gms/.backup.BackupTransportService updated its attributes
04-14 18:20:14.693  1092  1700 W ActivityManager: Unable to start service Intent { act=com.google.android.gms.wearable.BIND pkg=com.google.android.gms } U=0: not found
04-14 18:20:14.697 13282 13286 I aoapp.musically: Background young concurrent mark compact GC freed 19MB AllocSpace bytes, 23(2564KB) LOS objects, 18% free, 89MB/108MB, paused 3.096ms,11.892ms total 369.559ms
04-14 18:20:14.703  1092  1228 W ActivityManager: Unbind failed: could not find connection for android.os.BinderProxy@8e24b7
04-14 18:20:14.703  4491  4536 W GmsClient: unable to connect to service: com.google.android.gms.wearable.BIND on com.google.android.gms
04-14 18:20:14.704  4491  4536 W GoogleApiManager: Not showing notification since connectionResult is not user-facing: ConnectionResult{statusCode=API_UNAVAILABLE, resolution=null, message=null, clientMethodKey=null}
04-14 18:20:14.704   674 11196 I audio_hw_primary: app type:0x   0, is_voip:0, device:2, pcm:-352510464, usecase:0x   8
04-14 18:20:14.705  4491 15197 I FinderWearable: [WearOwnerKeyPublisher] Wearable API isn't available on this device. [CONTEXT service_id=284 ]
04-14 18:20:14.705  4491 15197 I OwnerKeyExporter: (REDACTED) An export of owner key #%d encrypted with the latest domain key (#%d) already exists
04-14 18:20:14.706  4491 15197 I SyncOwnerKeyStateMach: Adding LSKF to password domain is disabled [CONTEXT service_id=284 ]
04-14 18:20:14.706  4491 15197 I SyncOwnerKeyStateMach: syncOwnerKey result: victory [CONTEXT service_id=284 ]
04-14 18:20:14.706  1092  9406 D BroadcastQueue: Add broadcast <BroadcastRecord{df3ce90 u-1 android.net.conn.CONNECTIVITY_CHANGE}> into [parallel | background], pending size 0
04-14 18:20:14.707  1092  1275 D BroadcastQueue: Done with parallel broadcast [background] [BroadcastRecord{df3ce90 u-1 android.net.conn.CONNECTIVITY_CHANGE}]
04-14 18:20:14.709  4491 15195 I GmsCoreXrpcWrapper: (REDACTED) Creating a custom channel provider with trafficStatsTag=%d trafficStatsUid=%d
04-14 18:20:14.709  1092  2920 W ActivityManager: Unable to start service Intent { act=com.google.android.gms.wearable.BIND pkg=com.google.android.gms } U=0: not found
04-14 18:20:14.710  1092  2920 W ActivityManager: Unbind failed: could not find connection for android.os.BinderProxy@335f69a
04-14 18:20:14.710  4491  4536 W GmsClient: unable to connect to service: com.google.android.gms.wearable.BIND on com.google.android.gms
04-14 18:20:14.711  4491  4536 W ServiceBindIntentUtils: Dynamic lookup for intent failed for action: com.google.android.gms.onboardingconsent.api.ConsentManagerApiService.START
04-14 18:20:14.714  2973 13333 I MediaProvider: Observed non-standard /storage/emulated/0/Documents/Scans/downloads/.nomedia
04-14 18:20:14.714  1092  9406 W ActivityManager: Unable to start service Intent { act=com.google.android.gms.onboardingconsent.api.ConsentManagerApiService.START pkg=com.google.android.gms } U=0: not found
04-14 18:20:14.716  1092  1092 I TransportConnection: BackupTransportService#3143: Notifying [AppBackupUtils.appIsRunningAndEligibleForBackupWithTransport] transport = BackupTransportClient
04-14 18:20:14.718  1092  9406 W ActivityManager: Unbind failed: could not find connection for android.os.BinderProxy@4391bcb
04-14 18:20:14.718  4491  4536 W GmsClient: unable to connect to service: com.google.android.gms.onboardingconsent.api.ConsentManagerApiService.START on com.google.android.gms
04-14 18:20:14.721  1092  9406 D BackupTransportManager: Transport com.google.android.gms/.backup.BackupTransportService updated its attributes
04-14 18:20:14.721  1092  5607 W ActivityManager: Unable to start service Intent { act=com.google.android.gms.wearable.BIND pkg=com.google.android.gms } U=0: not found
04-14 18:20:14.722  2973 13333 D MediaProvider: Open with FUSE. FilePath: /storage/emulated/0/Documents/Scans/downloads/Mangas-Origines.fr (FR)/Perfect Surgeon/Chapitre 69 - De la chance_bf1e8f_tmp/044.jpg. Uid: 10053. Media Capabilities Uid: 0. ShouldRedact: false. ShouldTranscode: false
04-14 18:20:14.722  1092  5607 W ActivityManager: Unbind failed: could not find connection for android.os.BinderProxy@2c24e54
04-14 18:20:14.723  4491  4536 W GmsClient: unable to connect to service: com.google.android.gms.wearable.BIND on com.google.android.gms
04-14 18:20:14.724  4491  4536 W ServiceBindIntentUtils: Dynamic lookup for intent failed for action: com.google.android.gms.onboardingconsent.api.ConsentManagerApiService.START
04-14 18:20:14.727  1092  5607 W ActivityManager: Unable to start service Intent { act=com.google.android.gms.onboardingconsent.api.ConsentManagerApiService.START pkg=com.google.android.gms } U=0: not found
04-14 18:20:14.727  1092  1228 W ActivityManager: Unbind failed: could not find connection for android.os.BinderProxy@1d4bef2
04-14 18:20:14.728  4491  4536 W GmsClient: unable to connect to service: com.google.android.gms.onboardingconsent.api.ConsentManagerApiService.START on com.google.android.gms
04-14 18:20:14.730  1092  5607 W ActivityManager: Unable to start service Intent { act=com.google.android.gms.wearable.BIND pkg=com.google.android.gms } U=0: not found
04-14 18:20:14.730  4491 15195 I SyncOwnerKeyStateMach: Starting syncOwnerKey [CONTEXT service_id=284 ]
04-14 18:20:14.731  1092  5607 W ActivityManager: Unbind failed: could not find connection for android.os.BinderProxy@ad2e0f9
04-14 18:20:14.732  4491  4536 W GmsClient: unable to connect to service: com.google.android.gms.wearable.BIND on com.google.android.gms
04-14 18:20:14.737  4491  4536 W ServiceBindIntentUtils: Dynamic lookup for intent failed for action: com.google.android.gms.onboardingconsent.api.ConsentManagerApiService.START
04-14 18:20:14.739  1092  5607 D BroadcastQueue: Add broadcast <BroadcastRecord{c8c4a97 u-1 android.net.conn.CONNECTIVITY_CHANGE}> into [parallel | background], pending size 0
04-14 18:20:14.739  1092  1275 D BroadcastQueue: Done with parallel broadcast [background] [BroadcastRecord{c8c4a97 u-1 android.net.conn.CONNECTIVITY_CHANGE}]
04-14 18:20:14.740   674 11196 I audio_hw_primary: app type:0x   0, is_voip:0, device:2, pcm:-352510464, usecase:0x   8
04-14 18:20:14.743  1092  9406 W ActivityManager: Unable to start service Intent { act=com.google.android.gms.onboardingconsent.api.ConsentManagerApiService.START pkg=com.google.android.gms } U=0: not found
04-14 18:20:14.743  1092  9406 W ActivityManager: Unbind failed: could not find connection for android.os.BinderProxy@8b6c8a2
04-14 18:20:14.744  4491  4536 W GmsClient: unable to connect to service: com.google.android.gms.onboardingconsent.api.ConsentManagerApiService.START on com.google.android.gms
04-14 18:20:14.748  1092  1092 I TransportConnection: BackupTransportService#3145: Notifying [AppBackupUtils.appIsRunningAndEligibleForBackupWithTransport] transport = BackupTransportClient
04-14 18:20:14.752  1092  5607 D BackupTransportManager: Transport com.google.android.gms/.backup.BackupTransportService updated its attributes
04-14 18:20:14.755  4491 15195 I KeychainDomainChooser: No Keychain domain is in use. [CONTEXT service_id=284 ]
04-14 18:20:14.756  2973 13333 I MediaProvider: Observed non-standard /storage/emulated/0/Documents/Scans/downloads/.nomedia
04-14 18:20:14.764  2973 13333 D MediaProvider: Open with FUSE. FilePath: /storage/emulated/0/Documents/Scans/downloads/Mangas-Origines.fr (FR)/Perfect Surgeon/Chapitre 69 - De la chance_bf1e8f_tmp/041.jpg. Uid: 10053. Media Capabilities Uid: 0. ShouldRedact: false. ShouldTranscode: false
04-14 18:20:14.766  1092  5607 D BroadcastQueue: Add broadcast <BroadcastRecord{4c69e52 u-1 android.net.conn.CONNECTIVITY_CHANGE}> into [parallel | background], pending size 0
04-14 18:20:14.767  4491 12584 I RecoverableKeyStoreGms: (REDACTED) [GetSyncStatusOperation] GetSyncStatusOperation: %s
04-14 18:20:14.767  1092  1275 D BroadcastQueue: Done with parallel broadcast [background] [BroadcastRecord{4c69e52 u-1 android.net.conn.CONNECTIVITY_CHANGE}]
04-14 18:20:14.778  1092  1092 I TransportConnection: BackupTransportService#3146: Notifying [AppBackupUtils.appIsRunningAndEligibleForBackupWithTransport] transport = BackupTransportClient
