04-14 18:20:15.955  1092  1276 I ActivityManager: Start proc 15242:com.google.android.apps.maps/u0a129 for backup {com.google.android.apps.maps/com.google.android.apps.gmm.backup.GmmPersistentBackupAgentHelper}
04-14 18:20:15.959  1092  1092 E JobScheduler.Concurrency: Error executing JobStatus{15aeb1d #u0a330/66 com.anthropic.claude/androidx.work.impl.background.systemjob.SystemJobService u=0 s=10330 TIME=-1d1h35m56s443ms:none NET failures=1 READY}
04-14 18:20:15.967  1092  1092 D Griffin/ComponentManager: Limit start proc:com.deepseek.chat for 3rd-normal-service caller=system/1092,Intent { cmp=com.deepseek.chat/com.google.android.datatransport.runtime.scheduling.jobscheduling.JobInfoSchedulerService }
04-14 18:20:15.967  1092  1092 W ActivityManager: Unable to launch app com.deepseek.chat/10286 for service Intent { cmp=com.deepseek.chat/com.google.android.datatransport.runtime.scheduling.jobscheduling.JobInfoSchedulerService }: AutoStart Limit
04-14 18:20:15.967  1092  1092 D ActivityManager: isGriffinSupport  bringUpServiceLocked and unbindServiceLockedIntent { cmp=com.deepseek.chat/com.google.android.datatransport.runtime.scheduling.jobscheduling.JobInfoSchedulerService }
04-14 18:20:15.967  1092  1092 W ActivityManager: Unbind failed: could not find connection for android.app.LoadedApk$ServiceDispatcher$InnerConnection@81d30cf
04-14 18:20:15.969  1092  1092 E JobScheduler.Concurrency: Error executing JobStatus{52e50ff #u0a286/-814799897 com.deepseek.chat/com.google.android.datatransport.runtime.scheduling.jobscheduling.JobInfoSchedulerService u=0 s=10286 TIME=-1d1h9m25s49ms:none NET READY}
04-14 18:20:15.973 15242 15242 I droid.apps.maps: Using CollectorTypeCMC GC.
04-14 18:20:15.975  1092  1092 D Griffin/ComponentManager: Limit start proc:com.openai.chatgpt for 3rd-normal-service caller=system/1092,Intent { cmp=com.openai.chatgpt/androidx.work.impl.background.systemjob.SystemJobService }
04-14 18:20:15.975  1092  1092 W ActivityManager: Unable to launch app com.openai.chatgpt/10270 for service Intent { cmp=com.openai.chatgpt/androidx.work.impl.background.systemjob.SystemJobService }: AutoStart Limit
04-14 18:20:15.976  1092  1092 D ActivityManager: isGriffinSupport  bringUpServiceLocked and unbindServiceLockedIntent { cmp=com.openai.chatgpt/androidx.work.impl.background.systemjob.SystemJobService }
04-14 18:20:15.976  1092  1092 W ActivityManager: Unbind failed: could not find connection for android.app.LoadedApk$ServiceDispatcher$InnerConnection@892ae3a
04-14 18:20:15.976  1092  1092 E JobScheduler.Concurrency: Error executing JobStatus{c34fd82 #u0a270/3236 com.openai.chatgpt/androidx.work.impl.background.systemjob.SystemJobService u=0 s=10270 TIME=-1d0h37m14s76ms:none NET READY}
04-14 18:20:15.981 15242 15242 D nativeloader: Load libframework-connectivity-tiramisu-jni.so using APEX ns com_android_tethering for caller /apex/com.android.tethering/javalib/framework-connectivity-t.jar: ok
04-14 18:20:15.981  1092  1092 D Griffin/ComponentManager: Limit start proc:org.telegram.messenger for 3rd-normal-service caller=system/1092,Intent { cmp=org.telegram.messenger/com.google.android.datatransport.runtime.scheduling.jobscheduling.JobInfoSchedulerService }
04-14 18:20:15.982  1092  1092 W ActivityManager: Unable to launch app org.telegram.messenger/10209 for service Intent { cmp=org.telegram.messenger/com.google.android.datatransport.runtime.scheduling.jobscheduling.JobInfoSchedulerService }: AutoStart Limit
04-14 18:20:15.982  1092  1092 D ActivityManager: isGriffinSupport  bringUpServiceLocked and unbindServiceLockedIntent { cmp=org.telegram.messenger/com.google.android.datatransport.runtime.scheduling.jobscheduling.JobInfoSchedulerService }
04-14 18:20:15.983   674 11196 I audio_hw_primary: app type:0x   0, is_voip:0, device:2, pcm:-352510464, usecase:0x   8
04-14 18:20:15.983  1092  1092 W ActivityManager: Unbind failed: could not find connection for android.app.LoadedApk$ServiceDispatcher$InnerConnection@fdeee1
04-14 18:20:15.984  1092  1092 E JobScheduler.Concurrency: Error executing JobStatus{bfcca24 #u0a209/-1341184476 org.telegram.messenger/com.google.android.datatransport.runtime.scheduling.jobscheduling.JobInfoSchedulerService u=0 s=10209 TIME=-2h18m31s309ms:none NET READY}
04-14 18:20:15.984  2973 31396 I MediaProvider: Deleted 1 0 0 0 0 0 0 items on external_primary due to com.android.externalstorage
04-14 18:20:15.991  1092  1092 D Griffin/ComponentManager: Limit start proc:com.whatsapp for 3rd-normal-service caller=system/1092,Intent { cmp=com.whatsapp/androidx.work.impl.background.systemjob.SystemJobService }
04-14 18:20:15.991  1092  1092 W ActivityManager: Unable to launch app com.whatsapp/10191 for service Intent { cmp=com.whatsapp/androidx.work.impl.background.systemjob.SystemJobService }: AutoStart Limit
04-14 18:20:15.992  1092  1092 D ActivityManager: isGriffinSupport  bringUpServiceLocked and unbindServiceLockedIntent { cmp=com.whatsapp/androidx.work.impl.background.systemjob.SystemJobService }
04-14 18:20:15.992  1092  1092 W ActivityManager: Unbind failed: could not find connection for android.app.LoadedApk$ServiceDispatcher$InnerConnection@9d848f4
04-14 18:20:15.992  1092  1092 E JobScheduler.Concurrency: Error executing JobStatus{4e0ff27 #u0a191/217534 com.whatsapp/androidx.work.impl.background.systemjob.SystemJobService u=0 s=10191 TIME=-23m16s297ms:none NET CHARGING READY}
04-14 18:20:15.994 23266 23273 I adbd    : jdwp connection from 15242
04-14 18:20:15.997  1092  5607 D CompatibilityChangeReporter: Compat change id reported: 168419799; UID 10129; state: DISABLED
04-14 18:20:15.998  1092  5607 D os.ActivityManagerServiceLice: make process active com.google.android.apps.maps(15242)
04-14 18:20:15.999  1092  5607 W ActivityManager: setOomAdj Pid: 15242, Uid: 10129, Adj 300
04-14 18:20:16.006 15242 15242 D CompatibilityChangeReporter: Compat change id reported: 171979766; UID 10129; state: ENABLED
04-14 18:20:16.006  2973 31490 I MediaProvider: Deleted 1 0 0 0 0 0 0 items on external_primary due to com.android.externalstorage
04-14 18:20:16.011 15242 15242 D TranClassInfo: instance successfully. com.transsion.hubcore.graphics.TranGraphicImpl@d5c8fb3 from com.transsion.hubcore.graphics.ITranGraphic
04-14 18:20:16.011 15242 15255 E droid.apps.maps: Could not write anonymous vdex /system_ext/framework/oat/arm64/unisoc-framework.vdex: Could not open /system_ext/framework/oat/arm64/unisoc-framework.vdex for writing
04-14 18:20:16.012 15242 15242 D os.SingleLiceFactory: instance successfully. com.transsion.typeface.v1.TypefaceLice@6a34b61 from android.graphics.IGraphicLice
04-14 18:20:16.012 15242 15242 D os.LiceInfo: instance successfully. com.transsion.graphics.GraphicLice@ba3e970 from android.graphics.IGraphicLice
04-14 18:20:16.016 15242 15248 W droid.apps.maps: userfaultfd: MOVE ioctl seems unsupported: Try again
04-14 18:20:16.017  2973  7441 I MediaProvider: Deleted 1 0 0 0 0 0 0 items on external_primary due to com.android.externalstorage
04-14 18:20:16.021   674 11196 I audio_hw_primary: app type:0x   0, is_voip:0, device:2, pcm:-352510464, usecase:0x   8
04-14 18:20:16.025 15011 15011 D BoundBrokerSvc: onRebind: Intent { act=com.google.android.gms.libs.gmscorelogger.service.START dat=chimera-action:/... cmp=com.google.android.gms/.chimera.PersistentDirectBootAwareApiService }
04-14 18:20:16.027  2973  7441 I MediaProvider: Deleted 1 0 0 0 0 0 0 items on external_primary due to com.android.externalstorage
04-14 18:20:16.038  2973  9227 I MediaProvider: Deleted 1 0 0 0 0 0 0 items on external_primary due to com.android.externalstorage
04-14 18:20:16.046 15242 15242 D nativeloader: Configuring clns-4 for other apk /system/framework/org.apache.http.legacy.jar. target_sdk_version=36, uses_libraries=ALL, library_path=/data/app/~~KHqsI7Gb4mItSvV-ILJjMg==/com.google.android.apps.maps-SadqGhkhFLHrWfSEV_3F-A==/lib/arm64:/data/app/~~KHqsI7Gb4mItSvV-ILJjMg==/com.google.android.apps.maps-SadqGhkhFLHrWfSEV_3F-A==/base.apk!/lib/arm64-v8a:/data/app/~~KHqsI7Gb4mItSvV-ILJjMg==/com.google.android.apps.maps-SadqGhkhFLHrWfSEV_3F-A==/split_config.arm64_v8a.apk!/lib/arm64-v8a:/data/app/~~KHqsI7Gb4mItSvV-ILJjMg==/com.google.android.apps.maps-SadqGhkhFLHrWfSEV_3F-A==/split_config.en.apk!/lib/arm64-v8a:/data/app/~~KHqsI7Gb4mItSvV-ILJjMg==/com.google.android.apps.maps-SadqGhkhFLHrWfSEV_3F-A==/split_config.fr.apk!/lib/arm64-v8a:/data/app/~~KHqsI7Gb4mItSvV-ILJjMg==/com.google.android.apps.maps-SadqGhkhFLHrWfSEV_3F-A==/split_config.xhdpi.apk!/lib/arm64-v8a, permitted_path=/data:/mnt/expand:/data/user/0/com.google.android.apps.maps
04-14 18:20:16.049  2973 14510 I MediaProvider: Deleted 1 0 0 0 0 0 0 items on external_primary due to com.android.externalstorage
04-14 18:20:16.058  2973 31397 I MediaProvider: Deleted 1 0 0 0 0 0 0 items on external_primary due to com.android.externalstorage
04-14 18:20:16.061   674 11196 I audio_hw_primary: app type:0x   0, is_voip:0, device:2, pcm:-352510464, usecase:0x   8
04-14 18:20:16.076  2973 31488 I MediaProvider: Deleted 1 0 0 0 0 0 0 items on external_primary due to com.android.externalstorage
04-14 18:20:16.085  2973 13256 I MediaProvider: Deleted 1 0 0 0 0 0 0 items on external_primary due to com.android.externalstorage
04-14 18:20:16.098  2973 31478 I MediaProvider: Deleted 1 0 0 0 0 0 0 items on external_primary due to com.android.externalstorage
04-14 18:20:16.101   674 11196 I audio_hw_primary: app type:0x   0, is_voip:0, device:2, pcm:-352510464, usecase:0x   8
04-14 18:20:16.110  2973  7441 I MediaProvider: Deleted 1 0 0 0 0 0 0 items on external_primary due to com.android.externalstorage
04-14 18:20:16.122  2973 31488 I MediaProvider: Deleted 1 0 0 0 0 0 0 items on external_primary due to com.android.externalstorage
