04-14 18:20:14.779   674 11196 I audio_hw_primary: app type:0x   0, is_voip:0, device:2, pcm:-352510464, usecase:0x   8
04-14 18:20:14.788  1092  1547 D BackupTransportManager: Transport com.google.android.gms/.backup.BackupTransportService updated its attributes
04-14 18:20:14.793  2973 13333 I MediaProvider: Observed non-standard /storage/emulated/0/Documents/Scans/downloads/.nomedia
04-14 18:20:14.802  2973 13333 D MediaProvider: Open with FUSE. FilePath: /storage/emulated/0/Documents/Scans/downloads/Mangas-Origines.fr (FR)/Perfect Surgeon/Chapitre 69 - De la chance_bf1e8f_tmp/043.jpg. Uid: 10053. Media Capabilities Uid: 0. ShouldRedact: false. ShouldTranscode: false
04-14 18:20:14.803  1092  1228 D BroadcastQueue: Add broadcast <BroadcastRecord{bbc7468 u-1 android.net.conn.CONNECTIVITY_CHANGE}> into [parallel | background], pending size 0
04-14 18:20:14.804  1092  1275 D BroadcastQueue: Done with parallel broadcast [background] [BroadcastRecord{bbc7468 u-1 android.net.conn.CONNECTIVITY_CHANGE}]
04-14 18:20:14.810  1092  1092 I TransportConnection: BackupTransportService#3150: Notifying [AppBackupUtils.appIsRunningAndEligibleForBackupWithTransport] transport = BackupTransportClient
04-14 18:20:14.819   674 11196 I audio_hw_primary: app type:0x   0, is_voip:0, device:2, pcm:-352510464, usecase:0x   8
04-14 18:20:14.820  1092  1228 D BackupTransportManager: Transport com.google.android.gms/.backup.BackupTransportService updated its attributes
04-14 18:20:14.829  1092  1228 D BroadcastQueue: Add broadcast <BroadcastRecord{f4063d6 u-1 android.net.conn.CONNECTIVITY_CHANGE}> into [parallel | background], pending size 0
04-14 18:20:14.830  1092  1275 D BroadcastQueue: Done with parallel broadcast [background] [BroadcastRecord{f4063d6 u-1 android.net.conn.CONNECTIVITY_CHANGE}]
04-14 18:20:14.841  1092  1092 I TransportConnection: BackupTransportService#3152: Notifying [AppBackupUtils.appIsRunningAndEligibleForBackupWithTransport] transport = BackupTransportClient
04-14 18:20:14.843  1092  1228 I RecoverableAppKeyStore: Get 0/10106/com.google.android.gms.auth.folsom/v1/1733584411499/23AC82A345E4691FB3A5AD753726CEB1
04-14 18:20:14.844  2973 13333 I MediaProvider: Observed non-standard /storage/emulated/0/Documents/Scans/downloads/.nomedia
04-14 18:20:14.847  1092  1547 D BackupTransportManager: Transport com.google.android.gms/.backup.BackupTransportService updated its attributes
04-14 18:20:14.848  1092  1547 I RecoverableAppKeyStore: Get 0/10106/com.google.android.gms.auth.folsom/v1/1776164283224/32D6904718203974F01022A83463FE5D
04-14 18:20:14.852  2973 13333 D MediaProvider: Open with FUSE. FilePath: /storage/emulated/0/Documents/Scans/downloads/Mangas-Origines.fr (FR)/Perfect Surgeon/Chapitre 69 - De la chance_bf1e8f_tmp/045.jpg. Uid: 10053. Media Capabilities Uid: 0. ShouldRedact: false. ShouldTranscode: false
04-14 18:20:14.854  4491 12584 I KeychainDomainChooser: (REDACTED) Can create an LSKF Keychain domain, so using the default one (syncStatus: %s).
04-14 18:20:14.854  4491 12584 I KeychainOwnerKeysImport: No owner key is installed [CONTEXT service_id=284 ]
04-14 18:20:14.854  4491 12584 I KeychainOwnerKeysImport: No in-use exported owner keys are missing [CONTEXT service_id=284 ]
04-14 18:20:14.855  4491 15195 I KeychainOwnerKeysImport: (REDACTED) Retrieving LSKF domain keys. Domain name: '%s'
04-14 18:20:14.856  4491 12584 I RecoverableKeyStoreGms: [GetKeyMaterialOperation] GetKeyMaterialOperation: 15cee3f5-4103-44a9-b6d4-cb437c54d6bc
04-14 18:20:14.857  1092  9406 D BroadcastQueue: Add broadcast <BroadcastRecord{54b1347 u-1 android.net.conn.CONNECTIVITY_CHANGE}> into [parallel | background], pending size 0
04-14 18:20:14.859  4491 12584 I RecoverableKeyStoreGms: [FolsomSyncManager] Starting sync for event:  GET_KEY_MATERIAL
04-14 18:20:14.861  1092  1275 D BroadcastQueue: Done with parallel broadcast [background] [BroadcastRecord{54b1347 u-1 android.net.conn.CONNECTIVITY_CHANGE}]
04-14 18:20:14.865   674 11196 I audio_hw_primary: app type:0x   0, is_voip:0, device:2, pcm:-352510464, usecase:0x   8
04-14 18:20:14.876  1092  1092 I TransportConnection: BackupTransportService#3153: Notifying [AppBackupUtils.appIsRunningAndEligibleForBackupWithTransport] transport = BackupTransportClient
04-14 18:20:14.889  1092  2920 D BackupTransportManager: Transport com.google.android.gms/.backup.BackupTransportService updated its attributes
04-14 18:20:14.891  2973 13333 I MediaProvider: Observed non-standard /storage/emulated/0/Documents/Scans/downloads/.nomedia
04-14 18:20:14.898   674 11196 I audio_hw_primary: app type:0x   0, is_voip:0, device:2, pcm:-352510464, usecase:0x   8
04-14 18:20:14.900  2973 13333 D MediaProvider: Open with FUSE. FilePath: /storage/emulated/0/Documents/Scans/downloads/Mangas-Origines.fr (FR)/Perfect Surgeon/Chapitre 69 - De la chance_bf1e8f_tmp/046.jpg. Uid: 10053. Media Capabilities Uid: 0. ShouldRedact: false. ShouldTranscode: false
04-14 18:20:14.906 15011 14908 I Backup  : [FreshnessTargetTierChecker] Should back up PackageAndBackupType(packageName=com.transsion.system.navigation, backupType=BACKUP_AGENT): no previous backup record found.
04-14 18:20:14.907 15011 14908 I Backup  : [FreshnessTargetTierChecker] Should back up PackageAndBackupType(packageName=com.android.launcher3, backupType=BACKUP_AGENT): no previous backup record found.
04-14 18:20:14.908 15011 14908 I Backup  : [FreshnessTargetTierChecker] Should back up PackageAndBackupType(packageName=com.spreadtrum.sgps, backupType=BACKUP_AGENT): no previous backup record found.
04-14 18:20:14.909 15011 14908 I Backup  : [FreshnessTargetTierChecker] Should back up PackageAndBackupType(packageName=com.zhiliaoapp.musically, backupType=BACKUP_AGENT): no previous backup record found.
04-14 18:20:14.909 15011 14908 I Backup  : [FreshnessTargetTierChecker] Should back up PackageAndBackupType(packageName=com.unisoc, backupType=BACKUP_AGENT): no previous backup record found.
04-14 18:20:14.909 15011 14908 I Backup  : [FreshnessTargetTierChecker] Should back up PackageAndBackupType(packageName=com.monix.monix.monix, backupType=BACKUP_AGENT): no previous backup record found.
04-14 18:20:14.909 15011 14908 I Backup  : [FreshnessTargetTierChecker] Should back up PackageAndBackupType(packageName=com.transsion.os.typeface, backupType=BACKUP_AGENT): no previous backup record found.
04-14 18:20:14.910 15011 14908 I Backup  : [FreshnessTargetTierChecker] Should back up PackageAndBackupType(packageName=com.google.android.apps.messaging, backupType=BACKUP_AGENT): no previous backup record found.
04-14 18:20:14.910 15011 14908 I Backup  : [FreshnessTargetTierChecker] Should back up PackageAndBackupType(packageName=com.google.android.apps.maps, backupType=BACKUP_AGENT): no previous backup record found.
04-14 18:20:14.910 15011 14908 I Backup  : [FreshnessTargetTierChecker] Should back up PackageAndBackupType(packageName=android.overlay.systemui.go, backupType=BACKUP_AGENT): no previous backup record found.
04-14 18:20:14.911 15011 14908 I Backup  : [FreshnessTargetTierChecker] Should back up PackageAndBackupType(packageName=com.google.android.calculator, backupType=BACKUP_AGENT): no previous backup record found.
04-14 18:20:14.912 15011 14908 I Backup  : [FreshnessTargetTierChecker] Should back up PackageAndBackupType(packageName=android.overlay.bluetoothres, backupType=BACKUP_AGENT): no previous backup record found.
04-14 18:20:14.912 15011 14908 I Backup  : [FreshnessTargetTierChecker] Should back up PackageAndBackupType(packageName=com.transsion.deskclock, backupType=BACKUP_AGENT): no previous backup record found.
04-14 18:20:14.913 15011 14908 I Backup  : [FreshnessTargetTierChecker] Should back up PackageAndBackupType(packageName=com.aurel.nexusStorage, backupType=BACKUP_AGENT): no previous backup record found.
04-14 18:20:14.913 15011 14908 I Backup  : [FreshnessTargetTierChecker] Should back up PackageAndBackupType(packageName=android.unisoc_framework_res.overlay, backupType=BACKUP_AGENT): no previous backup record found.
04-14 18:20:14.913 15011 14908 I Backup  : [FreshnessTargetTierChecker] Should back up PackageAndBackupType(packageName=com.facebook.lite, backupType=BACKUP_AGENT): no previous backup record found.
04-14 18:20:14.913 15011 14908 I Backup  : [FreshnessTargetTierChecker] Should back up PackageAndBackupType(packageName=com.transsion.camera.auto_generated_rro_vendor__, backupType=BACKUP_AGENT): no previous backup record found.
04-14 18:20:14.914 15011 14908 I Backup  : [FreshnessTargetTierChecker] Should back up PackageAndBackupType(packageName=com.unisoc.auto_generated_rro_product__, backupType=BACKUP_AGENT): no previous backup record found.
04-14 18:20:14.914 15011 14908 I Backup  : [FreshnessTargetTierChecker] Should back up PackageAndBackupType(packageName=com.transsion.filemanagerx, backupType=BACKUP_AGENT): no previous backup record found.
04-14 18:20:14.914 15011 14908 I Backup  : [FreshnessTargetTierChecker] Should back up PackageAndBackupType(packageName=com.transsion.overlaysuw.resoverlay, backupType=BACKUP_AGENT): no previous backup record found.
04-14 18:20:14.914 15011 14908 I Backup  : [FreshnessTargetTierChecker] Should back up PackageAndBackupType(packageName=com.transsion.camera, backupType=BACKUP_AGENT): no previous backup record found.
04-14 18:20:14.914 15011 14908 I Backup  : [FreshnessTargetTierChecker] Should back up PackageAndBackupType(packageName=com.transsion.teop, backupType=BACKUP_AGENT): no previous backup record found.
04-14 18:20:14.915 15011 14908 I Backup  : [FreshnessTargetTierChecker] Should back up PackageAndBackupType(packageName=com.android.systemui, backupType=BACKUP_AGENT): no previous backup record found.
04-14 18:20:14.915 15011 14908 I Backup  : [FreshnessTargetTierChecker] Should back up PackageAndBackupType(packageName=android.overlay.framework, backupType=BACKUP_AGENT): no previous backup record found.
04-14 18:20:14.915 15011 14908 I Backup  : [FreshnessTargetTierChecker] Should back up PackageAndBackupType(packageName=com.transsion.trancare, backupType=BACKUP_AGENT): no previous backup record found.
04-14 18:20:14.915 15011 14908 I Backup  : [FreshnessTargetTierChecker] Should back up PackageAndBackupType(packageName=com.folderv.file, backupType=BACKUP_AGENT): no previous backup record found.
04-14 18:20:14.915 15011 14908 I Backup  : [FreshnessTargetTierChecker] Should back up PackageAndBackupType(packageName=com.transsion.fmradio, backupType=BACKUP_AGENT): no previous backup record found.
04-14 18:20:14.916 15011 14908 I Backup  : [FreshnessTargetTierChecker] Should back up PackageAndBackupType(packageName=com.android.providers.telephony, backupType=BACKUP_AGENT): no previous backup record found.
04-14 18:20:14.916 15011 14908 I Backup  : [FreshnessTargetTierChecker] Should back up PackageAndBackupType(packageName=com.transsion.dynamicbar, backupType=BACKUP_AGENT): no previous backup record found.
04-14 18:20:14.917 15011 14908 I Backup  : [FreshnessTargetTierChecker] Should back up PackageAndBackupType(packageName=com.infinix, backupType=BACKUP_AGENT): no previous backup record found.
04-14 18:20:14.917 15011 14908 I Backup  : [FreshnessTargetTierChecker] Should back up PackageAndBackupType(packageName=com.android.wallpaperbackup, backupType=BACKUP_AGENT): no previous backup record found.
04-14 18:20:14.917 15011 14908 I Backup  : [FreshnessTargetTierChecker] Should back up PackageAndBackupType(packageName=com.transsion.itel.manual, backupType=BACKUP_AGENT): no previous backup record found.
04-14 18:20:14.917 15011 14908 I Backup  : [FreshnessTargetTierChecker] Should back up PackageAndBackupType(packageName=com.transsion.plat.appupdate, backupType=BACKUP_AGENT): no previous backup record found.
04-14 18:20:14.917 15011 14908 I Backup  : [FreshnessTargetTierChecker] Should back up PackageAndBackupType(packageName=com.tjapp.markdownviewer, backupType=BACKUP_AGENT): no previous backup record found.
04-14 18:20:14.917 15011 14908 I Backup  : [FreshnessTargetTierChecker] Should back up PackageAndBackupType(packageName=com.anthropic.claude, backupType=BACKUP_AGENT): no previous backup record found.
04-14 18:20:14.917 15011 14908 I Backup  : [FreshnessTargetTierChecker] Should back up PackageAndBackupType(packageName=com.whatsapp, backupType=BACKUP_AGENT): no previous backup record found.
04-14 18:20:14.918 15011 14908 I Backup  : [FreshnessTargetTierChecker] Should back up PackageAndBackupType(packageName=com.theme.icondefaultshape, backupType=BACKUP_AGENT): no previous backup record found.
04-14 18:20:14.918 15011 14908 I Backup  : [FreshnessTargetTierChecker] Should back up PackageAndBackupType(packageName=mlz.numbersystemconverter.free, backupType=BACKUP_AGENT): no previous backup record found.
04-14 18:20:14.918 15011 14908 I Backup  : [FreshnessTargetTierChecker] Should back up PackageAndBackupType(packageName=com.termux, backupType=BACKUP_AGENT): no previous backup record found.
04-14 18:20:14.918 15011 14908 I Backup  : [FreshnessTargetTierChecker] Should back up PackageAndBackupType(packageName=com.transsion.nephilim, backupType=BACKUP_AGENT): no previous backup record found.
04-14 18:20:14.918 15011 14908 I Backup  : [FreshnessTargetTierChecker] Should back up PackageAndBackupType(packageName=com.transsion.resolver, backupType=BACKUP_AGENT): no previous backup record found.
04-14 18:20:14.918 15011 14908 I Backup  : [FreshnessTargetTierChecker] Should back up PackageAndBackupType(packageName=com.evisions.mobilemoney, backupType=BACKUP_AGENT): no previous backup record found.
04-14 18:20:14.918 15011 14908 I Backup  : [FreshnessTargetTierChecker] Should back up PackageAndBackupType(packageName=android.auto_generated_rro_product__, backupType=BACKUP_AGENT): no previous backup record found.
04-14 18:20:14.918 15011 14908 I Backup  : [FreshnessTargetTierChecker] Should back up PackageAndBackupType(packageName=com.gallery20, backupType=BACKUP_AGENT): no previous backup record found.
04-14 18:20:14.919 15011 14908 I Backup  : [FreshnessTargetTierChecker] Should back up PackageAndBackupType(packageName=android.go_unisoc_framework_res.overlay, backupType=BACKUP_AGENT): no previous backup record found.
04-14 18:20:14.919 15011 14908 I Backup  : [FreshnessTargetTierChecker] Should back up PackageAndBackupType(packageName=com.transsion.theme.icon, backupType=BACKUP_AGENT): no previous backup record found.
04-14 18:20:14.919 15011 14908 I Backup  : [FreshnessTargetTierChecker] Should back up PackageAndBackupType(packageName=com.transsion.dtsaudio, backupType=BACKUP_AGENT): no previous backup record found.
04-14 18:20:14.919 15011 14908 I Backup  : [FreshnessTargetTierChecker] Should back up PackageAndBackupType(packageName=android.overlay.navbar, backupType=BACKUP_AGENT): no previous backup record found.
04-14 18:20:14.920 15011 14862 I Backup  : [BackUpNowOperation] Starting backup.
04-14 18:20:14.920 15011 14862 I Backup  : [BackUpNowOperation] As per config, running backup agent backups
04-14 18:20:14.924  2973 13333 I MediaProvider: Observed non-standard /storage/emulated/0/Documents/Scans/downloads/.nomedia
04-14 18:20:14.931  2973 13333 D MediaProvider: Open with FUSE. FilePath: /storage/emulated/0/Documents/Scans/downloads/Mangas-Origines.fr (FR)/Perfect Surgeon/Chapitre 69 - De la chance_bf1e8f_tmp/057.jpg. Uid: 10053. Media Capabilities Uid: 0. ShouldRedact: false. ShouldTranscode: false
04-14 18:20:14.942   674 11196 I audio_hw_primary: app type:0x   0, is_voip:0, device:2, pcm:-352510464, usecase:0x   8
04-14 18:20:14.965  2973 13333 I MediaProvider: Observed non-standard /storage/emulated/0/Documents/Scans/downloads/.nomedia
04-14 18:20:14.973  2973 13333 D MediaProvider: Open with FUSE. FilePath: /storage/emulated/0/Documents/Scans/downloads/Mangas-Origines.fr (FR)/Perfect Surgeon/Chapitre 69 - De la chance_bf1e8f_tmp/048.jpg. Uid: 10053. Media Capabilities Uid: 0. ShouldRedact: false. ShouldTranscode: false
04-14 18:20:14.979 15011 14862 I Backup  : [BackupNowBackupAgentsRunner] Requesting backup for packages: [com.google.android.apps.messaging, com.google.android.apps.maps, com.facebook.lite, com.android.systemui, com.whatsapp, com.android.providers.telephony, com.android.wallpaperbackup]
04-14 18:20:14.984   674 11196 I audio_hw_primary: app type:0x   0, is_voip:0, device:2, pcm:-352510464, usecase:0x   8
04-14 18:20:15.003  2973 17798 I MediaProvider: Observed non-standard /storage/emulated/0/Documents/Scans/downloads/.nomedia
04-14 18:20:15.005  1092  2920 D BroadcastQueue: Add broadcast <BroadcastRecord{568d696 u-1 android.net.conn.CONNECTIVITY_CHANGE}> into [parallel | background], pending size 0
04-14 18:20:15.006  1092  1275 D BroadcastQueue: Done with parallel broadcast [background] [BroadcastRecord{568d696 u-1 android.net.conn.CONNECTIVITY_CHANGE}]
04-14 18:20:15.011  2973 17798 D MediaProvider: Open with FUSE. FilePath: /storage/emulated/0/Documents/Scans/downloads/Mangas-Origines.fr (FR)/Perfect Surgeon/Chapitre 69 - De la chance_bf1e8f_tmp/047.jpg. Uid: 10053. Media Capabilities Uid: 0. ShouldRedact: false. ShouldTranscode: false
04-14 18:20:15.013  1092  1092 I TransportConnection: BackupTransportService#3154: Notifying [BMS.getOperationTypeFromTransport] transport = BackupTransportClient
04-14 18:20:15.013  4491 15195 I KeychainOwnerKeysImport: Import aborted. [CONTEXT service_id=284 ]
04-14 18:20:15.013  4491 15195 I SyncOwnerKeyStateMach: syncOwnerKey result: hollow victory [CONTEXT service_id=284 ]
04-14 18:20:15.016   679   776 I DPUModule: DpuR5P0::checkLayerFormat <142>: checkLayerFormat: Format(1)
04-14 18:20:15.016   679   776 I DPUModule: DpuR5P0::checkTransform <35>: checkTransform: Transform(0), SRCRect(0,0)
04-14 18:20:15.016   679   776 I DPUModule: DpuR5P0::checkAFBCBlockSize <97>: checkAFBCBlockSize: compressed(1),format(1), pitch(720), vstride(1616)
04-14 18:20:15.016   679   776 I DPUModule: DpuR5P0::checkLayerFormat <142>: checkLayerFormat: Format(1)
04-14 18:20:15.016   679   776 I DPUModule: DpuR5P0::checkTransform <35>: checkTransform: Transform(0), SRCRect(0,0)
04-14 18:20:15.016   679   776 I DPUModule: DpuR5P0::checkAFBCBlockSize <97>: checkAFBCBlockSize: compressed(1),format(1), pitch(720), vstride(80)
04-14 18:20:15.016   679   776 I DPUModule: DpuR5P0::checkLayerFormat <142>: checkLayerFormat: Format(1)
04-14 18:20:15.016   679   776 I DPUModule: DpuR5P0::checkTransform <35>: checkTransform: Transform(0), SRCRect(0,0)
04-14 18:20:15.016   679   776 I DPUModule: DpuR5P0::checkAFBCBlockSize <97>: checkAFBCBlockSize: compressed(1),format(1), pitch(720), vstride(96)
04-14 18:20:15.016   679   776 D DPUModule: [ …śhu] support: 0
04-14 18:20:15.020  1092  2920 D BackupTransportManager: Transport com.google.android.gms/.backup.BackupTransportService updated its attributes
04-14 18:20:15.021   674 11196 I audio_hw_primary: app type:0x   0, is_voip:0, device:2, pcm:-352510464, usecase:0x   8
04-14 18:20:15.023 15011 14734 I NetworkScheduler.Stats: (REDACTED) HousekeepingTask %s/%s finished executing. cause:%s result: %s elapsed_millis: %s uptime_millis: %s exec_start_elapsed_seconds: %s
04-14 18:20:15.025  4491  4491 D BoundBrokerSvc: onUnbind: Intent { act=com.google.android.gms.findmydevice.spot.sync.SelfReportingRegistrationAndOwnerKeySyncService.ACTION_TASK_READY dat=chimera-action:/... cmp=com.google.android.gms/.chimera.GmsInternalBoundBrokerService }
04-14 18:20:15.033   679   776 I DPUModule: DpuR5P0::checkLayerFormat <142>: checkLayerFormat: Format(1)
04-14 18:20:15.033   679   776 I DPUModule: DpuR5P0::checkTransform <35>: checkTransform: Transform(0), SRCRect(0,0)
04-14 18:20:15.033   679   776 I DPUModule: DpuR5P0::checkAFBCBlockSize <97>: checkAFBCBlockSize: compressed(1),format(1), pitch(720), vstride(1616)
04-14 18:20:15.033   679   776 I DPUModule: DpuR5P0::checkLayerFormat <142>: checkLayerFormat: Format(1)
04-14 18:20:15.033   679   776 I DPUModule: DpuR5P0::checkTransform <35>: checkTransform: Transform(0), SRCRect(0,0)
04-14 18:20:15.033   679   776 I DPUModule: DpuR5P0::checkAFBCBlockSize <97>: checkAFBCBlockSize: compressed(1),format(1), pitch(720), vstride(80)
04-14 18:20:15.033   679   776 I DPUModule: DpuR5P0::checkLayerFormat <142>: checkLayerFormat: Format(1)
04-14 18:20:15.033   679   776 I DPUModule: DpuR5P0::checkTransform <35>: checkTransform: Transform(0), SRCRect(0,0)
04-14 18:20:15.033   679   776 I DPUModule: DpuR5P0::checkAFBCBlockSize <97>: checkAFBCBlockSize: compressed(1),format(1), pitch(720), vstride(96)
04-14 18:20:15.033   679   776 D DPUModule: [ …śhu] support: 0
04-14 18:20:15.041  1092  2901 V BackupManagerService: [UserID:0] Acquired wakelock:*backup*-0-2901
04-14 18:20:15.047  2973 17798 I MediaProvider: Observed non-standard /storage/emulated/0/Documents/Scans/downloads/.nomedia
04-14 18:20:15.054  2973 17798 D MediaProvider: Open with FUSE. FilePath: /storage/emulated/0/Documents/Scans/downloads/Mangas-Origines.fr (FR)/Perfect Surgeon/Chapitre 69 - De la chance_bf1e8f_tmp/049.jpg. Uid: 10053. Media Capabilities Uid: 0. ShouldRedact: false. ShouldTranscode: false
04-14 18:20:15.055  4491  4491 D BoundBrokerSvc: onBind: Intent { act=com.google.android.gms.auth.api.credentials.nextgen.service.MaintainVerifiableCredentialsService.ACTION_TASK_READY dat=chimera-action:/... cmp=com.google.android.gms/.chimera.GmsInternalBoundBrokerService }
04-14 18:20:15.055  4491  4491 D BoundBrokerSvc: Loading bound service for intent: Intent { act=com.google.android.gms.auth.api.credentials.nextgen.service.MaintainVerifiableCredentialsService.ACTION_TASK_READY dat=chimera-action:/... cmp=com.google.android.gms/.chimera.GmsInternalBoundBrokerService }
04-14 18:20:15.061   674 11196 I audio_hw_primary: app type:0x   0, is_voip:0, device:2, pcm:-352510464, usecase:0x   8
04-14 18:20:15.062 15011 14734 I NetworkScheduler.Stats: (REDACTED) Task %s/%s started execution. cause:%s exec_start_elapsed_seconds: %s
04-14 18:20:15.063  1092  2901 D KeyValueBackupTask: Spinning thread key-value-backup-10
04-14 18:20:15.064  1092 15238 D PFTBT   : backupmanager pftbt token=1b0b341d
04-14 18:20:15.064  1092 15238 V KeyValueBackupTask: Beginning backup of 6 targets
04-14 18:20:15.069  1092 15238 D KeyValueBackupTask: Starting key-value backup of @pm@
04-14 18:20:15.071  4491  4711 I Auth.Api.Credentials: (REDACTED) [MaintainVerifiableCredentials_flowRunner] Flow step started: %s.
04-14 18:20:15.074  1092 15238 D KeyValueBackupTask: Invoking agent on @pm@
04-14 18:20:15.084  2973 17798 I MediaProvider: Observed non-standard /storage/emulated/0/Documents/Scans/downloads/.nomedia
04-14 18:20:15.092  1092  2391 D SmartBandWith_Controller2: [handleMessage] what: 1004
04-14 18:20:15.093  1092  2391 D SmartBandWith_Controller2: [isNetworkRateSatisfy]mUid = 10282, curWhiteAppByte = 9801602569 Byte
04-14 18:20:15.093  1092  2391 D SmartBandWith_Controller2: [isNetworkRateSatisfy]System totalRate = 8.486653 kbps
04-14 18:20:15.093  1092  2391 D SmartBandWith_Controller2: system network is out of limit scale or fg App not using
04-14 18:20:15.093  1092  2391 D SmartBandWith_Controller2: isNetworkRateSatisfy: false
04-14 18:20:15.093  1092  2391 D SmartBandWith_Controller2: needOptimize: false
04-14 18:20:15.093  1092  2391 D SmartBandWith_Controller2: [handleMessage] what: 1002
04-14 18:20:15.093  1092  2391 D SmartBandWith_Controller2: onNetworkOptimize curMarkId = 157, curIfName = wlan0
04-14 18:20:15.093  1092  2391 D SmartBandWith_Controller2: onNetworkOptimize optimize = false, mReadyToQueryNwState = true, mCurWorkUids size = 1
04-14 18:20:15.093  1092  2391 D SmartBandWith_Controller2: onNetworkOptimize sendNetworkOptimizeMsg as false
04-14 18:20:15.094   657   657 E OemNetd : sendNetworkOptimizeMsg: ifname = wlan0, exMarkId = 0x4000009d, isLimit = 0
04-14 18:20:15.094  2973 17798 D MediaProvider: Open with FUSE. FilePath: /storage/emulated/0/Documents/Scans/downloads/Mangas-Origines.fr (FR)/Perfect Surgeon/Chapitre 69 - De la chance_bf1e8f_tmp/051.jpg. Uid: 10053. Media Capabilities Uid: 0. ShouldRedact: false. ShouldTranscode: false
04-14 18:20:15.094   657   657 E OemNetd : limitingIf = wlan0, mLastMarkId = 0x4000009d
04-14 18:20:15.094   657   657 E TranTrafficController: clearIptablesOptimize uid = 10215
04-14 18:20:15.098   657   657 E TranTrafficController: clear iptables done, result 0
04-14 18:20:15.098   657   657 E OemNetd : mLastUids size cleared succeed
04-14 18:20:15.098   657   657 E TranTrafficController: clearTcFilter adapter = wlan0
04-14 18:20:15.100 15239 15239 E TranTrafficController: execTcCmd child execute
04-14 18:20:15.103   674 11196 I audio_hw_primary: app type:0x   0, is_voip:0, device:2, pcm:-352510464, usecase:0x   8
04-14 18:20:15.118  4491  4711 I Auth.Api.Credentials: (REDACTED) [MaintainVerifiableCredentials_flowRunner] Flow step completed: %s; successful=%s.
04-14 18:20:15.119  1092 15238 I BackupRestoreController: Getting widget state for user: 0
04-14 18:20:15.122  4491  4711 I Auth.Api.Credentials: (REDACTED) [MaintainVerifiableCredentials_flowRunner] Flow step started: %s.
04-14 18:20:15.123  2973 17798 I MediaProvider: Observed non-standard /storage/emulated/0/Documents/Scans/downloads/.nomedia
04-14 18:20:15.135  4491 15229 I AndroidBackupEventsLogg: (REDACTED) Logging without sampling %s
04-14 18:20:15.135  2973 17798 D MediaProvider: Open with FUSE. FilePath: /storage/emulated/0/Documents/Scans/downloads/Mangas-Origines.fr (FR)/Perfect Surgeon/Chapitre 69 - De la chance_bf1e8f_tmp/053.jpg. Uid: 10053. Media Capabilities Uid: 0. ShouldRedact: false. ShouldTranscode: false
04-14 18:20:15.141   674 11196 I audio_hw_primary: app type:0x   0, is_voip:0, device:2, pcm:-352510464, usecase:0x   8
04-14 18:20:15.145  4491 15197 I Auth.Api.Credentials: (REDACTED) [MaintainVerifiableCredentials_flowRunner] Flow step completed: %s; successful=%s.
04-14 18:20:15.145  4491 15197 I Auth.Api.Credentials: [MaintainVerifiableCredentials_flowRunner] Flow completed. [CONTEXT service_id=68 ]
04-14 18:20:15.151 15011 14734 I NetworkScheduler.Stats: (REDACTED) HousekeepingTask %s/%s finished executing. cause:%s result: %s elapsed_millis: %s uptime_millis: %s exec_start_elapsed_seconds: %s
04-14 18:20:15.152  4491  4491 D BoundBrokerSvc: onUnbind: Intent { act=com.google.android.gms.auth.api.credentials.nextgen.service.MaintainVerifiableCredentialsService.ACTION_TASK_READY dat=chimera-action:/... cmp=com.google.android.gms/.chimera.GmsInternalBoundBrokerService }
04-14 18:20:15.157  1092  5607 D Griffin/filterReceiveBroadcast: not limit Intent { act=com.google.android.libraries.storage.protostore.SIGNAL_ACTION dat=android://com.google.android.gms/... flg=0x10000010 pkg=com.google.android.gms } for resultTo not null
04-14 18:20:15.158  1092  5607 D BroadcastQueue: Add broadcast <BroadcastRecord{69569cc u0 com.google.android.libraries.storage.protostore.SIGNAL_ACTION}> into [ordered | foreground], pending size 0
04-14 18:20:15.160   657   657 E TranTrafficController: execTcCmd child 15239 end with status: 0 after wait 1 times
04-14 18:20:15.160   657   657 E OemNetd : sendNetworkOptimizeMsg clear tc limitingIf res :0
04-14 18:20:15.160   657   657 E OemNetd : sendNetworkOptimizeMsg done res = 0
04-14 18:20:15.160 15011 14910 I NetworkScheduler.Stats: (REDACTED) Task %s/%s finished executing. cause:%s result: %s elapsed_millis: %s uptime_millis: %s exec_start_elapsed_seconds: %s
04-14 18:20:15.160  1092  1228 D SmartBandWith_Controller2: IOemNetdCallback mLastIfName = , mLastMarkId = 0, fail = false
04-14 18:20:15.161 15011 15011 D BoundBrokerSvc: onUnbind: Intent { act=com.google.android.gms.scheduler.standalone.housekeeping.HousekeepingTrainTaskService.ACTION_TASK_READY dat=chimera-action:/... cmp=com.google.android.gms/.chimera.PersistentInternalBoundBrokerService }
04-14 18:20:15.164  4491 15229 I Backup  : [GmsBackupTransport] Performing encrypted kv backup: @pm@
04-14 18:20:15.166  2973 17798 I MediaProvider: Observed non-standard /storage/emulated/0/Documents/Scans/downloads/.nomedia
04-14 18:20:15.166  1092  1228 D BroadcastQueue: Finished with ordered broadcast BroadcastRecord{69569cc u0 com.google.android.libraries.storage.protostore.SIGNAL_ACTION} receivers:([BroadcastFilter{190c6d1 10106/u0 ReceiverList{c20f1f8 15011 com.google.android.gms.persistent/10106/u0 remote:fcdc55b}}, BroadcastFilter{5ef6b59 10106/u0 ReceiverList{cc8b3a0 4491 com.google.android.gms/10106/u0 remote:32a64a3}}]) take 8ms in [foreground], remains -1
04-14 18:20:15.175  2973 17798 D MediaProvider: Open with FUSE. FilePath: /storage/emulated/0/Documents/Scans/downloads/Mangas-Origines.fr (FR)/Perfect Surgeon/Chapitre 69 - De la chance_bf1e8f_tmp/052.jpg. Uid: 10053. Media Capabilities Uid: 0. ShouldRedact: false. ShouldTranscode: false
04-14 18:20:15.180  1092  1228 I RecoverableAppKeyStore: Get 0/10106/com.google.android.gms.backup/folsom/CA7FBE8A6B5EE5A957EB5E855B6AAA33
04-14 18:20:15.182   674 11196 I audio_hw_primary: app type:0x   0, is_voip:0, device:2, pcm:-352510464, usecase:0x   8
04-14 18:20:15.206  2973 17798 I MediaProvider: Observed non-standard /storage/emulated/0/Documents/Scans/downloads/.nomedia
04-14 18:20:15.210   441   441 E TrustyKeymaster: succeeded to send cmd (4) to com.android.trusty.keymaster with rc(310). errno: Success
04-14 18:20:15.210   441   441 E TrustyKeymaster: Getting response size (28)
04-14 18:20:15.212   441   441 E TrustyKeymaster: succeeded to send cmd (8) to com.android.trusty.keymaster with rc(76). errno: Success
04-14 18:20:15.212   441   441 E TrustyKeymaster: Getting response size (60)
04-14 18:20:15.213   441   441 E TrustyKeymaster: succeeded to send cmd (12) to com.android.trusty.keymaster with rc(32). errno: Success
04-14 18:20:15.214   441   441 E TrustyKeymaster: Getting response size (24)
04-14 18:20:15.215  2973 17798 D MediaProvider: Open with FUSE. FilePath: /storage/emulated/0/Documents/Scans/downloads/Mangas-Origines.fr (FR)/Perfect Surgeon/Chapitre 69 - De la chance_bf1e8f_tmp/050.jpg. Uid: 10053. Media Capabilities Uid: 0. ShouldRedact: false. ShouldTranscode: false
04-14 18:20:15.217   441   441 E TrustyKeymaster: succeeded to send cmd (4) to com.android.trusty.keymaster with rc(286). errno: Success
04-14 18:20:15.217   441   441 E TrustyKeymaster: Getting response size (52)
04-14 18:20:15.219   441   441 E TrustyKeymaster: succeeded to send cmd (8) to com.android.trusty.keymaster with rc(60). errno: Success
04-14 18:20:15.220   441   441 E TrustyKeymaster: Getting response size (60)
04-14 18:20:15.220   674 11196 I audio_hw_primary: app type:0x   0, is_voip:0, device:2, pcm:-352510464, usecase:0x   8
04-14 18:20:15.221   441   441 E TrustyKeymaster: succeeded to send cmd (12) to com.android.trusty.keymaster with rc(32). errno: Success
04-14 18:20:15.221   441   441 E TrustyKeymaster: Getting response size (40)
04-14 18:20:15.247  2973 17798 I MediaProvider: Observed non-standard /storage/emulated/0/Documents/Scans/downloads/.nomedia
04-14 18:20:15.257  2973 17798 D MediaProvider: Open with FUSE. FilePath: /storage/emulated/0/Documents/Scans/downloads/Mangas-Origines.fr (FR)/Perfect Surgeon/Chapitre 69 - De la chance_bf1e8f_tmp/054.jpg. Uid: 10053. Media Capabilities Uid: 0. ShouldRedact: false. ShouldTranscode: false
04-14 18:20:15.261   674 11196 I audio_hw_primary: app type:0x   0, is_voip:0, device:2, pcm:-352510464, usecase:0x   8
04-14 18:20:15.278  2973 17798 I MediaProvider: Observed non-standard /storage/emulated/0/Documents/Scans/downloads/.nomedia
04-14 18:20:15.286  2973 17798 D MediaProvider: Open with FUSE. FilePath: /storage/emulated/0/Documents/Scans/downloads/Mangas-Origines.fr (FR)/Perfect Surgeon/Chapitre 69 - De la chance_bf1e8f_tmp/ComicInfo.xml. Uid: 10053. Media Capabilities Uid: 0. ShouldRedact: false. ShouldTranscode: false
04-14 18:20:15.302   674 11196 I audio_hw_primary: app type:0x   0, is_voip:0, device:2, pcm:-352510464, usecase:0x   8
04-14 18:20:15.313  2973 17798 I MediaProvider: Observed non-standard /storage/emulated/0/Documents/Scans/downloads/.nomedia
04-14 18:20:15.317 15011 15011 D BoundBrokerSvc: onUnbind: Intent { act=com.google.android.gms.common.telemetry.service.START dat=chimera-action:/... cmp=com.google.android.gms/.chimera.PersistentApiService }
04-14 18:20:15.324  2973 17798 D MediaProvider: Open with FUSE. FilePath: /storage/emulated/0/Documents/Scans/downloads/Mangas-Origines.fr (FR)/Perfect Surgeon/Chapitre 69 - De la chance_bf1e8f_tmp/055.jpg. Uid: 10053. Media Capabilities Uid: 0. ShouldRedact: false. ShouldTranscode: false
04-14 18:20:15.333  1514  1514 D TranCellSignalStrengthImpl: [LTE] dbm: -95
04-14 18:20:15.333  1514  1514 D TranCellSignalStrengthImpl: [LTE] dbm: -95
04-14 18:20:15.336  1092  1282 D TranCellSignalStrengthImpl: [LTE] dbm: -95
04-14 18:20:15.337  1514  1514 D TranPhoneInterfaceManagerEx: [onSignalStrengthsChanged]
04-14 18:20:15.338  1514  1514 D TranSmartAllocController: mDefaultDataSubId = 5  subId = 5
04-14 18:20:15.338  1514  1514 D TranSmartAllocController: mSupport = true  mBwAllocEnable = true mSimReady =true  mScreenOn =true
04-14 18:20:15.339  1604  1762 D Dito    : mcc=616, mnc=03
04-14 18:20:15.342   674 11196 I audio_hw_primary: app type:0x   0, is_voip:0, device:2, pcm:-352510464, usecase:0x   8
04-14 18:20:15.355  2973 17798 I MediaProvider: Observed non-standard /storage/emulated/0/Documents/Scans/downloads/.nomedia
04-14 18:20:15.363  2973 17798 D MediaProvider: Open with FUSE. FilePath: /storage/emulated/0/Documents/Scans/downloads/Mangas-Origines.fr (FR)/Perfect Surgeon/Chapitre 69 - De la chance_bf1e8f_tmp/058.jpg. Uid: 10053. Media Capabilities Uid: 0. ShouldRedact: false. ShouldTranscode: false
04-14 18:20:15.369   441   441 E TrustyKeymaster: succeeded to send cmd (16) to com.android.trusty.keymaster with rc(12). errno: Success
04-14 18:20:15.370   441   441 E TrustyKeymaster: Getting response size (8)
04-14 18:20:15.380   674 11196 I audio_hw_primary: app type:0x   0, is_voip:0, device:2, pcm:-352510464, usecase:0x   8
04-14 18:20:15.393  2973 17798 I MediaProvider: Observed non-standard /storage/emulated/0/Documents/Scans/downloads/.nomedia
04-14 18:20:15.402  2973 17798 D MediaProvider: Open with FUSE. FilePath: /storage/emulated/0/Documents/Scans/downloads/Mangas-Origines.fr (FR)/Perfect Surgeon/Chapitre 69 - De la chance_bf1e8f_tmp/056.jpg. Uid: 10053. Media Capabilities Uid: 0. ShouldRedact: false. ShouldTranscode: false
04-14 18:20:15.424   674 11196 I audio_hw_primary: app type:0x   0, is_voip:0, device:2, pcm:-352510464, usecase:0x   8
04-14 18:20:15.438  2973 17798 I MediaProvider: Observed non-standard /storage/emulated/0/Documents/Scans/downloads/.nomedia
04-14 18:20:15.452  2973 17798 D MediaProvider: Open with FUSE. FilePath: /storage/emulated/0/Documents/Scans/downloads/Mangas-Origines.fr (FR)/Perfect Surgeon/Chapitre 69 - De la chance_bf1e8f_tmp/067.jpg. Uid: 10053. Media Capabilities Uid: 0. ShouldRedact: false. ShouldTranscode: false
04-14 18:20:15.469   674 11196 I audio_hw_primary: app type:0x   0, is_voip:0, device:2, pcm:-352510464, usecase:0x   8
04-14 18:20:15.483   679   776 I DPUModule: DpuR5P0::checkLayerFormat <142>: checkLayerFormat: Format(1)
04-14 18:20:15.483   679   776 I DPUModule: DpuR5P0::checkTransform <35>: checkTransform: Transform(0), SRCRect(0,0)
04-14 18:20:15.483   679   776 I DPUModule: DpuR5P0::checkAFBCBlockSize <97>: checkAFBCBlockSize: compressed(1),format(1), pitch(720), vstride(1616)
04-14 18:20:15.483   679   776 I DPUModule: DpuR5P0::checkLayerFormat <142>: checkLayerFormat: Format(1)
04-14 18:20:15.483   679   776 I DPUModule: DpuR5P0::checkTransform <35>: checkTransform: Transform(0), SRCRect(0,0)
04-14 18:20:15.483   679   776 I DPUModule: DpuR5P0::checkAFBCBlockSize <97>: checkAFBCBlockSize: compressed(1),format(1), pitch(720), vstride(80)
04-14 18:20:15.483   679   776 I DPUModule: DpuR5P0::checkLayerFormat <142>: checkLayerFormat: Format(1)
04-14 18:20:15.483   679   776 I DPUModule: DpuR5P0::checkTransform <35>: checkTransform: Transform(0), SRCRect(0,0)
04-14 18:20:15.483   679   776 I DPUModule: DpuR5P0::checkAFBCBlockSize <97>: checkAFBCBlockSize: compressed(1),format(1), pitch(720), vstride(96)
04-14 18:20:15.483   679   776 D DPUModule: [ …śhu] support: 0
04-14 18:20:15.489  2973 17798 I MediaProvider: Observed non-standard /storage/emulated/0/Documents/Scans/downloads/.nomedia
04-14 18:20:15.499   679   776 I DPUModule: DpuR5P0::checkLayerFormat <142>: checkLayerFormat: Format(1)
04-14 18:20:15.500   679   776 I DPUModule: DpuR5P0::checkTransform <35>: checkTransform: Transform(0), SRCRect(0,0)
04-14 18:20:15.500   679   776 I DPUModule: DpuR5P0::checkAFBCBlockSize <97>: checkAFBCBlockSize: compressed(1),format(1), pitch(720), vstride(1616)
04-14 18:20:15.500   679   776 I DPUModule: DpuR5P0::checkLayerFormat <142>: checkLayerFormat: Format(1)
04-14 18:20:15.500   679   776 I DPUModule: DpuR5P0::checkTransform <35>: checkTransform: Transform(0), SRCRect(0,0)
04-14 18:20:15.500   679   776 I DPUModule: DpuR5P0::checkAFBCBlockSize <97>: checkAFBCBlockSize: compressed(1),format(1), pitch(720), vstride(80)
04-14 18:20:15.500   679   776 I DPUModule: DpuR5P0::checkLayerFormat <142>: checkLayerFormat: Format(1)
04-14 18:20:15.500   679   776 I DPUModule: DpuR5P0::checkTransform <35>: checkTransform: Transform(0), SRCRect(0,0)
04-14 18:20:15.500   679   776 I DPUModule: DpuR5P0::checkAFBCBlockSize <97>: checkAFBCBlockSize: compressed(1),format(1), pitch(720), vstride(96)
04-14 18:20:15.500   679   776 D DPUModule: [ …śhu] support: 0
04-14 18:20:15.501  2973 17798 D MediaProvider: Open with FUSE. FilePath: /storage/emulated/0/Documents/Scans/downloads/Mangas-Origines.fr (FR)/Perfect Surgeon/Chapitre 69 - De la chance_bf1e8f_tmp/062.jpg. Uid: 10053. Media Capabilities Uid: 0. ShouldRedact: false. ShouldTranscode: false
04-14 18:20:15.502   674 11196 I audio_hw_primary: app type:0x   0, is_voip:0, device:2, pcm:-352510464, usecase:0x   8
04-14 18:20:15.528  2973 17798 I MediaProvider: Observed non-standard /storage/emulated/0/Documents/Scans/downloads/.nomedia
04-14 18:20:15.540   674 11196 I audio_hw_primary: app type:0x   0, is_voip:0, device:2, pcm:-352510464, usecase:0x   8
04-14 18:20:15.540  2973 17798 D MediaProvider: Open with FUSE. FilePath: /storage/emulated/0/Documents/Scans/downloads/Mangas-Origines.fr (FR)/Perfect Surgeon/Chapitre 69 - De la chance_bf1e8f_tmp/061.jpg. Uid: 10053. Media Capabilities Uid: 0. ShouldRedact: false. ShouldTranscode: false
04-14 18:20:15.566  2973 17798 I MediaProvider: Observed non-standard /storage/emulated/0/Documents/Scans/downloads/.nomedia
04-14 18:20:15.578  2973 17798 D MediaProvider: Open with FUSE. FilePath: /storage/emulated/0/Documents/Scans/downloads/Mangas-Origines.fr (FR)/Perfect Surgeon/Chapitre 69 - De la chance_bf1e8f_tmp/065.jpg. Uid: 10053. Media Capabilities Uid: 0. ShouldRedact: false. ShouldTranscode: false
04-14 18:20:15.581   674 11196 I audio_hw_primary: app type:0x   0, is_voip:0, device:2, pcm:-352510464, usecase:0x   8
04-14 18:20:15.609  2973 17798 I MediaProvider: Observed non-standard /storage/emulated/0/Documents/Scans/downloads/.nomedia
04-14 18:20:15.623   674 11196 I audio_hw_primary: app type:0x   0, is_voip:0, device:2, pcm:-352510464, usecase:0x   8
04-14 18:20:15.624  2973 17798 D MediaProvider: Open with FUSE. FilePath: /storage/emulated/0/Documents/Scans/downloads/Mangas-Origines.fr (FR)/Perfect Surgeon/Chapitre 69 - De la chance_bf1e8f_tmp/064.jpg. Uid: 10053. Media Capabilities Uid: 0. ShouldRedact: false. ShouldTranscode: false
04-14 18:20:15.649  2973 17798 I MediaProvider: Observed non-standard /storage/emulated/0/Documents/Scans/downloads/.nomedia
04-14 18:20:15.658  2973 13333 D MediaProvider: Open with FUSE. FilePath: /storage/emulated/0/Documents/Scans/downloads/Mangas-Origines.fr (FR)/Perfect Surgeon/Chapitre 69 - De la chance_bf1e8f_tmp/066.jpg. Uid: 10053. Media Capabilities Uid: 0. ShouldRedact: false. ShouldTranscode: false
04-14 18:20:15.659   674 11196 I audio_hw_primary: app type:0x   0, is_voip:0, device:2, pcm:-352510464, usecase:0x   8
04-14 18:20:15.660  1092  1244 E UnisocWatchdog: WDT_Monitor: writeWDTMonitor duration=50,shutdowning=false
04-14 18:20:15.660  1092  1244 E UnisocWatchdog: UnisocWatchdogImpl sendMessage:0
04-14 18:20:15.660  1092  1334 E UnisocWatchdog: UNISOCWATCHDOG_MESSAGE_TIMER30 trigger
04-14 18:20:15.681  2973 13333 I MediaProvider: Observed non-standard /storage/emulated/0/Documents/Scans/downloads/.nomedia
04-14 18:20:15.690  2973 13333 D MediaProvider: Open with FUSE. FilePath: /storage/emulated/0/Documents/Scans/downloads/Mangas-Origines.fr (FR)/Perfect Surgeon/Chapitre 69 - De la chance_bf1e8f_tmp/063.jpg. Uid: 10053. Media Capabilities Uid: 0. ShouldRedact: false. ShouldTranscode: false
04-14 18:20:15.699   674 11196 I audio_hw_primary: app type:0x   0, is_voip:0, device:2, pcm:-352510464, usecase:0x   8
04-14 18:20:15.716  2973 13333 I MediaProvider: Observed non-standard /storage/emulated/0/Documents/Scans/downloads/.nomedia
04-14 18:20:15.725  2973 13333 D MediaProvider: Open with FUSE. FilePath: /storage/emulated/0/Documents/Scans/downloads/Mangas-Origines.fr (FR)/Perfect Surgeon/Chapitre 69 - De la chance_bf1e8f_tmp/068.jpg. Uid: 10053. Media Capabilities Uid: 0. ShouldRedact: false. ShouldTranscode: false
04-14 18:20:15.740   674 11196 I audio_hw_primary: app type:0x   0, is_voip:0, device:2, pcm:-352510464, usecase:0x   8
04-14 18:20:15.753  2973 13333 I MediaProvider: Observed non-standard /storage/emulated/0/Documents/Scans/downloads/.nomedia
04-14 18:20:15.758  4491 15229 I AndroidBackupEventsLogg: (REDACTED) Logging without sampling %s
04-14 18:20:15.762  2973 13333 D MediaProvider: Open with FUSE. FilePath: /storage/emulated/0/Documents/Scans/downloads/Mangas-Origines.fr (FR)/Perfect Surgeon/Chapitre 69 - De la chance_bf1e8f_tmp/059.jpg. Uid: 10053. Media Capabilities Uid: 0. ShouldRedact: false. ShouldTranscode: false
04-14 18:20:15.767  1092  1228 D Griffin/filterReceiveBroadcast: not limit Intent { act=com.google.android.libraries.storage.protostore.SIGNAL_ACTION dat=android://com.google.android.gms/... flg=0x10000010 pkg=com.google.android.gms } for resultTo not null
04-14 18:20:15.768  1092  1228 D BroadcastQueue: Add broadcast <BroadcastRecord{244bada u0 com.google.android.libraries.storage.protostore.SIGNAL_ACTION}> into [ordered | foreground], pending size 0
04-14 18:20:15.781   674 11196 I audio_hw_primary: app type:0x   0, is_voip:0, device:2, pcm:-352510464, usecase:0x   8
04-14 18:20:15.785  1092  1547 D BroadcastQueue: Finished with ordered broadcast BroadcastRecord{244bada u0 com.google.android.libraries.storage.protostore.SIGNAL_ACTION} receivers:([BroadcastFilter{190c6d1 10106/u0 ReceiverList{c20f1f8 15011 com.google.android.gms.persistent/10106/u0 remote:fcdc55b}}, BroadcastFilter{5ef6b59 10106/u0 ReceiverList{cc8b3a0 4491 com.google.android.gms/10106/u0 remote:32a64a3}}]) take 16ms in [foreground], remains -1
04-14 18:20:15.795  2973 13333 I MediaProvider: Observed non-standard /storage/emulated/0/Documents/Scans/downloads/.nomedia
04-14 18:20:15.798  4491 15229 I Backup  : [GmsBackupTransport] Backup finished for @pm@
04-14 18:20:15.800  4491 15229 I AndroidBackupEventsLogg: (REDACTED) Logging without sampling %s
04-14 18:20:15.802   955  1727 D GNSSMGT : watchdog: PowerState: CP SLEEP
04-14 18:20:15.805  2973 13333 D MediaProvider: Open with FUSE. FilePath: /storage/emulated/0/Documents/Scans/downloads/Mangas-Origines.fr (FR)/Perfect Surgeon/Chapitre 69 - De la chance_bf1e8f_tmp/060.jpg. Uid: 10053. Media Capabilities Uid: 0. ShouldRedact: false. ShouldTranscode: false
04-14 18:20:15.806  1092 15238 D KeyValueBackupTask: Starting key-value backup of com.google.android.apps.messaging
04-14 18:20:15.809  1092 15238 D BackupManagerService: [UserID:0] awaiting agent for ApplicationInfo{2c3aaa6 com.google.android.apps.messaging}
04-14 18:20:15.822  1092  1547 D BroadcastQueue: Add broadcast <BroadcastRecord{3d0f094 u0 android.intent.action.MEDIA_SCANNER_SCAN_FILE}> into [ordered | background], pending size 0
04-14 18:20:15.823   674 11196 I audio_hw_primary: app type:0x   0, is_voip:0, device:2, pcm:-352510464, usecase:0x   8
04-14 18:20:15.831  2973 31490 I MediaProvider: Observed non-standard /storage/emulated/0/Documents/Scans/downloads/.nomedia
04-14 18:20:15.834  2973 31490 I MediaProvider: Observed non-standard /storage/emulated/0/Documents/Scans/downloads/.nomedia
04-14 18:20:15.843  1092  5607 D F_TranHibernation: screen off bc restricted1 by uid 10202
04-14 18:20:15.846  1092  1275 D BroadcastQueue: Finished with ordered broadcast BroadcastRecord{3d0f094 u0 android.intent.action.MEDIA_SCANNER_SCAN_FILE} receivers:([ResolveInfo{3318a39 com.google.android.providers.media.module/com.android.providers.media.MediaReceiver m=0x208000}, ResolveInfo{54b687e com.folderv.file/.UsbBroadcastReceiver m=0x208000}]) take 23ms in [background], remains -1
04-14 18:20:15.848  2973  3813 I MediaProvider: Begin Intent { act=android.intent.action.MEDIA_SCANNER_SCAN_FILE dat=file:///... flg=0x1000010 cmp=com.google.android.providers.media.module/com.android.providers.media.MediaService }
04-14 18:20:15.852  2973  3813 I MediaProvider: Observed non-standard /storage/emulated/0/Documents/Scans/downloads/.nomedia
04-14 18:20:15.853  2973  3813 W ModernMediaScanner: Failed to visit /storage/emulated/0/Documents/Scans/downloads/Mangas-Origines.fr (FR)/Perfect Surgeon/Chapitre 69 - De la chance_bf1e8f.cbz_tmp: java.nio.file.NoSuchFileException: /storage/emulated/0/Documents/Scans/downloads/Mangas-Origines.fr (FR)/Perfect Surgeon/Chapitre 69 - De la chance_bf1e8f.cbz_tmp
04-14 18:20:15.859   674 11196 I audio_hw_primary: app type:0x   0, is_voip:0, device:2, pcm:-352510464, usecase:0x   8
04-14 18:20:15.872  2973 13333 I MediaProvider: Observed non-standard /storage/emulated/0/Documents/Scans/downloads/.nomedia
04-14 18:20:15.874  2973 13333 W ModernMediaScanner: Failed to visit /storage/emulated/0/Documents/Scans/downloads/Mangas-Origines.fr (FR)/Perfect Surgeon/Chapitre 69 - De la chance_bf1e8f.cbz_tmp: java.nio.file.NoSuchFileException: /storage/emulated/0/Documents/Scans/downloads/Mangas-Origines.fr (FR)/Perfect Surgeon/Chapitre 69 - De la chance_bf1e8f.cbz_tmp
04-14 18:20:15.881  1092  1547 D BackupManagerService: [UserID:0] agentConnected pkg=com.google.android.apps.messaging agent=android.os.BinderProxy@a6611df
04-14 18:20:15.881  1092 15238 I BackupManagerService: [UserID:0] got agent android.app.IBackupAgent$Stub$Proxy@861be2c
04-14 18:20:15.881  1092 15238 D KeyValueBackupTask: Invoking agent on com.google.android.apps.messaging
04-14 18:20:15.888  2973  3813 I MediaProvider: Scanned external_primary due to REASON_DEMAND, found 0 items in 37ms, 0 inserts 0 updates 0 deletes
04-14 18:20:15.888  2973  3813 I MediaProvider: End Intent { act=android.intent.action.MEDIA_SCANNER_SCAN_FILE dat=file:///... flg=0x1000010 cmp=com.google.android.providers.media.module/com.android.providers.media.MediaService }
04-14 18:20:15.904   674 11196 I audio_hw_primary: app type:0x   0, is_voip:0, device:2, pcm:-352510464, usecase:0x   8
04-14 18:20:15.914  2973 13333 I MediaProvider: Scanned external_primary due to REASON_DEMAND, found 0 items in 43ms, 0 inserts 0 updates 0 deletes
04-14 18:20:15.918  2973 13333 I MediaProvider: Observed non-standard /storage/emulated/0/Documents/Scans/downloads/.nomedia
04-14 18:20:15.923  1092 15238 I BackupRestoreController: Getting widget state for user: 0
04-14 18:20:15.923  1092 15238 V BackupManagerConstants: getBackupFinishedNotificationReceivers(...) returns 
04-14 18:20:15.924 15011 15011 I Backup  : [BackupNowBackupAgentsRunner] Backup done for com.google.android.apps.messaging, success: 0
04-14 18:20:15.938  1092 15238 D KeyValueBackupTask: Starting key-value backup of com.google.android.apps.maps
04-14 18:20:15.940  1092 15238 D CompatibilityChangeReporter: Compat change id reported: 177438394; UID 10129; state: DISABLED
04-14 18:20:15.940  1092 15238 D CompatibilityChangeReporter: Compat change id reported: 135772972; UID 10129; state: DISABLED
04-14 18:20:15.940  1092 15238 D CompatibilityChangeReporter: Compat change id reported: 135754954; UID 10129; state: ENABLED
04-14 18:20:15.941  1092 15238 D BackupManagerService: [UserID:0] awaiting agent for ApplicationInfo{16de9ad com.google.android.apps.maps}
04-14 18:20:15.941  1092  1276 D ActivityManager: asking zygote to start proc:ProcessRecord{65ba6c4 0:com.google.android.apps.maps/u0a129}
04-14 18:20:15.942  1092  1092 D DeviceIdleControllerEx: packageName: com.whatsapp uid: 10191 is in preset white app list
04-14 18:20:15.942  1092  1276 D CompatibilityChangeReporter: Compat change id reported: 143937733; UID 10129; state: ENABLED
04-14 18:20:15.944  1092  1276 D Prefork : startResult is empty and running normal execution.
04-14 18:20:15.946   674 11196 I audio_hw_primary: app type:0x   0, is_voip:0, device:2, pcm:-352510464, usecase:0x   8
04-14 18:20:15.948  1092  1092 D Griffin/ComponentManager: Limit start proc:com.anthropic.claude for 3rd-normal-service caller=system/1092,Intent { cmp=com.anthropic.claude/androidx.work.impl.background.systemjob.SystemJobService }
04-14 18:20:15.949  1092  1092 W ActivityManager: Unable to launch app com.anthropic.claude/10330 for service Intent { cmp=com.anthropic.claude/androidx.work.impl.background.systemjob.SystemJobService }: AutoStart Limit
04-14 18:20:15.949  1092  1092 D ActivityManager: isGriffinSupport  bringUpServiceLocked and unbindServiceLockedIntent { cmp=com.anthropic.claude/androidx.work.impl.background.systemjob.SystemJobService }
04-14 18:20:15.949  1092  1092 W ActivityManager: Unbind failed: could not find connection for android.app.LoadedApk$ServiceDispatcher$InnerConnection@1fd0073
04-14 18:20:15.954   658   658 D Zygote  : Forked child process 15242
