04-14 18:20:12.433 13282 13282 D TranFlingManagerImpl: updateVelocity, scrollType = 1, currVelocity = 15.789145
04-14 18:20:12.433   679   776 I DPUModule: DpuR5P0::checkAFBCBlockSize <97>: checkAFBCBlockSize: compressed(1),format(1), pitch(720), vstride(1616)
04-14 18:20:12.433   679   776 I DPUModule: DpuR5P0::checkLayerFormat <142>: checkLayerFormat: Format(1)
04-14 18:20:12.433   679   776 I DPUModule: DpuR5P0::checkTransform <35>: checkTransform: Transform(0), SRCRect(0,0)
04-14 18:20:12.433 13282 13282 D TranFlingManagerImpl: updateCurrVelocity mFlingFlag currVelocity:15.789145
04-14 18:20:12.433   679   776 I DPUModule: DpuR5P0::checkAFBCBlockSize <97>: checkAFBCBlockSize: compressed(1),format(1), pitch(720), vstride(80)
04-14 18:20:12.433   679   776 I DPUModule: DpuR5P0::checkLayerFormat <142>: checkLayerFormat: Format(1)
04-14 18:20:12.433   679   776 I DPUModule: DpuR5P0::checkTransform <35>: checkTransform: Transform(0), SRCRect(0,0)
04-14 18:20:12.433   679   776 I DPUModule: DpuR5P0::checkAFBCBlockSize <97>: checkAFBCBlockSize: compressed(1),format(1), pitch(720), vstride(96)
04-14 18:20:12.433   679   776 D DPUModule: [ …śhu] support: 0
04-14 18:20:12.434 13282 13282 D TranFlingManagerImpl: onOverScrollerFinish()
04-14 18:20:12.440  1092  5599 D AlarmManager: Add alarm packageName=com.google.android.gms, type=3, when=519101403, tag=null, callingUid=10106, callingPackage=com.google.android.gms
04-14 18:20:12.440  1092  5599 D AlarmManagerService: set alarm to kernel: 517705.518000000, type=2 
04-14 18:20:12.440  1092  5599 D AlarmManagerService: set alarm to kernel: 517690.388000000, type=3 
04-14 18:20:12.450   679   776 I DPUModule: DpuR5P0::checkLayerFormat <142>: checkLayerFormat: Format(1)
04-14 18:20:12.450   679   776 I DPUModule: DpuR5P0::checkTransform <35>: checkTransform: Transform(0), SRCRect(0,0)
04-14 18:20:12.450   679   776 I DPUModule: DpuR5P0::checkAFBCBlockSize <97>: checkAFBCBlockSize: compressed(1),format(1), pitch(720), vstride(1616)
04-14 18:20:12.450   679   776 I DPUModule: DpuR5P0::checkLayerFormat <142>: checkLayerFormat: Format(1)
04-14 18:20:12.450   679   776 I DPUModule: DpuR5P0::checkTransform <35>: checkTransform: Transform(0), SRCRect(0,0)
04-14 18:20:12.450   679   776 I DPUModule: DpuR5P0::checkAFBCBlockSize <97>: checkAFBCBlockSize: compressed(1),format(1), pitch(720), vstride(80)
04-14 18:20:12.450   679   776 I DPUModule: DpuR5P0::checkLayerFormat <142>: checkLayerFormat: Format(1)
04-14 18:20:12.450   679   776 I DPUModule: DpuR5P0::checkTransform <35>: checkTransform: Transform(0), SRCRect(0,0)
04-14 18:20:12.450   679   776 I DPUModule: DpuR5P0::checkAFBCBlockSize <97>: checkAFBCBlockSize: compressed(1),format(1), pitch(720), vstride(96)
04-14 18:20:12.450   679   776 D DPUModule: [ …śhu] support: 0
04-14 18:20:12.451  1092  1092 I TransportConnection: BackupTransportService#2997: Notifying [AppBackupUtils.appIsRunningAndEligibleForBackupWithTransport] transport = BackupTransportClient
04-14 18:20:12.457   674 11196 I audio_hw_primary: app type:0x   0, is_voip:0, device:2, pcm:-352510464, usecase:0x   8
04-14 18:20:12.459  1092  1547 D BackupTransportManager: Transport com.google.android.gms/.backup.BackupTransportService updated its attributes
04-14 18:20:12.467   679   776 I DPUModule: DpuR5P0::checkLayerFormat <142>: checkLayerFormat: Format(1)
04-14 18:20:12.467   679   776 I DPUModule: DpuR5P0::checkTransform <35>: checkTransform: Transform(0), SRCRect(0,0)
04-14 18:20:12.467   679   776 I DPUModule: DpuR5P0::checkAFBCBlockSize <97>: checkAFBCBlockSize: compressed(1),format(1), pitch(720), vstride(1616)
04-14 18:20:12.467   679   776 I DPUModule: DpuR5P0::checkLayerFormat <142>: checkLayerFormat: Format(1)
04-14 18:20:12.467   679   776 I DPUModule: DpuR5P0::checkTransform <35>: checkTransform: Transform(0), SRCRect(0,0)
04-14 18:20:12.467   679   776 I DPUModule: DpuR5P0::checkAFBCBlockSize <97>: checkAFBCBlockSize: compressed(1),format(1), pitch(720), vstride(80)
04-14 18:20:12.467   679   776 I DPUModule: DpuR5P0::checkLayerFormat <142>: checkLayerFormat: Format(1)
04-14 18:20:12.467   679   776 I DPUModule: DpuR5P0::checkTransform <35>: checkTransform: Transform(0), SRCRect(0,0)
04-14 18:20:12.467   679   776 I DPUModule: DpuR5P0::checkAFBCBlockSize <97>: checkAFBCBlockSize: compressed(1),format(1), pitch(720), vstride(96)
04-14 18:20:12.467   679   776 D DPUModule: [ …śhu] support: 0
04-14 18:20:12.472 15011 14734 I NetworkScheduler.Stats: (REDACTED) Task %s/%s started execution. cause:%s exec_start_elapsed_seconds: %s
04-14 18:20:12.475  4491 12584 I RecoverableKeyStoreGms: [FolsomSyncManager] Starting sync for event: SYNC_PERIODIC
04-14 18:20:12.483   679   776 I DPUModule: DpuR5P0::checkLayerFormat <142>: checkLayerFormat: Format(1)
04-14 18:20:12.483   679   776 I DPUModule: DpuR5P0::checkTransform <35>: checkTransform: Transform(0), SRCRect(0,0)
04-14 18:20:12.483   679   776 I DPUModule: DpuR5P0::checkAFBCBlockSize <97>: checkAFBCBlockSize: compressed(1),format(1), pitch(720), vstride(1616)
04-14 18:20:12.483   679   776 I DPUModule: DpuR5P0::checkLayerFormat <142>: checkLayerFormat: Format(1)
04-14 18:20:12.483   679   776 I DPUModule: DpuR5P0::checkTransform <35>: checkTransform: Transform(0), SRCRect(0,0)
04-14 18:20:12.483   679   776 I DPUModule: DpuR5P0::checkAFBCBlockSize <97>: checkAFBCBlockSize: compressed(1),format(1), pitch(720), vstride(80)
04-14 18:20:12.483   679   776 I DPUModule: DpuR5P0::checkLayerFormat <142>: checkLayerFormat: Format(1)
04-14 18:20:12.483   679   776 I DPUModule: DpuR5P0::checkTransform <35>: checkTransform: Transform(0), SRCRect(0,0)
04-14 18:20:12.483   679   776 I DPUModule: DpuR5P0::checkAFBCBlockSize <97>: checkAFBCBlockSize: compressed(1),format(1), pitch(720), vstride(96)
04-14 18:20:12.483   679   776 D DPUModule: [ …śhu] support: 0
04-14 18:20:12.497  6883  6907 E DatabaseUtils: Writing exception to parcel
04-14 18:20:12.497  6883  6907 E DatabaseUtils: java.lang.IllegalArgumentException: Failed to determine if primary:Documents/Scans/downloads/Mangas-Origines.fr (FR)/Perfect Surgeon/Chapitre 69 - De la chance_bf1e8f_tmp/ComicInfo.xml is child of primary:Documents/Scans: java.io.FileNotFoundException: Missing file for primary:Documents/Scans/downloads/Mangas-Origines.fr (FR)/Perfect Surgeon/Chapitre 69 - De la chance_bf1e8f_tmp/ComicInfo.xml at /storage/emulated/0/Documents/Scans/downloads/Mangas-Origines.fr (FR)/Perfect Surgeon/Chapitre 69 - De la chance_bf1e8f_tmp/ComicInfo.xml
04-14 18:20:12.497  6883  6907 E DatabaseUtils: 	at com.android.internal.content.FileSystemProvider.isChildDocument(FileSystemProvider.java:145)
04-14 18:20:12.497  6883  6907 E DatabaseUtils: 	at android.provider.DocumentsProvider.enforceTree(DocumentsProvider.java:235)
04-14 18:20:12.497  6883  6907 E DatabaseUtils: 	at android.provider.DocumentsProvider.query(DocumentsProvider.java:923)
04-14 18:20:12.497  6883  6907 E DatabaseUtils: 	at android.content.ContentProvider$Transport.query(ContentProvider.java:293)
04-14 18:20:12.497  6883  6907 E DatabaseUtils: 	at android.content.ContentProviderNative.onTransact(ContentProviderNative.java:107)
04-14 18:20:12.497  6883  6907 E DatabaseUtils: 	at android.os.Binder.execTransactInternal(Binder.java:1281)
04-14 18:20:12.497  6883  6907 E DatabaseUtils: 	at android.os.Binder.execTransact(Binder.java:1244)
04-14 18:20:12.501   674 11196 I audio_hw_primary: app type:0x   0, is_voip:0, device:2, pcm:-352510464, usecase:0x   8
04-14 18:20:12.512  4491 15195 I SelfReportingProvisione: Location is still disabled, so not trying to auto-enable LKL. [CONTEXT service_id=284 ]
04-14 18:20:12.519  1092  1547 D BroadcastQueue: Add broadcast <BroadcastRecord{95e865a u-1 android.net.conn.CONNECTIVITY_CHANGE}> into [parallel | background], pending size 0
04-14 18:20:12.519  1092  1275 D BroadcastQueue: Done with parallel broadcast [background] [BroadcastRecord{95e865a u-1 android.net.conn.CONNECTIVITY_CHANGE}]
04-14 18:20:12.520  6883  6907 E DatabaseUtils: Writing exception to parcel
04-14 18:20:12.520  6883  6907 E DatabaseUtils: java.lang.IllegalArgumentException: Failed to determine if primary:Documents/Scans/downloads/Mangas-Origines.fr (FR)/Perfect Surgeon/Chapitre 69 - De la chance_bf1e8f_tmp/ComicInfo.xml is child of primary:Documents/Scans: java.io.FileNotFoundException: Missing file for primary:Documents/Scans/downloads/Mangas-Origines.fr (FR)/Perfect Surgeon/Chapitre 69 - De la chance_bf1e8f_tmp/ComicInfo.xml at /storage/emulated/0/Documents/Scans/downloads/Mangas-Origines.fr (FR)/Perfect Surgeon/Chapitre 69 - De la chance_bf1e8f_tmp/ComicInfo.xml
04-14 18:20:12.520  6883  6907 E DatabaseUtils: 	at com.android.internal.content.FileSystemProvider.isChildDocument(FileSystemProvider.java:145)
04-14 18:20:12.520  6883  6907 E DatabaseUtils: 	at android.provider.DocumentsProvider.enforceTree(DocumentsProvider.java:235)
04-14 18:20:12.520  6883  6907 E DatabaseUtils: 	at android.provider.DocumentsProvider.query(DocumentsProvider.java:923)
04-14 18:20:12.520  6883  6907 E DatabaseUtils: 	at android.content.ContentProvider$Transport.query(ContentProvider.java:293)
04-14 18:20:12.520  6883  6907 E DatabaseUtils: 	at android.content.ContentProviderNative.onTransact(ContentProviderNative.java:107)
04-14 18:20:12.520  6883  6907 E DatabaseUtils: 	at android.os.Binder.execTransactInternal(Binder.java:1281)
04-14 18:20:12.520  6883  6907 E DatabaseUtils: 	at android.os.Binder.execTransact(Binder.java:1244)
04-14 18:20:12.521  1092  5599 W ActivityManager: Unable to start service Intent { act=com.google.android.gms.wearable.BIND pkg=com.google.android.gms } U=0: not found
04-14 18:20:12.523  1092  1228 W ActivityManager: Unbind failed: could not find connection for android.os.BinderProxy@b93ea67
04-14 18:20:12.524  4491  4536 W GmsClient: unable to connect to service: com.google.android.gms.wearable.BIND on com.google.android.gms
04-14 18:20:12.525  4491  4536 W GoogleApiManager: Not showing notification since connectionResult is not user-facing: ConnectionResult{statusCode=API_UNAVAILABLE, resolution=null, message=null, clientMethodKey=null}
04-14 18:20:12.527  4491 15197 I SelfReportingProvisione: Wearable API isn't available on this device. [CONTEXT service_id=284 ]
04-14 18:20:12.527  4491 15197 I SelfReportingProvisione: Device isn't provisioned, so stopping self location fetcher. [CONTEXT service_id=284 ]
04-14 18:20:12.529  1092  1092 I TransportConnection: BackupTransportService#2999: Notifying [AppBackupUtils.appIsRunningAndEligibleForBackupWithTransport] transport = BackupTransportClient
04-14 18:20:12.537  1092  1547 D BackupTransportManager: Transport com.google.android.gms/.backup.BackupTransportService updated its attributes
04-14 18:20:12.544  2973 31396 I MediaProvider: Observed non-standard /storage/emulated/0/Documents/Scans/downloads/.nomedia
04-14 18:20:12.544   674 11196 I audio_hw_primary: app type:0x   0, is_voip:0, device:2, pcm:-352510464, usecase:0x   8
04-14 18:20:12.544  2973 31396 W MediaProvider: isAppCloneUserPair for user 0: false
04-14 18:20:12.561  2973  3010 I MediaProvider: Observed non-standard /storage/emulated/0/Documents/Scans/downloads/.nomedia
04-14 18:20:12.580   674 11196 I audio_hw_primary: app type:0x   0, is_voip:0, device:2, pcm:-352510464, usecase:0x   8
04-14 18:20:12.581  1092  2920 D BroadcastQueue: Add broadcast <BroadcastRecord{37b81e3 u-1 android.net.conn.CONNECTIVITY_CHANGE}> into [parallel | background], pending size 0
04-14 18:20:12.582  1092  1275 D BroadcastQueue: Done with parallel broadcast [background] [BroadcastRecord{37b81e3 u-1 android.net.conn.CONNECTIVITY_CHANGE}]
04-14 18:20:12.598  1092  1092 I TransportConnection: BackupTransportService#3001: Notifying [AppBackupUtils.appIsRunningAndEligibleForBackupWithTransport] transport = BackupTransportClient
04-14 18:20:12.608  1092  5607 D BackupTransportManager: Transport com.google.android.gms/.backup.BackupTransportService updated its attributes
04-14 18:20:12.612  4491 15195 I SelfRptRegSyncer: Starting owner key synchronization for a non-LKL account [CONTEXT service_id=284 ]
04-14 18:20:12.613  4491 15195 I SelfRptRegSyncer: Starting owner key synchronization for a non-LKL account [CONTEXT service_id=284 ]
04-14 18:20:12.613  4491 15195 I SelfRptRegSyncer: Starting owner key synchronization for a non-LKL account [CONTEXT service_id=284 ]
04-14 18:20:12.613  4491 15195 I SelfRptRegSyncer: Starting owner key synchronization for a non-LKL account [CONTEXT service_id=284 ]
04-14 18:20:12.613  4491 15195 I SelfRptRegSyncer: Starting owner key synchronization for a non-LKL account [CONTEXT service_id=284 ]
04-14 18:20:12.618  4491 15197 I GmsCoreXrpcWrapper: (REDACTED) Creating a custom channel provider with trafficStatsTag=%d trafficStatsUid=%d
04-14 18:20:12.623   674 11196 I audio_hw_primary: app type:0x   0, is_voip:0, device:2, pcm:-352510464, usecase:0x   8
04-14 18:20:12.636  1092  2920 W ActivityManager: Unable to start service Intent { act=com.google.android.gms.wearable.BIND pkg=com.google.android.gms } U=0: not found
04-14 18:20:12.637  1092  2920 W ActivityManager: Unbind failed: could not find connection for android.os.BinderProxy@afd631f
04-14 18:20:12.640  4491  4536 W GmsClient: unable to connect to service: com.google.android.gms.wearable.BIND on com.google.android.gms
04-14 18:20:12.641  4491  4536 W ServiceBindIntentUtils: Dynamic lookup for intent failed for action: com.google.android.gms.onboardingconsent.api.ConsentManagerApiService.START
04-14 18:20:12.643  1092  1547 D BroadcastQueue: Add broadcast <BroadcastRecord{b10d66c u0 android.intent.action.MEDIA_SCANNER_SCAN_FILE}> into [ordered | background], pending size 0
04-14 18:20:12.646  1092  2920 W ActivityManager: Unable to start service Intent { act=com.google.android.gms.onboardingconsent.api.ConsentManagerApiService.START pkg=com.google.android.gms } U=0: not found
04-14 18:20:12.646  1092  1547 D BroadcastQueue: Add broadcast <BroadcastRecord{72e5f96 u-1 android.net.conn.CONNECTIVITY_CHANGE}> into [parallel | background], pending size 0
04-14 18:20:12.646  1092  1275 D BroadcastQueue: Done with parallel broadcast [background] [BroadcastRecord{72e5f96 u-1 android.net.conn.CONNECTIVITY_CHANGE}]
04-14 18:20:12.649  1092  2920 W ActivityManager: Unbind failed: could not find connection for android.os.BinderProxy@def8db3
04-14 18:20:12.649  6883  6907 E DatabaseUtils: Writing exception to parcel
04-14 18:20:12.649  6883  6907 E DatabaseUtils: java.lang.IllegalArgumentException: Failed to determine if primary:Documents/Scans/downloads/Mangas-Origines.fr (FR)/Perfect Surgeon/Chapitre 69 - De la chance_bf1e8f.cbz_tmp is child of primary:Documents/Scans: java.io.FileNotFoundException: Missing file for primary:Documents/Scans/downloads/Mangas-Origines.fr (FR)/Perfect Surgeon/Chapitre 69 - De la chance_bf1e8f.cbz_tmp at /storage/emulated/0/Documents/Scans/downloads/Mangas-Origines.fr (FR)/Perfect Surgeon/Chapitre 69 - De la chance_bf1e8f.cbz_tmp
04-14 18:20:12.649  6883  6907 E DatabaseUtils: 	at com.android.internal.content.FileSystemProvider.isChildDocument(FileSystemProvider.java:145)
04-14 18:20:12.649  6883  6907 E DatabaseUtils: 	at android.provider.DocumentsProvider.enforceTree(DocumentsProvider.java:235)
04-14 18:20:12.649  6883  6907 E DatabaseUtils: 	at android.provider.DocumentsProvider.query(DocumentsProvider.java:923)
04-14 18:20:12.649  6883  6907 E DatabaseUtils: 	at android.content.ContentProvider$Transport.query(ContentProvider.java:293)
04-14 18:20:12.649  6883  6907 E DatabaseUtils: 	at android.content.ContentProviderNative.onTransact(ContentProviderNative.java:107)
04-14 18:20:12.649  6883  6907 E DatabaseUtils: 	at android.os.Binder.execTransactInternal(Binder.java:1281)
04-14 18:20:12.649  6883  6907 E DatabaseUtils: 	at android.os.Binder.execTransact(Binder.java:1244)
04-14 18:20:12.650  4491  4536 W GmsClient: unable to connect to service: com.google.android.gms.onboardingconsent.api.ConsentManagerApiService.START on com.google.android.gms
04-14 18:20:12.652  4491 15197 I SyncOwnerKeyStateMach: Starting syncOwnerKey [CONTEXT service_id=284 ]
04-14 18:20:12.653  1092  2920 D F_TranHibernation: screen off bc restricted1 by uid 10202
04-14 18:20:12.654  4491 15195 I KeychainDomainChooser: Continuing to use the default LSKF Keychain domain. [CONTEXT service_id=284 ]
04-14 18:20:12.655  1092  1275 D BroadcastQueue: Finished with ordered broadcast BroadcastRecord{b10d66c u0 android.intent.action.MEDIA_SCANNER_SCAN_FILE} receivers:([ResolveInfo{6cb520f com.google.android.providers.media.module/com.android.providers.media.MediaReceiver m=0x208000}, ResolveInfo{e2cb29c com.folderv.file/.UsbBroadcastReceiver m=0x208000}]) take 11ms in [background], remains -1
04-14 18:20:12.655  4491 15195 I KeychainOwnerKeysImport: No owner key is installed [CONTEXT service_id=284 ]
04-14 18:20:12.655  4491 15195 I KeychainOwnerKeysImport: (REDACTED) Missing in-use exported owner key(s): %s
04-14 18:20:12.655  4491 15197 I KeychainOwnerKeysImport: (REDACTED) Retrieving LSKF domain keys. Domain name: '%s'
04-14 18:20:12.657  1092  1547 W ActivityManager: Unable to start service Intent { act=com.google.android.gms.wearable.BIND pkg=com.google.android.gms } U=0: not found
04-14 18:20:12.658  1092  1547 W ActivityManager: Unbind failed: could not find connection for android.os.BinderProxy@81bc4a5
04-14 18:20:12.659  4491  4536 W GmsClient: unable to connect to service: com.google.android.gms.wearable.BIND on com.google.android.gms
04-14 18:20:12.660   674 11196 I audio_hw_primary: app type:0x   0, is_voip:0, device:2, pcm:-352510464, usecase:0x   8
04-14 18:20:12.661  4491  4536 W ServiceBindIntentUtils: Dynamic lookup for intent failed for action: com.google.android.gms.onboardingconsent.api.ConsentManagerApiService.START
04-14 18:20:12.662  1092  1092 I TransportConnection: BackupTransportService#3007: Notifying [AppBackupUtils.appIsRunningAndEligibleForBackupWithTransport] transport = BackupTransportClient
04-14 18:20:12.665  1092  5607 W ActivityManager: Unable to start service Intent { act=com.google.android.gms.onboardingconsent.api.ConsentManagerApiService.START pkg=com.google.android.gms } U=0: not found
04-14 18:20:12.665  2973  3813 I MediaProvider: Begin Intent { act=android.intent.action.MEDIA_SCANNER_SCAN_FILE dat=file:///... flg=0x1000010 cmp=com.google.android.providers.media.module/com.android.providers.media.MediaService }
04-14 18:20:12.670  1092  1228 D BackupTransportManager: Transport com.google.android.gms/.backup.BackupTransportService updated its attributes
04-14 18:20:12.670  1092  5607 W ActivityManager: Unbind failed: could not find connection for android.os.BinderProxy@522b934
04-14 18:20:12.673  4491  4536 W GmsClient: unable to connect to service: com.google.android.gms.onboardingconsent.api.ConsentManagerApiService.START on com.google.android.gms
04-14 18:20:12.679  2973 31397 I MediaProvider: Observed non-standard /storage/emulated/0/Documents/Scans/downloads/.nomedia
04-14 18:20:12.680  2973 31397 W MediaProvider: isAppCloneUserPair for user 0: false
04-14 18:20:12.682  4491 14898 I RecoverableKeyStoreGms: [GetKeyMaterialOperation] GetKeyMaterialOperation: 15cee3f5-4103-44a9-b6d4-cb437c54d6bc
04-14 18:20:12.682  2973  3813 I MediaProvider: Observed non-standard /storage/emulated/0/Documents/Scans/downloads/.nomedia
04-14 18:20:12.705   674 11196 I audio_hw_primary: app type:0x   0, is_voip:0, device:2, pcm:-352510464, usecase:0x   8
04-14 18:20:12.706  2973  3813 I MediaProvider: End Intent { act=android.intent.action.MEDIA_SCANNER_SCAN_FILE dat=file:///... flg=0x1000010 cmp=com.google.android.providers.media.module/com.android.providers.media.MediaService }
04-14 18:20:12.714  2973 17798 I MediaProvider: Observed non-standard /storage/emulated/0/Documents/Scans/downloads/.nomedia
04-14 18:20:12.745   674 11196 I audio_hw_primary: app type:0x   0, is_voip:0, device:2, pcm:-352510464, usecase:0x   8
04-14 18:20:12.748  1092  2920 D BroadcastQueue: Add broadcast <BroadcastRecord{6d609c9 u-1 android.net.conn.CONNECTIVITY_CHANGE}> into [parallel | background], pending size 0
04-14 18:20:12.749  1092  1275 D BroadcastQueue: Done with parallel broadcast [background] [BroadcastRecord{6d609c9 u-1 android.net.conn.CONNECTIVITY_CHANGE}]
04-14 18:20:12.763  1092  1092 I TransportConnection: BackupTransportService#3009: Notifying [AppBackupUtils.appIsRunningAndEligibleForBackupWithTransport] transport = BackupTransportClient
04-14 18:20:12.771  1092  1228 D BackupTransportManager: Transport com.google.android.gms/.backup.BackupTransportService updated its attributes
04-14 18:20:12.782  1092  1224 I system_server: Background young concurrent mark compact GC freed 24MB AllocSpace bytes, 0(0B) LOS objects, 29% free, 56MB/80MB, paused 2.482ms,7.327ms total 122.488ms
04-14 18:20:12.783   674 11196 I audio_hw_primary: app type:0x   0, is_voip:0, device:2, pcm:-352510464, usecase:0x   8
04-14 18:20:12.792  1092  1700 D BroadcastQueue: Add broadcast <BroadcastRecord{710b2d7 u-1 android.net.conn.CONNECTIVITY_CHANGE}> into [parallel | background], pending size 0
04-14 18:20:12.793  1092  1275 D BroadcastQueue: Done with parallel broadcast [background] [BroadcastRecord{710b2d7 u-1 android.net.conn.CONNECTIVITY_CHANGE}]
04-14 18:20:12.798  1092  1092 I TransportConnection: BackupTransportService#3010: Notifying [AppBackupUtils.appIsRunningAndEligibleForBackupWithTransport] transport = BackupTransportClient
04-14 18:20:12.805  1092  9406 D BackupTransportManager: Transport com.google.android.gms/.backup.BackupTransportService updated its attributes
04-14 18:20:12.811  4491 14898 I RecoverableKeyStoreGms: [FolsomSyncManager] Starting sync for event:  GET_KEY_MATERIAL
04-14 18:20:12.818 15011 14734 I NetworkScheduler.Stats: (REDACTED) Task %s/%s finished executing. cause:%s result: %s elapsed_millis: %s uptime_millis: %s exec_start_elapsed_seconds: %s
04-14 18:20:12.822   674 11196 I audio_hw_primary: app type:0x   0, is_voip:0, device:2, pcm:-352510464, usecase:0x   8
04-14 18:20:12.834  1092  2920 D BroadcastQueue: Add broadcast <BroadcastRecord{13068b7 u-1 android.net.conn.CONNECTIVITY_CHANGE}> into [parallel | background], pending size 0
04-14 18:20:12.838  1092  1275 D BroadcastQueue: Done with parallel broadcast [background] [BroadcastRecord{13068b7 u-1 android.net.conn.CONNECTIVITY_CHANGE}]
04-14 18:20:12.840  1092  9576 D AlarmManagerService: set alarm to kernel: 517705.518000000, type=2 
04-14 18:20:12.840  1092  9576 D AlarmManagerService: set alarm to kernel: 517690.388000000, type=3 
04-14 18:20:12.845  1092  1092 I TransportConnection: BackupTransportService#3015: Notifying [AppBackupUtils.appIsRunningAndEligibleForBackupWithTransport] transport = BackupTransportClient
04-14 18:20:12.862   674 11196 I audio_hw_primary: app type:0x   0, is_voip:0, device:2, pcm:-352510464, usecase:0x   8
04-14 18:20:12.862  1092  5607 D BackupTransportManager: Transport com.google.android.gms/.backup.BackupTransportService updated its attributes
04-14 18:20:12.874  1092  2920 D BroadcastQueue: Add broadcast <BroadcastRecord{4491bb u-1 android.net.conn.CONNECTIVITY_CHANGE}> into [parallel | background], pending size 0
04-14 18:20:12.882  1092  1275 D BroadcastQueue: Done with parallel broadcast [background] [BroadcastRecord{4491bb u-1 android.net.conn.CONNECTIVITY_CHANGE}]
04-14 18:20:12.883  1092  5607 V AlarmManager: set(PendingIntent{ffadca2: PendingIntentRecord{2fa0a4e com.google.android.gms/com.google.android.gms.scheduler broadcastIntent}}) : type=3 listener=null listenerTag=null workSource=WorkSource{10106 com.google.android.gms} callingPackage=com.google.android.gms callingUid=10106 triggerAtTime=519101403 win=1083593 tElapsed=519101403 maxElapsed=520184996 interval=0 flags=0x0
04-14 18:20:12.883  1092  5607 D AlarmManager: Add alarm packageName=com.google.android.gms, type=3, when=519101403, tag=null, callingUid=10106, callingPackage=com.google.android.gms
04-14 18:20:12.884  1092  5607 D AlarmManagerService: set alarm to kernel: 517705.518000000, type=2 
04-14 18:20:12.884  1092  5607 D AlarmManagerService: set alarm to kernel: 517690.388000000, type=3 
04-14 18:20:12.902   674 11196 I audio_hw_primary: app type:0x   0, is_voip:0, device:2, pcm:-352510464, usecase:0x   8
04-14 18:20:12.903  1092  1092 I TransportConnection: BackupTransportService#3019: Notifying [AppBackupUtils.appIsRunningAndEligibleForBackupWithTransport] transport = BackupTransportClient
04-14 18:20:12.921 15011 14909 I NetworkScheduler.Stats: (REDACTED) Task %s/%s started execution. cause:%s exec_start_elapsed_seconds: %s
04-14 18:20:12.923  1092  5607 D BackupTransportManager: Transport com.google.android.gms/.backup.BackupTransportService updated its attributes
04-14 18:20:12.927  1092  1547 D BroadcastQueue: Add broadcast <BroadcastRecord{d1af8e4 u-1 android.net.conn.CONNECTIVITY_CHANGE}> into [parallel | background], pending size 0
04-14 18:20:12.927  1092  1275 D BroadcastQueue: Done with parallel broadcast [background] [BroadcastRecord{d1af8e4 u-1 android.net.conn.CONNECTIVITY_CHANGE}]
04-14 18:20:12.943   674 11196 I audio_hw_primary: app type:0x   0, is_voip:0, device:2, pcm:-352510464, usecase:0x   8
04-14 18:20:12.947  1092  1092 I TransportConnection: BackupTransportService#3023: Notifying [AppBackupUtils.appIsRunningAndEligibleForBackupWithTransport] transport = BackupTransportClient
04-14 18:20:12.956  1092  2920 D BackupTransportManager: Transport com.google.android.gms/.backup.BackupTransportService updated its attributes
04-14 18:20:12.971  1092  2920 D BroadcastQueue: Add broadcast <BroadcastRecord{1522a57 u-1 android.net.conn.CONNECTIVITY_CHANGE}> into [parallel | background], pending size 0
04-14 18:20:12.972  1092  1275 D BroadcastQueue: Done with parallel broadcast [background] [BroadcastRecord{1522a57 u-1 android.net.conn.CONNECTIVITY_CHANGE}]
04-14 18:20:12.978   674 11196 I audio_hw_primary: app type:0x   0, is_voip:0, device:2, pcm:-352510464, usecase:0x   8
04-14 18:20:12.978  1092  1092 I TransportConnection: BackupTransportService#3025: Notifying [AppBackupUtils.appIsRunningAndEligibleForBackupWithTransport] transport = BackupTransportClient
04-14 18:20:12.983  1092  1547 D BackupTransportManager: Transport com.google.android.gms/.backup.BackupTransportService updated its attributes
04-14 18:20:12.999  1092  1547 D BroadcastQueue: Add broadcast <BroadcastRecord{f953e55 u-1 android.net.conn.CONNECTIVITY_CHANGE}> into [parallel | background], pending size 0
04-14 18:20:13.000  1092  1275 D BroadcastQueue: Done with parallel broadcast [background] [BroadcastRecord{f953e55 u-1 android.net.conn.CONNECTIVITY_CHANGE}]
04-14 18:20:13.001  2973 13333 I MediaProvider: Observed non-standard /storage/emulated/0/Documents/Scans/downloads/.nomedia
04-14 18:20:13.007  1092  1092 I TransportConnection: BackupTransportService#3026: Notifying [AppBackupUtils.appIsRunningAndEligibleForBackupWithTransport] transport = BackupTransportClient
04-14 18:20:13.010  2973 13333 D MediaProvider: Open with FUSE. FilePath: /storage/emulated/0/Documents/Scans/downloads/Mangas-Origines.fr (FR)/Perfect Surgeon/Chapitre 69 - De la chance_bf1e8f_tmp/002.jpg. Uid: 10053. Media Capabilities Uid: 0. ShouldRedact: false. ShouldTranscode: false
04-14 18:20:13.012  1092  1547 D BackupTransportManager: Transport com.google.android.gms/.backup.BackupTransportService updated its attributes
04-14 18:20:13.018   674 11196 I audio_hw_primary: app type:0x   0, is_voip:0, device:2, pcm:-352510464, usecase:0x   8
04-14 18:20:13.042  2973 17798 I MediaProvider: Observed non-standard /storage/emulated/0/Documents/Scans/downloads/.nomedia
04-14 18:20:13.048  1092  1700 D BroadcastQueue: Add broadcast <BroadcastRecord{e10c940 u-1 android.net.conn.CONNECTIVITY_CHANGE}> into [parallel | background], pending size 0
04-14 18:20:13.049  1092  1275 D BroadcastQueue: Done with parallel broadcast [background] [BroadcastRecord{e10c940 u-1 android.net.conn.CONNECTIVITY_CHANGE}]
04-14 18:20:13.049  2973 17798 D MediaProvider: Open with FUSE. FilePath: /storage/emulated/0/Documents/Scans/downloads/Mangas-Origines.fr (FR)/Perfect Surgeon/Chapitre 69 - De la chance_bf1e8f_tmp/004.jpg. Uid: 10053. Media Capabilities Uid: 0. ShouldRedact: false. ShouldTranscode: false
04-14 18:20:13.055  1092  1092 I TransportConnection: BackupTransportService#3028: Notifying [AppBackupUtils.appIsRunningAndEligibleForBackupWithTransport] transport = BackupTransportClient
04-14 18:20:13.060   674 11196 I audio_hw_primary: app type:0x   0, is_voip:0, device:2, pcm:-352510464, usecase:0x   8
04-14 18:20:13.068  1092  1228 D BackupTransportManager: Transport com.google.android.gms/.backup.BackupTransportService updated its attributes
04-14 18:20:13.078  1092  5607 D BroadcastQueue: Add broadcast <BroadcastRecord{4d45d21 u-1 android.net.conn.CONNECTIVITY_CHANGE}> into [parallel | background], pending size 0
04-14 18:20:13.078  1092  1275 D BroadcastQueue: Done with parallel broadcast [background] [BroadcastRecord{4d45d21 u-1 android.net.conn.CONNECTIVITY_CHANGE}]
04-14 18:20:13.080  2973 13333 I MediaProvider: Observed non-standard /storage/emulated/0/Documents/Scans/downloads/.nomedia
04-14 18:20:13.091  2973 13333 D MediaProvider: Open with FUSE. FilePath: /storage/emulated/0/Documents/Scans/downloads/Mangas-Origines.fr (FR)/Perfect Surgeon/Chapitre 69 - De la chance_bf1e8f_tmp/003.jpg. Uid: 10053. Media Capabilities Uid: 0. ShouldRedact: false. ShouldTranscode: false
04-14 18:20:13.096  1092  1092 I TransportConnection: BackupTransportService#3031: Notifying [AppBackupUtils.appIsRunningAndEligibleForBackupWithTransport] transport = BackupTransportClient
04-14 18:20:13.100   674 11196 I audio_hw_primary: app type:0x   0, is_voip:0, device:2, pcm:-352510464, usecase:0x   8
04-14 18:20:13.106  1092  5607 D BackupTransportManager: Transport com.google.android.gms/.backup.BackupTransportService updated its attributes
04-14 18:20:13.122  1092  2920 D BroadcastQueue: Add broadcast <BroadcastRecord{97fe085 u-1 android.net.conn.CONNECTIVITY_CHANGE}> into [parallel | background], pending size 0
04-14 18:20:13.125  1092  1275 D BroadcastQueue: Done with parallel broadcast [background] [BroadcastRecord{97fe085 u-1 android.net.conn.CONNECTIVITY_CHANGE}]
04-14 18:20:13.126  2973 16652 I MediaProvider: Observed non-standard /storage/emulated/0/Documents/Scans/downloads/.nomedia
04-14 18:20:13.128  4491 12584 I RecoverableKeyStoreGms: [FolsomSyncManager] Starting sync for event: SYNC_PERIODIC
04-14 18:20:13.132  1092  1092 I TransportConnection: BackupTransportService#3032: Notifying [AppBackupUtils.appIsRunningAndEligibleForBackupWithTransport] transport = BackupTransportClient
04-14 18:20:13.133  2973 13333 D MediaProvider: Open with FUSE. FilePath: /storage/emulated/0/Documents/Scans/downloads/Mangas-Origines.fr (FR)/Perfect Surgeon/Chapitre 69 - De la chance_bf1e8f_tmp/007.jpg. Uid: 10053. Media Capabilities Uid: 0. ShouldRedact: false. ShouldTranscode: false
04-14 18:20:13.141  1092  9576 D BackupTransportManager: Transport com.google.android.gms/.backup.BackupTransportService updated its attributes
04-14 18:20:13.144   674 11196 I audio_hw_primary: app type:0x   0, is_voip:0, device:2, pcm:-352510464, usecase:0x   8
04-14 18:20:13.155 15065 15065 W ThreadPoolForeg: type=1400 audit(0.0:508782): avc: denied { write } for name="traced_producer" dev="tmpfs" ino=26121 scontext=u:r:gmscore_app:s0:c512,c768 tcontext=u:object_r:traced_producer_socket:s0 tclass=sock_file permissive=0 app=com.google.android.gms
04-14 18:20:13.162  1092  9576 D BroadcastQueue: Add broadcast <BroadcastRecord{a0c0565 u-1 android.net.conn.CONNECTIVITY_CHANGE}> into [parallel | background], pending size 0
04-14 18:20:13.163  1092  1275 D BroadcastQueue: Done with parallel broadcast [background] [BroadcastRecord{a0c0565 u-1 android.net.conn.CONNECTIVITY_CHANGE}]
04-14 18:20:13.166  2973 13333 I MediaProvider: Observed non-standard /storage/emulated/0/Documents/Scans/downloads/.nomedia
04-14 18:20:13.171  1092  1092 I TransportConnection: BackupTransportService#3037: Notifying [AppBackupUtils.appIsRunningAndEligibleForBackupWithTransport] transport = BackupTransportClient
04-14 18:20:13.175  1092  9406 D BackupTransportManager: Transport com.google.android.gms/.backup.BackupTransportService updated its attributes
04-14 18:20:13.176  2973 13333 D MediaProvider: Open with FUSE. FilePath: /storage/emulated/0/Documents/Scans/downloads/Mangas-Origines.fr (FR)/Perfect Surgeon/Chapitre 69 - De la chance_bf1e8f_tmp/001.jpg. Uid: 10053. Media Capabilities Uid: 0. ShouldRedact: false. ShouldTranscode: false
04-14 18:20:13.178  4491 15197 I KeychainOwnerKeysImport: Import aborted. [CONTEXT service_id=284 ]
04-14 18:20:13.179  4491 15197 I SyncOwnerKeyStateMach: syncOwnerKey result: hollow victory [CONTEXT service_id=284 ]
04-14 18:20:13.183   674 11196 I audio_hw_primary: app type:0x   0, is_voip:0, device:2, pcm:-352510464, usecase:0x   8
04-14 18:20:13.187  4491 15195 I GmsCoreXrpcWrapper: (REDACTED) Creating a custom channel provider with trafficStatsTag=%d trafficStatsUid=%d
04-14 18:20:13.193  1092  5607 W ActivityManager: Unable to start service Intent { act=com.google.android.gms.wearable.BIND pkg=com.google.android.gms } U=0: not found
04-14 18:20:13.198  1092  5607 W ActivityManager: Unbind failed: could not find connection for android.os.BinderProxy@b42f78
04-14 18:20:13.200  4491  4536 W GmsClient: unable to connect to service: com.google.android.gms.wearable.BIND on com.google.android.gms
04-14 18:20:13.200  1092  5607 D BroadcastQueue: Add broadcast <BroadcastRecord{2b8cb24 u-1 android.net.conn.CONNECTIVITY_CHANGE}> into [parallel | background], pending size 0
04-14 18:20:13.201  1092  1275 D BroadcastQueue: Done with parallel broadcast [background] [BroadcastRecord{2b8cb24 u-1 android.net.conn.CONNECTIVITY_CHANGE}]
04-14 18:20:13.202  4491  4536 W ServiceBindIntentUtils: Dynamic lookup for intent failed for action: com.google.android.gms.onboardingconsent.api.ConsentManagerApiService.START
04-14 18:20:13.205  1092  5607 W ActivityManager: Unable to start service Intent { act=com.google.android.gms.onboardingconsent.api.ConsentManagerApiService.START pkg=com.google.android.gms } U=0: not found
04-14 18:20:13.205  1092  5607 W ActivityManager: Unbind failed: could not find connection for android.os.BinderProxy@c497590
04-14 18:20:13.206  4491  4536 W GmsClient: unable to connect to service: com.google.android.gms.onboardingconsent.api.ConsentManagerApiService.START on com.google.android.gms
04-14 18:20:13.208  2973 16652 I MediaProvider: Observed non-standard /storage/emulated/0/Documents/Scans/downloads/.nomedia
04-14 18:20:13.208  1092  1092 I TransportConnection: BackupTransportService#3038: Notifying [AppBackupUtils.appIsRunningAndEligibleForBackupWithTransport] transport = BackupTransportClient
04-14 18:20:13.210  1092  1228 W ActivityManager: Unable to start service Intent { act=com.google.android.gms.wearable.BIND pkg=com.google.android.gms } U=0: not found
04-14 18:20:13.214  1092  5607 D BackupTransportManager: Transport com.google.android.gms/.backup.BackupTransportService updated its attributes
04-14 18:20:13.215  4491 15195 I SyncOwnerKeyStateMach: Starting syncOwnerKey [CONTEXT service_id=284 ]
04-14 18:20:13.215  1092  1228 W ActivityManager: Unbind failed: could not find connection for android.os.BinderProxy@40a5ecb
04-14 18:20:13.216  4491  4536 W GmsClient: unable to connect to service: com.google.android.gms.wearable.BIND on com.google.android.gms
04-14 18:20:13.217  2973 16652 D MediaProvider: Open with FUSE. FilePath: /storage/emulated/0/Documents/Scans/downloads/Mangas-Origines.fr (FR)/Perfect Surgeon/Chapitre 69 - De la chance_bf1e8f_tmp/009.jpg. Uid: 10053. Media Capabilities Uid: 0. ShouldRedact: false. ShouldTranscode: false
04-14 18:20:13.219  4491  4536 W ServiceBindIntentUtils: Dynamic lookup for intent failed for action: com.google.android.gms.onboardingconsent.api.ConsentManagerApiService.START
04-14 18:20:13.222   674 11196 I audio_hw_primary: app type:0x   0, is_voip:0, device:2, pcm:-352510464, usecase:0x   8
04-14 18:20:13.229  1092  2920 W ActivityManager: Unable to start service Intent { act=com.google.android.gms.onboardingconsent.api.ConsentManagerApiService.START pkg=com.google.android.gms } U=0: not found
04-14 18:20:13.230  4491 15197 I KeychainDomainChooser: No Keychain domain is in use. [CONTEXT service_id=284 ]
04-14 18:20:13.238  1092  5607 D BroadcastQueue: Add broadcast <BroadcastRecord{8d490bb u-1 android.net.conn.CONNECTIVITY_CHANGE}> into [parallel | background], pending size 0
04-14 18:20:13.239  1092  1275 D BroadcastQueue: Done with parallel broadcast [background] [BroadcastRecord{8d490bb u-1 android.net.conn.CONNECTIVITY_CHANGE}]
04-14 18:20:13.239  1092  1700 W ActivityManager: Unbind failed: could not find connection for android.os.BinderProxy@23cc9d8
04-14 18:20:13.241  4491  4536 W GmsClient: unable to connect to service: com.google.android.gms.onboardingconsent.api.ConsentManagerApiService.START on com.google.android.gms
04-14 18:20:13.248  4491 14898 I RecoverableKeyStoreGms: (REDACTED) [GetSyncStatusOperation] GetSyncStatusOperation: %s
04-14 18:20:13.249  2973 16652 I MediaProvider: Observed non-standard /storage/emulated/0/Documents/Scans/downloads/.nomedia
04-14 18:20:13.259  2973 16652 D MediaProvider: Open with FUSE. FilePath: /storage/emulated/0/Documents/Scans/downloads/Mangas-Origines.fr (FR)/Perfect Surgeon/Chapitre 69 - De la chance_bf1e8f_tmp/008.jpg. Uid: 10053. Media Capabilities Uid: 0. ShouldRedact: false. ShouldTranscode: false
04-14 18:20:13.262  1092  1092 I TransportConnection: BackupTransportService#3039: Notifying [AppBackupUtils.appIsRunningAndEligibleForBackupWithTransport] transport = BackupTransportClient
04-14 18:20:13.264   674 11196 I audio_hw_primary: app type:0x   0, is_voip:0, device:2, pcm:-352510464, usecase:0x   8
04-14 18:20:13.274  1092  5607 D BackupTransportManager: Transport com.google.android.gms/.backup.BackupTransportService updated its attributes
04-14 18:20:13.298   674 11196 I audio_hw_primary: app type:0x   0, is_voip:0, device:2, pcm:-352510464, usecase:0x   8
04-14 18:20:13.301  1092  1700 D BroadcastQueue: Add broadcast <BroadcastRecord{a281b95 u-1 android.net.conn.CONNECTIVITY_CHANGE}> into [parallel | background], pending size 0
04-14 18:20:13.302  1092  1275 D BroadcastQueue: Done with parallel broadcast [background] [BroadcastRecord{a281b95 u-1 android.net.conn.CONNECTIVITY_CHANGE}]
04-14 18:20:13.302  2973 16652 I MediaProvider: Observed non-standard /storage/emulated/0/Documents/Scans/downloads/.nomedia
04-14 18:20:13.309  1092  1092 I TransportConnection: BackupTransportService#3045: Notifying [AppBackupUtils.appIsRunningAndEligibleForBackupWithTransport] transport = BackupTransportClient
04-14 18:20:13.311  2973 16652 D MediaProvider: Open with FUSE. FilePath: /storage/emulated/0/Documents/Scans/downloads/Mangas-Origines.fr (FR)/Perfect Surgeon/Chapitre 69 - De la chance_bf1e8f_tmp/006.jpg. Uid: 10053. Media Capabilities Uid: 0. ShouldRedact: false. ShouldTranscode: false
04-14 18:20:13.314  1092  1547 D BackupTransportManager: Transport com.google.android.gms/.backup.BackupTransportService updated its attributes
04-14 18:20:13.336  1092  1228 D BroadcastQueue: Add broadcast <BroadcastRecord{4baeb81 u-1 android.net.conn.CONNECTIVITY_CHANGE}> into [parallel | background], pending size 0
04-14 18:20:13.336  1092  1275 D BroadcastQueue: Done with parallel broadcast [background] [BroadcastRecord{4baeb81 u-1 android.net.conn.CONNECTIVITY_CHANGE}]
04-14 18:20:13.337  1092  1700 I RecoverableAppKeyStore: Get 0/10106/com.google.android.gms.auth.folsom/v1/1733584411499/23AC82A345E4691FB3A5AD753726CEB1
04-14 18:20:13.343   674 11196 I audio_hw_primary: app type:0x   0, is_voip:0, device:2, pcm:-352510464, usecase:0x   8
04-14 18:20:13.344  2973 16652 I MediaProvider: Observed non-standard /storage/emulated/0/Documents/Scans/downloads/.nomedia
04-14 18:20:13.346  1092  5607 I RecoverableAppKeyStore: Get 0/10106/com.google.android.gms.auth.folsom/v1/1776164283224/32D6904718203974F01022A83463FE5D
04-14 18:20:13.353  4491 14898 I KeychainDomainChooser: (REDACTED) Can create an LSKF Keychain domain, so using the default one (syncStatus: %s).
04-14 18:20:13.353  4491 14898 I KeychainOwnerKeysImport: No owner key is installed [CONTEXT service_id=284 ]
04-14 18:20:13.353  4491 14898 I KeychainOwnerKeysImport: No in-use exported owner keys are missing [CONTEXT service_id=284 ]
04-14 18:20:13.353  4491 15197 I KeychainOwnerKeysImport: (REDACTED) Retrieving LSKF domain keys. Domain name: '%s'
04-14 18:20:13.354  2973 16652 D MediaProvider: Open with FUSE. FilePath: /storage/emulated/0/Documents/Scans/downloads/Mangas-Origines.fr (FR)/Perfect Surgeon/Chapitre 69 - De la chance_bf1e8f_tmp/005.jpg. Uid: 10053. Media Capabilities Uid: 0. ShouldRedact: false. ShouldTranscode: false
04-14 18:20:13.355  1092  1092 I TransportConnection: BackupTransportService#3046: Notifying [AppBackupUtils.appIsRunningAndEligibleForBackupWithTransport] transport = BackupTransportClient
04-14 18:20:13.368  1092  5607 D BackupTransportManager: Transport com.google.android.gms/.backup.BackupTransportService updated its attributes
04-14 18:20:13.369  4491 14898 I RecoverableKeyStoreGms: [GetKeyMaterialOperation] GetKeyMaterialOperation: 15cee3f5-4103-44a9-b6d4-cb437c54d6bc
04-14 18:20:13.385  2973 16652 I MediaProvider: Observed non-standard /storage/emulated/0/Documents/Scans/downloads/.nomedia
04-14 18:20:13.385   674 11196 I audio_hw_primary: app type:0x   0, is_voip:0, device:2, pcm:-352510464, usecase:0x   8
04-14 18:20:13.394  1092  1547 D BroadcastQueue: Add broadcast <BroadcastRecord{c54efba u-1 android.net.conn.CONNECTIVITY_CHANGE}> into [parallel | background], pending size 0
04-14 18:20:13.395  2973 16652 D MediaProvider: Open with FUSE. FilePath: /storage/emulated/0/Documents/Scans/downloads/Mangas-Origines.fr (FR)/Perfect Surgeon/Chapitre 69 - De la chance_bf1e8f_tmp/015.jpg. Uid: 10053. Media Capabilities Uid: 0. ShouldRedact: false. ShouldTranscode: false
04-14 18:20:13.396  1092  1275 D BroadcastQueue: Done with parallel broadcast [background] [BroadcastRecord{c54efba u-1 android.net.conn.CONNECTIVITY_CHANGE}]
04-14 18:20:13.405  1092  1092 I TransportConnection: BackupTransportService#3053: Notifying [AppBackupUtils.appIsRunningAndEligibleForBackupWithTransport] transport = BackupTransportClient
04-14 18:20:13.417  1092  1547 D BackupTransportManager: Transport com.google.android.gms/.backup.BackupTransportService updated its attributes
04-14 18:20:13.420   674 11196 I audio_hw_primary: app type:0x   0, is_voip:0, device:2, pcm:-352510464, usecase:0x   8
04-14 18:20:13.421  2973 16652 I MediaProvider: Observed non-standard /storage/emulated/0/Documents/Scans/downloads/.nomedia
04-14 18:20:13.424  1092  1228 D BroadcastQueue: Add broadcast <BroadcastRecord{4e2b8f8 u-1 android.net.conn.CONNECTIVITY_CHANGE}> into [parallel | background], pending size 0
04-14 18:20:13.425  1092  1275 D BroadcastQueue: Done with parallel broadcast [background] [BroadcastRecord{4e2b8f8 u-1 android.net.conn.CONNECTIVITY_CHANGE}]
04-14 18:20:13.429  2973 16652 D MediaProvider: Open with FUSE. FilePath: /storage/emulated/0/Documents/Scans/downloads/Mangas-Origines.fr (FR)/Perfect Surgeon/Chapitre 69 - De la chance_bf1e8f_tmp/010.jpg. Uid: 10053. Media Capabilities Uid: 0. ShouldRedact: false. ShouldTranscode: false
04-14 18:20:13.437  1092  1092 I TransportConnection: BackupTransportService#3055: Notifying [AppBackupUtils.appIsRunningAndEligibleForBackupWithTransport] transport = BackupTransportClient
04-14 18:20:13.437  4491 14898 I RecoverableKeyStoreGms: [FolsomSyncManager] Starting sync for event:  GET_KEY_MATERIAL
04-14 18:20:13.441 15011 14734 I NetworkScheduler.Stats: (REDACTED) Task %s/%s finished executing. cause:%s result: %s elapsed_millis: %s uptime_millis: %s exec_start_elapsed_seconds: %s
04-14 18:20:13.446  1092  2920 D BackupTransportManager: Transport com.google.android.gms/.backup.BackupTransportService updated its attributes
04-14 18:20:13.456  1092  5607 D AlarmManagerService: set alarm to kernel: 517705.518000000, type=2 
04-14 18:20:13.457  1092  5607 D AlarmManagerService: set alarm to kernel: 517690.388000000, type=3 
04-14 18:20:13.462   674 11196 I audio_hw_primary: app type:0x   0, is_voip:0, device:2, pcm:-352510464, usecase:0x   8
04-14 18:20:13.465  2973 16652 I MediaProvider: Observed non-standard /storage/emulated/0/Documents/Scans/downloads/.nomedia
04-14 18:20:13.476  2973 16652 D MediaProvider: Open with FUSE. FilePath: /storage/emulated/0/Documents/Scans/downloads/Mangas-Origines.fr (FR)/Perfect Surgeon/Chapitre 69 - De la chance_bf1e8f_tmp/011.jpg. Uid: 10053. Media Capabilities Uid: 0. ShouldRedact: false. ShouldTranscode: false
04-14 18:20:13.483   679   776 I DPUModule: DpuR5P0::checkLayerFormat <142>: checkLayerFormat: Format(1)
04-14 18:20:13.483   679   776 I DPUModule: DpuR5P0::checkTransform <35>: checkTransform: Transform(0), SRCRect(0,0)
04-14 18:20:13.483   679   776 I DPUModule: DpuR5P0::checkAFBCBlockSize <97>: checkAFBCBlockSize: compressed(1),format(1), pitch(720), vstride(1616)
04-14 18:20:13.483   679   776 I DPUModule: DpuR5P0::checkLayerFormat <142>: checkLayerFormat: Format(1)
04-14 18:20:13.483   679   776 I DPUModule: DpuR5P0::checkTransform <35>: checkTransform: Transform(0), SRCRect(0,0)
04-14 18:20:13.483   679   776 I DPUModule: DpuR5P0::checkAFBCBlockSize <97>: checkAFBCBlockSize: compressed(1),format(1), pitch(720), vstride(80)
04-14 18:20:13.483   679   776 I DPUModule: DpuR5P0::checkLayerFormat <142>: checkLayerFormat: Format(1)
04-14 18:20:13.483   679   776 I DPUModule: DpuR5P0::checkTransform <35>: checkTransform: Transform(0), SRCRect(0,0)
04-14 18:20:13.483   679   776 I DPUModule: DpuR5P0::checkAFBCBlockSize <97>: checkAFBCBlockSize: compressed(1),format(1), pitch(720), vstride(96)
04-14 18:20:13.483   679   776 D DPUModule: [ …śhu] support: 0
04-14 18:20:13.485  1092  2920 D BroadcastQueue: Add broadcast <BroadcastRecord{96b1779 u-1 android.net.conn.CONNECTIVITY_CHANGE}> into [parallel | background], pending size 0
04-14 18:20:13.486  1092  1275 D BroadcastQueue: Done with parallel broadcast [background] [BroadcastRecord{96b1779 u-1 android.net.conn.CONNECTIVITY_CHANGE}]
04-14 18:20:13.496  1092  1092 I TransportConnection: BackupTransportService#3058: Notifying [AppBackupUtils.appIsRunningAndEligibleForBackupWithTransport] transport = BackupTransportClient
04-14 18:20:13.497  1092  9406 V AlarmManager: set(PendingIntent{7d33cb1: PendingIntentRecord{2fa0a4e com.google.android.gms/com.google.android.gms.scheduler broadcastIntent}}) : type=3 listener=null listenerTag=null workSource=WorkSource{10106 com.google.android.gms} callingPackage=com.google.android.gms callingUid=10106 triggerAtTime=519101403 win=1083132 tElapsed=519101403 maxElapsed=520184535 interval=0 flags=0x0
04-14 18:20:13.498  1092  9406 D AlarmManager: Add alarm packageName=com.google.android.gms, type=3, when=519101403, tag=null, callingUid=10106, callingPackage=com.google.android.gms
04-14 18:20:13.498  1092  9406 D AlarmManagerService: set alarm to kernel: 517705.518000000, type=2 
04-14 18:20:13.499  1092  9406 D AlarmManagerService: set alarm to kernel: 517690.388000000, type=3 
04-14 18:20:13.499  1092  1547 D BackupTransportManager: Transport com.google.android.gms/.backup.BackupTransportService updated its attributes
04-14 18:20:13.500   679   776 I DPUModule: DpuR5P0::checkLayerFormat <142>: checkLayerFormat: Format(1)
04-14 18:20:13.500   679   776 I DPUModule: DpuR5P0::checkTransform <35>: checkTransform: Transform(0), SRCRect(0,0)
04-14 18:20:13.500   679   776 I DPUModule: DpuR5P0::checkAFBCBlockSize <97>: checkAFBCBlockSize: compressed(1),format(1), pitch(720), vstride(1616)
04-14 18:20:13.500   679   776 I DPUModule: DpuR5P0::checkLayerFormat <142>: checkLayerFormat: Format(1)
04-14 18:20:13.500   679   776 I DPUModule: DpuR5P0::checkTransform <35>: checkTransform: Transform(0), SRCRect(0,0)
04-14 18:20:13.500   679   776 I DPUModule: DpuR5P0::checkAFBCBlockSize <97>: checkAFBCBlockSize: compressed(1),format(1), pitch(720), vstride(80)
04-14 18:20:13.500   679   776 I DPUModule: DpuR5P0::checkLayerFormat <142>: checkLayerFormat: Format(1)
04-14 18:20:13.500   679   776 I DPUModule: DpuR5P0::checkTransform <35>: checkTransform: Transform(0), SRCRect(0,0)
04-14 18:20:13.500   679   776 I DPUModule: DpuR5P0::checkAFBCBlockSize <97>: checkAFBCBlockSize: compressed(1),format(1), pitch(720), vstride(96)
04-14 18:20:13.500   679   776 D DPUModule: [ …śhu] support: 0
04-14 18:20:13.502   674 11196 I audio_hw_primary: app type:0x   0, is_voip:0, device:2, pcm:-352510464, usecase:0x   8
04-14 18:20:13.507  2973 16652 I MediaProvider: Observed non-standard /storage/emulated/0/Documents/Scans/downloads/.nomedia
04-14 18:20:13.516  2973 16652 D MediaProvider: Open with FUSE. FilePath: /storage/emulated/0/Documents/Scans/downloads/Mangas-Origines.fr (FR)/Perfect Surgeon/Chapitre 69 - De la chance_bf1e8f_tmp/013.jpg. Uid: 10053. Media Capabilities Uid: 0. ShouldRedact: false. ShouldTranscode: false
04-14 18:20:13.519 15011 14909 I NetworkScheduler.Stats: (REDACTED) Task %s/%s started execution. cause:%s exec_start_elapsed_seconds: %s
04-14 18:20:13.541   674 11196 I audio_hw_primary: app type:0x   0, is_voip:0, device:2, pcm:-352510464, usecase:0x   8
04-14 18:20:13.548  1092  2920 W JobScheduler: Job didn't exist in JobStore: a5725f1 #u0a99/65510 com.google.android.apps.nbu.files/androidx.work.impl.background.systemjob.SystemJobService
04-14 18:20:13.553  1092  1547 D BroadcastQueue: Add broadcast <BroadcastRecord{5bbb421 u-1 android.net.conn.CONNECTIVITY_CHANGE}> into [parallel | background], pending size 0
