04-18 15:33:28.741   679  2915 I DPUModule: DpuR5P0::checkAFBCBlockSize <97>: checkAFBCBlockSize: compressed(1),format(1), pitch(720), vstride(96)
04-18 15:33:28.741   679  2915 D DPUModule: [ …śhu] support: 0
04-18 15:33:28.742   674 11196 I audio_hw_primary: app type:0x   0, is_voip:0, device:2, pcm:-352510464, usecase:0x   8
04-18 15:33:28.757   679  2915 I DPUModule: DpuR5P0::checkLayerFormat <142>: checkLayerFormat: Format(1)
04-18 15:33:28.757   679  2915 I DPUModule: DpuR5P0::checkTransform <35>: checkTransform: Transform(0), SRCRect(0,0)
04-18 15:33:28.757   679  2915 I DPUModule: DpuR5P0::checkAFBCBlockSize <97>: checkAFBCBlockSize: compressed(1),format(1), pitch(720), vstride(1616)
04-18 15:33:28.757   679  2915 I DPUModule: DpuR5P0::checkLayerFormat <142>: checkLayerFormat: Format(1)
04-18 15:33:28.757   679  2915 I DPUModule: DpuR5P0::checkTransform <35>: checkTransform: Transform(0), SRCRect(0,0)
04-18 15:33:28.757   679  2915 I DPUModule: DpuR5P0::checkAFBCBlockSize <97>: checkAFBCBlockSize: compressed(1),format(1), pitch(720), vstride(80)
04-18 15:33:28.757   679  2915 I DPUModule: DpuR5P0::checkLayerFormat <142>: checkLayerFormat: Format(1)
04-18 15:33:28.757   679  2915 I DPUModule: DpuR5P0::checkTransform <35>: checkTransform: Transform(0), SRCRect(0,0)
04-18 15:33:28.757   679  2915 I DPUModule: DpuR5P0::checkAFBCBlockSize <97>: checkAFBCBlockSize: compressed(1),format(1), pitch(720), vstride(96)
04-18 15:33:28.757   679  2915 D DPUModule: [ …śhu] support: 0
04-18 15:33:28.774   679  2915 I DPUModule: DpuR5P0::checkLayerFormat <142>: checkLayerFormat: Format(1)
04-18 15:33:28.774   679  2915 I DPUModule: DpuR5P0::checkTransform <35>: checkTransform: Transform(0), SRCRect(0,0)
04-18 15:33:28.774   679  2915 I DPUModule: DpuR5P0::checkAFBCBlockSize <97>: checkAFBCBlockSize: compressed(1),format(1), pitch(720), vstride(1616)
04-18 15:33:28.774   679  2915 I DPUModule: DpuR5P0::checkLayerFormat <142>: checkLayerFormat: Format(1)
04-18 15:33:28.774   679  2915 I DPUModule: DpuR5P0::checkTransform <35>: checkTransform: Transform(0), SRCRect(0,0)
04-18 15:33:28.774   679  2915 I DPUModule: DpuR5P0::checkAFBCBlockSize <97>: checkAFBCBlockSize: compressed(1),format(1), pitch(720), vstride(80)
04-18 15:33:28.774   679  2915 I DPUModule: DpuR5P0::checkLayerFormat <142>: checkLayerFormat: Format(1)
04-18 15:33:28.774   679  2915 I DPUModule: DpuR5P0::checkTransform <35>: checkTransform: Transform(0), SRCRect(0,0)
04-18 15:33:28.774   679  2915 I DPUModule: DpuR5P0::checkAFBCBlockSize <97>: checkAFBCBlockSize: compressed(1),format(1), pitch(720), vstride(96)
04-18 15:33:28.774   679  2915 D DPUModule: [ …śhu] support: 0
04-18 15:33:28.783   674 11196 I audio_hw_primary: app type:0x   0, is_voip:0, device:2, pcm:-352510464, usecase:0x   8
04-18 15:33:28.807   679  2915 I DPUModule: DpuR5P0::checkLayerFormat <142>: checkLayerFormat: Format(1)
04-18 15:33:28.807   679  2915 I DPUModule: DpuR5P0::checkTransform <35>: checkTransform: Transform(0), SRCRect(0,0)
04-18 15:33:28.807   679  2915 I DPUModule: DpuR5P0::checkAFBCBlockSize <97>: checkAFBCBlockSize: compressed(1),format(1), pitch(720), vstride(1616)
04-18 15:33:28.807   679  2915 I DPUModule: DpuR5P0::checkLayerFormat <142>: checkLayerFormat: Format(1)
04-18 15:33:28.807   679  2915 I DPUModule: DpuR5P0::checkTransform <35>: checkTransform: Transform(0), SRCRect(0,0)
04-18 15:33:28.807   679  2915 I DPUModule: DpuR5P0::checkAFBCBlockSize <97>: checkAFBCBlockSize: compressed(1),format(1), pitch(720), vstride(80)
04-18 15:33:28.808   679  2915 I DPUModule: DpuR5P0::checkLayerFormat <142>: checkLayerFormat: Format(1)
04-18 15:33:28.808   679  2915 I DPUModule: DpuR5P0::checkTransform <35>: checkTransform: Transform(0), SRCRect(0,0)
04-18 15:33:28.808   679  2915 I DPUModule: DpuR5P0::checkAFBCBlockSize <97>: checkAFBCBlockSize: compressed(1),format(1), pitch(720), vstride(96)
04-18 15:33:28.808   679  2915 D DPUModule: [ …śhu] support: 0
04-18 15:33:28.824   674 11196 I audio_hw_primary: app type:0x   0, is_voip:0, device:2, pcm:-352510464, usecase:0x   8
04-18 15:33:28.841   679  2915 I DPUModule: DpuR5P0::checkLayerFormat <142>: checkLayerFormat: Format(1)
04-18 15:33:28.841   679  2915 I DPUModule: DpuR5P0::checkTransform <35>: checkTransform: Transform(0), SRCRect(0,0)
04-18 15:33:28.841   679  2915 I DPUModule: DpuR5P0::checkAFBCBlockSize <97>: checkAFBCBlockSize: compressed(1),format(1), pitch(720), vstride(1616)
04-18 15:33:28.841   679  2915 I DPUModule: DpuR5P0::checkLayerFormat <142>: checkLayerFormat: Format(1)
04-18 15:33:28.841   679  2915 I DPUModule: DpuR5P0::checkTransform <35>: checkTransform: Transform(0), SRCRect(0,0)
04-18 15:33:28.841   679  2915 I DPUModule: DpuR5P0::checkAFBCBlockSize <97>: checkAFBCBlockSize: compressed(1),format(1), pitch(720), vstride(80)
04-18 15:33:28.841   679  2915 I DPUModule: DpuR5P0::checkLayerFormat <142>: checkLayerFormat: Format(1)
04-18 15:33:28.841   679  2915 I DPUModule: DpuR5P0::checkTransform <35>: checkTransform: Transform(0), SRCRect(0,0)
04-18 15:33:28.841   679  2915 I DPUModule: DpuR5P0::checkAFBCBlockSize <97>: checkAFBCBlockSize: compressed(1),format(1), pitch(720), vstride(96)
04-18 15:33:28.841   679  2915 D DPUModule: [ …śhu] support: 0
04-18 15:33:28.857   679  2915 I DPUModule: DpuR5P0::checkLayerFormat <142>: checkLayerFormat: Format(1)
04-18 15:33:28.857   679  2915 I DPUModule: DpuR5P0::checkTransform <35>: checkTransform: Transform(0), SRCRect(0,0)
04-18 15:33:28.857   679  2915 I DPUModule: DpuR5P0::checkAFBCBlockSize <97>: checkAFBCBlockSize: compressed(1),format(1), pitch(720), vstride(1616)
04-18 15:33:28.857   679  2915 I DPUModule: DpuR5P0::checkLayerFormat <142>: checkLayerFormat: Format(1)
04-18 15:33:28.857   679  2915 I DPUModule: DpuR5P0::checkTransform <35>: checkTransform: Transform(0), SRCRect(0,0)
04-18 15:33:28.857   679  2915 I DPUModule: DpuR5P0::checkAFBCBlockSize <97>: checkAFBCBlockSize: compressed(1),format(1), pitch(720), vstride(80)
04-18 15:33:28.857   679  2915 I DPUModule: DpuR5P0::checkLayerFormat <142>: checkLayerFormat: Format(1)
04-18 15:33:28.857   679  2915 I DPUModule: DpuR5P0::checkTransform <35>: checkTransform: Transform(0), SRCRect(0,0)
04-18 15:33:28.857   679  2915 I DPUModule: DpuR5P0::checkAFBCBlockSize <97>: checkAFBCBlockSize: compressed(1),format(1), pitch(720), vstride(96)
04-18 15:33:28.857   679  2915 D DPUModule: [ …śhu] support: 0
04-18 15:33:28.859   674 11196 I audio_hw_primary: app type:0x   0, is_voip:0, device:2, pcm:-352510464, usecase:0x   8
04-18 15:33:28.874   679  2915 I DPUModule: DpuR5P0::checkLayerFormat <142>: checkLayerFormat: Format(1)
04-18 15:33:28.874   679  2915 I DPUModule: DpuR5P0::checkTransform <35>: checkTransform: Transform(0), SRCRect(0,0)
04-18 15:33:28.874   679  2915 I DPUModule: DpuR5P0::checkAFBCBlockSize <97>: checkAFBCBlockSize: compressed(1),format(1), pitch(720), vstride(1616)
04-18 15:33:28.874   679  2915 I DPUModule: DpuR5P0::checkLayerFormat <142>: checkLayerFormat: Format(1)
04-18 15:33:28.874   679  2915 I DPUModule: DpuR5P0::checkTransform <35>: checkTransform: Transform(0), SRCRect(0,0)
04-18 15:33:28.874   679  2915 I DPUModule: DpuR5P0::checkAFBCBlockSize <97>: checkAFBCBlockSize: compressed(1),format(1), pitch(720), vstride(80)
04-18 15:33:28.874   679  2915 I DPUModule: DpuR5P0::checkLayerFormat <142>: checkLayerFormat: Format(1)
04-18 15:33:28.874   679  2915 I DPUModule: DpuR5P0::checkTransform <35>: checkTransform: Transform(0), SRCRect(0,0)
04-18 15:33:28.874   679  2915 I DPUModule: DpuR5P0::checkAFBCBlockSize <97>: checkAFBCBlockSize: compressed(1),format(1), pitch(720), vstride(96)
04-18 15:33:28.874   679  2915 D DPUModule: [ …śhu] support: 0
04-18 15:33:28.898   674 11196 I audio_hw_primary: app type:0x   0, is_voip:0, device:2, pcm:-352510464, usecase:0x   8
04-18 15:33:28.907   679  2915 I DPUModule: DpuR5P0::checkLayerFormat <142>: checkLayerFormat: Format(1)
04-18 15:33:28.907   679  2915 I DPUModule: DpuR5P0::checkTransform <35>: checkTransform: Transform(0), SRCRect(0,0)
04-18 15:33:28.907   679  2915 I DPUModule: DpuR5P0::checkAFBCBlockSize <97>: checkAFBCBlockSize: compressed(1),format(1), pitch(720), vstride(1616)
04-18 15:33:28.907   679  2915 I DPUModule: DpuR5P0::checkLayerFormat <142>: checkLayerFormat: Format(1)
04-18 15:33:28.907   679  2915 I DPUModule: DpuR5P0::checkTransform <35>: checkTransform: Transform(0), SRCRect(0,0)
04-18 15:33:28.907   679  2915 I DPUModule: DpuR5P0::checkAFBCBlockSize <97>: checkAFBCBlockSize: compressed(1),format(1), pitch(720), vstride(80)
04-18 15:33:28.907   679  2915 I DPUModule: DpuR5P0::checkLayerFormat <142>: checkLayerFormat: Format(1)
04-18 15:33:28.907   679  2915 I DPUModule: DpuR5P0::checkTransform <35>: checkTransform: Transform(0), SRCRect(0,0)
04-18 15:33:28.907   679  2915 I DPUModule: DpuR5P0::checkAFBCBlockSize <97>: checkAFBCBlockSize: compressed(1),format(1), pitch(720), vstride(96)
04-18 15:33:28.907   679  2915 D DPUModule: [ …śhu] support: 0
04-18 15:33:28.940   679  2915 I DPUModule: DpuR5P0::checkLayerFormat <142>: checkLayerFormat: Format(1)
04-18 15:33:28.940   679  2915 I DPUModule: DpuR5P0::checkTransform <35>: checkTransform: Transform(0), SRCRect(0,0)
04-18 15:33:28.941   679  2915 I DPUModule: DpuR5P0::checkAFBCBlockSize <97>: checkAFBCBlockSize: compressed(1),format(1), pitch(720), vstride(1616)
04-18 15:33:28.941   679  2915 I DPUModule: DpuR5P0::checkLayerFormat <142>: checkLayerFormat: Format(1)
04-18 15:33:28.941   679  2915 I DPUModule: DpuR5P0::checkTransform <35>: checkTransform: Transform(0), SRCRect(0,0)
04-18 15:33:28.941   679  2915 I DPUModule: DpuR5P0::checkAFBCBlockSize <97>: checkAFBCBlockSize: compressed(1),format(1), pitch(720), vstride(80)
04-18 15:33:28.941   679  2915 I DPUModule: DpuR5P0::checkLayerFormat <142>: checkLayerFormat: Format(1)
04-18 15:33:28.941   679  2915 I DPUModule: DpuR5P0::checkTransform <35>: checkTransform: Transform(0), SRCRect(0,0)
04-18 15:33:28.941   679  2915 I DPUModule: DpuR5P0::checkAFBCBlockSize <97>: checkAFBCBlockSize: compressed(1),format(1), pitch(720), vstride(96)
04-18 15:33:28.941   679  2915 D DPUModule: [ …śhu] support: 0
04-18 15:33:28.944   674 11196 I audio_hw_primary: app type:0x   0, is_voip:0, device:2, pcm:-352510464, usecase:0x   8
04-18 15:33:28.957   679  2915 I DPUModule: DpuR5P0::checkLayerFormat <142>: checkLayerFormat: Format(1)
04-18 15:33:28.957   679  2915 I DPUModule: DpuR5P0::checkTransform <35>: checkTransform: Transform(0), SRCRect(0,0)
04-18 15:33:28.957   679  2915 I DPUModule: DpuR5P0::checkAFBCBlockSize <97>: checkAFBCBlockSize: compressed(1),format(1), pitch(720), vstride(1616)
04-18 15:33:28.957   679  2915 I DPUModule: DpuR5P0::checkLayerFormat <142>: checkLayerFormat: Format(1)
04-18 15:33:28.957   679  2915 I DPUModule: DpuR5P0::checkTransform <35>: checkTransform: Transform(0), SRCRect(0,0)
04-18 15:33:28.957   679  2915 I DPUModule: DpuR5P0::checkAFBCBlockSize <97>: checkAFBCBlockSize: compressed(1),format(1), pitch(720), vstride(80)
04-18 15:33:28.957   679  2915 I DPUModule: DpuR5P0::checkLayerFormat <142>: checkLayerFormat: Format(1)
04-18 15:33:28.957   679  2915 I DPUModule: DpuR5P0::checkTransform <35>: checkTransform: Transform(0), SRCRect(0,0)
04-18 15:33:28.957   679  2915 I DPUModule: DpuR5P0::checkAFBCBlockSize <97>: checkAFBCBlockSize: compressed(1),format(1), pitch(720), vstride(96)
04-18 15:33:28.957   679  2915 D DPUModule: [ …śhu] support: 0
04-18 15:33:28.974   679  2915 I DPUModule: DpuR5P0::checkLayerFormat <142>: checkLayerFormat: Format(1)
04-18 15:33:28.974   679  2915 I DPUModule: DpuR5P0::checkTransform <35>: checkTransform: Transform(0), SRCRect(0,0)
04-18 15:33:28.974   679  2915 I DPUModule: DpuR5P0::checkAFBCBlockSize <97>: checkAFBCBlockSize: compressed(1),format(1), pitch(720), vstride(1616)
04-18 15:33:28.974   679  2915 I DPUModule: DpuR5P0::checkLayerFormat <142>: checkLayerFormat: Format(1)
04-18 15:33:28.974   679  2915 I DPUModule: DpuR5P0::checkTransform <35>: checkTransform: Transform(0), SRCRect(0,0)
04-18 15:33:28.974   679  2915 I DPUModule: DpuR5P0::checkAFBCBlockSize <97>: checkAFBCBlockSize: compressed(1),format(1), pitch(720), vstride(80)
04-18 15:33:28.974   679  2915 I DPUModule: DpuR5P0::checkLayerFormat <142>: checkLayerFormat: Format(1)
04-18 15:33:28.974   679  2915 I DPUModule: DpuR5P0::checkTransform <35>: checkTransform: Transform(0), SRCRect(0,0)
04-18 15:33:28.974   679  2915 I DPUModule: DpuR5P0::checkAFBCBlockSize <97>: checkAFBCBlockSize: compressed(1),format(1), pitch(720), vstride(96)
04-18 15:33:28.974   679  2915 D DPUModule: [ …śhu] support: 0
04-18 15:33:28.985   674 11196 I audio_hw_primary: app type:0x   0, is_voip:0, device:2, pcm:-352510464, usecase:0x   8
04-18 15:33:29.005   955  1727 D GNSSMGT : watchdog: PowerState: CP SLEEP
04-18 15:33:29.007   679  2915 I DPUModule: DpuR5P0::checkLayerFormat <142>: checkLayerFormat: Format(1)
04-18 15:33:29.007   679  2915 I DPUModule: DpuR5P0::checkTransform <35>: checkTransform: Transform(0), SRCRect(0,0)
04-18 15:33:29.007   679  2915 I DPUModule: DpuR5P0::checkAFBCBlockSize <97>: checkAFBCBlockSize: compressed(1),format(1), pitch(720), vstride(1616)
04-18 15:33:29.007   679  2915 I DPUModule: DpuR5P0::checkLayerFormat <142>: checkLayerFormat: Format(1)
04-18 15:33:29.007   679  2915 I DPUModule: DpuR5P0::checkTransform <35>: checkTransform: Transform(0), SRCRect(0,0)
04-18 15:33:29.007   679  2915 I DPUModule: DpuR5P0::checkAFBCBlockSize <97>: checkAFBCBlockSize: compressed(1),format(1), pitch(720), vstride(80)
04-18 15:33:29.007   679  2915 I DPUModule: DpuR5P0::checkLayerFormat <142>: checkLayerFormat: Format(1)
04-18 15:33:29.007   679  2915 I DPUModule: DpuR5P0::checkTransform <35>: checkTransform: Transform(0), SRCRect(0,0)
04-18 15:33:29.007   679  2915 I DPUModule: DpuR5P0::checkAFBCBlockSize <97>: checkAFBCBlockSize: compressed(1),format(1), pitch(720), vstride(96)
04-18 15:33:29.007   679  2915 D DPUModule: [ …śhu] support: 0
04-18 15:33:29.022   674 11196 I audio_hw_primary: app type:0x   0, is_voip:0, device:2, pcm:-352510464, usecase:0x   8
04-18 15:33:29.041   679  2915 I DPUModule: DpuR5P0::checkLayerFormat <142>: checkLayerFormat: Format(1)
04-18 15:33:29.041   679  2915 I DPUModule: DpuR5P0::checkTransform <35>: checkTransform: Transform(0), SRCRect(0,0)
04-18 15:33:29.041   679  2915 I DPUModule: DpuR5P0::checkAFBCBlockSize <97>: checkAFBCBlockSize: compressed(1),format(1), pitch(720), vstride(1616)
04-18 15:33:29.041   679  2915 I DPUModule: DpuR5P0::checkLayerFormat <142>: checkLayerFormat: Format(1)
04-18 15:33:29.041   679  2915 I DPUModule: DpuR5P0::checkTransform <35>: checkTransform: Transform(0), SRCRect(0,0)
04-18 15:33:29.041   679  2915 I DPUModule: DpuR5P0::checkAFBCBlockSize <97>: checkAFBCBlockSize: compressed(1),format(1), pitch(720), vstride(80)
04-18 15:33:29.041   679  2915 I DPUModule: DpuR5P0::checkLayerFormat <142>: checkLayerFormat: Format(1)
04-18 15:33:29.041   679  2915 I DPUModule: DpuR5P0::checkTransform <35>: checkTransform: Transform(0), SRCRect(0,0)
04-18 15:33:29.041   679  2915 I DPUModule: DpuR5P0::checkAFBCBlockSize <97>: checkAFBCBlockSize: compressed(1),format(1), pitch(720), vstride(96)
04-18 15:33:29.041   679  2915 D DPUModule: [ …śhu] support: 0
04-18 15:33:29.057   679  2915 I DPUModule: DpuR5P0::checkLayerFormat <142>: checkLayerFormat: Format(1)
04-18 15:33:29.057   679  2915 I DPUModule: DpuR5P0::checkTransform <35>: checkTransform: Transform(0), SRCRect(0,0)
04-18 15:33:29.057   679  2915 I DPUModule: DpuR5P0::checkAFBCBlockSize <97>: checkAFBCBlockSize: compressed(1),format(1), pitch(720), vstride(1616)
04-18 15:33:29.057   679  2915 I DPUModule: DpuR5P0::checkLayerFormat <142>: checkLayerFormat: Format(1)
04-18 15:33:29.057   679  2915 I DPUModule: DpuR5P0::checkTransform <35>: checkTransform: Transform(0), SRCRect(0,0)
04-18 15:33:29.057   679  2915 I DPUModule: DpuR5P0::checkAFBCBlockSize <97>: checkAFBCBlockSize: compressed(1),format(1), pitch(720), vstride(80)
04-18 15:33:29.057   679  2915 I DPUModule: DpuR5P0::checkLayerFormat <142>: checkLayerFormat: Format(1)
04-18 15:33:29.057   679  2915 I DPUModule: DpuR5P0::checkTransform <35>: checkTransform: Transform(0), SRCRect(0,0)
04-18 15:33:29.057   679  2915 I DPUModule: DpuR5P0::checkAFBCBlockSize <97>: checkAFBCBlockSize: compressed(1),format(1), pitch(720), vstride(96)
04-18 15:33:29.057   679  2915 D DPUModule: [ …śhu] support: 0
04-18 15:33:29.062   674 11196 I audio_hw_primary: app type:0x   0, is_voip:0, device:2, pcm:-352510464, usecase:0x   8
04-18 15:33:29.074   679  2915 I DPUModule: DpuR5P0::checkLayerFormat <142>: checkLayerFormat: Format(1)
04-18 15:33:29.074   679  2915 I DPUModule: DpuR5P0::checkTransform <35>: checkTransform: Transform(0), SRCRect(0,0)
04-18 15:33:29.074   679  2915 I DPUModule: DpuR5P0::checkAFBCBlockSize <97>: checkAFBCBlockSize: compressed(1),format(1), pitch(720), vstride(1616)
04-18 15:33:29.074   679  2915 I DPUModule: DpuR5P0::checkLayerFormat <142>: checkLayerFormat: Format(1)
04-18 15:33:29.074   679  2915 I DPUModule: DpuR5P0::checkTransform <35>: checkTransform: Transform(0), SRCRect(0,0)
04-18 15:33:29.074   679  2915 I DPUModule: DpuR5P0::checkAFBCBlockSize <97>: checkAFBCBlockSize: compressed(1),format(1), pitch(720), vstride(80)
04-18 15:33:29.074   679  2915 I DPUModule: DpuR5P0::checkLayerFormat <142>: checkLayerFormat: Format(1)
04-18 15:33:29.074   679  2915 I DPUModule: DpuR5P0::checkTransform <35>: checkTransform: Transform(0), SRCRect(0,0)
04-18 15:33:29.074   679  2915 I DPUModule: DpuR5P0::checkAFBCBlockSize <97>: checkAFBCBlockSize: compressed(1),format(1), pitch(720), vstride(96)
04-18 15:33:29.074   679  2915 D DPUModule: [ …śhu] support: 0
04-18 15:33:29.099   674 11196 I audio_hw_primary: app type:0x   0, is_voip:0, device:2, pcm:-352510464, usecase:0x   8
04-18 15:33:29.107   679  2915 I DPUModule: DpuR5P0::checkLayerFormat <142>: checkLayerFormat: Format(1)
04-18 15:33:29.107   679  2915 I DPUModule: DpuR5P0::checkTransform <35>: checkTransform: Transform(0), SRCRect(0,0)
04-18 15:33:29.107   679  2915 I DPUModule: DpuR5P0::checkAFBCBlockSize <97>: checkAFBCBlockSize: compressed(1),format(1), pitch(720), vstride(1616)
04-18 15:33:29.107   679  2915 I DPUModule: DpuR5P0::checkLayerFormat <142>: checkLayerFormat: Format(1)
04-18 15:33:29.107   679  2915 I DPUModule: DpuR5P0::checkTransform <35>: checkTransform: Transform(0), SRCRect(0,0)
04-18 15:33:29.107   679  2915 I DPUModule: DpuR5P0::checkAFBCBlockSize <97>: checkAFBCBlockSize: compressed(1),format(1), pitch(720), vstride(80)
04-18 15:33:29.107   679  2915 I DPUModule: DpuR5P0::checkLayerFormat <142>: checkLayerFormat: Format(1)
04-18 15:33:29.107   679  2915 I DPUModule: DpuR5P0::checkTransform <35>: checkTransform: Transform(0), SRCRect(0,0)
04-18 15:33:29.107   679  2915 I DPUModule: DpuR5P0::checkAFBCBlockSize <97>: checkAFBCBlockSize: compressed(1),format(1), pitch(720), vstride(96)
04-18 15:33:29.107   679  2915 D DPUModule: [ …śhu] support: 0
04-18 15:33:29.140   679  2915 I DPUModule: DpuR5P0::checkLayerFormat <142>: checkLayerFormat: Format(1)
04-18 15:33:29.140   679  2915 I DPUModule: DpuR5P0::checkTransform <35>: checkTransform: Transform(0), SRCRect(0,0)
04-18 15:33:29.140   679  2915 I DPUModule: DpuR5P0::checkAFBCBlockSize <97>: checkAFBCBlockSize: compressed(1),format(1), pitch(720), vstride(1616)
04-18 15:33:29.140   679  2915 I DPUModule: DpuR5P0::checkLayerFormat <142>: checkLayerFormat: Format(1)
04-18 15:33:29.140   679  2915 I DPUModule: DpuR5P0::checkTransform <35>: checkTransform: Transform(0), SRCRect(0,0)
04-18 15:33:29.140   679  2915 I DPUModule: DpuR5P0::checkAFBCBlockSize <97>: checkAFBCBlockSize: compressed(1),format(1), pitch(720), vstride(80)
04-18 15:33:29.140   679  2915 I DPUModule: DpuR5P0::checkLayerFormat <142>: checkLayerFormat: Format(1)
04-18 15:33:29.140   679  2915 I DPUModule: DpuR5P0::checkTransform <35>: checkTransform: Transform(0), SRCRect(0,0)
04-18 15:33:29.140   679  2915 I DPUModule: DpuR5P0::checkAFBCBlockSize <97>: checkAFBCBlockSize: compressed(1),format(1), pitch(720), vstride(96)
04-18 15:33:29.140   679  2915 D DPUModule: [ …śhu] support: 0
04-18 15:33:29.142   674 11196 I audio_hw_primary: app type:0x   0, is_voip:0, device:2, pcm:-352510464, usecase:0x   8
04-18 15:33:29.157   679  2915 I DPUModule: DpuR5P0::checkLayerFormat <142>: checkLayerFormat: Format(1)
04-18 15:33:29.157   679  2915 I DPUModule: DpuR5P0::checkTransform <35>: checkTransform: Transform(0), SRCRect(0,0)
04-18 15:33:29.157   679  2915 I DPUModule: DpuR5P0::checkAFBCBlockSize <97>: checkAFBCBlockSize: compressed(1),format(1), pitch(720), vstride(1616)
04-18 15:33:29.157   679  2915 I DPUModule: DpuR5P0::checkLayerFormat <142>: checkLayerFormat: Format(1)
04-18 15:33:29.157   679  2915 I DPUModule: DpuR5P0::checkTransform <35>: checkTransform: Transform(0), SRCRect(0,0)
04-18 15:33:29.157   679  2915 I DPUModule: DpuR5P0::checkAFBCBlockSize <97>: checkAFBCBlockSize: compressed(1),format(1), pitch(720), vstride(80)
04-18 15:33:29.157   679  2915 I DPUModule: DpuR5P0::checkLayerFormat <142>: checkLayerFormat: Format(1)
04-18 15:33:29.157   679  2915 I DPUModule: DpuR5P0::checkTransform <35>: checkTransform: Transform(0), SRCRect(0,0)
04-18 15:33:29.157   679  2915 I DPUModule: DpuR5P0::checkAFBCBlockSize <97>: checkAFBCBlockSize: compressed(1),format(1), pitch(720), vstride(96)
04-18 15:33:29.157   679  2915 D DPUModule: [ …śhu] support: 0
04-18 15:33:29.174   679  2915 I DPUModule: DpuR5P0::checkLayerFormat <142>: checkLayerFormat: Format(1)
04-18 15:33:29.174   679  2915 I DPUModule: DpuR5P0::checkTransform <35>: checkTransform: Transform(0), SRCRect(0,0)
04-18 15:33:29.174   679  2915 I DPUModule: DpuR5P0::checkAFBCBlockSize <97>: checkAFBCBlockSize: compressed(1),format(1), pitch(720), vstride(1616)
04-18 15:33:29.174   679  2915 I DPUModule: DpuR5P0::checkLayerFormat <142>: checkLayerFormat: Format(1)
04-18 15:33:29.174   679  2915 I DPUModule: DpuR5P0::checkTransform <35>: checkTransform: Transform(0), SRCRect(0,0)
04-18 15:33:29.174   679  2915 I DPUModule: DpuR5P0::checkAFBCBlockSize <97>: checkAFBCBlockSize: compressed(1),format(1), pitch(720), vstride(80)
04-18 15:33:29.174   679  2915 I DPUModule: DpuR5P0::checkLayerFormat <142>: checkLayerFormat: Format(1)
04-18 15:33:29.174   679  2915 I DPUModule: DpuR5P0::checkTransform <35>: checkTransform: Transform(0), SRCRect(0,0)
04-18 15:33:29.174   679  2915 I DPUModule: DpuR5P0::checkAFBCBlockSize <97>: checkAFBCBlockSize: compressed(1),format(1), pitch(720), vstride(96)
04-18 15:33:29.174   679  2915 D DPUModule: [ …śhu] support: 0
04-18 15:33:29.177   674 11196 I audio_hw_primary: app type:0x   0, is_voip:0, device:2, pcm:-352510464, usecase:0x   8
04-18 15:33:29.207   679  2915 I DPUModule: DpuR5P0::checkLayerFormat <142>: checkLayerFormat: Format(1)
04-18 15:33:29.207   679  2915 I DPUModule: DpuR5P0::checkTransform <35>: checkTransform: Transform(0), SRCRect(0,0)
04-18 15:33:29.207   679  2915 I DPUModule: DpuR5P0::checkAFBCBlockSize <97>: checkAFBCBlockSize: compressed(1),format(1), pitch(720), vstride(1616)
04-18 15:33:29.207   679  2915 I DPUModule: DpuR5P0::checkLayerFormat <142>: checkLayerFormat: Format(1)
04-18 15:33:29.207   679  2915 I DPUModule: DpuR5P0::checkTransform <35>: checkTransform: Transform(0), SRCRect(0,0)
04-18 15:33:29.207   679  2915 I DPUModule: DpuR5P0::checkAFBCBlockSize <97>: checkAFBCBlockSize: compressed(1),format(1), pitch(720), vstride(80)
04-18 15:33:29.207   679  2915 I DPUModule: DpuR5P0::checkLayerFormat <142>: checkLayerFormat: Format(1)
04-18 15:33:29.207   679  2915 I DPUModule: DpuR5P0::checkTransform <35>: checkTransform: Transform(0), SRCRect(0,0)
04-18 15:33:29.207   679  2915 I DPUModule: DpuR5P0::checkAFBCBlockSize <97>: checkAFBCBlockSize: compressed(1),format(1), pitch(720), vstride(96)
04-18 15:33:29.207   679  2915 D DPUModule: [ …śhu] support: 0
04-18 15:33:29.221   674 11196 I audio_hw_primary: app type:0x   0, is_voip:0, device:2, pcm:-352510464, usecase:0x   8
04-18 15:33:29.240   679  2915 I DPUModule: DpuR5P0::checkLayerFormat <142>: checkLayerFormat: Format(1)
04-18 15:33:29.241   679  2915 I DPUModule: DpuR5P0::checkTransform <35>: checkTransform: Transform(0), SRCRect(0,0)
04-18 15:33:29.241   679  2915 I DPUModule: DpuR5P0::checkAFBCBlockSize <97>: checkAFBCBlockSize: compressed(1),format(1), pitch(720), vstride(1616)
04-18 15:33:29.241   679  2915 I DPUModule: DpuR5P0::checkLayerFormat <142>: checkLayerFormat: Format(1)
04-18 15:33:29.241   679  2915 I DPUModule: DpuR5P0::checkTransform <35>: checkTransform: Transform(0), SRCRect(0,0)
04-18 15:33:29.241   679  2915 I DPUModule: DpuR5P0::checkAFBCBlockSize <97>: checkAFBCBlockSize: compressed(1),format(1), pitch(720), vstride(80)
04-18 15:33:29.241   679  2915 I DPUModule: DpuR5P0::checkLayerFormat <142>: checkLayerFormat: Format(1)
04-18 15:33:29.241   679  2915 I DPUModule: DpuR5P0::checkTransform <35>: checkTransform: Transform(0), SRCRect(0,0)
04-18 15:33:29.241   679  2915 I DPUModule: DpuR5P0::checkAFBCBlockSize <97>: checkAFBCBlockSize: compressed(1),format(1), pitch(720), vstride(96)
04-18 15:33:29.241   679  2915 D DPUModule: [ …śhu] support: 0
04-18 15:33:29.257   679  2915 I DPUModule: DpuR5P0::checkLayerFormat <142>: checkLayerFormat: Format(1)
04-18 15:33:29.257   679  2915 I DPUModule: DpuR5P0::checkTransform <35>: checkTransform: Transform(0), SRCRect(0,0)
04-18 15:33:29.257   679  2915 I DPUModule: DpuR5P0::checkAFBCBlockSize <97>: checkAFBCBlockSize: compressed(1),format(1), pitch(720), vstride(1616)
04-18 15:33:29.257   679  2915 I DPUModule: DpuR5P0::checkLayerFormat <142>: checkLayerFormat: Format(1)
04-18 15:33:29.257   679  2915 I DPUModule: DpuR5P0::checkTransform <35>: checkTransform: Transform(0), SRCRect(0,0)
04-18 15:33:29.257   679  2915 I DPUModule: DpuR5P0::checkAFBCBlockSize <97>: checkAFBCBlockSize: compressed(1),format(1), pitch(720), vstride(80)
04-18 15:33:29.257   679  2915 I DPUModule: DpuR5P0::checkLayerFormat <142>: checkLayerFormat: Format(1)
04-18 15:33:29.257   679  2915 I DPUModule: DpuR5P0::checkTransform <35>: checkTransform: Transform(0), SRCRect(0,0)
04-18 15:33:29.257   679  2915 I DPUModule: DpuR5P0::checkAFBCBlockSize <97>: checkAFBCBlockSize: compressed(1),format(1), pitch(720), vstride(96)
04-18 15:33:29.257   679  2915 D DPUModule: [ …śhu] support: 0
04-18 15:33:29.262   674 11196 I audio_hw_primary: app type:0x   0, is_voip:0, device:2, pcm:-352510464, usecase:0x   8
04-18 15:33:29.273   679  2915 I DPUModule: DpuR5P0::checkLayerFormat <142>: checkLayerFormat: Format(1)
04-18 15:33:29.273   679  2915 I DPUModule: DpuR5P0::checkTransform <35>: checkTransform: Transform(0), SRCRect(0,0)
04-18 15:33:29.273   679  2915 I DPUModule: DpuR5P0::checkAFBCBlockSize <97>: checkAFBCBlockSize: compressed(1),format(1), pitch(720), vstride(1616)
04-18 15:33:29.273   679  2915 I DPUModule: DpuR5P0::checkLayerFormat <142>: checkLayerFormat: Format(1)
04-18 15:33:29.273   679  2915 I DPUModule: DpuR5P0::checkTransform <35>: checkTransform: Transform(0), SRCRect(0,0)
04-18 15:33:29.273   679  2915 I DPUModule: DpuR5P0::checkAFBCBlockSize <97>: checkAFBCBlockSize: compressed(1),format(1), pitch(720), vstride(80)
04-18 15:33:29.273   679  2915 I DPUModule: DpuR5P0::checkLayerFormat <142>: checkLayerFormat: Format(1)
04-18 15:33:29.273   679  2915 I DPUModule: DpuR5P0::checkTransform <35>: checkTransform: Transform(0), SRCRect(0,0)
04-18 15:33:29.273   679  2915 I DPUModule: DpuR5P0::checkAFBCBlockSize <97>: checkAFBCBlockSize: compressed(1),format(1), pitch(720), vstride(96)
04-18 15:33:29.274   679  2915 D DPUModule: [ …śhu] support: 0
04-18 15:33:29.299   674 11196 I audio_hw_primary: app type:0x   0, is_voip:0, device:2, pcm:-352510464, usecase:0x   8
04-18 15:33:29.307   679  2915 I DPUModule: DpuR5P0::checkLayerFormat <142>: checkLayerFormat: Format(1)
04-18 15:33:29.307   679  2915 I DPUModule: DpuR5P0::checkTransform <35>: checkTransform: Transform(0), SRCRect(0,0)
04-18 15:33:29.307   679  2915 I DPUModule: DpuR5P0::checkAFBCBlockSize <97>: checkAFBCBlockSize: compressed(1),format(1), pitch(720), vstride(1616)
04-18 15:33:29.307   679  2915 I DPUModule: DpuR5P0::checkLayerFormat <142>: checkLayerFormat: Format(1)
04-18 15:33:29.307   679  2915 I DPUModule: DpuR5P0::checkTransform <35>: checkTransform: Transform(0), SRCRect(0,0)
04-18 15:33:29.307   679  2915 I DPUModule: DpuR5P0::checkAFBCBlockSize <97>: checkAFBCBlockSize: compressed(1),format(1), pitch(720), vstride(80)
04-18 15:33:29.307   679  2915 I DPUModule: DpuR5P0::checkLayerFormat <142>: checkLayerFormat: Format(1)
04-18 15:33:29.307   679  2915 I DPUModule: DpuR5P0::checkTransform <35>: checkTransform: Transform(0), SRCRect(0,0)
04-18 15:33:29.307   679  2915 I DPUModule: DpuR5P0::checkAFBCBlockSize <97>: checkAFBCBlockSize: compressed(1),format(1), pitch(720), vstride(96)
04-18 15:33:29.307   679  2915 D DPUModule: [ …śhu] support: 0
04-18 15:33:29.340   679  2915 I DPUModule: DpuR5P0::checkLayerFormat <142>: checkLayerFormat: Format(1)
04-18 15:33:29.341   679  2915 I DPUModule: DpuR5P0::checkTransform <35>: checkTransform: Transform(0), SRCRect(0,0)
04-18 15:33:29.341   679  2915 I DPUModule: DpuR5P0::checkAFBCBlockSize <97>: checkAFBCBlockSize: compressed(1),format(1), pitch(720), vstride(1616)
04-18 15:33:29.341   679  2915 I DPUModule: DpuR5P0::checkLayerFormat <142>: checkLayerFormat: Format(1)
04-18 15:33:29.341   679  2915 I DPUModule: DpuR5P0::checkTransform <35>: checkTransform: Transform(0), SRCRect(0,0)
04-18 15:33:29.341   679  2915 I DPUModule: DpuR5P0::checkAFBCBlockSize <97>: checkAFBCBlockSize: compressed(1),format(1), pitch(720), vstride(80)
04-18 15:33:29.341   679  2915 I DPUModule: DpuR5P0::checkLayerFormat <142>: checkLayerFormat: Format(1)
04-18 15:33:29.341   679  2915 I DPUModule: DpuR5P0::checkTransform <35>: checkTransform: Transform(0), SRCRect(0,0)
04-18 15:33:29.341   679  2915 I DPUModule: DpuR5P0::checkAFBCBlockSize <97>: checkAFBCBlockSize: compressed(1),format(1), pitch(720), vstride(96)
04-18 15:33:29.341   679  2915 D DPUModule: [ …śhu] support: 0
04-18 15:33:29.342   674 11196 I audio_hw_primary: app type:0x   0, is_voip:0, device:2, pcm:-352510464, usecase:0x   8
04-18 15:33:29.357   679  2915 I DPUModule: DpuR5P0::checkLayerFormat <142>: checkLayerFormat: Format(1)
04-18 15:33:29.357   679  2915 I DPUModule: DpuR5P0::checkTransform <35>: checkTransform: Transform(0), SRCRect(0,0)
04-18 15:33:29.357   679  2915 I DPUModule: DpuR5P0::checkAFBCBlockSize <97>: checkAFBCBlockSize: compressed(1),format(1), pitch(720), vstride(1616)
04-18 15:33:29.357   679  2915 I DPUModule: DpuR5P0::checkLayerFormat <142>: checkLayerFormat: Format(1)
04-18 15:33:29.357   679  2915 I DPUModule: DpuR5P0::checkTransform <35>: checkTransform: Transform(0), SRCRect(0,0)
04-18 15:33:29.357   679  2915 I DPUModule: DpuR5P0::checkAFBCBlockSize <97>: checkAFBCBlockSize: compressed(1),format(1), pitch(720), vstride(80)
04-18 15:33:29.357   679  2915 I DPUModule: DpuR5P0::checkLayerFormat <142>: checkLayerFormat: Format(1)
04-18 15:33:29.357   679  2915 I DPUModule: DpuR5P0::checkTransform <35>: checkTransform: Transform(0), SRCRect(0,0)
04-18 15:33:29.357   679  2915 I DPUModule: DpuR5P0::checkAFBCBlockSize <97>: checkAFBCBlockSize: compressed(1),format(1), pitch(720), vstride(96)
04-18 15:33:29.357   679  2915 D DPUModule: [ …śhu] support: 0
04-18 15:33:29.373   679  2915 I DPUModule: DpuR5P0::checkLayerFormat <142>: checkLayerFormat: Format(1)
04-18 15:33:29.374   679  2915 I DPUModule: DpuR5P0::checkTransform <35>: checkTransform: Transform(0), SRCRect(0,0)
04-18 15:33:29.374   679  2915 I DPUModule: DpuR5P0::checkAFBCBlockSize <97>: checkAFBCBlockSize: compressed(1),format(1), pitch(720), vstride(1616)
04-18 15:33:29.374   679  2915 I DPUModule: DpuR5P0::checkLayerFormat <142>: checkLayerFormat: Format(1)
04-18 15:33:29.374   679  2915 I DPUModule: DpuR5P0::checkTransform <35>: checkTransform: Transform(0), SRCRect(0,0)
04-18 15:33:29.374   679  2915 I DPUModule: DpuR5P0::checkAFBCBlockSize <97>: checkAFBCBlockSize: compressed(1),format(1), pitch(720), vstride(80)
04-18 15:33:29.374   679  2915 I DPUModule: DpuR5P0::checkLayerFormat <142>: checkLayerFormat: Format(1)
04-18 15:33:29.374   679  2915 I DPUModule: DpuR5P0::checkTransform <35>: checkTransform: Transform(0), SRCRect(0,0)
04-18 15:33:29.374   679  2915 I DPUModule: DpuR5P0::checkAFBCBlockSize <97>: checkAFBCBlockSize: compressed(1),format(1), pitch(720), vstride(96)
04-18 15:33:29.374   679  2915 D DPUModule: [ …śhu] support: 0
04-18 15:33:29.382   674 11196 I audio_hw_primary: app type:0x   0, is_voip:0, device:2, pcm:-352510464, usecase:0x   8
04-18 15:33:29.407   679  2915 I DPUModule: DpuR5P0::checkLayerFormat <142>: checkLayerFormat: Format(1)
04-18 15:33:29.407   679  2915 I DPUModule: DpuR5P0::checkTransform <35>: checkTransform: Transform(0), SRCRect(0,0)
04-18 15:33:29.407   679  2915 I DPUModule: DpuR5P0::checkAFBCBlockSize <97>: checkAFBCBlockSize: compressed(1),format(1), pitch(720), vstride(1616)
04-18 15:33:29.407   679  2915 I DPUModule: DpuR5P0::checkLayerFormat <142>: checkLayerFormat: Format(1)
04-18 15:33:29.407   679  2915 I DPUModule: DpuR5P0::checkTransform <35>: checkTransform: Transform(0), SRCRect(0,0)
04-18 15:33:29.407   679  2915 I DPUModule: DpuR5P0::checkAFBCBlockSize <97>: checkAFBCBlockSize: compressed(1),format(1), pitch(720), vstride(80)
04-18 15:33:29.407   679  2915 I DPUModule: DpuR5P0::checkLayerFormat <142>: checkLayerFormat: Format(1)
04-18 15:33:29.407   679  2915 I DPUModule: DpuR5P0::checkTransform <35>: checkTransform: Transform(0), SRCRect(0,0)
04-18 15:33:29.407   679  2915 I DPUModule: DpuR5P0::checkAFBCBlockSize <97>: checkAFBCBlockSize: compressed(1),format(1), pitch(720), vstride(96)
04-18 15:33:29.407   679  2915 D DPUModule: [ …śhu] support: 0
04-18 15:33:29.423   674 11196 I audio_hw_primary: app type:0x   0, is_voip:0, device:2, pcm:-352510464, usecase:0x   8
04-18 15:33:29.440   679  2915 I DPUModule: DpuR5P0::checkLayerFormat <142>: checkLayerFormat: Format(1)
04-18 15:33:29.440   679  2915 I DPUModule: DpuR5P0::checkTransform <35>: checkTransform: Transform(0), SRCRect(0,0)
04-18 15:33:29.440   679  2915 I DPUModule: DpuR5P0::checkAFBCBlockSize <97>: checkAFBCBlockSize: compressed(1),format(1), pitch(720), vstride(1616)
04-18 15:33:29.440   679  2915 I DPUModule: DpuR5P0::checkLayerFormat <142>: checkLayerFormat: Format(1)
04-18 15:33:29.440   679  2915 I DPUModule: DpuR5P0::checkTransform <35>: checkTransform: Transform(0), SRCRect(0,0)
04-18 15:33:29.440   679  2915 I DPUModule: DpuR5P0::checkAFBCBlockSize <97>: checkAFBCBlockSize: compressed(1),format(1), pitch(720), vstride(80)
04-18 15:33:29.440   679  2915 I DPUModule: DpuR5P0::checkLayerFormat <142>: checkLayerFormat: Format(1)
04-18 15:33:29.440   679  2915 I DPUModule: DpuR5P0::checkTransform <35>: checkTransform: Transform(0), SRCRect(0,0)
04-18 15:33:29.440   679  2915 I DPUModule: DpuR5P0::checkAFBCBlockSize <97>: checkAFBCBlockSize: compressed(1),format(1), pitch(720), vstride(96)
04-18 15:33:29.440   679  2915 D DPUModule: [ …śhu] support: 0
04-18 15:33:29.457   679  2915 I DPUModule: DpuR5P0::checkLayerFormat <142>: checkLayerFormat: Format(1)
04-18 15:33:29.457   679  2915 I DPUModule: DpuR5P0::checkTransform <35>: checkTransform: Transform(0), SRCRect(0,0)
04-18 15:33:29.457   679  2915 I DPUModule: DpuR5P0::checkAFBCBlockSize <97>: checkAFBCBlockSize: compressed(1),format(1), pitch(720), vstride(1616)
04-18 15:33:29.457   679  2915 I DPUModule: DpuR5P0::checkLayerFormat <142>: checkLayerFormat: Format(1)
04-18 15:33:29.457   679  2915 I DPUModule: DpuR5P0::checkTransform <35>: checkTransform: Transform(0), SRCRect(0,0)
04-18 15:33:29.457   679  2915 I DPUModule: DpuR5P0::checkAFBCBlockSize <97>: checkAFBCBlockSize: compressed(1),format(1), pitch(720), vstride(80)
04-18 15:33:29.457   679  2915 I DPUModule: DpuR5P0::checkLayerFormat <142>: checkLayerFormat: Format(1)
04-18 15:33:29.457   679  2915 I DPUModule: DpuR5P0::checkTransform <35>: checkTransform: Transform(0), SRCRect(0,0)
04-18 15:33:29.457   679  2915 I DPUModule: DpuR5P0::checkAFBCBlockSize <97>: checkAFBCBlockSize: compressed(1),format(1), pitch(720), vstride(96)
04-18 15:33:29.457   679  2915 D DPUModule: [ …śhu] support: 0
04-18 15:33:29.462   674 11196 I audio_hw_primary: app type:0x   0, is_voip:0, device:2, pcm:-352510464, usecase:0x   8
04-18 15:33:29.474   679  2915 I DPUModule: DpuR5P0::checkLayerFormat <142>: checkLayerFormat: Format(1)
04-18 15:33:29.474   679  2915 I DPUModule: DpuR5P0::checkTransform <35>: checkTransform: Transform(0), SRCRect(0,0)
04-18 15:33:29.474   679  2915 I DPUModule: DpuR5P0::checkAFBCBlockSize <97>: checkAFBCBlockSize: compressed(1),format(1), pitch(720), vstride(1616)
04-18 15:33:29.474   679  2915 I DPUModule: DpuR5P0::checkLayerFormat <142>: checkLayerFormat: Format(1)
04-18 15:33:29.474   679  2915 I DPUModule: DpuR5P0::checkTransform <35>: checkTransform: Transform(0), SRCRect(0,0)
04-18 15:33:29.474   679  2915 I DPUModule: DpuR5P0::checkAFBCBlockSize <97>: checkAFBCBlockSize: compressed(1),format(1), pitch(720), vstride(80)
04-18 15:33:29.474   679  2915 I DPUModule: DpuR5P0::checkLayerFormat <142>: checkLayerFormat: Format(1)
04-18 15:33:29.474   679  2915 I DPUModule: DpuR5P0::checkTransform <35>: checkTransform: Transform(0), SRCRect(0,0)
04-18 15:33:29.474   679  2915 I DPUModule: DpuR5P0::checkAFBCBlockSize <97>: checkAFBCBlockSize: compressed(1),format(1), pitch(720), vstride(96)
04-18 15:33:29.474   679  2915 D DPUModule: [ …śhu] support: 0
04-18 15:33:29.498   674 11196 I audio_hw_primary: app type:0x   0, is_voip:0, device:2, pcm:-352510464, usecase:0x   8
04-18 15:33:29.507   679  2915 I DPUModule: DpuR5P0::checkLayerFormat <142>: checkLayerFormat: Format(1)
04-18 15:33:29.507   679  2915 I DPUModule: DpuR5P0::checkTransform <35>: checkTransform: Transform(0), SRCRect(0,0)
04-18 15:33:29.507   679  2915 I DPUModule: DpuR5P0::checkAFBCBlockSize <97>: checkAFBCBlockSize: compressed(1),format(1), pitch(720), vstride(1616)
04-18 15:33:29.507   679  2915 I DPUModule: DpuR5P0::checkLayerFormat <142>: checkLayerFormat: Format(1)
04-18 15:33:29.507   679  2915 I DPUModule: DpuR5P0::checkTransform <35>: checkTransform: Transform(0), SRCRect(0,0)
04-18 15:33:29.507   679  2915 I DPUModule: DpuR5P0::checkAFBCBlockSize <97>: checkAFBCBlockSize: compressed(1),format(1), pitch(720), vstride(80)
04-18 15:33:29.507   679  2915 I DPUModule: DpuR5P0::checkLayerFormat <142>: checkLayerFormat: Format(1)
04-18 15:33:29.507   679  2915 I DPUModule: DpuR5P0::checkTransform <35>: checkTransform: Transform(0), SRCRect(0,0)
04-18 15:33:29.507   679  2915 I DPUModule: DpuR5P0::checkAFBCBlockSize <97>: checkAFBCBlockSize: compressed(1),format(1), pitch(720), vstride(96)
04-18 15:33:29.507   679  2915 D DPUModule: [ …śhu] support: 0
04-18 15:33:29.541   679  2915 I DPUModule: DpuR5P0::checkLayerFormat <142>: checkLayerFormat: Format(1)
04-18 15:33:29.541   679  2915 I DPUModule: DpuR5P0::checkTransform <35>: checkTransform: Transform(0), SRCRect(0,0)
04-18 15:33:29.541   679  2915 I DPUModule: DpuR5P0::checkAFBCBlockSize <97>: checkAFBCBlockSize: compressed(1),format(1), pitch(720), vstride(1616)
04-18 15:33:29.541   679  2915 I DPUModule: DpuR5P0::checkLayerFormat <142>: checkLayerFormat: Format(1)
04-18 15:33:29.541   679  2915 I DPUModule: DpuR5P0::checkTransform <35>: checkTransform: Transform(0), SRCRect(0,0)
04-18 15:33:29.541   679  2915 I DPUModule: DpuR5P0::checkAFBCBlockSize <97>: checkAFBCBlockSize: compressed(1),format(1), pitch(720), vstride(80)
04-18 15:33:29.541   679  2915 I DPUModule: DpuR5P0::checkLayerFormat <142>: checkLayerFormat: Format(1)
04-18 15:33:29.541   679  2915 I DPUModule: DpuR5P0::checkTransform <35>: checkTransform: Transform(0), SRCRect(0,0)
04-18 15:33:29.541   679  2915 I DPUModule: DpuR5P0::checkAFBCBlockSize <97>: checkAFBCBlockSize: compressed(1),format(1), pitch(720), vstride(96)
04-18 15:33:29.541   679  2915 D DPUModule: [ …śhu] support: 0
04-18 15:33:29.543   674 11196 I audio_hw_primary: app type:0x   0, is_voip:0, device:2, pcm:-352510464, usecase:0x   8
04-18 15:33:29.557   679  2915 I DPUModule: DpuR5P0::checkLayerFormat <142>: checkLayerFormat: Format(1)
04-18 15:33:29.557   679  2915 I DPUModule: DpuR5P0::checkTransform <35>: checkTransform: Transform(0), SRCRect(0,0)
04-18 15:33:29.557   679  2915 I DPUModule: DpuR5P0::checkAFBCBlockSize <97>: checkAFBCBlockSize: compressed(1),format(1), pitch(720), vstride(1616)
04-18 15:33:29.557   679  2915 I DPUModule: DpuR5P0::checkLayerFormat <142>: checkLayerFormat: Format(1)
04-18 15:33:29.557   679  2915 I DPUModule: DpuR5P0::checkTransform <35>: checkTransform: Transform(0), SRCRect(0,0)
04-18 15:33:29.557   679  2915 I DPUModule: DpuR5P0::checkAFBCBlockSize <97>: checkAFBCBlockSize: compressed(1),format(1), pitch(720), vstride(80)
04-18 15:33:29.557   679  2915 I DPUModule: DpuR5P0::checkLayerFormat <142>: checkLayerFormat: Format(1)
04-18 15:33:29.557   679  2915 I DPUModule: DpuR5P0::checkTransform <35>: checkTransform: Transform(0), SRCRect(0,0)
04-18 15:33:29.557   679  2915 I DPUModule: DpuR5P0::checkAFBCBlockSize <97>: checkAFBCBlockSize: compressed(1),format(1), pitch(720), vstride(96)
04-18 15:33:29.557   679  2915 D DPUModule: [ …śhu] support: 0
04-18 15:33:29.574   679  2915 I DPUModule: DpuR5P0::checkLayerFormat <142>: checkLayerFormat: Format(1)
04-18 15:33:29.574   679  2915 I DPUModule: DpuR5P0::checkTransform <35>: checkTransform: Transform(0), SRCRect(0,0)
04-18 15:33:29.574   679  2915 I DPUModule: DpuR5P0::checkAFBCBlockSize <97>: checkAFBCBlockSize: compressed(1),format(1), pitch(720), vstride(1616)
04-18 15:33:29.574   679  2915 I DPUModule: DpuR5P0::checkLayerFormat <142>: checkLayerFormat: Format(1)
04-18 15:33:29.574   679  2915 I DPUModule: DpuR5P0::checkTransform <35>: checkTransform: Transform(0), SRCRect(0,0)
04-18 15:33:29.574   679  2915 I DPUModule: DpuR5P0::checkAFBCBlockSize <97>: checkAFBCBlockSize: compressed(1),format(1), pitch(720), vstride(80)
04-18 15:33:29.574   679  2915 I DPUModule: DpuR5P0::checkLayerFormat <142>: checkLayerFormat: Format(1)
04-18 15:33:29.574   679  2915 I DPUModule: DpuR5P0::checkTransform <35>: checkTransform: Transform(0), SRCRect(0,0)
04-18 15:33:29.574   679  2915 I DPUModule: DpuR5P0::checkAFBCBlockSize <97>: checkAFBCBlockSize: compressed(1),format(1), pitch(720), vstride(96)
04-18 15:33:29.574   679  2915 D DPUModule: [ …śhu] support: 0
04-18 15:33:29.583   674 11196 I audio_hw_primary: app type:0x   0, is_voip:0, device:2, pcm:-352510464, usecase:0x   8
04-18 15:33:29.607   679  2915 I DPUModule: DpuR5P0::checkLayerFormat <142>: checkLayerFormat: Format(1)
04-18 15:33:29.607   679  2915 I DPUModule: DpuR5P0::checkTransform <35>: checkTransform: Transform(0), SRCRect(0,0)
04-18 15:33:29.607   679  2915 I DPUModule: DpuR5P0::checkAFBCBlockSize <97>: checkAFBCBlockSize: compressed(1),format(1), pitch(720), vstride(1616)
04-18 15:33:29.607   679  2915 I DPUModule: DpuR5P0::checkLayerFormat <142>: checkLayerFormat: Format(1)
04-18 15:33:29.607   679  2915 I DPUModule: DpuR5P0::checkTransform <35>: checkTransform: Transform(0), SRCRect(0,0)
04-18 15:33:29.607   679  2915 I DPUModule: DpuR5P0::checkAFBCBlockSize <97>: checkAFBCBlockSize: compressed(1),format(1), pitch(720), vstride(80)
04-18 15:33:29.607   679  2915 I DPUModule: DpuR5P0::checkLayerFormat <142>: checkLayerFormat: Format(1)
04-18 15:33:29.607   679  2915 I DPUModule: DpuR5P0::checkTransform <35>: checkTransform: Transform(0), SRCRect(0,0)
04-18 15:33:29.607   679  2915 I DPUModule: DpuR5P0::checkAFBCBlockSize <97>: checkAFBCBlockSize: compressed(1),format(1), pitch(720), vstride(96)
04-18 15:33:29.607   679  2915 D DPUModule: [ …śhu] support: 0
04-18 15:33:29.618  1092  1381 D InputReader: syncTouch: pointerCount 0 -> 1, touching ids 0x00000000 -> 0x80000000, hovering ids 0x00000000 -> 0x00000000, canceled ids 0x00000000
04-18 15:33:29.618  1092  1381 D InputReader: dispatchTouches action DOWN now(ns): 756439087205180
04-18 15:33:29.618  1092  1381 D InputReader: notifyMotion call dispatcher
04-18 15:33:29.625   674 11196 I audio_hw_primary: app type:0x   0, is_voip:0, device:2, pcm:-352510464, usecase:0x   8
04-18 15:33:29.640   679  2915 I DPUModule: DpuR5P0::checkLayerFormat <142>: checkLayerFormat: Format(1)
04-18 15:33:29.640   679  2915 I DPUModule: DpuR5P0::checkTransform <35>: checkTransform: Transform(0), SRCRect(0,0)
04-18 15:33:29.640   679  2915 I DPUModule: DpuR5P0::checkAFBCBlockSize <97>: checkAFBCBlockSize: compressed(1),format(1), pitch(720), vstride(1616)
04-18 15:33:29.640   679  2915 I DPUModule: DpuR5P0::checkLayerFormat <142>: checkLayerFormat: Format(1)
04-18 15:33:29.640   679  2915 I DPUModule: DpuR5P0::checkTransform <35>: checkTransform: Transform(0), SRCRect(0,0)
04-18 15:33:29.640   679  2915 I DPUModule: DpuR5P0::checkAFBCBlockSize <97>: checkAFBCBlockSize: compressed(1),format(1), pitch(720), vstride(80)
04-18 15:33:29.640   679  2915 I DPUModule: DpuR5P0::checkLayerFormat <142>: checkLayerFormat: Format(1)
04-18 15:33:29.640   679  2915 I DPUModule: DpuR5P0::checkTransform <35>: checkTransform: Transform(0), SRCRect(0,0)
04-18 15:33:29.640   679  2915 I DPUModule: DpuR5P0::checkAFBCBlockSize <97>: checkAFBCBlockSize: compressed(1),format(1), pitch(720), vstride(96)
04-18 15:33:29.640   679  2915 D DPUModule: [ …śhu] support: 0
04-18 15:33:29.657   679  2915 I DPUModule: DpuR5P0::checkLayerFormat <142>: checkLayerFormat: Format(1)
04-18 15:33:29.657   679  2915 I DPUModule: DpuR5P0::checkTransform <35>: checkTransform: Transform(0), SRCRect(0,0)
04-18 15:33:29.657   679  2915 I DPUModule: DpuR5P0::checkAFBCBlockSize <97>: checkAFBCBlockSize: compressed(1),format(1), pitch(720), vstride(1616)
04-18 15:33:29.657   679  2915 I DPUModule: DpuR5P0::checkLayerFormat <142>: checkLayerFormat: Format(1)
04-18 15:33:29.657   679  2915 I DPUModule: DpuR5P0::checkTransform <35>: checkTransform: Transform(0), SRCRect(0,0)
04-18 15:33:29.657   679  2915 I DPUModule: DpuR5P0::checkAFBCBlockSize <97>: checkAFBCBlockSize: compressed(1),format(1), pitch(720), vstride(80)
04-18 15:33:29.657   679  2915 I DPUModule: DpuR5P0::checkLayerFormat <142>: checkLayerFormat: Format(1)
04-18 15:33:29.657   679  2915 I DPUModule: DpuR5P0::checkTransform <35>: checkTransform: Transform(0), SRCRect(0,0)
04-18 15:33:29.657   679  2915 I DPUModule: DpuR5P0::checkAFBCBlockSize <97>: checkAFBCBlockSize: compressed(1),format(1), pitch(720), vstride(96)
04-18 15:33:29.657   679  2915 D DPUModule: [ …śhu] support: 0
04-18 15:33:29.662   674 11196 I audio_hw_primary: app type:0x   0, is_voip:0, device:2, pcm:-352510464, usecase:0x   8
04-18 15:33:29.673   679  2915 I DPUModule: DpuR5P0::checkLayerFormat <142>: checkLayerFormat: Format(1)
04-18 15:33:29.674   679  2915 I DPUModule: DpuR5P0::checkTransform <35>: checkTransform: Transform(0), SRCRect(0,0)
04-18 15:33:29.674   679  2915 I DPUModule: DpuR5P0::checkAFBCBlockSize <97>: checkAFBCBlockSize: compressed(1),format(1), pitch(720), vstride(1616)
04-18 15:33:29.674   679  2915 I DPUModule: DpuR5P0::checkLayerFormat <142>: checkLayerFormat: Format(1)
04-18 15:33:29.674   679  2915 I DPUModule: DpuR5P0::checkTransform <35>: checkTransform: Transform(0), SRCRect(0,0)
04-18 15:33:29.674   679  2915 I DPUModule: DpuR5P0::checkAFBCBlockSize <97>: checkAFBCBlockSize: compressed(1),format(1), pitch(720), vstride(80)
04-18 15:33:29.674   679  2915 I DPUModule: DpuR5P0::checkLayerFormat <142>: checkLayerFormat: Format(1)
04-18 15:33:29.674   679  2915 I DPUModule: DpuR5P0::checkTransform <35>: checkTransform: Transform(0), SRCRect(0,0)
04-18 15:33:29.674   679  2915 I DPUModule: DpuR5P0::checkAFBCBlockSize <97>: checkAFBCBlockSize: compressed(1),format(1), pitch(720), vstride(96)
04-18 15:33:29.674   679  2915 D DPUModule: [ …śhu] support: 0
04-18 15:33:29.685  1092  1381 D InputReader: syncTouch: pointerCount 1 -> 1, touching ids 0x80000000 -> 0x80000000, hovering ids 0x00000000 -> 0x00000000, canceled ids 0x00000000
04-18 15:33:29.685  1092  1381 D InputReader: dispatchTouches action MOVE now(ns): 756439153912949
04-18 15:33:29.685  1092  1381 D InputReader: notifyMotion call dispatcher
04-18 15:33:29.693  1092  1381 D InputReader: syncTouch: pointerCount 1 -> 1, touching ids 0x80000000 -> 0x80000000, hovering ids 0x00000000 -> 0x00000000, canceled ids 0x00000000
04-18 15:33:29.693  1092  1381 D InputReader: dispatchTouches action MOVE now(ns): 756439162317295
04-18 15:33:29.693  1092  1381 D InputReader: notifyMotion call dispatcher
04-18 15:33:29.700   674 11196 I audio_hw_primary: app type:0x   0, is_voip:0, device:2, pcm:-352510464, usecase:0x   8
04-18 15:33:29.701  1092  1381 D InputReader: syncTouch: pointerCount 1 -> 1, touching ids 0x80000000 -> 0x80000000, hovering ids 0x00000000 -> 0x00000000, canceled ids 0x00000000
04-18 15:33:29.701  1092  1381 D InputReader: dispatchTouches action MOVE now(ns): 756439170257757
04-18 15:33:29.701  1092  1381 D InputReader: notifyMotion call dispatcher
04-18 15:33:29.707   679  2915 I DPUModule: DpuR5P0::checkLayerFormat <142>: checkLayerFormat: Format(1)
04-18 15:33:29.707   679  2915 I DPUModule: DpuR5P0::checkTransform <35>: checkTransform: Transform(0), SRCRect(0,0)
04-18 15:33:29.707   679  2915 I DPUModule: DpuR5P0::checkAFBCBlockSize <97>: checkAFBCBlockSize: compressed(1),format(1), pitch(720), vstride(1616)
04-18 15:33:29.707   679  2915 I DPUModule: DpuR5P0::checkLayerFormat <142>: checkLayerFormat: Format(1)
04-18 15:33:29.707   679  2915 I DPUModule: DpuR5P0::checkTransform <35>: checkTransform: Transform(0), SRCRect(0,0)
04-18 15:33:29.707   679  2915 I DPUModule: DpuR5P0::checkAFBCBlockSize <97>: checkAFBCBlockSize: compressed(1),format(1), pitch(720), vstride(80)
