04-18 15:33:26.774   679  2915 I DPUModule: DpuR5P0::checkTransform <35>: checkTransform: Transform(0), SRCRect(0,0)
04-18 15:33:26.774   679  2915 I DPUModule: DpuR5P0::checkAFBCBlockSize <97>: checkAFBCBlockSize: compressed(1),format(1), pitch(720), vstride(96)
04-18 15:33:26.774   679  2915 D DPUModule: [ …śhu] support: 0
04-18 15:33:26.782   674 11196 I audio_hw_primary: app type:0x   0, is_voip:0, device:2, pcm:-352510464, usecase:0x   8
04-18 15:33:26.782  1092  2391 D SmartBandWith_Controller2: [handleMessage] what: 1004
04-18 15:33:26.782  1092  2391 D SmartBandWith_Controller2: [isNetworkRateSatisfy]mUid = 10282, curWhiteAppByte = 16054864239 Byte
04-18 15:33:26.782  1092  2391 D SmartBandWith_Controller2: [isNetworkRateSatisfy]System totalRate = 193.45085 kbps
04-18 15:33:26.782  1092  2391 D SmartBandWith_Controller2: system network is out of limit scale or fg App not using
04-18 15:33:26.782  1092  2391 D SmartBandWith_Controller2: isNetworkRateSatisfy: false
04-18 15:33:26.791   679  2915 I DPUModule: DpuR5P0::checkLayerFormat <142>: checkLayerFormat: Format(1)
04-18 15:33:26.791   679  2915 I DPUModule: DpuR5P0::checkTransform <35>: checkTransform: Transform(0), SRCRect(0,0)
04-18 15:33:26.791   679  2915 I DPUModule: DpuR5P0::checkAFBCBlockSize <97>: checkAFBCBlockSize: compressed(1),format(1), pitch(720), vstride(1616)
04-18 15:33:26.791   679  2915 I DPUModule: DpuR5P0::checkLayerFormat <142>: checkLayerFormat: Format(1)
04-18 15:33:26.791   679  2915 I DPUModule: DpuR5P0::checkTransform <35>: checkTransform: Transform(0), SRCRect(0,0)
04-18 15:33:26.791   679  2915 I DPUModule: DpuR5P0::checkAFBCBlockSize <97>: checkAFBCBlockSize: compressed(1),format(1), pitch(720), vstride(80)
04-18 15:33:26.791   679  2915 I DPUModule: DpuR5P0::checkLayerFormat <142>: checkLayerFormat: Format(1)
04-18 15:33:26.791   679  2915 I DPUModule: DpuR5P0::checkTransform <35>: checkTransform: Transform(0), SRCRect(0,0)
04-18 15:33:26.791   679  2915 I DPUModule: DpuR5P0::checkAFBCBlockSize <97>: checkAFBCBlockSize: compressed(1),format(1), pitch(720), vstride(96)
04-18 15:33:26.791   679  2915 D DPUModule: [ …śhu] support: 0
04-18 15:33:26.808   679  2915 I DPUModule: DpuR5P0::checkLayerFormat <142>: checkLayerFormat: Format(1)
04-18 15:33:26.808   679  2915 I DPUModule: DpuR5P0::checkTransform <35>: checkTransform: Transform(0), SRCRect(0,0)
04-18 15:33:26.808   679  2915 I DPUModule: DpuR5P0::checkAFBCBlockSize <97>: checkAFBCBlockSize: compressed(1),format(1), pitch(720), vstride(1616)
04-18 15:33:26.808   679  2915 I DPUModule: DpuR5P0::checkLayerFormat <142>: checkLayerFormat: Format(1)
04-18 15:33:26.808   679  2915 I DPUModule: DpuR5P0::checkTransform <35>: checkTransform: Transform(0), SRCRect(0,0)
04-18 15:33:26.808   679  2915 I DPUModule: DpuR5P0::checkAFBCBlockSize <97>: checkAFBCBlockSize: compressed(1),format(1), pitch(720), vstride(80)
04-18 15:33:26.808   679  2915 I DPUModule: DpuR5P0::checkLayerFormat <142>: checkLayerFormat: Format(1)
04-18 15:33:26.808   679  2915 I DPUModule: DpuR5P0::checkTransform <35>: checkTransform: Transform(0), SRCRect(0,0)
04-18 15:33:26.808   679  2915 I DPUModule: DpuR5P0::checkAFBCBlockSize <97>: checkAFBCBlockSize: compressed(1),format(1), pitch(720), vstride(96)
04-18 15:33:26.808   679  2915 D DPUModule: [ …śhu] support: 0
04-18 15:33:26.824   674 11196 I audio_hw_primary: app type:0x   0, is_voip:0, device:2, pcm:-352510464, usecase:0x   8
04-18 15:33:26.841   679  2915 I DPUModule: DpuR5P0::checkLayerFormat <142>: checkLayerFormat: Format(1)
04-18 15:33:26.841   679  2915 I DPUModule: DpuR5P0::checkTransform <35>: checkTransform: Transform(0), SRCRect(0,0)
04-18 15:33:26.841   679  2915 I DPUModule: DpuR5P0::checkAFBCBlockSize <97>: checkAFBCBlockSize: compressed(1),format(1), pitch(720), vstride(1616)
04-18 15:33:26.841   679  2915 I DPUModule: DpuR5P0::checkLayerFormat <142>: checkLayerFormat: Format(1)
04-18 15:33:26.841   679  2915 I DPUModule: DpuR5P0::checkTransform <35>: checkTransform: Transform(0), SRCRect(0,0)
04-18 15:33:26.841   679  2915 I DPUModule: DpuR5P0::checkAFBCBlockSize <97>: checkAFBCBlockSize: compressed(1),format(1), pitch(720), vstride(80)
04-18 15:33:26.841   679  2915 I DPUModule: DpuR5P0::checkLayerFormat <142>: checkLayerFormat: Format(1)
04-18 15:33:26.841   679  2915 I DPUModule: DpuR5P0::checkTransform <35>: checkTransform: Transform(0), SRCRect(0,0)
04-18 15:33:26.841   679  2915 I DPUModule: DpuR5P0::checkAFBCBlockSize <97>: checkAFBCBlockSize: compressed(1),format(1), pitch(720), vstride(96)
04-18 15:33:26.841   679  2915 D DPUModule: [ …śhu] support: 0
04-18 15:33:26.861   674 11196 I audio_hw_primary: app type:0x   0, is_voip:0, device:2, pcm:-352510464, usecase:0x   8
04-18 15:33:26.874   679  2915 I DPUModule: DpuR5P0::checkLayerFormat <142>: checkLayerFormat: Format(1)
04-18 15:33:26.874   679  2915 I DPUModule: DpuR5P0::checkTransform <35>: checkTransform: Transform(0), SRCRect(0,0)
04-18 15:33:26.874   679  2915 I DPUModule: DpuR5P0::checkAFBCBlockSize <97>: checkAFBCBlockSize: compressed(1),format(1), pitch(720), vstride(1616)
04-18 15:33:26.874   679  2915 I DPUModule: DpuR5P0::checkLayerFormat <142>: checkLayerFormat: Format(1)
04-18 15:33:26.874   679  2915 I DPUModule: DpuR5P0::checkTransform <35>: checkTransform: Transform(0), SRCRect(0,0)
04-18 15:33:26.874   679  2915 I DPUModule: DpuR5P0::checkAFBCBlockSize <97>: checkAFBCBlockSize: compressed(1),format(1), pitch(720), vstride(80)
04-18 15:33:26.874   679  2915 I DPUModule: DpuR5P0::checkLayerFormat <142>: checkLayerFormat: Format(1)
04-18 15:33:26.874   679  2915 I DPUModule: DpuR5P0::checkTransform <35>: checkTransform: Transform(0), SRCRect(0,0)
04-18 15:33:26.874   679  2915 I DPUModule: DpuR5P0::checkAFBCBlockSize <97>: checkAFBCBlockSize: compressed(1),format(1), pitch(720), vstride(96)
04-18 15:33:26.874   679  2915 D DPUModule: [ …śhu] support: 0
04-18 15:33:26.891   679  2915 I DPUModule: DpuR5P0::checkLayerFormat <142>: checkLayerFormat: Format(1)
04-18 15:33:26.891   679  2915 I DPUModule: DpuR5P0::checkTransform <35>: checkTransform: Transform(0), SRCRect(0,0)
04-18 15:33:26.891   679  2915 I DPUModule: DpuR5P0::checkAFBCBlockSize <97>: checkAFBCBlockSize: compressed(1),format(1), pitch(720), vstride(1616)
04-18 15:33:26.891   679  2915 I DPUModule: DpuR5P0::checkLayerFormat <142>: checkLayerFormat: Format(1)
04-18 15:33:26.891   679  2915 I DPUModule: DpuR5P0::checkTransform <35>: checkTransform: Transform(0), SRCRect(0,0)
04-18 15:33:26.891   679  2915 I DPUModule: DpuR5P0::checkAFBCBlockSize <97>: checkAFBCBlockSize: compressed(1),format(1), pitch(720), vstride(80)
04-18 15:33:26.891   679  2915 I DPUModule: DpuR5P0::checkLayerFormat <142>: checkLayerFormat: Format(1)
04-18 15:33:26.891   679  2915 I DPUModule: DpuR5P0::checkTransform <35>: checkTransform: Transform(0), SRCRect(0,0)
04-18 15:33:26.891   679  2915 I DPUModule: DpuR5P0::checkAFBCBlockSize <97>: checkAFBCBlockSize: compressed(1),format(1), pitch(720), vstride(96)
04-18 15:33:26.891   679  2915 D DPUModule: [ …śhu] support: 0
04-18 15:33:26.902   674 11196 I audio_hw_primary: app type:0x   0, is_voip:0, device:2, pcm:-352510464, usecase:0x   8
04-18 15:33:26.908   679  2915 I DPUModule: DpuR5P0::checkLayerFormat <142>: checkLayerFormat: Format(1)
04-18 15:33:26.908   679  2915 I DPUModule: DpuR5P0::checkTransform <35>: checkTransform: Transform(0), SRCRect(0,0)
04-18 15:33:26.908   679  2915 I DPUModule: DpuR5P0::checkAFBCBlockSize <97>: checkAFBCBlockSize: compressed(1),format(1), pitch(720), vstride(1616)
04-18 15:33:26.908   679  2915 I DPUModule: DpuR5P0::checkLayerFormat <142>: checkLayerFormat: Format(1)
04-18 15:33:26.908   679  2915 I DPUModule: DpuR5P0::checkTransform <35>: checkTransform: Transform(0), SRCRect(0,0)
04-18 15:33:26.908   679  2915 I DPUModule: DpuR5P0::checkAFBCBlockSize <97>: checkAFBCBlockSize: compressed(1),format(1), pitch(720), vstride(80)
04-18 15:33:26.908   679  2915 I DPUModule: DpuR5P0::checkLayerFormat <142>: checkLayerFormat: Format(1)
04-18 15:33:26.908   679  2915 I DPUModule: DpuR5P0::checkTransform <35>: checkTransform: Transform(0), SRCRect(0,0)
04-18 15:33:26.908   679  2915 I DPUModule: DpuR5P0::checkAFBCBlockSize <97>: checkAFBCBlockSize: compressed(1),format(1), pitch(720), vstride(96)
04-18 15:33:26.908   679  2915 D DPUModule: [ …śhu] support: 0
04-18 15:33:26.938   674 11196 I audio_hw_primary: app type:0x   0, is_voip:0, device:2, pcm:-352510464, usecase:0x   8
04-18 15:33:26.941   679  2915 I DPUModule: DpuR5P0::checkLayerFormat <142>: checkLayerFormat: Format(1)
04-18 15:33:26.941   679  2915 I DPUModule: DpuR5P0::checkTransform <35>: checkTransform: Transform(0), SRCRect(0,0)
04-18 15:33:26.941   679  2915 I DPUModule: DpuR5P0::checkAFBCBlockSize <97>: checkAFBCBlockSize: compressed(1),format(1), pitch(720), vstride(1616)
04-18 15:33:26.941   679  2915 I DPUModule: DpuR5P0::checkLayerFormat <142>: checkLayerFormat: Format(1)
04-18 15:33:26.941   679  2915 I DPUModule: DpuR5P0::checkTransform <35>: checkTransform: Transform(0), SRCRect(0,0)
04-18 15:33:26.941   679  2915 I DPUModule: DpuR5P0::checkAFBCBlockSize <97>: checkAFBCBlockSize: compressed(1),format(1), pitch(720), vstride(80)
04-18 15:33:26.941   679  2915 I DPUModule: DpuR5P0::checkLayerFormat <142>: checkLayerFormat: Format(1)
04-18 15:33:26.941   679  2915 I DPUModule: DpuR5P0::checkTransform <35>: checkTransform: Transform(0), SRCRect(0,0)
04-18 15:33:26.941   679  2915 I DPUModule: DpuR5P0::checkAFBCBlockSize <97>: checkAFBCBlockSize: compressed(1),format(1), pitch(720), vstride(96)
04-18 15:33:26.941   679  2915 D DPUModule: [ …śhu] support: 0
04-18 15:33:26.974   679  2915 I DPUModule: DpuR5P0::checkLayerFormat <142>: checkLayerFormat: Format(1)
04-18 15:33:26.974   679  2915 I DPUModule: DpuR5P0::checkTransform <35>: checkTransform: Transform(0), SRCRect(0,0)
04-18 15:33:26.974   679  2915 I DPUModule: DpuR5P0::checkAFBCBlockSize <97>: checkAFBCBlockSize: compressed(1),format(1), pitch(720), vstride(1616)
04-18 15:33:26.974   679  2915 I DPUModule: DpuR5P0::checkLayerFormat <142>: checkLayerFormat: Format(1)
04-18 15:33:26.974   679  2915 I DPUModule: DpuR5P0::checkTransform <35>: checkTransform: Transform(0), SRCRect(0,0)
04-18 15:33:26.974   679  2915 I DPUModule: DpuR5P0::checkAFBCBlockSize <97>: checkAFBCBlockSize: compressed(1),format(1), pitch(720), vstride(80)
04-18 15:33:26.974   679  2915 I DPUModule: DpuR5P0::checkLayerFormat <142>: checkLayerFormat: Format(1)
04-18 15:33:26.974   679  2915 I DPUModule: DpuR5P0::checkTransform <35>: checkTransform: Transform(0), SRCRect(0,0)
04-18 15:33:26.974   679  2915 I DPUModule: DpuR5P0::checkAFBCBlockSize <97>: checkAFBCBlockSize: compressed(1),format(1), pitch(720), vstride(96)
04-18 15:33:26.974   679  2915 D DPUModule: [ …śhu] support: 0
04-18 15:33:26.983   674 11196 I audio_hw_primary: app type:0x   0, is_voip:0, device:2, pcm:-352510464, usecase:0x   8
04-18 15:33:26.990   679  2915 I DPUModule: DpuR5P0::checkLayerFormat <142>: checkLayerFormat: Format(1)
04-18 15:33:26.991   679  2915 I DPUModule: DpuR5P0::checkTransform <35>: checkTransform: Transform(0), SRCRect(0,0)
04-18 15:33:26.991   679  2915 I DPUModule: DpuR5P0::checkAFBCBlockSize <97>: checkAFBCBlockSize: compressed(1),format(1), pitch(720), vstride(1616)
04-18 15:33:26.991   679  2915 I DPUModule: DpuR5P0::checkLayerFormat <142>: checkLayerFormat: Format(1)
04-18 15:33:26.991   679  2915 I DPUModule: DpuR5P0::checkTransform <35>: checkTransform: Transform(0), SRCRect(0,0)
04-18 15:33:26.991   679  2915 I DPUModule: DpuR5P0::checkAFBCBlockSize <97>: checkAFBCBlockSize: compressed(1),format(1), pitch(720), vstride(80)
04-18 15:33:26.991   679  2915 I DPUModule: DpuR5P0::checkLayerFormat <142>: checkLayerFormat: Format(1)
04-18 15:33:26.991   679  2915 I DPUModule: DpuR5P0::checkTransform <35>: checkTransform: Transform(0), SRCRect(0,0)
04-18 15:33:26.991   679  2915 I DPUModule: DpuR5P0::checkAFBCBlockSize <97>: checkAFBCBlockSize: compressed(1),format(1), pitch(720), vstride(96)
04-18 15:33:26.991   679  2915 D DPUModule: [ …śhu] support: 0
04-18 15:33:27.005   955  1727 D GNSSMGT : watchdog: PowerState: CP SLEEP
04-18 15:33:27.007   679  2915 I DPUModule: DpuR5P0::checkLayerFormat <142>: checkLayerFormat: Format(1)
04-18 15:33:27.007   679  2915 I DPUModule: DpuR5P0::checkTransform <35>: checkTransform: Transform(0), SRCRect(0,0)
04-18 15:33:27.008   679  2915 I DPUModule: DpuR5P0::checkAFBCBlockSize <97>: checkAFBCBlockSize: compressed(1),format(1), pitch(720), vstride(1616)
04-18 15:33:27.008   679  2915 I DPUModule: DpuR5P0::checkLayerFormat <142>: checkLayerFormat: Format(1)
04-18 15:33:27.008   679  2915 I DPUModule: DpuR5P0::checkTransform <35>: checkTransform: Transform(0), SRCRect(0,0)
04-18 15:33:27.008   679  2915 I DPUModule: DpuR5P0::checkAFBCBlockSize <97>: checkAFBCBlockSize: compressed(1),format(1), pitch(720), vstride(80)
04-18 15:33:27.008   679  2915 I DPUModule: DpuR5P0::checkLayerFormat <142>: checkLayerFormat: Format(1)
04-18 15:33:27.008   679  2915 I DPUModule: DpuR5P0::checkTransform <35>: checkTransform: Transform(0), SRCRect(0,0)
04-18 15:33:27.008   679  2915 I DPUModule: DpuR5P0::checkAFBCBlockSize <97>: checkAFBCBlockSize: compressed(1),format(1), pitch(720), vstride(96)
04-18 15:33:27.008   679  2915 D DPUModule: [ …śhu] support: 0
04-18 15:33:27.020   674 11196 I audio_hw_primary: app type:0x   0, is_voip:0, device:2, pcm:-352510464, usecase:0x   8
04-18 15:33:27.041   679  2915 I DPUModule: DpuR5P0::checkLayerFormat <142>: checkLayerFormat: Format(1)
04-18 15:33:27.041   679  2915 I DPUModule: DpuR5P0::checkTransform <35>: checkTransform: Transform(0), SRCRect(0,0)
04-18 15:33:27.041   679  2915 I DPUModule: DpuR5P0::checkAFBCBlockSize <97>: checkAFBCBlockSize: compressed(1),format(1), pitch(720), vstride(1616)
04-18 15:33:27.041   679  2915 I DPUModule: DpuR5P0::checkLayerFormat <142>: checkLayerFormat: Format(1)
04-18 15:33:27.041   679  2915 I DPUModule: DpuR5P0::checkTransform <35>: checkTransform: Transform(0), SRCRect(0,0)
04-18 15:33:27.041   679  2915 I DPUModule: DpuR5P0::checkAFBCBlockSize <97>: checkAFBCBlockSize: compressed(1),format(1), pitch(720), vstride(80)
04-18 15:33:27.041   679  2915 I DPUModule: DpuR5P0::checkLayerFormat <142>: checkLayerFormat: Format(1)
04-18 15:33:27.041   679  2915 I DPUModule: DpuR5P0::checkTransform <35>: checkTransform: Transform(0), SRCRect(0,0)
04-18 15:33:27.041   679  2915 I DPUModule: DpuR5P0::checkAFBCBlockSize <97>: checkAFBCBlockSize: compressed(1),format(1), pitch(720), vstride(96)
04-18 15:33:27.041   679  2915 D DPUModule: [ …śhu] support: 0
04-18 15:33:27.059   674 11196 I audio_hw_primary: app type:0x   0, is_voip:0, device:2, pcm:-352510464, usecase:0x   8
04-18 15:33:27.074   679  2915 I DPUModule: DpuR5P0::checkLayerFormat <142>: checkLayerFormat: Format(1)
04-18 15:33:27.074   679  2915 I DPUModule: DpuR5P0::checkTransform <35>: checkTransform: Transform(0), SRCRect(0,0)
04-18 15:33:27.074   679  2915 I DPUModule: DpuR5P0::checkAFBCBlockSize <97>: checkAFBCBlockSize: compressed(1),format(1), pitch(720), vstride(1616)
04-18 15:33:27.074   679  2915 I DPUModule: DpuR5P0::checkLayerFormat <142>: checkLayerFormat: Format(1)
04-18 15:33:27.074   679  2915 I DPUModule: DpuR5P0::checkTransform <35>: checkTransform: Transform(0), SRCRect(0,0)
04-18 15:33:27.074   679  2915 I DPUModule: DpuR5P0::checkAFBCBlockSize <97>: checkAFBCBlockSize: compressed(1),format(1), pitch(720), vstride(80)
04-18 15:33:27.074   679  2915 I DPUModule: DpuR5P0::checkLayerFormat <142>: checkLayerFormat: Format(1)
04-18 15:33:27.074   679  2915 I DPUModule: DpuR5P0::checkTransform <35>: checkTransform: Transform(0), SRCRect(0,0)
04-18 15:33:27.074   679  2915 I DPUModule: DpuR5P0::checkAFBCBlockSize <97>: checkAFBCBlockSize: compressed(1),format(1), pitch(720), vstride(96)
04-18 15:33:27.074   679  2915 D DPUModule: [ …śhu] support: 0
04-18 15:33:27.091   679  2915 I DPUModule: DpuR5P0::checkLayerFormat <142>: checkLayerFormat: Format(1)
04-18 15:33:27.091   679  2915 I DPUModule: DpuR5P0::checkTransform <35>: checkTransform: Transform(0), SRCRect(0,0)
04-18 15:33:27.091   679  2915 I DPUModule: DpuR5P0::checkAFBCBlockSize <97>: checkAFBCBlockSize: compressed(1),format(1), pitch(720), vstride(1616)
04-18 15:33:27.091   679  2915 I DPUModule: DpuR5P0::checkLayerFormat <142>: checkLayerFormat: Format(1)
04-18 15:33:27.091   679  2915 I DPUModule: DpuR5P0::checkTransform <35>: checkTransform: Transform(0), SRCRect(0,0)
04-18 15:33:27.091   679  2915 I DPUModule: DpuR5P0::checkAFBCBlockSize <97>: checkAFBCBlockSize: compressed(1),format(1), pitch(720), vstride(80)
04-18 15:33:27.091   679  2915 I DPUModule: DpuR5P0::checkLayerFormat <142>: checkLayerFormat: Format(1)
04-18 15:33:27.091   679  2915 I DPUModule: DpuR5P0::checkTransform <35>: checkTransform: Transform(0), SRCRect(0,0)
04-18 15:33:27.091   679  2915 I DPUModule: DpuR5P0::checkAFBCBlockSize <97>: checkAFBCBlockSize: compressed(1),format(1), pitch(720), vstride(96)
04-18 15:33:27.091   679  2915 D DPUModule: [ …śhu] support: 0
04-18 15:33:27.100   674 11196 I audio_hw_primary: app type:0x   0, is_voip:0, device:2, pcm:-352510464, usecase:0x   8
04-18 15:33:27.107   679  2915 I DPUModule: DpuR5P0::checkLayerFormat <142>: checkLayerFormat: Format(1)
04-18 15:33:27.107   679  2915 I DPUModule: DpuR5P0::checkTransform <35>: checkTransform: Transform(0), SRCRect(0,0)
04-18 15:33:27.107   679  2915 I DPUModule: DpuR5P0::checkAFBCBlockSize <97>: checkAFBCBlockSize: compressed(1),format(1), pitch(720), vstride(1616)
04-18 15:33:27.107   679  2915 I DPUModule: DpuR5P0::checkLayerFormat <142>: checkLayerFormat: Format(1)
04-18 15:33:27.107   679  2915 I DPUModule: DpuR5P0::checkTransform <35>: checkTransform: Transform(0), SRCRect(0,0)
04-18 15:33:27.107   679  2915 I DPUModule: DpuR5P0::checkAFBCBlockSize <97>: checkAFBCBlockSize: compressed(1),format(1), pitch(720), vstride(80)
04-18 15:33:27.107   679  2915 I DPUModule: DpuR5P0::checkLayerFormat <142>: checkLayerFormat: Format(1)
04-18 15:33:27.107   679  2915 I DPUModule: DpuR5P0::checkTransform <35>: checkTransform: Transform(0), SRCRect(0,0)
04-18 15:33:27.107   679  2915 I DPUModule: DpuR5P0::checkAFBCBlockSize <97>: checkAFBCBlockSize: compressed(1),format(1), pitch(720), vstride(96)
04-18 15:33:27.107   679  2915 D DPUModule: [ …śhu] support: 0
04-18 15:33:27.141   679  2915 I DPUModule: DpuR5P0::checkLayerFormat <142>: checkLayerFormat: Format(1)
04-18 15:33:27.141   679  2915 I DPUModule: DpuR5P0::checkTransform <35>: checkTransform: Transform(0), SRCRect(0,0)
04-18 15:33:27.141   679  2915 I DPUModule: DpuR5P0::checkAFBCBlockSize <97>: checkAFBCBlockSize: compressed(1),format(1), pitch(720), vstride(1616)
04-18 15:33:27.141   679  2915 I DPUModule: DpuR5P0::checkLayerFormat <142>: checkLayerFormat: Format(1)
04-18 15:33:27.141   679  2915 I DPUModule: DpuR5P0::checkTransform <35>: checkTransform: Transform(0), SRCRect(0,0)
04-18 15:33:27.141   679  2915 I DPUModule: DpuR5P0::checkAFBCBlockSize <97>: checkAFBCBlockSize: compressed(1),format(1), pitch(720), vstride(80)
04-18 15:33:27.141   679  2915 I DPUModule: DpuR5P0::checkLayerFormat <142>: checkLayerFormat: Format(1)
04-18 15:33:27.141   679  2915 I DPUModule: DpuR5P0::checkTransform <35>: checkTransform: Transform(0), SRCRect(0,0)
04-18 15:33:27.141   679  2915 I DPUModule: DpuR5P0::checkAFBCBlockSize <97>: checkAFBCBlockSize: compressed(1),format(1), pitch(720), vstride(96)
04-18 15:33:27.141   679  2915 D DPUModule: [ …śhu] support: 0
04-18 15:33:27.142   674 11196 I audio_hw_primary: app type:0x   0, is_voip:0, device:2, pcm:-352510464, usecase:0x   8
04-18 15:33:27.174   679  2915 I DPUModule: DpuR5P0::checkLayerFormat <142>: checkLayerFormat: Format(1)
04-18 15:33:27.174   679  2915 I DPUModule: DpuR5P0::checkTransform <35>: checkTransform: Transform(0), SRCRect(0,0)
04-18 15:33:27.174   679  2915 I DPUModule: DpuR5P0::checkAFBCBlockSize <97>: checkAFBCBlockSize: compressed(1),format(1), pitch(720), vstride(1616)
04-18 15:33:27.174   679  2915 I DPUModule: DpuR5P0::checkLayerFormat <142>: checkLayerFormat: Format(1)
04-18 15:33:27.174   679  2915 I DPUModule: DpuR5P0::checkTransform <35>: checkTransform: Transform(0), SRCRect(0,0)
04-18 15:33:27.174   679  2915 I DPUModule: DpuR5P0::checkAFBCBlockSize <97>: checkAFBCBlockSize: compressed(1),format(1), pitch(720), vstride(80)
04-18 15:33:27.174   679  2915 I DPUModule: DpuR5P0::checkLayerFormat <142>: checkLayerFormat: Format(1)
04-18 15:33:27.174   679  2915 I DPUModule: DpuR5P0::checkTransform <35>: checkTransform: Transform(0), SRCRect(0,0)
04-18 15:33:27.174   679  2915 I DPUModule: DpuR5P0::checkAFBCBlockSize <97>: checkAFBCBlockSize: compressed(1),format(1), pitch(720), vstride(96)
04-18 15:33:27.174   679  2915 D DPUModule: [ …śhu] support: 0
04-18 15:33:27.182   674 11196 I audio_hw_primary: app type:0x   0, is_voip:0, device:2, pcm:-352510464, usecase:0x   8
04-18 15:33:27.191   679  2915 I DPUModule: DpuR5P0::checkLayerFormat <142>: checkLayerFormat: Format(1)
04-18 15:33:27.191   679  2915 I DPUModule: DpuR5P0::checkTransform <35>: checkTransform: Transform(0), SRCRect(0,0)
04-18 15:33:27.191   679  2915 I DPUModule: DpuR5P0::checkAFBCBlockSize <97>: checkAFBCBlockSize: compressed(1),format(1), pitch(720), vstride(1616)
04-18 15:33:27.191   679  2915 I DPUModule: DpuR5P0::checkLayerFormat <142>: checkLayerFormat: Format(1)
04-18 15:33:27.191   679  2915 I DPUModule: DpuR5P0::checkTransform <35>: checkTransform: Transform(0), SRCRect(0,0)
04-18 15:33:27.191   679  2915 I DPUModule: DpuR5P0::checkAFBCBlockSize <97>: checkAFBCBlockSize: compressed(1),format(1), pitch(720), vstride(80)
04-18 15:33:27.191   679  2915 I DPUModule: DpuR5P0::checkLayerFormat <142>: checkLayerFormat: Format(1)
04-18 15:33:27.191   679  2915 I DPUModule: DpuR5P0::checkTransform <35>: checkTransform: Transform(0), SRCRect(0,0)
04-18 15:33:27.191   679  2915 I DPUModule: DpuR5P0::checkAFBCBlockSize <97>: checkAFBCBlockSize: compressed(1),format(1), pitch(720), vstride(96)
04-18 15:33:27.191   679  2915 D DPUModule: [ …śhu] support: 0
04-18 15:33:27.207   679  2915 I DPUModule: DpuR5P0::checkLayerFormat <142>: checkLayerFormat: Format(1)
04-18 15:33:27.207   679  2915 I DPUModule: DpuR5P0::checkTransform <35>: checkTransform: Transform(0), SRCRect(0,0)
04-18 15:33:27.207   679  2915 I DPUModule: DpuR5P0::checkAFBCBlockSize <97>: checkAFBCBlockSize: compressed(1),format(1), pitch(720), vstride(1616)
04-18 15:33:27.207   679  2915 I DPUModule: DpuR5P0::checkLayerFormat <142>: checkLayerFormat: Format(1)
04-18 15:33:27.207   679  2915 I DPUModule: DpuR5P0::checkTransform <35>: checkTransform: Transform(0), SRCRect(0,0)
04-18 15:33:27.207   679  2915 I DPUModule: DpuR5P0::checkAFBCBlockSize <97>: checkAFBCBlockSize: compressed(1),format(1), pitch(720), vstride(80)
04-18 15:33:27.207   679  2915 I DPUModule: DpuR5P0::checkLayerFormat <142>: checkLayerFormat: Format(1)
04-18 15:33:27.207   679  2915 I DPUModule: DpuR5P0::checkTransform <35>: checkTransform: Transform(0), SRCRect(0,0)
04-18 15:33:27.207   679  2915 I DPUModule: DpuR5P0::checkAFBCBlockSize <97>: checkAFBCBlockSize: compressed(1),format(1), pitch(720), vstride(96)
04-18 15:33:27.207   679  2915 D DPUModule: [ …śhu] support: 0
04-18 15:33:27.223   674 11196 I audio_hw_primary: app type:0x   0, is_voip:0, device:2, pcm:-352510464, usecase:0x   8
04-18 15:33:27.241   679  2915 I DPUModule: DpuR5P0::checkLayerFormat <142>: checkLayerFormat: Format(1)
04-18 15:33:27.241   679  2915 I DPUModule: DpuR5P0::checkTransform <35>: checkTransform: Transform(0), SRCRect(0,0)
04-18 15:33:27.241   679  2915 I DPUModule: DpuR5P0::checkAFBCBlockSize <97>: checkAFBCBlockSize: compressed(1),format(1), pitch(720), vstride(1616)
04-18 15:33:27.241   679  2915 I DPUModule: DpuR5P0::checkLayerFormat <142>: checkLayerFormat: Format(1)
04-18 15:33:27.241   679  2915 I DPUModule: DpuR5P0::checkTransform <35>: checkTransform: Transform(0), SRCRect(0,0)
04-18 15:33:27.241   679  2915 I DPUModule: DpuR5P0::checkAFBCBlockSize <97>: checkAFBCBlockSize: compressed(1),format(1), pitch(720), vstride(80)
04-18 15:33:27.241   679  2915 I DPUModule: DpuR5P0::checkLayerFormat <142>: checkLayerFormat: Format(1)
04-18 15:33:27.241   679  2915 I DPUModule: DpuR5P0::checkTransform <35>: checkTransform: Transform(0), SRCRect(0,0)
04-18 15:33:27.241   679  2915 I DPUModule: DpuR5P0::checkAFBCBlockSize <97>: checkAFBCBlockSize: compressed(1),format(1), pitch(720), vstride(96)
04-18 15:33:27.241   679  2915 D DPUModule: [ …śhu] support: 0
04-18 15:33:27.260   674 11196 I audio_hw_primary: app type:0x   0, is_voip:0, device:2, pcm:-352510464, usecase:0x   8
04-18 15:33:27.274   679  2915 I DPUModule: DpuR5P0::checkLayerFormat <142>: checkLayerFormat: Format(1)
04-18 15:33:27.275   679  2915 I DPUModule: DpuR5P0::checkTransform <35>: checkTransform: Transform(0), SRCRect(0,0)
04-18 15:33:27.275   679  2915 I DPUModule: DpuR5P0::checkAFBCBlockSize <97>: checkAFBCBlockSize: compressed(1),format(1), pitch(720), vstride(1616)
04-18 15:33:27.275   679  2915 I DPUModule: DpuR5P0::checkLayerFormat <142>: checkLayerFormat: Format(1)
04-18 15:33:27.275   679  2915 I DPUModule: DpuR5P0::checkTransform <35>: checkTransform: Transform(0), SRCRect(0,0)
04-18 15:33:27.275   679  2915 I DPUModule: DpuR5P0::checkAFBCBlockSize <97>: checkAFBCBlockSize: compressed(1),format(1), pitch(720), vstride(80)
04-18 15:33:27.275   679  2915 I DPUModule: DpuR5P0::checkLayerFormat <142>: checkLayerFormat: Format(1)
04-18 15:33:27.275   679  2915 I DPUModule: DpuR5P0::checkTransform <35>: checkTransform: Transform(0), SRCRect(0,0)
04-18 15:33:27.275   679  2915 I DPUModule: DpuR5P0::checkAFBCBlockSize <97>: checkAFBCBlockSize: compressed(1),format(1), pitch(720), vstride(96)
04-18 15:33:27.275   679  2915 D DPUModule: [ …śhu] support: 0
04-18 15:33:27.291   679  2915 I DPUModule: DpuR5P0::checkLayerFormat <142>: checkLayerFormat: Format(1)
04-18 15:33:27.291   679  2915 I DPUModule: DpuR5P0::checkTransform <35>: checkTransform: Transform(0), SRCRect(0,0)
04-18 15:33:27.291   679  2915 I DPUModule: DpuR5P0::checkAFBCBlockSize <97>: checkAFBCBlockSize: compressed(1),format(1), pitch(720), vstride(1616)
04-18 15:33:27.291   679  2915 I DPUModule: DpuR5P0::checkLayerFormat <142>: checkLayerFormat: Format(1)
04-18 15:33:27.291   679  2915 I DPUModule: DpuR5P0::checkTransform <35>: checkTransform: Transform(0), SRCRect(0,0)
04-18 15:33:27.291   679  2915 I DPUModule: DpuR5P0::checkAFBCBlockSize <97>: checkAFBCBlockSize: compressed(1),format(1), pitch(720), vstride(80)
04-18 15:33:27.291   679  2915 I DPUModule: DpuR5P0::checkLayerFormat <142>: checkLayerFormat: Format(1)
04-18 15:33:27.291   679  2915 I DPUModule: DpuR5P0::checkTransform <35>: checkTransform: Transform(0), SRCRect(0,0)
04-18 15:33:27.291   679  2915 I DPUModule: DpuR5P0::checkAFBCBlockSize <97>: checkAFBCBlockSize: compressed(1),format(1), pitch(720), vstride(96)
04-18 15:33:27.291   679  2915 D DPUModule: [ …śhu] support: 0
04-18 15:33:27.301   674 11196 I audio_hw_primary: app type:0x   0, is_voip:0, device:2, pcm:-352510464, usecase:0x   8
04-18 15:33:27.307   679  2915 I DPUModule: DpuR5P0::checkLayerFormat <142>: checkLayerFormat: Format(1)
04-18 15:33:27.308   679  2915 I DPUModule: DpuR5P0::checkTransform <35>: checkTransform: Transform(0), SRCRect(0,0)
04-18 15:33:27.308   679  2915 I DPUModule: DpuR5P0::checkAFBCBlockSize <97>: checkAFBCBlockSize: compressed(1),format(1), pitch(720), vstride(1616)
04-18 15:33:27.308   679  2915 I DPUModule: DpuR5P0::checkLayerFormat <142>: checkLayerFormat: Format(1)
04-18 15:33:27.308   679  2915 I DPUModule: DpuR5P0::checkTransform <35>: checkTransform: Transform(0), SRCRect(0,0)
04-18 15:33:27.308   679  2915 I DPUModule: DpuR5P0::checkAFBCBlockSize <97>: checkAFBCBlockSize: compressed(1),format(1), pitch(720), vstride(80)
04-18 15:33:27.308   679  2915 I DPUModule: DpuR5P0::checkLayerFormat <142>: checkLayerFormat: Format(1)
04-18 15:33:27.308   679  2915 I DPUModule: DpuR5P0::checkTransform <35>: checkTransform: Transform(0), SRCRect(0,0)
04-18 15:33:27.308   679  2915 I DPUModule: DpuR5P0::checkAFBCBlockSize <97>: checkAFBCBlockSize: compressed(1),format(1), pitch(720), vstride(96)
04-18 15:33:27.308   679  2915 D DPUModule: [ …śhu] support: 0
04-18 15:33:27.339   674 11196 I audio_hw_primary: app type:0x   0, is_voip:0, device:2, pcm:-352510464, usecase:0x   8
04-18 15:33:27.341   679  2915 I DPUModule: DpuR5P0::checkLayerFormat <142>: checkLayerFormat: Format(1)
04-18 15:33:27.341   679  2915 I DPUModule: DpuR5P0::checkTransform <35>: checkTransform: Transform(0), SRCRect(0,0)
04-18 15:33:27.341   679  2915 I DPUModule: DpuR5P0::checkAFBCBlockSize <97>: checkAFBCBlockSize: compressed(1),format(1), pitch(720), vstride(1616)
04-18 15:33:27.341   679  2915 I DPUModule: DpuR5P0::checkLayerFormat <142>: checkLayerFormat: Format(1)
04-18 15:33:27.341   679  2915 I DPUModule: DpuR5P0::checkTransform <35>: checkTransform: Transform(0), SRCRect(0,0)
04-18 15:33:27.341   679  2915 I DPUModule: DpuR5P0::checkAFBCBlockSize <97>: checkAFBCBlockSize: compressed(1),format(1), pitch(720), vstride(80)
04-18 15:33:27.341   679  2915 I DPUModule: DpuR5P0::checkLayerFormat <142>: checkLayerFormat: Format(1)
04-18 15:33:27.341   679  2915 I DPUModule: DpuR5P0::checkTransform <35>: checkTransform: Transform(0), SRCRect(0,0)
04-18 15:33:27.341   679  2915 I DPUModule: DpuR5P0::checkAFBCBlockSize <97>: checkAFBCBlockSize: compressed(1),format(1), pitch(720), vstride(96)
04-18 15:33:27.341   679  2915 D DPUModule: [ …śhu] support: 0
04-18 15:33:27.374   679  2915 I DPUModule: DpuR5P0::checkLayerFormat <142>: checkLayerFormat: Format(1)
04-18 15:33:27.374   679  2915 I DPUModule: DpuR5P0::checkTransform <35>: checkTransform: Transform(0), SRCRect(0,0)
04-18 15:33:27.374   679  2915 I DPUModule: DpuR5P0::checkAFBCBlockSize <97>: checkAFBCBlockSize: compressed(1),format(1), pitch(720), vstride(1616)
04-18 15:33:27.375   679  2915 I DPUModule: DpuR5P0::checkLayerFormat <142>: checkLayerFormat: Format(1)
04-18 15:33:27.375   679  2915 I DPUModule: DpuR5P0::checkTransform <35>: checkTransform: Transform(0), SRCRect(0,0)
04-18 15:33:27.375   679  2915 I DPUModule: DpuR5P0::checkAFBCBlockSize <97>: checkAFBCBlockSize: compressed(1),format(1), pitch(720), vstride(80)
04-18 15:33:27.375   679  2915 I DPUModule: DpuR5P0::checkLayerFormat <142>: checkLayerFormat: Format(1)
04-18 15:33:27.375   679  2915 I DPUModule: DpuR5P0::checkTransform <35>: checkTransform: Transform(0), SRCRect(0,0)
04-18 15:33:27.375   679  2915 I DPUModule: DpuR5P0::checkAFBCBlockSize <97>: checkAFBCBlockSize: compressed(1),format(1), pitch(720), vstride(96)
04-18 15:33:27.375   679  2915 D DPUModule: [ …śhu] support: 0
04-18 15:33:27.383   674 11196 I audio_hw_primary: app type:0x   0, is_voip:0, device:2, pcm:-352510464, usecase:0x   8
04-18 15:33:27.408   679  2915 I DPUModule: DpuR5P0::checkLayerFormat <142>: checkLayerFormat: Format(1)
04-18 15:33:27.408   679  2915 I DPUModule: DpuR5P0::checkTransform <35>: checkTransform: Transform(0), SRCRect(0,0)
04-18 15:33:27.408   679  2915 I DPUModule: DpuR5P0::checkAFBCBlockSize <97>: checkAFBCBlockSize: compressed(1),format(1), pitch(720), vstride(1616)
04-18 15:33:27.408   679  2915 I DPUModule: DpuR5P0::checkLayerFormat <142>: checkLayerFormat: Format(1)
04-18 15:33:27.408   679  2915 I DPUModule: DpuR5P0::checkTransform <35>: checkTransform: Transform(0), SRCRect(0,0)
04-18 15:33:27.408   679  2915 I DPUModule: DpuR5P0::checkAFBCBlockSize <97>: checkAFBCBlockSize: compressed(1),format(1), pitch(720), vstride(80)
04-18 15:33:27.408   679  2915 I DPUModule: DpuR5P0::checkLayerFormat <142>: checkLayerFormat: Format(1)
04-18 15:33:27.408   679  2915 I DPUModule: DpuR5P0::checkTransform <35>: checkTransform: Transform(0), SRCRect(0,0)
04-18 15:33:27.408   679  2915 I DPUModule: DpuR5P0::checkAFBCBlockSize <97>: checkAFBCBlockSize: compressed(1),format(1), pitch(720), vstride(96)
04-18 15:33:27.408   679  2915 D DPUModule: [ …śhu] support: 0
04-18 15:33:27.420   674 11196 I audio_hw_primary: app type:0x   0, is_voip:0, device:2, pcm:-352510464, usecase:0x   8
04-18 15:33:27.441   679  2915 I DPUModule: DpuR5P0::checkLayerFormat <142>: checkLayerFormat: Format(1)
04-18 15:33:27.441   679  2915 I DPUModule: DpuR5P0::checkTransform <35>: checkTransform: Transform(0), SRCRect(0,0)
04-18 15:33:27.441   679  2915 I DPUModule: DpuR5P0::checkAFBCBlockSize <97>: checkAFBCBlockSize: compressed(1),format(1), pitch(720), vstride(1616)
04-18 15:33:27.441   679  2915 I DPUModule: DpuR5P0::checkLayerFormat <142>: checkLayerFormat: Format(1)
04-18 15:33:27.441   679  2915 I DPUModule: DpuR5P0::checkTransform <35>: checkTransform: Transform(0), SRCRect(0,0)
04-18 15:33:27.441   679  2915 I DPUModule: DpuR5P0::checkAFBCBlockSize <97>: checkAFBCBlockSize: compressed(1),format(1), pitch(720), vstride(80)
04-18 15:33:27.441   679  2915 I DPUModule: DpuR5P0::checkLayerFormat <142>: checkLayerFormat: Format(1)
04-18 15:33:27.441   679  2915 I DPUModule: DpuR5P0::checkTransform <35>: checkTransform: Transform(0), SRCRect(0,0)
04-18 15:33:27.441   679  2915 I DPUModule: DpuR5P0::checkAFBCBlockSize <97>: checkAFBCBlockSize: compressed(1),format(1), pitch(720), vstride(96)
04-18 15:33:27.442   679  2915 D DPUModule: [ …śhu] support: 0
04-18 15:33:27.458   679  2915 I DPUModule: DpuR5P0::checkLayerFormat <142>: checkLayerFormat: Format(1)
04-18 15:33:27.458   679  2915 I DPUModule: DpuR5P0::checkTransform <35>: checkTransform: Transform(0), SRCRect(0,0)
04-18 15:33:27.458   679  2915 I DPUModule: DpuR5P0::checkAFBCBlockSize <97>: checkAFBCBlockSize: compressed(1),format(1), pitch(720), vstride(1616)
04-18 15:33:27.458   679  2915 I DPUModule: DpuR5P0::checkLayerFormat <142>: checkLayerFormat: Format(1)
04-18 15:33:27.458   679  2915 I DPUModule: DpuR5P0::checkTransform <35>: checkTransform: Transform(0), SRCRect(0,0)
04-18 15:33:27.458   679  2915 I DPUModule: DpuR5P0::checkAFBCBlockSize <97>: checkAFBCBlockSize: compressed(1),format(1), pitch(720), vstride(80)
04-18 15:33:27.458   679  2915 I DPUModule: DpuR5P0::checkLayerFormat <142>: checkLayerFormat: Format(1)
04-18 15:33:27.458   679  2915 I DPUModule: DpuR5P0::checkTransform <35>: checkTransform: Transform(0), SRCRect(0,0)
04-18 15:33:27.458   679  2915 I DPUModule: DpuR5P0::checkAFBCBlockSize <97>: checkAFBCBlockSize: compressed(1),format(1), pitch(720), vstride(96)
04-18 15:33:27.458   679  2915 D DPUModule: [ …śhu] support: 0
04-18 15:33:27.460   674 11196 I audio_hw_primary: app type:0x   0, is_voip:0, device:2, pcm:-352510464, usecase:0x   8
04-18 15:33:27.474   679  2915 I DPUModule: DpuR5P0::checkLayerFormat <142>: checkLayerFormat: Format(1)
04-18 15:33:27.474   679  2915 I DPUModule: DpuR5P0::checkTransform <35>: checkTransform: Transform(0), SRCRect(0,0)
04-18 15:33:27.474   679  2915 I DPUModule: DpuR5P0::checkAFBCBlockSize <97>: checkAFBCBlockSize: compressed(1),format(1), pitch(720), vstride(1616)
04-18 15:33:27.474   679  2915 I DPUModule: DpuR5P0::checkLayerFormat <142>: checkLayerFormat: Format(1)
04-18 15:33:27.474   679  2915 I DPUModule: DpuR5P0::checkTransform <35>: checkTransform: Transform(0), SRCRect(0,0)
04-18 15:33:27.474   679  2915 I DPUModule: DpuR5P0::checkAFBCBlockSize <97>: checkAFBCBlockSize: compressed(1),format(1), pitch(720), vstride(80)
04-18 15:33:27.474   679  2915 I DPUModule: DpuR5P0::checkLayerFormat <142>: checkLayerFormat: Format(1)
04-18 15:33:27.474   679  2915 I DPUModule: DpuR5P0::checkTransform <35>: checkTransform: Transform(0), SRCRect(0,0)
04-18 15:33:27.474   679  2915 I DPUModule: DpuR5P0::checkAFBCBlockSize <97>: checkAFBCBlockSize: compressed(1),format(1), pitch(720), vstride(96)
04-18 15:33:27.474   679  2915 D DPUModule: [ …śhu] support: 0
04-18 15:33:27.499   674 11196 I audio_hw_primary: app type:0x   0, is_voip:0, device:2, pcm:-352510464, usecase:0x   8
04-18 15:33:27.507   679  2915 I DPUModule: DpuR5P0::checkLayerFormat <142>: checkLayerFormat: Format(1)
04-18 15:33:27.508   679  2915 I DPUModule: DpuR5P0::checkTransform <35>: checkTransform: Transform(0), SRCRect(0,0)
04-18 15:33:27.508   679  2915 I DPUModule: DpuR5P0::checkAFBCBlockSize <97>: checkAFBCBlockSize: compressed(1),format(1), pitch(720), vstride(1616)
04-18 15:33:27.508   679  2915 I DPUModule: DpuR5P0::checkLayerFormat <142>: checkLayerFormat: Format(1)
04-18 15:33:27.508   679  2915 I DPUModule: DpuR5P0::checkTransform <35>: checkTransform: Transform(0), SRCRect(0,0)
04-18 15:33:27.508   679  2915 I DPUModule: DpuR5P0::checkAFBCBlockSize <97>: checkAFBCBlockSize: compressed(1),format(1), pitch(720), vstride(80)
04-18 15:33:27.508   679  2915 I DPUModule: DpuR5P0::checkLayerFormat <142>: checkLayerFormat: Format(1)
04-18 15:33:27.508   679  2915 I DPUModule: DpuR5P0::checkTransform <35>: checkTransform: Transform(0), SRCRect(0,0)
04-18 15:33:27.508   679  2915 I DPUModule: DpuR5P0::checkAFBCBlockSize <97>: checkAFBCBlockSize: compressed(1),format(1), pitch(720), vstride(96)
04-18 15:33:27.508   679  2915 D DPUModule: [ …śhu] support: 0
04-18 15:33:27.541   679  2915 I DPUModule: DpuR5P0::checkLayerFormat <142>: checkLayerFormat: Format(1)
04-18 15:33:27.541   679  2915 I DPUModule: DpuR5P0::checkTransform <35>: checkTransform: Transform(0), SRCRect(0,0)
04-18 15:33:27.541   679  2915 I DPUModule: DpuR5P0::checkAFBCBlockSize <97>: checkAFBCBlockSize: compressed(1),format(1), pitch(720), vstride(1616)
04-18 15:33:27.541   679  2915 I DPUModule: DpuR5P0::checkLayerFormat <142>: checkLayerFormat: Format(1)
04-18 15:33:27.541   679  2915 I DPUModule: DpuR5P0::checkTransform <35>: checkTransform: Transform(0), SRCRect(0,0)
04-18 15:33:27.541   679  2915 I DPUModule: DpuR5P0::checkAFBCBlockSize <97>: checkAFBCBlockSize: compressed(1),format(1), pitch(720), vstride(80)
04-18 15:33:27.541   679  2915 I DPUModule: DpuR5P0::checkLayerFormat <142>: checkLayerFormat: Format(1)
04-18 15:33:27.541   679  2915 I DPUModule: DpuR5P0::checkTransform <35>: checkTransform: Transform(0), SRCRect(0,0)
04-18 15:33:27.541   679  2915 I DPUModule: DpuR5P0::checkAFBCBlockSize <97>: checkAFBCBlockSize: compressed(1),format(1), pitch(720), vstride(96)
04-18 15:33:27.541   679  2915 D DPUModule: [ …śhu] support: 0
04-18 15:33:27.544   674 11196 I audio_hw_primary: app type:0x   0, is_voip:0, device:2, pcm:-352510464, usecase:0x   8
04-18 15:33:27.557   679  2915 I DPUModule: DpuR5P0::checkLayerFormat <142>: checkLayerFormat: Format(1)
04-18 15:33:27.557   679  2915 I DPUModule: DpuR5P0::checkTransform <35>: checkTransform: Transform(0), SRCRect(0,0)
04-18 15:33:27.557   679  2915 I DPUModule: DpuR5P0::checkAFBCBlockSize <97>: checkAFBCBlockSize: compressed(1),format(1), pitch(720), vstride(1616)
04-18 15:33:27.558   679  2915 I DPUModule: DpuR5P0::checkLayerFormat <142>: checkLayerFormat: Format(1)
04-18 15:33:27.558   679  2915 I DPUModule: DpuR5P0::checkTransform <35>: checkTransform: Transform(0), SRCRect(0,0)
04-18 15:33:27.558   679  2915 I DPUModule: DpuR5P0::checkAFBCBlockSize <97>: checkAFBCBlockSize: compressed(1),format(1), pitch(720), vstride(80)
04-18 15:33:27.558   679  2915 I DPUModule: DpuR5P0::checkLayerFormat <142>: checkLayerFormat: Format(1)
04-18 15:33:27.558   679  2915 I DPUModule: DpuR5P0::checkTransform <35>: checkTransform: Transform(0), SRCRect(0,0)
04-18 15:33:27.558   679  2915 I DPUModule: DpuR5P0::checkAFBCBlockSize <97>: checkAFBCBlockSize: compressed(1),format(1), pitch(720), vstride(96)
04-18 15:33:27.558   679  2915 D DPUModule: [ …śhu] support: 0
04-18 15:33:27.574   679  2915 I DPUModule: DpuR5P0::checkLayerFormat <142>: checkLayerFormat: Format(1)
04-18 15:33:27.574   679  2915 I DPUModule: DpuR5P0::checkTransform <35>: checkTransform: Transform(0), SRCRect(0,0)
04-18 15:33:27.574   679  2915 I DPUModule: DpuR5P0::checkAFBCBlockSize <97>: checkAFBCBlockSize: compressed(1),format(1), pitch(720), vstride(1616)
04-18 15:33:27.574   679  2915 I DPUModule: DpuR5P0::checkLayerFormat <142>: checkLayerFormat: Format(1)
04-18 15:33:27.574   679  2915 I DPUModule: DpuR5P0::checkTransform <35>: checkTransform: Transform(0), SRCRect(0,0)
04-18 15:33:27.574   679  2915 I DPUModule: DpuR5P0::checkAFBCBlockSize <97>: checkAFBCBlockSize: compressed(1),format(1), pitch(720), vstride(80)
04-18 15:33:27.574   679  2915 I DPUModule: DpuR5P0::checkLayerFormat <142>: checkLayerFormat: Format(1)
04-18 15:33:27.574   679  2915 I DPUModule: DpuR5P0::checkTransform <35>: checkTransform: Transform(0), SRCRect(0,0)
04-18 15:33:27.574   679  2915 I DPUModule: DpuR5P0::checkAFBCBlockSize <97>: checkAFBCBlockSize: compressed(1),format(1), pitch(720), vstride(96)
04-18 15:33:27.574   679  2915 D DPUModule: [ …śhu] support: 0
04-18 15:33:27.580   674 11196 I audio_hw_primary: app type:0x   0, is_voip:0, device:2, pcm:-352510464, usecase:0x   8
04-18 15:33:27.607   679  2915 I DPUModule: DpuR5P0::checkLayerFormat <142>: checkLayerFormat: Format(1)
04-18 15:33:27.607   679  2915 I DPUModule: DpuR5P0::checkTransform <35>: checkTransform: Transform(0), SRCRect(0,0)
04-18 15:33:27.608   679  2915 I DPUModule: DpuR5P0::checkAFBCBlockSize <97>: checkAFBCBlockSize: compressed(1),format(1), pitch(720), vstride(1616)
04-18 15:33:27.608   679  2915 I DPUModule: DpuR5P0::checkLayerFormat <142>: checkLayerFormat: Format(1)
04-18 15:33:27.608   679  2915 I DPUModule: DpuR5P0::checkTransform <35>: checkTransform: Transform(0), SRCRect(0,0)
04-18 15:33:27.608   679  2915 I DPUModule: DpuR5P0::checkAFBCBlockSize <97>: checkAFBCBlockSize: compressed(1),format(1), pitch(720), vstride(80)
04-18 15:33:27.608   679  2915 I DPUModule: DpuR5P0::checkLayerFormat <142>: checkLayerFormat: Format(1)
04-18 15:33:27.608   679  2915 I DPUModule: DpuR5P0::checkTransform <35>: checkTransform: Transform(0), SRCRect(0,0)
04-18 15:33:27.608   679  2915 I DPUModule: DpuR5P0::checkAFBCBlockSize <97>: checkAFBCBlockSize: compressed(1),format(1), pitch(720), vstride(96)
04-18 15:33:27.608   679  2915 D DPUModule: [ …śhu] support: 0
04-18 15:33:27.621   674 11196 I audio_hw_primary: app type:0x   0, is_voip:0, device:2, pcm:-352510464, usecase:0x   8
04-18 15:33:27.641   679  2915 I DPUModule: DpuR5P0::checkLayerFormat <142>: checkLayerFormat: Format(1)
04-18 15:33:27.641   679  2915 I DPUModule: DpuR5P0::checkTransform <35>: checkTransform: Transform(0), SRCRect(0,0)
04-18 15:33:27.641   679  2915 I DPUModule: DpuR5P0::checkAFBCBlockSize <97>: checkAFBCBlockSize: compressed(1),format(1), pitch(720), vstride(1616)
04-18 15:33:27.641   679  2915 I DPUModule: DpuR5P0::checkLayerFormat <142>: checkLayerFormat: Format(1)
04-18 15:33:27.641   679  2915 I DPUModule: DpuR5P0::checkTransform <35>: checkTransform: Transform(0), SRCRect(0,0)
04-18 15:33:27.641   679  2915 I DPUModule: DpuR5P0::checkAFBCBlockSize <97>: checkAFBCBlockSize: compressed(1),format(1), pitch(720), vstride(80)
04-18 15:33:27.641   679  2915 I DPUModule: DpuR5P0::checkLayerFormat <142>: checkLayerFormat: Format(1)
04-18 15:33:27.641   679  2915 I DPUModule: DpuR5P0::checkTransform <35>: checkTransform: Transform(0), SRCRect(0,0)
04-18 15:33:27.641   679  2915 I DPUModule: DpuR5P0::checkAFBCBlockSize <97>: checkAFBCBlockSize: compressed(1),format(1), pitch(720), vstride(96)
04-18 15:33:27.641   679  2915 D DPUModule: [ …śhu] support: 0
04-18 15:33:27.657   679  2915 I DPUModule: DpuR5P0::checkLayerFormat <142>: checkLayerFormat: Format(1)
04-18 15:33:27.657   679  2915 I DPUModule: DpuR5P0::checkTransform <35>: checkTransform: Transform(0), SRCRect(0,0)
04-18 15:33:27.657   679  2915 I DPUModule: DpuR5P0::checkAFBCBlockSize <97>: checkAFBCBlockSize: compressed(1),format(1), pitch(720), vstride(1616)
04-18 15:33:27.657   679  2915 I DPUModule: DpuR5P0::checkLayerFormat <142>: checkLayerFormat: Format(1)
04-18 15:33:27.657   679  2915 I DPUModule: DpuR5P0::checkTransform <35>: checkTransform: Transform(0), SRCRect(0,0)
04-18 15:33:27.657   679  2915 I DPUModule: DpuR5P0::checkAFBCBlockSize <97>: checkAFBCBlockSize: compressed(1),format(1), pitch(720), vstride(80)
04-18 15:33:27.657   679  2915 I DPUModule: DpuR5P0::checkLayerFormat <142>: checkLayerFormat: Format(1)
04-18 15:33:27.657   679  2915 I DPUModule: DpuR5P0::checkTransform <35>: checkTransform: Transform(0), SRCRect(0,0)
04-18 15:33:27.657   679  2915 I DPUModule: DpuR5P0::checkAFBCBlockSize <97>: checkAFBCBlockSize: compressed(1),format(1), pitch(720), vstride(96)
04-18 15:33:27.657   679  2915 D DPUModule: [ …śhu] support: 0
04-18 15:33:27.661   674 11196 I audio_hw_primary: app type:0x   0, is_voip:0, device:2, pcm:-352510464, usecase:0x   8
04-18 15:33:27.674   679  2915 I DPUModule: DpuR5P0::checkLayerFormat <142>: checkLayerFormat: Format(1)
04-18 15:33:27.674   679  2915 I DPUModule: DpuR5P0::checkTransform <35>: checkTransform: Transform(0), SRCRect(0,0)
04-18 15:33:27.675   679  2915 I DPUModule: DpuR5P0::checkAFBCBlockSize <97>: checkAFBCBlockSize: compressed(1),format(1), pitch(720), vstride(1616)
04-18 15:33:27.675   679  2915 I DPUModule: DpuR5P0::checkLayerFormat <142>: checkLayerFormat: Format(1)
04-18 15:33:27.675   679  2915 I DPUModule: DpuR5P0::checkTransform <35>: checkTransform: Transform(0), SRCRect(0,0)
04-18 15:33:27.675   679  2915 I DPUModule: DpuR5P0::checkAFBCBlockSize <97>: checkAFBCBlockSize: compressed(1),format(1), pitch(720), vstride(80)
04-18 15:33:27.675   679  2915 I DPUModule: DpuR5P0::checkLayerFormat <142>: checkLayerFormat: Format(1)
04-18 15:33:27.675   679  2915 I DPUModule: DpuR5P0::checkTransform <35>: checkTransform: Transform(0), SRCRect(0,0)
04-18 15:33:27.675   679  2915 I DPUModule: DpuR5P0::checkAFBCBlockSize <97>: checkAFBCBlockSize: compressed(1),format(1), pitch(720), vstride(96)
04-18 15:33:27.675   679  2915 D DPUModule: [ …śhu] support: 0
04-18 15:33:27.700   674 11196 I audio_hw_primary: app type:0x   0, is_voip:0, device:2, pcm:-352510464, usecase:0x   8
04-18 15:33:27.707   679  2915 I DPUModule: DpuR5P0::checkLayerFormat <142>: checkLayerFormat: Format(1)
04-18 15:33:27.707   679  2915 I DPUModule: DpuR5P0::checkTransform <35>: checkTransform: Transform(0), SRCRect(0,0)
04-18 15:33:27.707   679  2915 I DPUModule: DpuR5P0::checkAFBCBlockSize <97>: checkAFBCBlockSize: compressed(1),format(1), pitch(720), vstride(1616)
04-18 15:33:27.707   679  2915 I DPUModule: DpuR5P0::checkLayerFormat <142>: checkLayerFormat: Format(1)
04-18 15:33:27.707   679  2915 I DPUModule: DpuR5P0::checkTransform <35>: checkTransform: Transform(0), SRCRect(0,0)
04-18 15:33:27.707   679  2915 I DPUModule: DpuR5P0::checkAFBCBlockSize <97>: checkAFBCBlockSize: compressed(1),format(1), pitch(720), vstride(80)
04-18 15:33:27.707   679  2915 I DPUModule: DpuR5P0::checkLayerFormat <142>: checkLayerFormat: Format(1)
04-18 15:33:27.708   679  2915 I DPUModule: DpuR5P0::checkTransform <35>: checkTransform: Transform(0), SRCRect(0,0)
04-18 15:33:27.708   679  2915 I DPUModule: DpuR5P0::checkAFBCBlockSize <97>: checkAFBCBlockSize: compressed(1),format(1), pitch(720), vstride(96)
04-18 15:33:27.708   679  2915 D DPUModule: [ …śhu] support: 0
04-18 15:33:27.741   679  2915 I DPUModule: DpuR5P0::checkLayerFormat <142>: checkLayerFormat: Format(1)
04-18 15:33:27.741   679  2915 I DPUModule: DpuR5P0::checkTransform <35>: checkTransform: Transform(0), SRCRect(0,0)
04-18 15:33:27.741   679  2915 I DPUModule: DpuR5P0::checkAFBCBlockSize <97>: checkAFBCBlockSize: compressed(1),format(1), pitch(720), vstride(1616)
04-18 15:33:27.741   679  2915 I DPUModule: DpuR5P0::checkLayerFormat <142>: checkLayerFormat: Format(1)
04-18 15:33:27.741   679  2915 I DPUModule: DpuR5P0::checkTransform <35>: checkTransform: Transform(0), SRCRect(0,0)
04-18 15:33:27.741   679  2915 I DPUModule: DpuR5P0::checkAFBCBlockSize <97>: checkAFBCBlockSize: compressed(1),format(1), pitch(720), vstride(80)
04-18 15:33:27.741   679  2915 I DPUModule: DpuR5P0::checkLayerFormat <142>: checkLayerFormat: Format(1)
04-18 15:33:27.741   679  2915 I DPUModule: DpuR5P0::checkTransform <35>: checkTransform: Transform(0), SRCRect(0,0)
04-18 15:33:27.741   679  2915 I DPUModule: DpuR5P0::checkAFBCBlockSize <97>: checkAFBCBlockSize: compressed(1),format(1), pitch(720), vstride(96)
04-18 15:33:27.741   679  2915 D DPUModule: [ …śhu] support: 0
04-18 15:33:27.742   674 11196 I audio_hw_primary: app type:0x   0, is_voip:0, device:2, pcm:-352510464, usecase:0x   8
04-18 15:33:27.757   679  2915 I DPUModule: DpuR5P0::checkLayerFormat <142>: checkLayerFormat: Format(1)
04-18 15:33:27.758   679  2915 I DPUModule: DpuR5P0::checkTransform <35>: checkTransform: Transform(0), SRCRect(0,0)
04-18 15:33:27.758   679  2915 I DPUModule: DpuR5P0::checkAFBCBlockSize <97>: checkAFBCBlockSize: compressed(1),format(1), pitch(720), vstride(1616)
04-18 15:33:27.758   679  2915 I DPUModule: DpuR5P0::checkLayerFormat <142>: checkLayerFormat: Format(1)
04-18 15:33:27.758   679  2915 I DPUModule: DpuR5P0::checkTransform <35>: checkTransform: Transform(0), SRCRect(0,0)
04-18 15:33:27.758   679  2915 I DPUModule: DpuR5P0::checkAFBCBlockSize <97>: checkAFBCBlockSize: compressed(1),format(1), pitch(720), vstride(80)
04-18 15:33:27.758   679  2915 I DPUModule: DpuR5P0::checkLayerFormat <142>: checkLayerFormat: Format(1)
04-18 15:33:27.758   679  2915 I DPUModule: DpuR5P0::checkTransform <35>: checkTransform: Transform(0), SRCRect(0,0)
04-18 15:33:27.758   679  2915 I DPUModule: DpuR5P0::checkAFBCBlockSize <97>: checkAFBCBlockSize: compressed(1),format(1), pitch(720), vstride(96)
04-18 15:33:27.758   679  2915 D DPUModule: [ …śhu] support: 0
04-18 15:33:27.774   679  2915 I DPUModule: DpuR5P0::checkLayerFormat <142>: checkLayerFormat: Format(1)
04-18 15:33:27.774   679  2915 I DPUModule: DpuR5P0::checkTransform <35>: checkTransform: Transform(0), SRCRect(0,0)
