--------- beginning of system
04-18 15:29:30.858 25523 25523 D AppResolutionTuner: dom2xml: App{packageName='com.tencent.ig', scale='1.0', filteredWindows= []', scalingFlow= surfaceview'}
04-18 15:29:30.860 25523 25523 D AppResolutionTuner: dom2xml: App{packageName='com.tencent.tmgp.pubgmhd', scale='1.0', filteredWindows= []', scalingFlow= surfaceview'}
04-18 15:29:30.861 25523 25523 D AppResolutionTuner: dom2xml: App{packageName='com.pubg.krmobile', scale='1.0', filteredWindows= []', scalingFlow= surfaceview'}
04-18 15:29:30.861 25523 25523 D AppResolutionTuner: dom2xml: App{packageName='vn.vng.pubgmobile', scale='1.0', filteredWindows= []', scalingFlow= surfaceview'}
04-18 15:29:30.862 25523 25523 D AppResolutionTuner: dom2xml: App{packageName='com.rekoo.pubgm', scale='1.0', filteredWindows= []', scalingFlow= surfaceview'}
04-18 15:29:30.863 25523 25523 D AppResolutionTuner: dom2xml: App{packageName='com.tencent.tmgp.sgame', scale='1.0', filteredWindows= []', scalingFlow= surfaceview'}
04-18 15:29:30.864 25523 25523 D AppResolutionTuner: dom2xml: App{packageName='com.dts.freefireth', scale='1.2', filteredWindows= []', scalingFlow= wms'}
04-18 15:29:30.865 25523 25523 D AppResolutionTuner: dom2xml: App{packageName='com.dts.freefiremax', scale='1.0', filteredWindows= []', scalingFlow= surfaceview'}
04-18 15:29:30.866 25523 25523 D AppResolutionTuner: dom2xml: App{packageName='com.mobile.legends', scale='1.0', filteredWindows= []', scalingFlow= surfaceview'}
04-18 15:29:30.866 25523 25523 D AppResolutionTuner: dom2xml: App{packageName='com.tencent.tmgp.cod', scale='1.0', filteredWindows= []', scalingFlow= surfaceview'}
04-18 15:29:30.867 25523 25523 D AppResolutionTuner: dom2xml: App{packageName='com.activision.callofduty.shooter', scale='1.0', filteredWindows= []', scalingFlow= surfaceview'}
04-18 15:29:30.868 25523 25523 D AppResolutionTuner: dom2xml: App{packageName='com.garena.game.codm', scale='1.0', filteredWindows= []', scalingFlow= surfaceview'}
04-18 15:29:30.869 25523 25523 D AppResolutionTuner: dom2xml: App{packageName='com.vng.codmvn', scale='1.0', filteredWindows= []', scalingFlow= surfaceview'}
04-18 15:29:30.869 25523 25523 D AppResolutionTuner: loadTunerAppList - 
04-18 15:29:30.869 25523 25523 D AppResolutionTuner: loadTunerAppList + 
04-18 15:29:30.869 25523 25523 W AppResolutionTuner: Target file doesn't exist: /data/retuner/sf_resolution_tuner_app_list.xml
04-18 15:29:30.879 25523 25523 D AppResolutionTuner: dom2xml: App{packageName='com.tencent.ig', scale='1.0', filteredWindows= []', scalingFlow= surfaceview'}
04-18 15:29:30.880 25523 25523 D AppResolutionTuner: dom2xml: App{packageName='com.tencent.tmgp.pubgmhd', scale='1.0', filteredWindows= []', scalingFlow= surfaceview'}
04-18 15:29:30.880 25523 25523 D AppResolutionTuner: dom2xml: App{packageName='com.pubg.krmobile', scale='1.0', filteredWindows= []', scalingFlow= surfaceview'}
04-18 15:29:30.881 25523 25523 D AppResolutionTuner: dom2xml: App{packageName='vn.vng.pubgmobile', scale='1.0', filteredWindows= []', scalingFlow= surfaceview'}
04-18 15:29:30.882 25523 25523 D AppResolutionTuner: dom2xml: App{packageName='com.rekoo.pubgm', scale='1.0', filteredWindows= []', scalingFlow= surfaceview'}
04-18 15:29:30.883 25523 25523 D AppResolutionTuner: dom2xml: App{packageName='com.tencent.tmgp.sgame', scale='1.0', filteredWindows= []', scalingFlow= surfaceview'}
04-18 15:29:30.884 25523 25523 D AppResolutionTuner: dom2xml: App{packageName='com.dts.freefireth', scale='1.2', filteredWindows= []', scalingFlow= wms'}
04-18 15:29:30.885 25523 25523 D AppResolutionTuner: dom2xml: App{packageName='com.dts.freefiremax', scale='1.0', filteredWindows= []', scalingFlow= surfaceview'}
04-18 15:29:30.885 25523 25523 D AppResolutionTuner: dom2xml: App{packageName='com.mobile.legends', scale='1.0', filteredWindows= []', scalingFlow= surfaceview'}
04-18 15:29:30.886 25523 25523 D AppResolutionTuner: dom2xml: App{packageName='com.tencent.tmgp.cod', scale='1.0', filteredWindows= []', scalingFlow= surfaceview'}
04-18 15:29:30.887 25523 25523 D AppResolutionTuner: dom2xml: App{packageName='com.activision.callofduty.shooter', scale='1.0', filteredWindows= []', scalingFlow= surfaceview'}
04-18 15:29:30.888 25523 25523 D AppResolutionTuner: dom2xml: App{packageName='com.garena.game.codm', scale='1.0', filteredWindows= []', scalingFlow= surfaceview'}
04-18 15:29:30.889 25523 25523 D AppResolutionTuner: dom2xml: App{packageName='com.vng.codmvn', scale='1.0', filteredWindows= []', scalingFlow= surfaceview'}
04-18 15:29:30.889 25523 25523 D AppResolutionTuner: loadTunerAppList - 
04-18 15:29:30.890 25523 25523 D TranClassInfo: instance successfully. com.transsion.hubcore.view.TranSurfaceImpl@9fd43a1 from com.transsion.hubcore.view.ITranSurface
04-18 15:29:30.964 25555 25715 D TranClassInfo: instance successfully. com.transsion.hubcore.camadapter.Implement.TranCamAdapterComponentImpl@2431a21 from com.transsion.hubcore.camadapter.ITranCamAdapterComponent
04-18 15:29:30.965 25555 25715 D TranClassInfo: instance successfully. com.transsion.hubcore.hardware.camera2.TranCameraManagerImpl@f0e5e46 from com.transsion.hubcore.hardware.camera2.ITranCameraManager
04-18 15:29:30.996 25555 25555 D TranClassInfo: instance successfully. com.transsion.hubcore.view.TranViewImpl@550e4f6 from com.transsion.hubcore.view.ITranView
04-18 15:29:31.114  1092  3503 W ActivityManager: Slow operation: 92ms so far, now at startProcess: done creating new process record
04-18 15:29:31.114  1092  3503 W ActivityManager: Slow operation: 92ms so far, now at startProcess: stepping in to startProcess
04-18 15:29:31.114  1092  3503 D ActivityManager: PROFILE_FROM_SHELL is disabled for ProcessRecord{7712913 0:com.android.chrome:sandboxed_process0:org.chromium.content.app.SandboxedProcessService0:0/u0a113i-9000}
04-18 15:29:31.115  1092  3503 W ActivityManager: Slow operation: 93ms so far, now at startProcess: done starting proc!
04-18 15:29:31.115  1092  1276 D ActivityManager: asking zygote to start proc:ProcessRecord{7712913 0:com.android.chrome:sandboxed_process0:org.chromium.content.app.SandboxedProcessService0:0/u0a113i-9000}
04-18 15:29:31.115  1092  1276 D CompatibilityChangeReporter: Compat change id reported: 143937733; UID 10113; state: ENABLED
04-18 15:29:31.125  1092  1276 D CompatibilityChangeReporter: Compat change id reported: 135634846; UID 10113; state: DISABLED
04-18 15:29:31.125  1092  1276 D CompatibilityChangeReporter: Compat change id reported: 207557677; UID 10113; state: ENABLED
04-18 15:29:31.149  1092  1308 I Hiber/hiberManager: unfreeze: uid=10113, packageName=com.android.chrome, reason=AppZygote.
04-18 15:29:31.165 25523 25523 D TranClassInfo: instance successfully. com.transsion.hubcore.internal.TranInternalViewImpl@e7e695 from com.transsion.hubcore.internal.ITranInternalView
04-18 15:29:31.187  1092  9594 D os.WindowManagerServiceLice: received send OSMessage 110001 request from 25523 to [-1]
04-18 15:29:31.191  1092  9594 D os.CommonLice: onOSServerMessage 110001
04-18 15:29:31.218 25523 25523 D TranActivityAppturboImpl: onResumeHork
04-18 15:29:31.308  1092  1242 V WindowState: toString mSurfaceNameCache= mLastTitle=null title=com.aurel.nexusStorage/com.aurel.nexusStorage.MainActivity
04-18 15:29:31.312  1092  1276 W ActivityManager: Slow operation: 198ms so far, now at startProcess: returned from zygote!
04-18 15:29:31.312  1092  1276 W ActivityManager: Slow operation: 199ms so far, now at startProcess: done updating battery stats
04-18 15:29:31.312  1092  1276 W ActivityManager: Slow operation: 199ms so far, now at startProcess: building log message
04-18 15:29:31.313  1092  1276 I ActivityManager: Start proc 25744:com.android.chrome:sandboxed_process0:org.chromium.content.app.SandboxedProcessService0:0/u0ai0 for  {com.android.chrome/org.chromium.content.app.SandboxedProcessService0:0}
04-18 15:29:31.313  1092  1276 W ActivityManager: Slow operation: 199ms so far, now at startProcess: starting to update pids map
04-18 15:29:31.317  1092  5600 D CoreBackPreview: Window{41fbefe u0 com.aurel.nexusStorage/com.aurel.nexusStorage.MainActivity}: Setting back callback OnBackInvokedCallbackInfo{mCallback=android.window.IOnBackInvokedCallback$Stub$Proxy@3beb975, mPriority=0}
04-18 15:29:31.317  1092  1276 W ActivityManager: Slow operation: 204ms so far, now at startProcess: done updating pids map
04-18 15:29:31.349  1092  5600 I ActivityTaskManager: LUCID activityResumed package name: com.aurel.nexusStorage
04-18 15:29:31.355  1092  9594 D os.ActivityManagerServiceLice: make process active com.android.chrome:sandboxed_process0:org.chromium.content.app.SandboxedProcessService0:0(25744)
04-18 15:29:31.374 25744 25744 D TranClassInfo: instance successfully. com.transsion.hubcore.graphics.TranGraphicImpl@7e6ef2e from com.transsion.hubcore.graphics.ITranGraphic
04-18 15:29:31.377 25555 25555 D AppResolutionTuner: loadTunerAppList + 
04-18 15:29:31.378 25555 25555 W AppResolutionTuner: Target file doesn't exist: /data/retuner/sf_resolution_tuner_app_list.xml
04-18 15:29:31.383  1092  9594 V AlarmManager: set(PendingIntent{2ce77f1: PendingIntentRecord{fdaafd6 com.google.android.gms/com.google.android.gms.container startService}}) : type=3 listener=null listenerTag=null workSource=null callingPackage=com.google.android.gms callingUid=10106 triggerAtTime=316213010705 win=3600000 tElapsed=316213010705 maxElapsed=316216610705 interval=0 flags=0x0
04-18 15:29:31.384  1092  9594 D AlarmManager: Add alarm packageName=com.google.android.gms, type=3, when=316213010705, tag=null, callingUid=10106, callingPackage=com.google.android.gms
04-18 15:29:31.386 25555 25555 D AppResolutionTuner: dom2xml: App{packageName='com.tencent.ig', scale='1.0', filteredWindows= []', scalingFlow= surfaceview'}
04-18 15:29:31.386 25555 25555 D AppResolutionTuner: dom2xml: App{packageName='com.tencent.tmgp.pubgmhd', scale='1.0', filteredWindows= []', scalingFlow= surfaceview'}
04-18 15:29:31.387 25555 25555 D AppResolutionTuner: dom2xml: App{packageName='com.pubg.krmobile', scale='1.0', filteredWindows= []', scalingFlow= surfaceview'}
04-18 15:29:31.387 25555 25555 D AppResolutionTuner: dom2xml: App{packageName='vn.vng.pubgmobile', scale='1.0', filteredWindows= []', scalingFlow= surfaceview'}
04-18 15:29:31.387 25555 25555 D AppResolutionTuner: dom2xml: App{packageName='com.rekoo.pubgm', scale='1.0', filteredWindows= []', scalingFlow= surfaceview'}
04-18 15:29:31.387 25555 25555 D AppResolutionTuner: dom2xml: App{packageName='com.tencent.tmgp.sgame', scale='1.0', filteredWindows= []', scalingFlow= surfaceview'}
04-18 15:29:31.390 25555 25555 D AppResolutionTuner: dom2xml: App{packageName='com.dts.freefireth', scale='1.2', filteredWindows= []', scalingFlow= wms'}
04-18 15:29:31.391 25555 25555 D AppResolutionTuner: dom2xml: App{packageName='com.dts.freefiremax', scale='1.0', filteredWindows= []', scalingFlow= surfaceview'}
04-18 15:29:31.391 25555 25555 D AppResolutionTuner: dom2xml: App{packageName='com.mobile.legends', scale='1.0', filteredWindows= []', scalingFlow= surfaceview'}
04-18 15:29:31.391 25555 25555 D AppResolutionTuner: dom2xml: App{packageName='com.tencent.tmgp.cod', scale='1.0', filteredWindows= []', scalingFlow= surfaceview'}
04-18 15:29:31.391 25555 25555 D AppResolutionTuner: dom2xml: App{packageName='com.activision.callofduty.shooter', scale='1.0', filteredWindows= []', scalingFlow= surfaceview'}
04-18 15:29:31.392 25555 25555 D AppResolutionTuner: dom2xml: App{packageName='com.garena.game.codm', scale='1.0', filteredWindows= []', scalingFlow= surfaceview'}
04-18 15:29:31.392 25555 25555 D AppResolutionTuner: dom2xml: App{packageName='com.vng.codmvn', scale='1.0', filteredWindows= []', scalingFlow= surfaceview'}
04-18 15:29:31.392 25555 25555 D AppResolutionTuner: loadTunerAppList - 
04-18 15:29:31.392 25555 25555 D AppResolutionTuner: loadTunerAppList + 
04-18 15:29:31.392 25555 25555 W AppResolutionTuner: Target file doesn't exist: /data/retuner/sf_resolution_tuner_app_list.xml
04-18 15:29:31.394 25555 25555 D AppResolutionTuner: dom2xml: App{packageName='com.tencent.ig', scale='1.0', filteredWindows= []', scalingFlow= surfaceview'}
04-18 15:29:31.394 25555 25555 D AppResolutionTuner: dom2xml: App{packageName='com.tencent.tmgp.pubgmhd', scale='1.0', filteredWindows= []', scalingFlow= surfaceview'}
04-18 15:29:31.394 25555 25555 D AppResolutionTuner: dom2xml: App{packageName='com.pubg.krmobile', scale='1.0', filteredWindows= []', scalingFlow= surfaceview'}
04-18 15:29:31.394 25555 25555 D AppResolutionTuner: dom2xml: App{packageName='vn.vng.pubgmobile', scale='1.0', filteredWindows= []', scalingFlow= surfaceview'}
04-18 15:29:31.394 25555 25555 D AppResolutionTuner: dom2xml: App{packageName='com.rekoo.pubgm', scale='1.0', filteredWindows= []', scalingFlow= surfaceview'}
04-18 15:29:31.395 25555 25555 D AppResolutionTuner: dom2xml: App{packageName='com.tencent.tmgp.sgame', scale='1.0', filteredWindows= []', scalingFlow= surfaceview'}
04-18 15:29:31.395 25555 25555 D AppResolutionTuner: dom2xml: App{packageName='com.dts.freefireth', scale='1.2', filteredWindows= []', scalingFlow= wms'}
04-18 15:29:31.395 25555 25555 D AppResolutionTuner: dom2xml: App{packageName='com.dts.freefiremax', scale='1.0', filteredWindows= []', scalingFlow= surfaceview'}
04-18 15:29:31.395 25555 25555 D AppResolutionTuner: dom2xml: App{packageName='com.mobile.legends', scale='1.0', filteredWindows= []', scalingFlow= surfaceview'}
04-18 15:29:31.395 25555 25555 D AppResolutionTuner: dom2xml: App{packageName='com.tencent.tmgp.cod', scale='1.0', filteredWindows= []', scalingFlow= surfaceview'}
04-18 15:29:31.395 25555 25555 D AppResolutionTuner: dom2xml: App{packageName='com.activision.callofduty.shooter', scale='1.0', filteredWindows= []', scalingFlow= surfaceview'}
04-18 15:29:31.395 25555 25555 D AppResolutionTuner: dom2xml: App{packageName='com.garena.game.codm', scale='1.0', filteredWindows= []', scalingFlow= surfaceview'}
04-18 15:29:31.396 25555 25555 D AppResolutionTuner: dom2xml: App{packageName='com.vng.codmvn', scale='1.0', filteredWindows= []', scalingFlow= surfaceview'}
04-18 15:29:31.396 25555 25555 D AppResolutionTuner: loadTunerAppList - 
04-18 15:29:31.396 25555 25555 D TranClassInfo: instance successfully. com.transsion.hubcore.view.TranSurfaceImpl@5c1a59e from com.transsion.hubcore.view.ITranSurface
04-18 15:29:31.605  1092  9594 V AlarmManager: set(PendingIntent{6b1e9e5: PendingIntentRecord{2fa0a4e com.google.android.gms/com.google.android.gms.scheduler broadcastIntent}}) : type=3 listener=null listenerTag=null workSource=WorkSource{10106 com.google.android.gms} callingPackage=com.google.android.gms callingUid=10106 triggerAtTime=853011915 win=0 tElapsed=853015932 maxElapsed=853015932 interval=0 flags=0x0
04-18 15:29:31.606  1092  9594 D AlarmManager: Add alarm packageName=com.google.android.gms, type=3, when=853011915, tag=null, callingUid=10106, callingPackage=com.google.android.gms
04-18 15:29:31.631  1092  9594 D CompatibilityChangeReporter: Compat change id reported: 161145287; UID 10106; state: DISABLED
04-18 15:29:31.708  1092  9594 V AlarmManager: set(PendingIntent{672c76b: PendingIntentRecord{2fa0a4e com.google.android.gms/com.google.android.gms.scheduler broadcastIntent}}) : type=3 listener=null listenerTag=null workSource=WorkSource{10106 com.google.android.gms} callingPackage=com.google.android.gms callingUid=10106 triggerAtTime=854419477 win=1056332 tElapsed=854419477 maxElapsed=855475809 interval=0 flags=0x0
04-18 15:29:31.709  1092  9594 D AlarmManager: Add alarm packageName=com.google.android.gms, type=3, when=854419477, tag=null, callingUid=10106, callingPackage=com.google.android.gms
04-18 15:29:31.957  1092  1547 D BroadcastQueue: Add broadcast <BroadcastRecord{eba945e u-1 android.intent.action.BATTERY_CHANGED}> into [parallel | background], pending size 0
04-18 15:29:31.959  1092  1275 D BroadcastQueue: Done with parallel broadcast [background] [BroadcastRecord{eba945e u-1 android.intent.action.BATTERY_CHANGED}]
04-18 15:29:32.151  1092  9594 D WindowManager: Changing focus from null to Window{41fbefe u0 com.aurel.nexusStorage/com.aurel.nexusStorage.MainActivity}-[Surface(name=*Title#118515)/@0x7b9f912] displayId = 0 Callers = com.android.server.wm.RootWindowContainer.updateFocusedWindowLocked:493 com.android.server.wm.WindowManagerService.updateFocusedWindowLocked:6415 com.android.server.wm.WindowManagerService.relayoutWindow:2697 com.android.server.wm.Session.relayout:266 
04-18 15:29:32.155  1092  9594 I WindowManager: Input focus has changed to Window{41fbefe u0 com.aurel.nexusStorage/com.aurel.nexusStorage.MainActivity}-[Surface(name=*Title#118515)/@0x7b9f912] from aa18489 com.transsion.XOSLauncher/com.android.quickstep.src.com.android.launcher3.uioverrides.QuickstepLauncher mDisplayId 0 updateInputWindows true, callers=com.android.server.wm.DisplayContent.updateFocusedWindowLocked:3788 com.android.server.wm.RootWindowContainer.updateFocusedWindowLocked:493 com.android.server.wm.WindowManagerService.updateFocusedWindowLocked:6415 com.android.server.wm.WindowManagerService.relayoutWindow:2697 com.android.server.wm.Session.relayout:266 
04-18 15:29:32.156  1092  9594 I WindowManager: Relayout Window{41fbefe u0 com.aurel.nexusStorage/com.aurel.nexusStorage.MainActivity}-[Surface(name=*Title#118515)/@0x7b9f912]: oldVis=4 newVis=0 focusMayChange = true requestedWidth = 720 requestedHeight = 1612 outFrames = ClientWindowFrames{frame=[0,0][720,1612] display=[0,0][720,1612] parentFrame=[0,0][0,0] parentClippedByDisplayCutout=false} outSurfaceControl = Surface(name=com.aurel.nexusStorage/com.aurel.nexusStorage.MainActivity#-1)/@0x18ed136
04-18 15:29:32.454  1092  1700 I ActivityManager: Process android.process.acore (pid 25200) has died: cch+45 CEM 
04-18 15:29:32.455  1092  1700 D os.ActivityManagerServiceLice: make process inactive android.process.acore(25200)
04-18 15:29:32.668  1092  1700 D WindowManager: after addSurfaceViewPkg packageName = com.aurel.nexusStorage count:3
04-18 15:29:33.544  1092  1831 D Hiber/importantScene: uid:10282 speed :57
04-18 15:29:33.544  1092  1831 D Hiber/appStateMachine: uid:10282 enter FrozenState
04-18 15:29:33.569  1092  1831 D Hiber/cgroup: runningPids : [20936] for uid=10282 pkgName=com.zhiliaoapp.musically type=third
04-18 15:29:33.570  1092  1831 D Hiber/cgroup: writeDevFile pid: 20936
04-18 15:29:33.573  1092  1831 I Hiber/sceneManager: freeze uid: 10282 com.zhiliaoapp.musically pids:[20936] costTime=29ms
04-18 15:29:33.573  1092  1832 D Hiber/hiberManager: msg for start proxy frozen state
04-18 15:29:33.573  1092  1832 D Hiber/hiberManager: try idle uid[10282] by hiber ,bgTime>0 ? true,isIdled before ? true ,isCurAllowListed ? false ,isProcStateBackground?true
04-18 15:29:33.573  1092  1832 D Hiber/hiberManager: try idle uid[10282] by hiber
04-18 15:29:33.573  1092  1832 D Hiber/proxyManager: p_service: 10282
04-18 15:29:33.573  1092  1832 D Hiber/proxyManager: p_job: 10282 pkgName=com.zhiliaoapp.musically
04-18 15:29:33.573  1092  1832 D Hiber/proxyManager: pj_job: 10282 pkgName=com.zhiliaoapp.musically which=2
04-18 15:29:33.573  1092  1832 D Hiber/hiberManager: proxy alarm (uid=10282, pkgName=com.zhiliaoapp.musically)
04-18 15:29:33.573  1092  1832 D Hiber/proxyManager: p_alarm: uid=10282, pkgName=com.zhiliaoapp.musically
04-18 15:29:33.573  1092  1832 D Hiber/alarmManagerServiceExtImpl: proxyAlarms leave, uid=10282, packageName=com.zhiliaoapp.musically
04-18 15:29:34.574  1092  1835 I Hiber/nativeService: check binder uid=10282
04-18 15:29:35.734  1092  1241 W ActivityTaskManager: Launch timeout has expired, giving up wake lock!
04-18 15:29:36.170  1092  1092 D Griffin/ComponentManager: Limit start proc:com.deepseek.chat for 3rd-normal-service caller=system/1092,Intent { cmp=com.deepseek.chat/com.google.android.datatransport.runtime.scheduling.jobscheduling.JobInfoSchedulerService }
04-18 15:29:36.170  1092  1092 W ActivityManager: Unable to launch app com.deepseek.chat/10286 for service Intent { cmp=com.deepseek.chat/com.google.android.datatransport.runtime.scheduling.jobscheduling.JobInfoSchedulerService }: AutoStart Limit
04-18 15:29:36.171  1092  1092 D ActivityManager: isGriffinSupport  bringUpServiceLocked and unbindServiceLockedIntent { cmp=com.deepseek.chat/com.google.android.datatransport.runtime.scheduling.jobscheduling.JobInfoSchedulerService }
04-18 15:29:36.171  1092  1092 W ActivityManager: Unbind failed: could not find connection for android.app.LoadedApk$ServiceDispatcher$InnerConnection@7333a3a
04-18 15:29:36.172  1092  1092 E JobScheduler.Concurrency: Error executing JobStatus{52e50ff #u0a286/-814799897 com.deepseek.chat/com.google.android.datatransport.runtime.scheduling.jobscheduling.JobInfoSchedulerService u=0 s=10286 TIME=-4d22h18m40s850ms:none NET READY}
04-18 15:29:36.182  1092  1092 D Griffin/ComponentManager: Limit start proc:com.anthropic.claude for 3rd-normal-service caller=system/1092,Intent { cmp=com.anthropic.claude/com.google.android.datatransport.runtime.scheduling.jobscheduling.JobInfoSchedulerService }
04-18 15:29:36.182  1092  1092 W ActivityManager: Unable to launch app com.anthropic.claude/10330 for service Intent { cmp=com.anthropic.claude/com.google.android.datatransport.runtime.scheduling.jobscheduling.JobInfoSchedulerService }: AutoStart Limit
04-18 15:29:36.182  1092  1092 D ActivityManager: isGriffinSupport  bringUpServiceLocked and unbindServiceLockedIntent { cmp=com.anthropic.claude/com.google.android.datatransport.runtime.scheduling.jobscheduling.JobInfoSchedulerService }
04-18 15:29:36.183  1092  1092 W ActivityManager: Unbind failed: could not find connection for android.app.LoadedApk$ServiceDispatcher$InnerConnection@b50eae1
04-18 15:29:36.183  1092  1092 E JobScheduler.Concurrency: Error executing JobStatus{bf61f9c #u0a330/1387341111 com.anthropic.claude/com.google.android.datatransport.runtime.scheduling.jobscheduling.JobInfoSchedulerService u=0 s=10330 TIME=-1d19h58m8s172ms:none NET failures=1 READY}
04-18 15:29:36.190  1092  1092 D Griffin/ComponentManager: Limit start proc:com.openai.chatgpt for 3rd-normal-service caller=system/1092,Intent { cmp=com.openai.chatgpt/androidx.work.impl.background.systemjob.SystemJobService }
04-18 15:29:36.191  1092  1092 W ActivityManager: Unable to launch app com.openai.chatgpt/10270 for service Intent { cmp=com.openai.chatgpt/androidx.work.impl.background.systemjob.SystemJobService }: AutoStart Limit
04-18 15:29:36.191  1092  1092 D ActivityManager: isGriffinSupport  bringUpServiceLocked and unbindServiceLockedIntent { cmp=com.openai.chatgpt/androidx.work.impl.background.systemjob.SystemJobService }
04-18 15:29:36.192  1092  1092 W ActivityManager: Unbind failed: could not find connection for android.app.LoadedApk$ServiceDispatcher$InnerConnection@39474f4
04-18 15:29:36.193  1092  1092 E JobScheduler.Concurrency: Error executing JobStatus{be53a34 #u0a270/3252 com.openai.chatgpt/androidx.work.impl.background.systemjob.SystemJobService u=0 s=10270 TIME=-2h33m51s20ms:none NET READY}
04-18 15:29:36.201  1092  1092 D Griffin/ComponentManager: Limit start proc:com.facebook.lite for 3rd-normal-service caller=system/1092,Intent { cmp=com.facebook.lite/.intent.PeriodicTaskJobService }
04-18 15:29:36.201  1092  1092 W ActivityManager: Unable to launch app com.facebook.lite/10195 for service Intent { cmp=com.facebook.lite/.intent.PeriodicTaskJobService }: AutoStart Limit
04-18 15:29:36.201  1092  1092 D ActivityManager: isGriffinSupport  bringUpServiceLocked and unbindServiceLockedIntent { cmp=com.facebook.lite/.intent.PeriodicTaskJobService }
04-18 15:29:36.202  1092  1092 W ActivityManager: Unbind failed: could not find connection for android.app.LoadedApk$ServiceDispatcher$InnerConnection@20863
04-18 15:29:36.202  1092  1092 E JobScheduler.Concurrency: Error executing JobStatus{c1c53ef #u0a195/10016 com.facebook.lite/.intent.PeriodicTaskJobService u=0 s=10195 TIME=-1h33m13s767ms:-33m13s767ms PERIODIC PERSISTED READY}
04-18 15:29:36.492   440 25542 I keystore2: keystore2::watchdog: Watchdog thread idle -> terminating. Have a great day.
04-18 15:29:36.576  1092  2232 D Hiber/hiberManager: begin socketDestroy, mUid: 10282
04-18 15:29:36.577  1092  2232 W NetworkManagement: WARNING: mNetdService is not null.
04-18 15:29:36.578  1092  1700 D WindowManager: finishDrawing: syncSeqId=0, postDrawTransaction=android.view.SurfaceControl$Transaction@502c7bf, mSyncState=0, mDrawState=1, hasSyncHandlers=false, mClientWasDrawingForSync=false, win=Window{41fbefe u0 com.aurel.nexusStorage/com.aurel.nexusStorage.MainActivity}-[Surface(name=*Title#118515)/@0x7b9f912]
04-18 15:29:36.625  1092  2232 D Hiber/hiberManager: clearDnsCache again!!!
04-18 15:29:36.694  1092  1700 D CompatibilityChangeReporter: Compat change id reported: 214016041; UID 10273; state: ENABLED
04-18 15:29:36.694  1092  1700 D TranWindowManagerService: hookIMEVisibleChanged(), show:false
04-18 15:29:36.695  1092  1700 I input_debug: package: com.aurel.nexusStorage isPassWordInput: false inputType: 0 mMethodMap: false isKeyguardShowing: false enable: 0 isSplitScreen: false
04-18 15:29:36.991  1092  1700 V WindowState: toString mSurfaceNameCache=-[Surface(name=*Title#118510)/@0x3c15e73] mLastTitle=Splash Screen com.aurel.nexusStorage title=Splash Screen com.aurel.nexusStorage
04-18 15:29:36.994  1092  1700 D CoreBackPreview: Window{1874cc4 u0 Splash Screen com.aurel.nexusStorage EXITING}-[Surface(name=*Title#118510)/@0x3c15e73]: Setting back callback null
04-18 15:29:37.185  1092  1738 D PerformanceDatabaseControl: querymem pkgName = com.aurel.nexusStorage
04-18 15:29:37.186  1092  1738 D PerformanceDatabaseControl: querycount pkgName = com.aurel.nexusStorage
04-18 15:29:37.187  1092  1738 D PerformanceDatabaseControl: updateDatabase pkgName = com.aurel.nexusStorage
04-18 15:29:37.188  1092  1738 D AppStartScene: updateAPPMem:pkgName= com.aurel.nexusStorage,memAvail:353
04-18 15:29:40.126  1092  3503 D CompatibilityChangeReporter: Compat change id reported: 182734110; UID 10113; state: ENABLED
04-18 15:29:40.130  1092  3503 D CompatibilityChangeReporter: Compat change id reported: 149924527; UID 10113; state: ENABLED
04-18 15:29:40.131  1092  3503 D CompatibilityChangeReporter: Compat change id reported: 132649864; UID 10113; state: DISABLED
04-18 15:29:41.160  1092  1289 D AppOps  : CAMERAR-evalMode-op:26 ,mode: 4 ,capability: 8
04-18 15:29:43.470  1092  1244 E UnisocWatchdog: WDT_Monitor: writeWDTMonitor duration=50,shutdowning=false
04-18 15:29:44.856  1092  1700 D CompatibilityChangeReporter: Compat change id reported: 194532703; UID 10113; state: ENABLED
04-18 15:29:44.869  1092  1700 E JobScheduler.Concurrency: Had fewer than 16 in existence
04-18 15:29:44.896  1092  1700 E JobScheduler.Concurrency: Had fewer than 16 in existence
04-18 15:29:44.898  1092  1700 E JobScheduler.Concurrency: Had fewer than 16 in existence
04-18 15:29:44.900  1092  1700 E JobScheduler.Concurrency: Had fewer than 16 in existence
04-18 15:29:51.209  1092  3503 D os.permission.PermissionInfo: checkPermission 10174:android.permission.INTERACT_ACROSS_USERS_FULL:true
04-18 15:29:51.209  1092  3503 I os.permission: Grant permission: android.permission.INTERACT_ACROSS_USERS_FULL to uid: 10174
04-18 15:29:59.805  1092  1300 D AutomaticBrightnessController: updateAutoBrightness: mScreenAutoBrightness=0.124675095, newScreenAutoBrightness=0.16416325, mAmbientLux=8.190532, mScreenDarkeningThreshold= 0.09974008, mScreenBrighteningThreshold=0.13714261, mAmbientLightRingBuffer=[6.625 / 1631ms, 5.5 / 3707ms, 5.5 / 3061ms, 8.75 / 645ms, 8.75 / 956ms]
04-18 15:29:59.825  1092  1300 D DisplayPowerController[0]: animateScreenBrightness: target=0.16416325, rate=0.23809525    mShouldUpdateBrightnessSettingLater=true
04-18 15:29:59.825  1092  1300 D DisplayPowerController[0]: animateScreenBrightness: putScreenBrightnessSetting currentBrightness=0.124675095, duration=0.5
04-18 15:29:59.828  1092  1300 I DisplayPowerController[0]: BrightnessEvent: disp=0, brt=0.16416325, rcmdBrt=0.16416325, preBrt=0.124675095, lux=8.190532, preLux=5.3063374, hbmMax=1.0, hbmMode=off, thrmMax=1.0, flags=, reason=automatic
04-18 15:29:59.873  1092  1092 I BrightnessSynchronizer: [27814] New Update 0.16416325(f) set brightness values:  43(i)
04-18 15:29:59.884  1092  1092 I BrightnessSynchronizer: New PendingUpdate: {[27815] 0.16416325(f), mUpdatedTypes=0, mConfirmedTypes=0, mTimeUpdated=0}, prev=null
04-18 15:29:59.885  1092  1092 I BrightnessSynchronizer: Swallowing update of 43(i) by update: {[27814] 0.16416325(f), mUpdatedTypes=1, mConfirmedTypes=1, mTimeUpdated=756229341}
04-18 15:29:59.885  1092  1092 I BrightnessSynchronizer: Completed Update: {[27814] 0.16416325(f), mUpdatedTypes=1, mConfirmedTypes=1, mTimeUpdated=756229341}
04-18 15:30:00.000  1092  1370 D AlarmManager: waitForAlarm result:8currentTime=1776522599999, elapsedRealtime=853039326
04-18 15:30:00.002  1092  1370 V AlarmManager: Received TIME_TICK alarm; rescheduling
04-18 15:30:00.003  1092  1370 V AlarmManager: set(null) : type=3 listener=com.android.server.alarm.AlarmManagerService$3@9351580 listenerTag=TIME_TICK workSource=null callingPackage=android callingUid=1000 triggerAtTime=853099327 win=0 tElapsed=853099327 maxElapsed=853099327 interval=0 flags=0x9
04-18 15:30:00.003  1092  1370 D AlarmManager: Add alarm packageName=android, type=3, when=853099327, tag=TIME_TICK, callingUid=1000, callingPackage=android
04-18 15:30:00.004  1092  1370 I AlarmManager: going to acquire mWakeLock actually.
04-18 15:30:00.004  1092  1092 D BroadcastQueue: Add broadcast <BroadcastRecord{352874c u-1 android.intent.action.TIME_TICK}> into [parallel | foreground], pending size 0
04-18 15:30:00.005  1092  1275 D BroadcastQueue: Done with parallel broadcast [foreground] [BroadcastRecord{352874c u-1 android.intent.action.TIME_TICK}]
04-18 15:30:00.007  1092  1370 D AlarmManager: sending alarm.type = 3, action = null, alarm = Alarm{24f395 type 3 origWhen 853039326 whenElapsed 853039326 android}, cn = null, operation = null, listener=com.android.server.alarm.AlarmManagerService$3@9351580, listenerTag=TIME_TICK, workSource=null
04-18 15:30:01.008  1092  1092 I AlarmManager: going to release mWakeLock actually.
04-18 15:30:01.728  1092  1370 D AlarmManager: waitForAlarm result:8currentTime=1776522601728, elapsedRealtime=853041055
04-18 15:30:01.729  1092  1370 I AlarmManager: going to acquire mWakeLock actually.
04-18 15:30:01.731  1092  1370 D AlarmManager: sending alarm.type = 3, action = null, alarm = Alarm{bd5a09b type 3 origWhen 853018575 whenElapsed 853018575 android}, cn = null, operation = null, listener=android.app.AlarmManager$ListenerWrapper@a6f57aa, listenerTag=*job.delay*, workSource=WorkSource{10104 com.google.android.apps.messaging}
04-18 15:30:01.732  1092  1092 D JobScheduler.Time: evaluateConstraint job for: com.facebook.lite sourceUid:10195 app is not started!!
04-18 15:30:01.733  1092  1092 D JobScheduler.Time: evaluateConstraint job for: com.anthropic.claude sourceUid:10330 app is not started!!
04-18 15:30:01.733  1092  1092 V AlarmManager: set(null) : type=3 listener=android.app.AlarmManager$ListenerWrapper@a6f57aa listenerTag=*job.delay* workSource=WorkSource{10104 com.google.android.apps.messaging} callingPackage=android callingUid=1000 triggerAtTime=853071059 win=22499 tElapsed=853071059 maxElapsed=853093558 interval=0 flags=0x0
04-18 15:30:01.734  1092  1092 D AlarmManager: Add alarm packageName=android, type=3, when=853071059, tag=*job.delay*, callingUid=1000, callingPackage=android
04-18 15:30:01.741  1092  1092 D CompatibilityChangeReporter: Compat change id reported: 168419799; UID 10104; state: DISABLED
04-18 15:30:01.818  1092  5606 W ActivityManager: Background start not allowed: service Intent { cmp=com.google.android.apps.messaging/.shared.datamodel.action.execution.ActionExecutorImpl$EmptyService } to com.google.android.apps.messaging/.shared.datamodel.action.execution.ActionExecutorImpl$EmptyService from pid=25001 uid=10104 pkg=com.google.android.apps.messaging startFg?=false
04-18 15:30:01.868  1092  1503 D Griffin/ResourceTracker: Cat meminfo coast time: 4ms
04-18 15:30:01.962  1092  5606 D JobScheduler.Time: evaluateConstraint job for: com.facebook.lite sourceUid:10195 app is not started!!
04-18 15:30:01.963  1092  5606 D JobScheduler.Time: evaluateConstraint job for: com.anthropic.claude sourceUid:10330 app is not started!!
04-18 15:30:01.964  1092  5606 D JobScheduler.Time: evaluateConstraint job for: com.facebook.lite sourceUid:10195 app is not started!!
04-18 15:30:01.964  1092  5606 V AlarmManager: set(null) : type=2 listener=android.app.AlarmManager$ListenerWrapper@45bb3f listenerTag=*job.deadline* workSource=WorkSource{10124 com.transsion.phoenix} callingPackage=android callingUid=1000 triggerAtTime=853984277 win=707240 tElapsed=853984277 maxElapsed=854691517 interval=0 flags=0x0
04-18 15:30:01.964  1092  5606 D AlarmManager: Add alarm packageName=android, type=2, when=853984277, tag=*job.deadline*, callingUid=1000, callingPackage=android
04-18 15:30:01.969  1092  5606 V AlarmManager: set(null) : type=2 listener=android.app.AlarmManager$ListenerWrapper@45bb3f listenerTag=*job.deadline* workSource=WorkSource{10104 com.google.android.apps.messaging} callingPackage=android callingUid=1000 triggerAtTime=853121288 win=59994 tElapsed=853121288 maxElapsed=853181282 interval=0 flags=0x0
04-18 15:30:01.969  1092  5606 D AlarmManager: Add alarm packageName=android, type=2, when=853121288, tag=*job.deadline*, callingUid=1000, callingPackage=android
04-18 15:30:01.975  1092  1700 W JobScheduler: Job didn't exist in JobStore: 2aa1609 #u0a104/101 com.google.android.apps.messaging/.shared.datamodel.action.execution.ActionJobService
04-18 15:30:02.215  1092  1398 D BroadcastQueue: Add broadcast <BroadcastRecord{602c702 u-1 android.net.wifi.RSSI_CHANGED}> into [parallel | background], pending size 0
04-18 15:30:02.216  1092  1275 D BroadcastQueue: Done with parallel broadcast [background] [BroadcastRecord{602c702 u-1 android.net.wifi.RSSI_CHANGED}]
04-18 15:30:02.495  1092  1092 D NetworkStatusMonitor: getAllInterfaceNames network type is wifi
04-18 15:30:02.496  1092  1092 D NetworkStatusMonitor: onNetworkTypeChanged wifi => wifi
04-18 15:30:02.734  1092  1092 I AlarmManager: going to release mWakeLock actually.
04-18 15:30:07.083  1092  5606 D JobScheduler.Time: evaluateConstraint job for: com.facebook.lite sourceUid:10195 app is not started!!
04-18 15:30:07.084  1092  5606 D JobScheduler.Time: evaluateConstraint job for: com.anthropic.claude sourceUid:10330 app is not started!!
04-18 15:30:07.085  1092  5606 D JobScheduler.Time: evaluateConstraint job for: com.facebook.lite sourceUid:10195 app is not started!!
04-18 15:30:08.241  1092  1398 D BroadcastQueue: Add broadcast <BroadcastRecord{d1be68b u-1 android.net.wifi.RSSI_CHANGED}> into [parallel | background], pending size 0
04-18 15:30:08.242  1092  1275 D BroadcastQueue: Done with parallel broadcast [background] [BroadcastRecord{d1be68b u-1 android.net.wifi.RSSI_CHANGED}]
04-18 15:30:08.494  1092  1092 D NetworkStatusMonitor: getAllInterfaceNames network type is wifi
04-18 15:30:08.494  1092  1092 D NetworkStatusMonitor: onNetworkTypeChanged wifi => wifi
04-18 15:30:09.741  1092  1092 D BroadcastQueue: Add broadcast <BroadcastRecord{fa1b368 u-1 android.intent.action.BATTERY_CHANGED}> into [parallel | background], pending size 0
04-18 15:30:09.748  1092  1275 D BroadcastQueue: Done with parallel broadcast [background] [BroadcastRecord{fa1b368 u-1 android.intent.action.BATTERY_CHANGED}]
04-18 15:30:09.751  1604  2561 D PowerUI : can't show warning due to - plugged: true status unknown: false
04-18 15:30:10.749  1092  1300 D AutomaticBrightnessController: updateAutoBrightness: mScreenAutoBrightness=0.16416325, newScreenAutoBrightness=0.06135861, mAmbientLux=0.71210796, mScreenDarkeningThreshold= 0.1313306, mScreenBrighteningThreshold=0.18057957, mAmbientLightRingBuffer=[8.75 / 32ms, 8.75 / 967ms, 8.75 / 1773ms, 9.875 / 323ms, 9.875 / 1449ms, 8.75 / 1772ms, 7.625 / 323ms, 6.625 / 161ms, 3.25 / 161ms, 1.125 / 322ms, 0.0 / 162ms, 1.125 / 806ms, 0.0 / 806ms, 1.125 / 806ms, 1.125 / 137ms]
04-18 15:30:10.750  1092  1300 D DisplayPowerController[0]: animateScreenBrightness: target=0.06135861, rate=0.033333335    mShouldUpdateBrightnessSettingLater=true
04-18 15:30:10.750  1092  1300 D DisplayPowerController[0]: animateScreenBrightness: putScreenBrightnessSetting currentBrightness=0.16416325, duration=3.084139
04-18 15:30:10.753  1092  1300 I DisplayPowerController[0]: BrightnessEvent: disp=0, brt=0.06135861, rcmdBrt=0.06135861, preBrt=0.16416325, lux=0.71210796, preLux=8.190532, hbmMax=1.0, hbmMode=off, thrmMax=1.0, flags=, reason=automatic
04-18 15:30:10.756  1092  1092 I BrightnessSynchronizer: [27816] New Update 0.06135861(f) set brightness values:  17(i)
04-18 15:30:10.756  1092  1092 I BrightnessSynchronizer: New PendingUpdate: {[27817] 0.06135861(f), mUpdatedTypes=0, mConfirmedTypes=0, mTimeUpdated=0}, prev=null
04-18 15:30:10.758  1092  1092 I BrightnessSynchronizer: Swallowing update of 17(i) by update: {[27816] 0.06135861(f), mUpdatedTypes=1, mConfirmedTypes=1, mTimeUpdated=756240225}
04-18 15:30:10.758  1092  1092 I BrightnessSynchronizer: Completed Update: {[27816] 0.06135861(f), mUpdatedTypes=1, mConfirmedTypes=1, mTimeUpdated=756240225}
04-18 15:30:12.020  1092  1478 E ThermalHalWrapper: Couldn't get temperatures because of HAL error: can't find this type sensor
04-18 15:30:13.471  1092  1244 E UnisocWatchdog: WDT_Monitor: writeWDTMonitor duration=50,shutdowning=false
04-18 15:30:13.837  1092  1300 I DisplayPowerController[0]: BrightnessEvent: disp=0, brt=0.06135861, rcmdBrt=0.06135861, preBrt=0.16416325, lux=1.0542649, preLux=0.93133783, hbmMax=1.0, hbmMode=off, thrmMax=1.0, flags=, reason=automatic
04-18 15:30:21.879  1092  1300 D AutomaticBrightnessController: updateAutoBrightness: mScreenAutoBrightness=0.06135861, newScreenAutoBrightness=0.090584494, mAmbientLux=2.8832543, mScreenDarkeningThreshold= 0.049086887, mScreenBrighteningThreshold=0.06749447, mAmbientLightRingBuffer=[1.125 / 2117ms, 1.125 / 321ms, 1.125 / 806ms, 1.125 / 483ms, 1.125 / 322ms, 1.125 / 644ms, 1.125 / 3707ms, 3.25 / 966ms, 3.25 / 634ms]
04-18 15:30:21.880  1092  1300 D DisplayPowerController[0]: animateScreenBrightness: target=0.090584494, rate=0.23809525    mShouldUpdateBrightnessSettingLater=true
04-18 15:30:21.880  1092  1300 D DisplayPowerController[0]: animateScreenBrightness: putScreenBrightnessSetting currentBrightness=0.06135861, duration=0.5
04-18 15:30:21.883  1092  1300 I DisplayPowerController[0]: BrightnessEvent: disp=0, brt=0.090584494, rcmdBrt=0.090584494, preBrt=0.06135861, lux=2.8832543, preLux=1.0542649, hbmMax=1.0, hbmMode=off, thrmMax=1.0, flags=, reason=automatic
04-18 15:30:21.889  1092  1092 I BrightnessSynchronizer: [27818] New Update 0.090584494(f) set brightness values:  24(i)
04-18 15:30:21.889  1092  1092 I BrightnessSynchronizer: New PendingUpdate: {[27819] 0.090584494(f), mUpdatedTypes=0, mConfirmedTypes=0, mTimeUpdated=0}, prev=null
04-18 15:30:21.889  1092  1092 I BrightnessSynchronizer: Swallowing update of 24(i) by update: {[27818] 0.090584494(f), mUpdatedTypes=1, mConfirmedTypes=1, mTimeUpdated=756251357}
04-18 15:30:21.889  1092  1092 I BrightnessSynchronizer: Completed Update: {[27818] 0.090584494(f), mUpdatedTypes=1, mConfirmedTypes=1, mTimeUpdated=756251357}
04-18 15:30:22.364  1092  1314 W PackageManager: Not removing package com.google.android.trichromelibrary hosting lib com.google.android.trichromelibrary version 768017731 used by [VersionedPackage[com.android.chrome/768017731]] for user 0
04-18 15:30:22.636  1092  3503 W BatteryExternalStatsWorker: error reading Bluetooth stats: 11
04-18 15:30:26.543  1092  9406 D JobScheduler.Time: evaluateConstraint job for: com.facebook.lite sourceUid:10195 app is not started!!
04-18 15:30:26.545  1092  9406 D JobScheduler.Time: evaluateConstraint job for: com.anthropic.claude sourceUid:10330 app is not started!!
04-18 15:30:26.545  1092  9406 V AlarmManager: set(null) : type=3 listener=android.app.AlarmManager$ListenerWrapper@a6f57aa listenerTag=*job.delay* workSource=WorkSource{10104 com.google.android.apps.messaging} callingPackage=android callingUid=1000 triggerAtTime=853081288 win=11562 tElapsed=853081288 maxElapsed=853092850 interval=0 flags=0x0
04-18 15:30:26.545  1092  9406 D AlarmManager: Add alarm packageName=android, type=3, when=853081288, tag=*job.delay*, callingUid=1000, callingPackage=android
04-18 15:30:26.546  1092  9406 D JobScheduler.Time: evaluateConstraint job for: com.facebook.lite sourceUid:10195 app is not started!!
04-18 15:30:43.472  1092  1244 E UnisocWatchdog: WDT_Monitor: writeWDTMonitor duration=50,shutdowning=false
04-18 15:30:53.524  1092  1370 D AlarmManager: waitForAlarm result:8currentTime=1776522653524, elapsedRealtime=853092850
04-18 15:30:53.524  1092  1370 I AlarmManager: going to acquire mWakeLock actually.
04-18 15:30:53.525  1092  1092 D JobScheduler.Time: evaluateConstraint job for: com.facebook.lite sourceUid:10195 app is not started!!
04-18 15:30:53.526  1092  1092 D JobScheduler.Time: evaluateConstraint job for: com.anthropic.claude sourceUid:10330 app is not started!!
04-18 15:30:53.529  1092  1370 D AlarmManager: sending alarm.type = 3, action = null, alarm = Alarm{9461e47 type 3 origWhen 853081288 whenElapsed 853081288 android}, cn = null, operation = null, listener=android.app.AlarmManager$ListenerWrapper@a6f57aa, listenerTag=*job.delay*, workSource=WorkSource{10104 com.google.android.apps.messaging}
04-18 15:30:53.530  1092  1092 V AlarmManager: set(null) : type=3 listener=android.app.AlarmManager$ListenerWrapper@a6f57aa listenerTag=*job.delay* workSource=WorkSource{10133 com.google.android.youtube} callingPackage=android callingUid=1000 triggerAtTime=853122851 win=22498 tElapsed=853122851 maxElapsed=853145349 interval=0 flags=0x0
04-18 15:30:53.530  1092  1092 D AlarmManager: Add alarm packageName=android, type=3, when=853122851, tag=*job.delay*, callingUid=1000, callingPackage=android
04-18 15:30:53.547  1092  1092 D CompatibilityChangeReporter: Compat change id reported: 135634846; UID 10124; state: DISABLED
04-18 15:30:53.548  1092  1092 D CompatibilityChangeReporter: Compat change id reported: 177438394; UID 10124; state: DISABLED
04-18 15:30:53.548  1092  1092 D CompatibilityChangeReporter: Compat change id reported: 135772972; UID 10124; state: DISABLED
04-18 15:30:53.549  1092  1092 D CompatibilityChangeReporter: Compat change id reported: 135754954; UID 10124; state: ENABLED
04-18 15:30:53.550  1092  1276 D ActivityManager: asking zygote to start proc:ProcessRecord{c7eb412 0:com.transsion.phoenix:service/u0a124}
04-18 15:30:53.550  1092  1276 D CompatibilityChangeReporter: Compat change id reported: 143937733; UID 10124; state: ENABLED
04-18 15:30:53.551  1092  1276 D Prefork : startResult is empty and running normal execution.
04-18 15:30:53.569  1092  9406 W ActivityManager: Background start not allowed: service Intent { cmp=com.google.android.apps.messaging/.shared.datamodel.action.execution.ActionExecutorImpl$EmptyService } to com.google.android.apps.messaging/.shared.datamodel.action.execution.ActionExecutorImpl$EmptyService from pid=25001 uid=10104 pkg=com.google.android.apps.messaging startFg?=false
04-18 15:30:53.595  1092  5611 D JobScheduler.Time: evaluateConstraint job for: com.facebook.lite sourceUid:10195 app is not started!!
04-18 15:30:53.596  1092  5611 D JobScheduler.Time: evaluateConstraint job for: com.anthropic.claude sourceUid:10330 app is not started!!
04-18 15:30:53.597  1092  5611 D JobScheduler.Time: evaluateConstraint job for: com.facebook.lite sourceUid:10195 app is not started!!
04-18 15:30:53.597  1092  5611 V AlarmManager: set(null) : type=2 listener=android.app.AlarmManager$ListenerWrapper@45bb3f listenerTag=*job.deadline* workSource=WorkSource{10124 com.transsion.phoenix} callingPackage=android callingUid=1000 triggerAtTime=853984277 win=668515 tElapsed=853984277 maxElapsed=854652792 interval=0 flags=0x0
04-18 15:30:53.597  1092  5611 D AlarmManager: Add alarm packageName=android, type=2, when=853984277, tag=*job.deadline*, callingUid=1000, callingPackage=android
04-18 15:30:53.600  1092  5611 V AlarmManager: set(null) : type=2 listener=android.app.AlarmManager$ListenerWrapper@45bb3f listenerTag=*job.deadline* workSource=WorkSource{10104 com.google.android.apps.messaging} callingPackage=android callingUid=1000 triggerAtTime=853252921 win=119995 tElapsed=853252921 maxElapsed=853372916 interval=0 flags=0x0
04-18 15:30:53.601  1092  5611 D AlarmManager: Add alarm packageName=android, type=2, when=853252921, tag=*job.deadline*, callingUid=1000, callingPackage=android
04-18 15:30:53.606  1092  9406 W JobScheduler: Job didn't exist in JobStore: f3873e4 #u0a104/101 com.google.android.apps.messaging/.shared.datamodel.action.execution.ActionJobService
04-18 15:30:53.610  1092  1276 W ActivityManager: Slow operation: 63ms so far, now at startProcess: returned from zygote!
04-18 15:30:53.610  1092  1276 W ActivityManager: Slow operation: 63ms so far, now at startProcess: done updating battery stats
04-18 15:30:53.610  1092  1276 W ActivityManager: Slow operation: 64ms so far, now at startProcess: building log message
04-18 15:30:53.610  1092  1276 I ActivityManager: Start proc 25961:com.transsion.phoenix:service/u0a124 for service {com.transsion.phoenix/com.cloudview.daemon.way.job.NewDaemonJobSchedulerService}
04-18 15:30:53.610  1092  1276 W ActivityManager: Slow operation: 64ms so far, now at startProcess: starting to update pids map
04-18 15:30:53.610  1092  1276 W ActivityManager: Slow operation: 64ms so far, now at startProcess: done updating pids map
04-18 15:30:53.789  1092  3503 D CompatibilityChangeReporter: Compat change id reported: 168419799; UID 10124; state: DISABLED
04-18 15:30:53.792  1092  3503 D os.ActivityManagerServiceLice: make process active com.transsion.phoenix:service(25961)
04-18 15:30:53.853 25961 25961 D TranClassInfo: instance successfully. com.transsion.hubcore.graphics.TranGraphicImpl@d5c8fb3 from com.transsion.hubcore.graphics.ITranGraphic
04-18 15:30:54.423  1092  3503 D CompatibilityChangeReporter: Compat change id reported: 161145287; UID 10124; state: DISABLED
04-18 15:30:54.532  1092  1092 I AlarmManager: going to release mWakeLock actually.
04-18 15:30:54.742  1092  5606 D JobScheduler.Time: evaluateConstraint job for: com.facebook.lite sourceUid:10195 app is not started!!
04-18 15:30:54.743  1092  5606 D JobScheduler.Time: evaluateConstraint job for: com.anthropic.claude sourceUid:10330 app is not started!!
04-18 15:30:54.743  1092  5606 D JobScheduler.Time: evaluateConstraint job for: com.facebook.lite sourceUid:10195 app is not started!!
04-18 15:30:54.826  1092  5606 D BroadcastQueue: Add broadcast <BroadcastRecord{b0ad46c u-1 android.net.conn.CONNECTIVITY_CHANGE}> into [parallel | background], pending size 0
04-18 15:30:54.827  1092  1275 D BroadcastQueue: Done with parallel broadcast [background] [BroadcastRecord{b0ad46c u-1 android.net.conn.CONNECTIVITY_CHANGE}]
04-18 15:30:54.861  1092  5606 D PackageManager: Considering set com.transsion.phoenix/com.cloudview.daemon.way.account.AccountProvider's state as 0 with userId = 0, callingPackage = null
04-18 15:30:54.862  1092  3503 D CompatibilityChangeReporter: Compat change id reported: 135634846; UID 10124; state: DISABLED
04-18 15:30:54.862  1092  3503 D CompatibilityChangeReporter: Compat change id reported: 177438394; UID 10124; state: DISABLED
04-18 15:30:54.862  1092  3503 D CompatibilityChangeReporter: Compat change id reported: 135772972; UID 10124; state: DISABLED
04-18 15:30:54.862  1092  3503 D CompatibilityChangeReporter: Compat change id reported: 135754954; UID 10124; state: ENABLED
04-18 15:30:54.862  1092  1276 D ActivityManager: asking zygote to start proc:ProcessRecord{7dd8a35 0:com.transsion.phoenix/u0a124}
04-18 15:30:54.862  1092  1276 D CompatibilityChangeReporter: Compat change id reported: 143937733; UID 10124; state: ENABLED
04-18 15:30:54.863  1092  1276 D Prefork : startResult is empty and running normal execution.
04-18 15:30:54.864  1092  9406 D PackageManager: Considering set com.transsion.phoenix/com.cloudview.daemon.way.account.AuthenticatorService's state as 0 with userId = 0, callingPackage = null
04-18 15:30:54.864  1092  9406 D PackageManager: Considering set com.transsion.phoenix/com.cloudview.daemon.way.account.SyncService's state as 0 with userId = 0, callingPackage = null
04-18 15:30:54.878  1092  1276 I ActivityManager: Start proc 26010:com.transsion.phoenix/u0a124 for content provider {com.transsion.phoenix/com.cloudview.ipc.common.IPCMainProvider}
04-18 15:30:54.880  1092  9406 D PackageManager: Considering set com.transsion.phoenix/com.cloudview.daemon.way.broadcast.DaemonBroadCastReceiver's state as 0 with userId = 0, callingPackage = null
04-18 15:30:54.881  1092  5606 W ActivityManager: Background start not allowed: service Intent { cmp=com.transsion.phoenix/com.cloudview.daemon.way.service.DaemonServiceA } to com.transsion.phoenix/com.cloudview.daemon.way.service.DaemonServiceA from pid=25961 uid=10124 pkg=com.transsion.phoenix startFg?=false
04-18 15:30:54.900  1092  5606 V AlarmManager: set(PendingIntent{dc94504: PendingIntentRecord{a5b2b90 com.transsion.phoenix broadcastIntent}}) : type=3 listener=null listenerTag=null workSource=null callingPackage=com.transsion.phoenix callingUid=10124 triggerAtTime=854894212 win=1350000 tElapsed=854894212 maxElapsed=856244212 interval=1800000 flags=0x0
04-18 15:30:54.902  1092  3503 D ActivityManager: send provider timeout msg, app: ProcessRecord{7dd8a35 26010:com.transsion.phoenix/u0a124}
04-18 15:30:54.904  1092  3503 D os.ActivityManagerServiceLice: make process active com.transsion.phoenix(26010)
