04-18 15:31:02.141  1092  1092 D ActivityManager: isGriffinSupport  bringUpServiceLocked and unbindServiceLockedIntent { cmp=com.openai.chatgpt/androidx.work.impl.background.systemjob.SystemJobService }
04-18 15:31:02.141  1092  1092 W ActivityManager: Unbind failed: could not find connection for android.app.LoadedApk$ServiceDispatcher$InnerConnection@69b9907
04-18 15:31:02.141  1092  1092 E JobScheduler.Concurrency: Error executing JobStatus{be53a34 #u0a270/3252 com.openai.chatgpt/androidx.work.impl.background.systemjob.SystemJobService u=0 s=10270 TIME=-2h35m16s968ms:none NET READY}
04-18 15:31:02.145  1092  1092 D Griffin/ComponentManager: Limit start proc:com.facebook.lite for 3rd-normal-service caller=system/1092,Intent { cmp=com.facebook.lite/.intent.PeriodicTaskJobService }
04-18 15:31:02.145  1092  1092 W ActivityManager: Unable to launch app com.facebook.lite/10195 for service Intent { cmp=com.facebook.lite/.intent.PeriodicTaskJobService }: AutoStart Limit
04-18 15:31:02.146  1092  1092 D ActivityManager: isGriffinSupport  bringUpServiceLocked and unbindServiceLockedIntent { cmp=com.facebook.lite/.intent.PeriodicTaskJobService }
04-18 15:31:02.146  1092  1092 W ActivityManager: Unbind failed: could not find connection for android.app.LoadedApk$ServiceDispatcher$InnerConnection@fcebea3
04-18 15:31:02.146  1092  1092 E JobScheduler.Concurrency: Error executing JobStatus{c1c53ef #u0a195/10016 com.facebook.lite/.intent.PeriodicTaskJobService u=0 s=10195 TIME=-1h34m39s712ms:-34m39s712ms PERIODIC PERSISTED READY}
04-18 15:31:02.168  1092  9388 V WindowState: toString mSurfaceNameCache=-[Surface(name=*Title#118536)/@0xadaa114] mLastTitle=SnapshotStartingWindow for taskId=2422 title=SnapshotStartingWindow for taskId=2422
04-18 15:31:02.208  1092  1238 W Looper  : Slow dispatch took 142ms android.fg h=android.os.Handler c=com.android.server.wm.ActivityMetricsLogger$$ExternalSyntheticLambda4@233e8b8 m=0
04-18 15:31:02.236  1092  9388 D TranWindowManagerService: hookIMEVisibleChanged(), show:false
04-18 15:31:02.236  1092  9388 I input_debug: package: com.zhiliaoapp.musically isPassWordInput: false inputType: 0 mMethodMap: false isKeyguardShowing: false enable: 0 isSplitScreen: false
04-18 15:31:03.928  1092  1831 D Hiber/importantScene: uid:10273 speed :17
04-18 15:31:03.928  1092  1831 D Hiber/appStateMachine: uid:10273 enter FrozenState
04-18 15:31:03.930  1092  1831 D Hiber/cgroup: runningPids : [25523] for uid=10273 pkgName=com.aurel.nexusStorage type=third
04-18 15:31:03.930  1092  1831 D Hiber/cgroup: writeDevFile pid: 25523
04-18 15:31:03.931  1092  1831 I Hiber/sceneManager: freeze uid: 10273 com.aurel.nexusStorage pids:[25523] costTime=3ms
04-18 15:31:03.932  1092  1832 D Hiber/hiberManager: msg for start proxy frozen state
04-18 15:31:03.953  1092  1832 D Hiber/hiberManager: try idle uid[10273] by hiber ,bgTime>0 ? true,isIdled before ? false ,isCurAllowListed ? false ,isProcStateBackground?true
04-18 15:31:03.953  1092  1832 D Hiber/hiberManager: try idle uid[10273] by hiber
04-18 15:31:03.954  1092  1832 D Hiber/proxyManager: p_service: 10273
04-18 15:31:03.954  1092  1832 D Hiber/proxyManager: p_job: 10273 pkgName=com.aurel.nexusStorage
04-18 15:31:03.954  1092  1832 D Hiber/proxyManager: pj_job: 10273 pkgName=com.aurel.nexusStorage which=2
04-18 15:31:03.954  1092  1832 D Hiber/hiberManager: proxy alarm (uid=10273, pkgName=com.aurel.nexusStorage)
04-18 15:31:03.954  1092  1832 D Hiber/proxyManager: p_alarm: uid=10273, pkgName=com.aurel.nexusStorage
04-18 15:31:03.954  1092  1832 D Hiber/alarmManagerServiceExtImpl: proxyAlarms leave, uid=10273, packageName=com.aurel.nexusStorage
04-18 15:31:04.934  1092  1835 I Hiber/nativeService: check binder uid=10273
04-18 15:31:05.855  1092  9388 D Griffin/DeviceState: update playerItem, pid = 20936, uid = 10282, package = com.zhiliaoapp.musically, playerId = 92855, playerState = 3
04-18 15:31:05.856  1092  9388 D Griffin/DeviceState: update playerItem, pid = 20936, uid = 10282, package = com.zhiliaoapp.musically, playerId = 92855, playerState = 4
04-18 15:31:05.904  1092  9388 D Griffin/DeviceState: update playerItem, pid = 20936, uid = 10282, package = com.zhiliaoapp.musically, playerId = 92855, playerState = 0
04-18 15:31:06.056  1092  1308 D Hiber/appStateManager: handleUpdateAudioFocusState uid: 10282    packageName:10282 remove
04-18 15:31:06.118  1092  5606 D Griffin/DeviceState: update playerItem, pid = 20936, uid = 10282, package = com.zhiliaoapp.musically, playerId = 92871, playerState = 2
04-18 15:31:06.120  1092  5606 D Griffin/DeviceState: Caller from 2, create the new playerItem: 
04-18 15:31:06.120  1092  5606 D Griffin/DeviceState: AudioPlayerItem{playerId=92871, playerState=2, lastUpdateTime=853105446, currentTime= 853105446}
04-18 15:31:06.179 20936 21013 E ActivityThread: Failed to find provider info for com.zhiliaoapp.musically.apm
04-18 15:31:06.224  1092  1308 D Hiber/appStateManager: handleUpdateAudioFocusState uid: 10282    packageName:10282 add
04-18 15:31:06.286  1092  5606 D Griffin/DeviceState: update playerItem, pid = 20936, uid = 10282, package = com.zhiliaoapp.musically, playerId = 92871, playerState = 2
04-18 15:31:06.606  1092  3503 D Griffin/DeviceState: update playerItem, pid = 20936, uid = 10282, package = com.zhiliaoapp.musically, playerId = 92879, playerState = 3
04-18 15:31:06.607  1092  3503 D Griffin/DeviceState: Caller from 2, create the new playerItem: 
04-18 15:31:06.607  1092  3503 D Griffin/DeviceState: AudioPlayerItem{playerId=92879, playerState=3, lastUpdateTime=853105933, currentTime= 853105933}
04-18 15:31:06.936  1092  2232 D Hiber/hiberManager: begin socketDestroy, mUid: 10273
04-18 15:31:06.936  1092  2232 W NetworkManagement: WARNING: mNetdService is not null.
04-18 15:31:06.956  1092  2232 D Hiber/hiberManager: clearDnsCache again!!!
04-18 15:31:07.109  1092  1289 D AppOps  : CAMERAR-evalMode-op:26 ,mode: 4 ,capability: 8
04-18 15:31:07.594  1092  1741 D SunLightProtectorImpl: Scene notify: mVideoSceneId:7 mGameSceneId:0 changed:true mVideoWindowMode:1 mGameWindowMode:0
04-18 15:31:07.598  1092  1374 D UnisocWindowEhanceController: updateVideoSceneStatus to 16, mVideoPlaying = true
04-18 15:31:09.750  1092  1092 D BroadcastQueue: Add broadcast <BroadcastRecord{7972294 u-1 android.intent.action.BATTERY_CHANGED}> into [parallel | background], pending size 0
04-18 15:31:09.755  1092  1275 D BroadcastQueue: Done with parallel broadcast [background] [BroadcastRecord{7972294 u-1 android.intent.action.BATTERY_CHANGED}]
04-18 15:31:09.757  1604  5624 D PowerUI : can't show warning due to - plugged: true status unknown: false
04-18 15:31:12.112  1092  5606 I input_debug: package: com.zhiliaoapp.musically isPassWordInput: false inputType: 0 mMethodMap: false isKeyguardShowing: false enable: 0 isSplitScreen: false
04-18 15:31:12.327  1092  1478 E ThermalHalWrapper: Couldn't get temperatures because of HAL error: can't find this type sensor
04-18 15:31:12.403  1092  5606 D JobScheduler.Time: evaluateConstraint job for: com.facebook.lite sourceUid:10195 app is not started!!
04-18 15:31:12.404  1092  5606 D JobScheduler.Time: evaluateConstraint job for: com.anthropic.claude sourceUid:10330 app is not started!!
04-18 15:31:12.404  1092  5606 V AlarmManager: set(null) : type=3 listener=android.app.AlarmManager$ListenerWrapper@a6f57aa listenerTag=*job.delay* workSource=WorkSource{10108 com.google.android.apps.wellbeing} callingPackage=android callingUid=1000 triggerAtTime=853128284 win=12415 tElapsed=853128284 maxElapsed=853140699 interval=0 flags=0x0
04-18 15:31:12.405  1092  5606 D AlarmManager: Add alarm packageName=android, type=3, when=853128284, tag=*job.delay*, callingUid=1000, callingPackage=android
04-18 15:31:12.408  1092  5606 D JobScheduler.Time: evaluateConstraint job for: com.facebook.lite sourceUid:10195 app is not started!!
04-18 15:31:13.473  1092  1244 E UnisocWatchdog: WDT_Monitor: writeWDTMonitor duration=50,shutdowning=false
04-18 15:31:16.228  1092  1740 V AlarmManager: set(PendingIntent{7255c: PendingIntentRecord{1952065 android broadcastIntent}}) : type=3 listener=null listenerTag=null workSource=null callingPackage=android callingUid=1000 triggerAtTime=853415553 win=224999 tElapsed=853415553 maxElapsed=853640552 interval=0 flags=0x8
04-18 15:31:16.228  1092  1740 D AlarmManager: Add alarm packageName=android, type=3, when=853415553, tag=null, callingUid=1000, callingPackage=android
04-18 15:31:16.592  1092  5606 D Griffin/DeviceState: update playerItem, pid = 20936, uid = 10282, package = com.zhiliaoapp.musically, playerId = 92871, playerState = 3
04-18 15:31:16.593  1092  1741 D SunLightProtectorImpl: Scene notify: mVideoSceneId:12 mGameSceneId:0 changed:true mVideoWindowMode:1 mGameWindowMode:0
04-18 15:31:16.594  1092  5606 D Griffin/DeviceState: update playerItem, pid = 20936, uid = 10282, package = com.zhiliaoapp.musically, playerId = 92871, playerState = 4
04-18 15:31:16.595  1092  5606 D Griffin/DeviceState: update playerItem, pid = 20936, uid = 10282, package = com.zhiliaoapp.musically, playerId = 92871, playerState = 0
04-18 15:31:16.604  1092  5606 D Griffin/DeviceState: update playerItem, pid = 20936, uid = 10282, package = com.zhiliaoapp.musically, playerId = 92879, playerState = 2
04-18 15:31:16.605  1092  5606 D Griffin/DeviceState: Caller from 2, create the new playerItem: 
04-18 15:31:16.605  1092  5606 D Griffin/DeviceState: AudioPlayerItem{playerId=92879, playerState=2, lastUpdateTime=853115931, currentTime= 853115931}
04-18 15:31:16.606  1092  1741 D SunLightProtectorImpl: Scene notify: mVideoSceneId:7 mGameSceneId:0 changed:true mVideoWindowMode:1 mGameWindowMode:0
04-18 15:31:16.610  1092  9388 D Griffin/DeviceState: update playerItem, pid = 20936, uid = 10282, package = com.zhiliaoapp.musically, playerId = 92879, playerState = 2
04-18 15:31:16.642  1092  5606 D Griffin/DeviceState: update playerItem, pid = 20936, uid = 10282, package = com.zhiliaoapp.musically, playerId = 92879, playerState = 2
04-18 15:31:16.744  1092  1300 D AutomaticBrightnessController: updateAutoBrightness: mScreenAutoBrightness=0.090584494, newScreenAutoBrightness=0.1113509, mAmbientLux=4.375, mScreenDarkeningThreshold= 0.072467595, mScreenBrighteningThreshold=0.09964295, mAmbientLightRingBuffer=[2.25 / 4614ms, 3.25 / 1127ms, 4.375 / 484ms, 4.375 / 483ms, 4.375 / 323ms, 4.375 / 966ms, 4.375 / 2003ms]
04-18 15:31:16.776  1092  1300 D DisplayPowerController[0]: animateScreenBrightness: target=0.1113509, rate=0.23809525    mShouldUpdateBrightnessSettingLater=true
04-18 15:31:16.776  1092  1300 D DisplayPowerController[0]: animateScreenBrightness: putScreenBrightnessSetting currentBrightness=0.090584494, duration=0.5
04-18 15:31:16.779  1092  1300 I DisplayPowerController[0]: BrightnessEvent: disp=0, brt=0.1113509, rcmdBrt=0.1113509, preBrt=0.090584494, lux=4.375, preLux=3.411281, hbmMax=1.0, hbmMode=off, thrmMax=1.0, flags=, reason=automatic
04-18 15:31:16.782  1092  1092 I BrightnessSynchronizer: [27820] New Update 0.1113509(f) set brightness values:  29(i)
04-18 15:31:16.782  1092  1092 I BrightnessSynchronizer: New PendingUpdate: {[27821] 0.1113509(f), mUpdatedTypes=0, mConfirmedTypes=0, mTimeUpdated=0}, prev=null
04-18 15:31:16.782  1092  1092 I BrightnessSynchronizer: Swallowing update of 29(i) by update: {[27820] 0.1113509(f), mUpdatedTypes=1, mConfirmedTypes=1, mTimeUpdated=756306250}
04-18 15:31:16.782  1092  1092 I BrightnessSynchronizer: Completed Update: {[27820] 0.1113509(f), mUpdatedTypes=1, mConfirmedTypes=1, mTimeUpdated=756306250}
04-18 15:31:17.106  1092  5606 D os.permission.PermissionInfo: checkPermission 10174:android.permission.INTERACT_ACROSS_USERS_FULL:true
04-18 15:31:17.106  1092  5606 I os.permission: Grant permission: android.permission.INTERACT_ACROSS_USERS_FULL to uid: 10174
04-18 15:31:17.221  1092  9388 D Griffin/DeviceState: update playerItem, pid = 20936, uid = 10282, package = com.zhiliaoapp.musically, playerId = 92887, playerState = 3
04-18 15:31:17.221  1092  9388 D Griffin/DeviceState: Caller from 2, create the new playerItem: 
04-18 15:31:17.221  1092  9388 D Griffin/DeviceState: AudioPlayerItem{playerId=92887, playerState=3, lastUpdateTime=853116547, currentTime= 853116547}
04-18 15:31:17.512  1092  1398 D BroadcastQueue: Add broadcast <BroadcastRecord{bab24eb u-1 android.net.wifi.RSSI_CHANGED}> into [parallel | background], pending size 0
04-18 15:31:17.514  1092  1275 D BroadcastQueue: Done with parallel broadcast [background] [BroadcastRecord{bab24eb u-1 android.net.wifi.RSSI_CHANGED}]
04-18 15:31:17.764  1092  1092 D NetworkStatusMonitor: getAllInterfaceNames network type is wifi
04-18 15:31:17.764  1092  1092 D NetworkStatusMonitor: onNetworkTypeChanged wifi => wifi
04-18 15:31:18.989  1092  1239 D CompatibilityChangeReporter: Compat change id reported: 173031413; UID 1000; state: ENABLED
04-18 15:31:19.027  1092  1381 I Telecom : DefaultDialerCache: Package Manager could not find ComponentName:com.android.incallui: TSI.iR@Mh0
04-18 15:31:19.032  1092  1381 I Telecom : DefaultDialerCache: Package Manager could not find ComponentName:com.android.incallui: TSI.iIC@Mh4
04-18 15:31:19.076  1092  1239 I WindowManager: [TwoKeysCombinationRule cancel] Rule: Volume_Down - Power
04-18 15:31:19.088  1092  1092 I Telecom : DefaultDialerCache: Package Manager could not find ComponentName:com.android.incallui: TSI.iIC@Mh8
04-18 15:31:19.099  1092  1092 D BroadcastQueue: Add broadcast <BroadcastRecord{5e08248 u-1 android.media.VOLUME_CHANGED_ACTION}> into [parallel | foreground], pending size 0
04-18 15:31:19.103  1092  1275 D BroadcastQueue: Done with parallel broadcast [foreground] [BroadcastRecord{5e08248 u-1 android.media.VOLUME_CHANGED_ACTION}]
04-18 15:31:19.104  1092  1092 D BroadcastQueue: Add broadcast <BroadcastRecord{3f998e1 u-1 android.media.VOLUME_CHANGED_ACTION}> into [parallel | foreground], pending size 0
04-18 15:31:19.106  1092  1275 D BroadcastQueue: Done with parallel broadcast [foreground] [BroadcastRecord{3f998e1 u-1 android.media.VOLUME_CHANGED_ACTION}]
04-18 15:31:19.107  1092  1092 D BroadcastQueue: Add broadcast <BroadcastRecord{ce0d606 u-1 android.media.VOLUME_CHANGED_ACTION}> into [parallel | foreground], pending size 0
04-18 15:31:19.110  1092  1275 D BroadcastQueue: Done with parallel broadcast [foreground] [BroadcastRecord{ce0d606 u-1 android.media.VOLUME_CHANGED_ACTION}]
04-18 15:31:19.113  1092  1092 D BroadcastQueue: Add broadcast <BroadcastRecord{b9524c7 u-1 android.media.VOLUME_CHANGED_ACTION}> into [parallel | foreground], pending size 0
04-18 15:31:19.120  1092  1275 D BroadcastQueue: Done with parallel broadcast [foreground] [BroadcastRecord{b9524c7 u-1 android.media.VOLUME_CHANGED_ACTION}]
04-18 15:31:19.129  1092  1092 I Telecom : DefaultDialerCache: Package Manager could not find ComponentName:com.android.incallui: TSI.iIC@MiA
04-18 15:31:19.184  1092  5606 D PowerManagerService: userActivityNoUpdateLocked: Scene not defined, event:0
04-18 15:31:19.222  1092  9388 V WindowState: toString mSurfaceNameCache= mLastTitle=null title=TrVolumeDialogImpl
04-18 15:31:19.222  1092  9388 D CoreBackPreview: Window{3a44c92 u0 TrVolumeDialogImpl}: Setting back callback OnBackInvokedCallbackInfo{mCallback=android.window.IOnBackInvokedCallback$Stub$Proxy@b35260, mPriority=0}
04-18 15:31:19.270  1092  9388 D WindowManager: finishDrawing: syncSeqId=0, postDrawTransaction=android.view.SurfaceControl$Transaction@db69fde, mSyncState=0, mDrawState=1, hasSyncHandlers=false, mClientWasDrawingForSync=false, win=Window{3a44c92 u0 TrVolumeDialogImpl}-[Surface(name=*Title#118548)/@0x5b38319]
04-18 15:31:19.913  1092  5606 D PowerManagerService: userActivityNoUpdateLocked: Scene not defined, event:0
04-18 15:31:20.097  1092  5606 D CoreBackPreview: Window{3a44c92 u0 TrVolumeDialogImpl}-[Surface(name=*Title#118548)/@0x5b38319]: Setting back callback null
04-18 15:31:28.870  1092  2969 D Griffin/DeviceState: update playerItem, pid = 20936, uid = 10282, package = com.zhiliaoapp.musically, playerId = 92887, playerState = 2
04-18 15:31:28.871  1092  2969 D Griffin/DeviceState: Caller from 2, create the new playerItem: 
04-18 15:31:28.871  1092  2969 D Griffin/DeviceState: AudioPlayerItem{playerId=92887, playerState=2, lastUpdateTime=853128197, currentTime= 853128197}
04-18 15:31:28.877  1092  5606 D Griffin/DeviceState: update playerItem, pid = 20936, uid = 10282, package = com.zhiliaoapp.musically, playerId = 92879, playerState = 3
04-18 15:31:28.877  1092  5606 D Griffin/DeviceState: Caller from 2, create the new playerItem: 
04-18 15:31:28.877  1092  5606 D Griffin/DeviceState: AudioPlayerItem{playerId=92879, playerState=3, lastUpdateTime=853128204, currentTime= 853128204}
04-18 15:31:28.878  1092  5606 D Griffin/DeviceState: update playerItem, pid = 20936, uid = 10282, package = com.zhiliaoapp.musically, playerId = 92887, playerState = 2
04-18 15:31:28.878  1092  5606 D Griffin/DeviceState: update playerItem, pid = 20936, uid = 10282, package = com.zhiliaoapp.musically, playerId = 92879, playerState = 4
04-18 15:31:28.878  1092  5606 D Griffin/DeviceState: Caller from 2, create the new playerItem: 
04-18 15:31:28.878  1092  5606 D Griffin/DeviceState: AudioPlayerItem{playerId=92879, playerState=4, lastUpdateTime=853128204, currentTime= 853128204}
04-18 15:31:28.879  1092  5606 D Griffin/DeviceState: update playerItem, pid = 20936, uid = 10282, package = com.zhiliaoapp.musically, playerId = 92879, playerState = 0
04-18 15:31:28.879  1092  5606 D Griffin/DeviceState: Caller from 2, create the new playerItem: 
04-18 15:31:28.879  1092  5606 D Griffin/DeviceState: AudioPlayerItem{playerId=92879, playerState=0, lastUpdateTime=853128206, currentTime= 853128206}
04-18 15:31:28.908  1092  2969 D Griffin/DeviceState: update playerItem, pid = 20936, uid = 10282, package = com.zhiliaoapp.musically, playerId = 92887, playerState = 2
04-18 15:31:29.372  1092  2969 D BroadcastQueue: Add broadcast <BroadcastRecord{e8e6489 u-1 android.intent.action.BATTERY_CHANGED}> into [parallel | background], pending size 0
04-18 15:31:29.372  1092  1275 D BroadcastQueue: Done with parallel broadcast [background] [BroadcastRecord{e8e6489 u-1 android.intent.action.BATTERY_CHANGED}]
04-18 15:31:30.281  1092  1346 D AlarmManager: Package com.google.android.inputmethod.latin for user 0 now in bucket 45
04-18 15:31:30.294  1092  1092 E JobScheduler.Concurrency: Had fewer than 16 in existence
04-18 15:31:30.297  1092  1092 E JobScheduler.Concurrency: Had fewer than 16 in existence
04-18 15:31:30.299  1092  1092 E JobScheduler.Concurrency: Had fewer than 16 in existence
04-18 15:31:30.302  1092  1092 E JobScheduler.Concurrency: Had fewer than 16 in existence
04-18 15:31:30.309  1092  1092 D Griffin/ComponentManager: Limit start proc:com.deepseek.chat for 3rd-normal-service caller=system/1092,Intent { cmp=com.deepseek.chat/com.google.android.datatransport.runtime.scheduling.jobscheduling.JobInfoSchedulerService }
04-18 15:31:30.310  1092  1092 W ActivityManager: Unable to launch app com.deepseek.chat/10286 for service Intent { cmp=com.deepseek.chat/com.google.android.datatransport.runtime.scheduling.jobscheduling.JobInfoSchedulerService }: AutoStart Limit
04-18 15:31:30.310  1092  1092 D ActivityManager: isGriffinSupport  bringUpServiceLocked and unbindServiceLockedIntent { cmp=com.deepseek.chat/com.google.android.datatransport.runtime.scheduling.jobscheduling.JobInfoSchedulerService }
04-18 15:31:30.311  1092  1092 W ActivityManager: Unbind failed: could not find connection for android.app.LoadedApk$ServiceDispatcher$InnerConnection@f8574cb
04-18 15:31:30.311  1092  1092 E JobScheduler.Concurrency: Error executing JobStatus{52e50ff #u0a286/-814799897 com.deepseek.chat/com.google.android.datatransport.runtime.scheduling.jobscheduling.JobInfoSchedulerService u=0 s=10286 TIME=-4d22h20m34s989ms:none NET READY}
04-18 15:31:30.318  1092  1092 D Griffin/ComponentManager: Limit start proc:com.anthropic.claude for 3rd-normal-service caller=system/1092,Intent { cmp=com.anthropic.claude/com.google.android.datatransport.runtime.scheduling.jobscheduling.JobInfoSchedulerService }
04-18 15:31:30.318  1092  1092 W ActivityManager: Unable to launch app com.anthropic.claude/10330 for service Intent { cmp=com.anthropic.claude/com.google.android.datatransport.runtime.scheduling.jobscheduling.JobInfoSchedulerService }: AutoStart Limit
04-18 15:31:30.318  1092  1092 D ActivityManager: isGriffinSupport  bringUpServiceLocked and unbindServiceLockedIntent { cmp=com.anthropic.claude/com.google.android.datatransport.runtime.scheduling.jobscheduling.JobInfoSchedulerService }
04-18 15:31:30.319  1092  1092 W ActivityManager: Unbind failed: could not find connection for android.app.LoadedApk$ServiceDispatcher$InnerConnection@9f492a7
04-18 15:31:30.319  1092  1092 E JobScheduler.Concurrency: Error executing JobStatus{bf61f9c #u0a330/1387341111 com.anthropic.claude/com.google.android.datatransport.runtime.scheduling.jobscheduling.JobInfoSchedulerService u=0 s=10330 TIME=-1d20h0m2s309ms:none NET failures=1 READY}
04-18 15:31:30.325  1092  1092 D Griffin/ComponentManager: Limit start proc:com.openai.chatgpt for 3rd-normal-service caller=system/1092,Intent { cmp=com.openai.chatgpt/androidx.work.impl.background.systemjob.SystemJobService }
04-18 15:31:30.325  1092  1092 W ActivityManager: Unable to launch app com.openai.chatgpt/10270 for service Intent { cmp=com.openai.chatgpt/androidx.work.impl.background.systemjob.SystemJobService }: AutoStart Limit
04-18 15:31:30.326  1092  1092 D ActivityManager: isGriffinSupport  bringUpServiceLocked and unbindServiceLockedIntent { cmp=com.openai.chatgpt/androidx.work.impl.background.systemjob.SystemJobService }
04-18 15:31:30.326  1092  1092 W ActivityManager: Unbind failed: could not find connection for android.app.LoadedApk$ServiceDispatcher$InnerConnection@64db243
04-18 15:31:30.327  1092  1092 E JobScheduler.Concurrency: Error executing JobStatus{be53a34 #u0a270/3252 com.openai.chatgpt/androidx.work.impl.background.systemjob.SystemJobService u=0 s=10270 TIME=-2h35m45s154ms:none NET READY}
04-18 15:31:30.332  1092  1092 D Griffin/ComponentManager: Limit start proc:com.facebook.lite for 3rd-normal-service caller=system/1092,Intent { cmp=com.facebook.lite/.intent.PeriodicTaskJobService }
04-18 15:31:30.332  1092  1092 W ActivityManager: Unable to launch app com.facebook.lite/10195 for service Intent { cmp=com.facebook.lite/.intent.PeriodicTaskJobService }: AutoStart Limit
04-18 15:31:30.332  1092  1092 D ActivityManager: isGriffinSupport  bringUpServiceLocked and unbindServiceLockedIntent { cmp=com.facebook.lite/.intent.PeriodicTaskJobService }
04-18 15:31:30.332  1092  1092 W ActivityManager: Unbind failed: could not find connection for android.app.LoadedApk$ServiceDispatcher$InnerConnection@48f2f9f
04-18 15:31:30.333  1092  1092 E JobScheduler.Concurrency: Error executing JobStatus{c1c53ef #u0a195/10016 com.facebook.lite/.intent.PeriodicTaskJobService u=0 s=10195 TIME=-1h35m7s898ms:-35m7s898ms PERIODIC PERSISTED READY}
04-18 15:31:32.927  1092  1300 D AutomaticBrightnessController: updateAutoBrightness: mScreenAutoBrightness=0.1113509, newScreenAutoBrightness=0.082079366, mAmbientLux=2.25, mScreenDarkeningThreshold= 0.08908072, mScreenBrighteningThreshold=0.122485995, mAmbientLightRingBuffer=[4.375 / 4383ms, 4.375 / 484ms, 4.375 / 1611ms, 4.375 / 321ms, 3.25 / 323ms, 2.25 / 2878ms]
04-18 15:31:32.927  1092  1300 D DisplayPowerController[0]: animateScreenBrightness: target=0.082079366, rate=0.033333335    mShouldUpdateBrightnessSettingLater=true
04-18 15:31:32.928  1092  1300 D DisplayPowerController[0]: animateScreenBrightness: putScreenBrightnessSetting currentBrightness=0.1113509, duration=0.878146
04-18 15:31:32.930  1092  1300 I DisplayPowerController[0]: BrightnessEvent: disp=0, brt=0.082079366, rcmdBrt=0.082079366, preBrt=0.1113509, lux=2.25, preLux=4.375, hbmMax=1.0, hbmMode=off, thrmMax=1.0, flags=, reason=automatic
04-18 15:31:32.931  1092  1092 I BrightnessSynchronizer: [27822] New Update 0.082079366(f) set brightness values:  22(i)
04-18 15:31:32.931  1092  1092 I BrightnessSynchronizer: New PendingUpdate: {[27823] 0.082079366(f), mUpdatedTypes=0, mConfirmedTypes=0, mTimeUpdated=0}, prev=null
04-18 15:31:32.932  1092  1092 I BrightnessSynchronizer: Swallowing update of 22(i) by update: {[27822] 0.082079366(f), mUpdatedTypes=1, mConfirmedTypes=1, mTimeUpdated=756322400}
04-18 15:31:32.933  1092  1092 I BrightnessSynchronizer: Completed Update: {[27822] 0.082079366(f), mUpdatedTypes=1, mConfirmedTypes=1, mTimeUpdated=756322400}
04-18 15:31:34.466  1092  1381 I Telecom : DefaultDialerCache: Package Manager could not find ComponentName:com.android.incallui: TSI.iR@MiE
04-18 15:31:34.468  1092  1381 I Telecom : DefaultDialerCache: Package Manager could not find ComponentName:com.android.incallui: TSI.iIC@MiI
04-18 15:31:34.621  1092  1092 I Telecom : DefaultDialerCache: Package Manager could not find ComponentName:com.android.incallui: TSI.iIC@MiM
04-18 15:31:34.627  1092  1092 D BroadcastQueue: Add broadcast <BroadcastRecord{2d4de16 u-1 android.media.VOLUME_CHANGED_ACTION}> into [parallel | foreground], pending size 0
04-18 15:31:34.629  1092  1275 D BroadcastQueue: Done with parallel broadcast [foreground] [BroadcastRecord{2d4de16 u-1 android.media.VOLUME_CHANGED_ACTION}]
04-18 15:31:34.630  1092  1092 D BroadcastQueue: Add broadcast <BroadcastRecord{b517397 u-1 android.media.VOLUME_CHANGED_ACTION}> into [parallel | foreground], pending size 0
04-18 15:31:34.632  1092  1275 D BroadcastQueue: Done with parallel broadcast [foreground] [BroadcastRecord{b517397 u-1 android.media.VOLUME_CHANGED_ACTION}]
04-18 15:31:34.633  1092  1092 D BroadcastQueue: Add broadcast <BroadcastRecord{b06984 u-1 android.media.VOLUME_CHANGED_ACTION}> into [parallel | foreground], pending size 0
04-18 15:31:34.634  1092  1275 D BroadcastQueue: Done with parallel broadcast [foreground] [BroadcastRecord{b06984 u-1 android.media.VOLUME_CHANGED_ACTION}]
04-18 15:31:34.636  1092  1092 D BroadcastQueue: Add broadcast <BroadcastRecord{b5b556d u-1 android.media.VOLUME_CHANGED_ACTION}> into [parallel | foreground], pending size 0
04-18 15:31:34.638  1092  1275 D BroadcastQueue: Done with parallel broadcast [foreground] [BroadcastRecord{b5b556d u-1 android.media.VOLUME_CHANGED_ACTION}]
04-18 15:31:34.654  1092  2969 D PowerManagerService: userActivityNoUpdateLocked: Scene not defined, event:0
04-18 15:31:34.664  1092  2969 V WindowState: toString mSurfaceNameCache= mLastTitle=null title=TrVolumeDialogImpl
04-18 15:31:34.664  1092  2969 D CoreBackPreview: Window{78c99f0 u0 TrVolumeDialogImpl}: Setting back callback OnBackInvokedCallbackInfo{mCallback=android.window.IOnBackInvokedCallback$Stub$Proxy@b0199ee, mPriority=0}
04-18 15:31:34.705  1092  2969 D WindowManager: finishDrawing: syncSeqId=0, postDrawTransaction=android.view.SurfaceControl$Transaction@2b9651c, mSyncState=0, mDrawState=1, hasSyncHandlers=false, mClientWasDrawingForSync=false, win=Window{78c99f0 u0 TrVolumeDialogImpl}-[Surface(name=*Title#118553)/@0x8a93e8f]
04-18 15:31:34.710  1092  1092 I Telecom : DefaultDialerCache: Package Manager could not find ComponentName:com.android.incallui: TSI.iIC@MiQ
04-18 15:31:35.033  1092  1300 D AutomaticBrightnessController: updateAutoBrightness: mScreenAutoBrightness=0.082079366, newScreenAutoBrightness=0.106077656, mAmbientLux=4.008254, mScreenDarkeningThreshold= 0.065663494, mScreenBrighteningThreshold=0.090287305, mAmbientLightRingBuffer=[4.375 / 2277ms, 4.375 / 484ms, 4.375 / 1611ms, 4.375 / 321ms, 3.25 / 323ms, 2.25 / 3384ms, 4.375 / 645ms, 4.375 / 955ms]
04-18 15:31:35.034  1092  1300 D DisplayPowerController[0]: animateScreenBrightness: target=0.106077656, rate=0.23809525    mShouldUpdateBrightnessSettingLater=true
04-18 15:31:35.034  1092  1300 D DisplayPowerController[0]: animateScreenBrightness: putScreenBrightnessSetting currentBrightness=0.082079366, duration=0.5
04-18 15:31:35.035  1092  1300 I DisplayPowerController[0]: BrightnessEvent: disp=0, brt=0.106077656, rcmdBrt=0.106077656, preBrt=0.082079366, lux=4.008254, preLux=2.25, hbmMax=1.0, hbmMode=off, thrmMax=1.0, flags=, reason=automatic
04-18 15:31:35.037  1092  1092 I BrightnessSynchronizer: [27824] New Update 0.106077656(f) set brightness values:  28(i)
04-18 15:31:35.037  1092  1092 I BrightnessSynchronizer: New PendingUpdate: {[27825] 0.106077656(f), mUpdatedTypes=0, mConfirmedTypes=0, mTimeUpdated=0}, prev=null
04-18 15:31:35.038  1092  1092 I BrightnessSynchronizer: Swallowing update of 28(i) by update: {[27824] 0.106077656(f), mUpdatedTypes=1, mConfirmedTypes=1, mTimeUpdated=756324506}
04-18 15:31:35.038  1092  1092 I BrightnessSynchronizer: Completed Update: {[27824] 0.106077656(f), mUpdatedTypes=1, mConfirmedTypes=1, mTimeUpdated=756324506}
04-18 15:31:35.242  1092  9388 D PowerManagerService: userActivityNoUpdateLocked: Scene not defined, event:0
04-18 15:31:35.430  1092  2969 D CoreBackPreview: Window{78c99f0 u0 TrVolumeDialogImpl}-[Surface(name=*Title#118553)/@0x8a93e8f]: Setting back callback null
04-18 15:31:40.511  1092  1241 I DisplayDeviceRepository: Display device changed: DisplayDeviceInfo{"Built-in Screen": uniqueId="local:0", 720 x 1612, modeId 2, defaultModeId 1, supportedModes [{id=1, width=720, height=1612, fps=60.0, alternativeRefreshRates=[90.0]}, {id=2, width=720, height=1612, fps=90.0, alternativeRefreshRates=[60.0]}], colorMode 0, supportedColorModes [0], hdrCapabilities HdrCapabilities{mSupportedHdrTypes=[], mMaxLuminance=500.0, mMaxAverageLuminance=500.0, mMinLuminance=0.0}, allmSupported false, gameContentTypeSupported false, density 320, 268.941 x 269.373 dpi, appVsyncOff 2000000, presDeadline 11111111, cutout DisplayCutout{insets=Rect(0, 80 - 0, 0) waterfall=Insets{left=0, top=0, right=0, bottom=0} boundingRect={Bounds=[Rect(0, 0 - 0, 0), Rect(312, 0 - 408, 80), Rect(0, 0 - 0, 0), Rect(0, 0 - 0, 0)]} cutoutPathParserInfo={CutoutPathParserInfo{displayWidth=720 displayHeight=1612 physicalDisplayWidth=720 physicalDisplayHeight=1612 density={2.0} cutoutSpec={M -24,0 L -24,40 L 24,40 L 24,0 Z @dp} rotation={0} scale={1.0} physicalPixelDisplaySizeRatio={1.0}}}}, touch INTERNAL, rotation 0, type INTERNAL, address {port=0}, deviceProductInfo null, state ON, frameRateOverride , brightnessMinimum 0.0, brightnessMaximum 1.0, brightnessDefault 0.096576735, FLAG_ALLOWED_TO_BE_DEFAULT_DISPLAY, FLAG_ROTATES_WITH_CONTENT, FLAG_SECURE, FLAG_SUPPORTS_PROTECTED_BUFFERS, installOrientation 0}
04-18 15:31:41.373  1092  1370 D AlarmManager: waitForAlarm result:8currentTime=1776522701373, elapsedRealtime=853140699
04-18 15:31:41.373  1092  1370 I AlarmManager: going to acquire mWakeLock actually.
04-18 15:31:41.373  1092  1092 D JobScheduler.Time: evaluateConstraint job for: com.facebook.lite sourceUid:10195 app is not started!!
04-18 15:31:41.374  1092  1092 D JobScheduler.Time: evaluateConstraint job for: com.anthropic.claude sourceUid:10330 app is not started!!
04-18 15:31:41.375  1092  1370 D AlarmManager: sending alarm.type = 3, action = null, alarm = Alarm{27e5a9e type 3 origWhen 853128284 whenElapsed 853128284 android}, cn = null, operation = null, listener=android.app.AlarmManager$ListenerWrapper@a6f57aa, listenerTag=*job.delay*, workSource=WorkSource{10108 com.google.android.apps.wellbeing}
04-18 15:31:41.377  1092  1092 V AlarmManager: set(null) : type=3 listener=android.app.AlarmManager$ListenerWrapper@a6f57aa listenerTag=*job.delay* workSource=WorkSource{10104 com.google.android.apps.messaging} callingPackage=android callingUid=1000 triggerAtTime=853172921 win=24165 tElapsed=853172921 maxElapsed=853197086 interval=0 flags=0x0
04-18 15:31:41.377  1092  1092 D AlarmManager: Add alarm packageName=android, type=3, when=853172921, tag=*job.delay*, callingUid=1000, callingPackage=android
04-18 15:31:41.378  1092  1092 E JobScheduler.Concurrency: Had fewer than 16 in existence
04-18 15:31:41.380  1092  1092 E JobScheduler.Concurrency: Had fewer than 16 in existence
04-18 15:31:41.382  1092  1092 E JobScheduler.Concurrency: Had fewer than 16 in existence
04-18 15:31:41.383  1092  1092 E JobScheduler.Concurrency: Had fewer than 16 in existence
04-18 15:31:41.388  1092  1092 D ActivityManager: PROFILE_FROM_SHELL is disabled for ProcessRecord{cbd1f76 0:com.google.android.apps.wellbeing/u0a108}
04-18 15:31:41.406  1092  1092 D CompatibilityChangeReporter: Compat change id reported: 135634846; UID 10108; state: DISABLED
04-18 15:31:41.411  1092  1092 D CompatibilityChangeReporter: Compat change id reported: 177438394; UID 10108; state: DISABLED
04-18 15:31:41.411  1092  1092 D CompatibilityChangeReporter: Compat change id reported: 135772972; UID 10108; state: DISABLED
04-18 15:31:41.411  1092  1092 D CompatibilityChangeReporter: Compat change id reported: 135754954; UID 10108; state: ENABLED
04-18 15:31:41.412  1092  1276 D ActivityManager: asking zygote to start proc:ProcessRecord{cbd1f76 0:com.google.android.apps.wellbeing/u0a108}
04-18 15:31:41.412  1092  1276 D CompatibilityChangeReporter: Compat change id reported: 143937733; UID 10108; state: ENABLED
04-18 15:31:41.412  1092  1276 D Prefork : startResult is empty and running normal execution.
04-18 15:31:41.423  1092  1276 I ActivityManager: Start proc 26288:com.google.android.apps.wellbeing/u0a108 for service {com.google.android.apps.wellbeing/androidx.work.impl.background.systemjob.SystemJobService}
04-18 15:31:41.445  1092  1241 I DisplayDeviceRepository: Display device changed: DisplayDeviceInfo{"Built-in Screen": uniqueId="local:0", 720 x 1612, modeId 1, defaultModeId 1, supportedModes [{id=1, width=720, height=1612, fps=60.0, alternativeRefreshRates=[90.0]}, {id=2, width=720, height=1612, fps=90.0, alternativeRefreshRates=[60.0]}], colorMode 0, supportedColorModes [0], hdrCapabilities HdrCapabilities{mSupportedHdrTypes=[], mMaxLuminance=500.0, mMaxAverageLuminance=500.0, mMinLuminance=0.0}, allmSupported false, gameContentTypeSupported false, density 320, 268.941 x 269.373 dpi, appVsyncOff 1000000, presDeadline 16666667, cutout DisplayCutout{insets=Rect(0, 80 - 0, 0) waterfall=Insets{left=0, top=0, right=0, bottom=0} boundingRect={Bounds=[Rect(0, 0 - 0, 0), Rect(312, 0 - 408, 80), Rect(0, 0 - 0, 0), Rect(0, 0 - 0, 0)]} cutoutPathParserInfo={CutoutPathParserInfo{displayWidth=720 displayHeight=1612 physicalDisplayWidth=720 physicalDisplayHeight=1612 density={2.0} cutoutSpec={M -24,0 L -24,40 L 24,40 L 24,0 Z @dp} rotation={0} scale={1.0} physicalPixelDisplaySizeRatio={1.0}}}}, touch INTERNAL, rotation 0, type INTERNAL, address {port=0}, deviceProductInfo null, state ON, frameRateOverride , brightnessMinimum 0.0, brightnessMaximum 1.0, brightnessDefault 0.096576735, FLAG_ALLOWED_TO_BE_DEFAULT_DISPLAY, FLAG_ROTATES_WITH_CONTENT, FLAG_SECURE, FLAG_SUPPORTS_PROTECTED_BUFFERS, installOrientation 0}
04-18 15:31:41.624  1092  2969 D os.ActivityManagerServiceLice: make process active com.google.android.apps.wellbeing(26288)
04-18 15:31:41.645 26288 26288 D TranClassInfo: instance successfully. com.transsion.hubcore.graphics.TranGraphicImpl@d5c8fb3 from com.transsion.hubcore.graphics.ITranGraphic
04-18 15:31:42.300  1092  5606 D CompatibilityChangeReporter: Compat change id reported: 161145287; UID 10108; state: DISABLED
04-18 15:31:42.367  1092  5606 D CompatibilityChangeReporter: Compat change id reported: 194532703; UID 10108; state: ENABLED
04-18 15:31:42.370  1092  5606 D JobScheduler.Time: evaluateConstraint job for: com.facebook.lite sourceUid:10195 app is not started!!
04-18 15:31:42.372  1092  5606 D JobScheduler.Time: evaluateConstraint job for: com.anthropic.claude sourceUid:10330 app is not started!!
04-18 15:31:42.372  1092  5606 D JobScheduler.Time: evaluateConstraint job for: com.facebook.lite sourceUid:10195 app is not started!!
04-18 15:31:42.375  1092  2969 D JobScheduler.Time: evaluateConstraint job for: com.facebook.lite sourceUid:10195 app is not started!!
04-18 15:31:42.376  1092  2969 D JobScheduler.Time: evaluateConstraint job for: com.anthropic.claude sourceUid:10330 app is not started!!
04-18 15:31:42.376  1092  2969 D JobScheduler.Time: evaluateConstraint job for: com.facebook.lite sourceUid:10195 app is not started!!
04-18 15:31:42.378  1092  1092 I AlarmManager: going to release mWakeLock actually.
04-18 15:31:42.381  1092  2969 D JobScheduler.Time: evaluateConstraint job for: com.facebook.lite sourceUid:10195 app is not started!!
04-18 15:31:42.382  1092  2969 D JobScheduler.Time: evaluateConstraint job for: com.anthropic.claude sourceUid:10330 app is not started!!
04-18 15:31:42.382  1092  2969 D JobScheduler.Time: evaluateConstraint job for: com.facebook.lite sourceUid:10195 app is not started!!
04-18 15:31:42.386  1092  5606 D JobScheduler.Time: evaluateConstraint job for: com.facebook.lite sourceUid:10195 app is not started!!
04-18 15:31:42.386  1092  5606 D JobScheduler.Time: evaluateConstraint job for: com.anthropic.claude sourceUid:10330 app is not started!!
04-18 15:31:42.386  1092  5606 D JobScheduler.Time: evaluateConstraint job for: com.facebook.lite sourceUid:10195 app is not started!!
04-18 15:31:42.391  1092  5606 D JobScheduler.Time: evaluateConstraint job for: com.facebook.lite sourceUid:10195 app is not started!!
04-18 15:31:42.393  1092  5606 D JobScheduler.Time: evaluateConstraint job for: com.anthropic.claude sourceUid:10330 app is not started!!
04-18 15:31:42.393  1092  5606 D JobScheduler.Time: evaluateConstraint job for: com.facebook.lite sourceUid:10195 app is not started!!
04-18 15:31:42.408  1092  2969 W JobScheduler: Job didn't exist in JobStore: 7e5cf28 #u0a108/38417 com.google.android.apps.wellbeing/androidx.work.impl.background.systemjob.SystemJobService
04-18 15:31:42.452  1092  5606 D JobScheduler.Time: evaluateConstraint job for: com.facebook.lite sourceUid:10195 app is not started!!
04-18 15:31:42.453  1092  5606 D JobScheduler.Time: evaluateConstraint job for: com.anthropic.claude sourceUid:10330 app is not started!!
04-18 15:31:42.453  1092  5606 D JobScheduler.Time: evaluateConstraint job for: com.facebook.lite sourceUid:10195 app is not started!!
04-18 15:31:43.356 26288 26316 D TranClassInfo: instance successfully. com.transsion.hubcore.view.TranViewImpl@1f3ef78 from com.transsion.hubcore.view.ITranView
04-18 15:31:43.475  1092  1244 E UnisocWatchdog: WDT_Monitor: writeWDTMonitor duration=50,shutdowning=false
04-18 15:31:44.711  1092  1241 I DisplayDeviceRepository: Display device changed: DisplayDeviceInfo{"Built-in Screen": uniqueId="local:0", 720 x 1612, modeId 2, defaultModeId 1, supportedModes [{id=1, width=720, height=1612, fps=60.0, alternativeRefreshRates=[90.0]}, {id=2, width=720, height=1612, fps=90.0, alternativeRefreshRates=[60.0]}], colorMode 0, supportedColorModes [0], hdrCapabilities HdrCapabilities{mSupportedHdrTypes=[], mMaxLuminance=500.0, mMaxAverageLuminance=500.0, mMinLuminance=0.0}, allmSupported false, gameContentTypeSupported false, density 320, 268.941 x 269.373 dpi, appVsyncOff 2000000, presDeadline 11111111, cutout DisplayCutout{insets=Rect(0, 80 - 0, 0) waterfall=Insets{left=0, top=0, right=0, bottom=0} boundingRect={Bounds=[Rect(0, 0 - 0, 0), Rect(312, 0 - 408, 80), Rect(0, 0 - 0, 0), Rect(0, 0 - 0, 0)]} cutoutPathParserInfo={CutoutPathParserInfo{displayWidth=720 displayHeight=1612 physicalDisplayWidth=720 physicalDisplayHeight=1612 density={2.0} cutoutSpec={M -24,0 L -24,40 L 24,40 L 24,0 Z @dp} rotation={0} scale={1.0} physicalPixelDisplaySizeRatio={1.0}}}}, touch INTERNAL, rotation 0, type INTERNAL, address {port=0}, deviceProductInfo null, state ON, frameRateOverride , brightnessMinimum 0.0, brightnessMaximum 1.0, brightnessDefault 0.096576735, FLAG_ALLOWED_TO_BE_DEFAULT_DISPLAY, FLAG_ROTATES_WITH_CONTENT, FLAG_SECURE, FLAG_SUPPORTS_PROTECTED_BUFFERS, installOrientation 0}
04-18 15:31:44.849  1092  5600 D TranGriffin/AppWidget: Start to hook widget[8], operation type: 1
04-18 15:31:44.849  1092  5600 D TranGriffin/AppWidget: widget provider: ProviderId{user:0, app:10108, cmp:ComponentInfo{com.google.android.apps.wellbeing/com.google.android.apps.wellbeing.widget.screentime.ScreenTimeWidgetProviderReceiver_Receiver}}
04-18 15:31:44.849  1092  5600 D TranGriffin/AppWidget: widget host: HostId{user:0, app:10174, hostId:1024, pkg:com.transsion.XOSLauncher}
04-18 15:31:44.849  1092  5600 D TranGriffin/AppWidget: End to hook appWidget coast 0(ms)
04-18 15:31:45.695  1092  1241 I DisplayDeviceRepository: Display device changed: DisplayDeviceInfo{"Built-in Screen": uniqueId="local:0", 720 x 1612, modeId 1, defaultModeId 1, supportedModes [{id=1, width=720, height=1612, fps=60.0, alternativeRefreshRates=[90.0]}, {id=2, width=720, height=1612, fps=90.0, alternativeRefreshRates=[60.0]}], colorMode 0, supportedColorModes [0], hdrCapabilities HdrCapabilities{mSupportedHdrTypes=[], mMaxLuminance=500.0, mMaxAverageLuminance=500.0, mMinLuminance=0.0}, allmSupported false, gameContentTypeSupported false, density 320, 268.941 x 269.373 dpi, appVsyncOff 1000000, presDeadline 16666667, cutout DisplayCutout{insets=Rect(0, 80 - 0, 0) waterfall=Insets{left=0, top=0, right=0, bottom=0} boundingRect={Bounds=[Rect(0, 0 - 0, 0), Rect(312, 0 - 408, 80), Rect(0, 0 - 0, 0), Rect(0, 0 - 0, 0)]} cutoutPathParserInfo={CutoutPathParserInfo{displayWidth=720 displayHeight=1612 physicalDisplayWidth=720 physicalDisplayHeight=1612 density={2.0} cutoutSpec={M -24,0 L -24,40 L 24,40 L 24,0 Z @dp} rotation={0} scale={1.0} physicalPixelDisplaySizeRatio={1.0}}}}, touch INTERNAL, rotation 0, type INTERNAL, address {port=0}, deviceProductInfo null, state ON, frameRateOverride , brightnessMinimum 0.0, brightnessMaximum 1.0, brightnessDefault 0.096576735, FLAG_ALLOWED_TO_BE_DEFAULT_DISPLAY, FLAG_ROTATES_WITH_CONTENT, FLAG_SECURE, FLAG_SUPPORTS_PROTECTED_BUFFERS, installOrientation 0}
04-18 15:31:46.141  1092  1300 D AutomaticBrightnessController: updateAutoBrightness: mScreenAutoBrightness=0.106077656, newScreenAutoBrightness=0.082079366, mAmbientLux=2.25, mScreenDarkeningThreshold= 0.08486213, mScreenBrighteningThreshold=0.11668543, mAmbientLightRingBuffer=[4.375 / 3415ms, 3.25 / 484ms, 3.25 / 2900ms, 2.25 / 3201ms]
04-18 15:31:46.142  1092  1300 D DisplayPowerController[0]: animateScreenBrightness: target=0.082079366, rate=0.033333335    mShouldUpdateBrightnessSettingLater=true
04-18 15:31:46.142  1092  1300 D DisplayPowerController[0]: animateScreenBrightness: putScreenBrightnessSetting currentBrightness=0.106077656, duration=0.71994865
04-18 15:31:46.144  1092  1300 I DisplayPowerController[0]: BrightnessEvent: disp=0, brt=0.082079366, rcmdBrt=0.082079366, preBrt=0.106077656, lux=2.25, preLux=4.008254, hbmMax=1.0, hbmMode=off, thrmMax=1.0, flags=, reason=automatic
04-18 15:31:46.145  1092  1092 I BrightnessSynchronizer: [27826] New Update 0.082079366(f) set brightness values:  22(i)
04-18 15:31:46.145  1092  1092 I BrightnessSynchronizer: New PendingUpdate: {[27827] 0.082079366(f), mUpdatedTypes=0, mConfirmedTypes=0, mTimeUpdated=0}, prev=null
04-18 15:31:46.146  1092  1092 I BrightnessSynchronizer: Swallowing update of 22(i) by update: {[27826] 0.082079366(f), mUpdatedTypes=1, mConfirmedTypes=1, mTimeUpdated=756335614}
04-18 15:31:46.146  1092  1092 I BrightnessSynchronizer: Completed Update: {[27826] 0.082079366(f), mUpdatedTypes=1, mConfirmedTypes=1, mTimeUpdated=756335614}
04-18 15:31:54.530  1092  1300 D AutomaticBrightnessController: updateAutoBrightness: mScreenAutoBrightness=0.082079366, newScreenAutoBrightness=0.093209654, mAmbientLux=3.0774138, mScreenDarkeningThreshold= 0.065663494, mScreenBrighteningThreshold=0.090287305, mAmbientLightRingBuffer=[2.25 / 5983ms, 2.25 / 322ms, 2.25 / 2095ms, 3.25 / 1600ms]
04-18 15:31:54.531  1092  1300 D DisplayPowerController[0]: animateScreenBrightness: target=0.093209654, rate=0.23809525    mShouldUpdateBrightnessSettingLater=true
04-18 15:31:54.531  1092  1300 D DisplayPowerController[0]: animateScreenBrightness: putScreenBrightnessSetting currentBrightness=0.082079366, duration=0.5
04-18 15:31:54.533  1092  1300 I DisplayPowerController[0]: BrightnessEvent: disp=0, brt=0.093209654, rcmdBrt=0.093209654, preBrt=0.082079366, lux=3.0774138, preLux=2.25, hbmMax=1.0, hbmMode=off, thrmMax=1.0, flags=, reason=automatic
04-18 15:31:54.535  1092  1092 I BrightnessSynchronizer: [27828] New Update 0.093209654(f) set brightness values:  25(i)
04-18 15:31:54.535  1092  1092 I BrightnessSynchronizer: New PendingUpdate: {[27829] 0.093209654(f), mUpdatedTypes=0, mConfirmedTypes=0, mTimeUpdated=0}, prev=null
04-18 15:31:54.535  1092  1092 I BrightnessSynchronizer: Swallowing update of 25(i) by update: {[27828] 0.093209654(f), mUpdatedTypes=1, mConfirmedTypes=1, mTimeUpdated=756344003}
04-18 15:31:54.536  1092  1092 I BrightnessSynchronizer: Completed Update: {[27828] 0.093209654(f), mUpdatedTypes=1, mConfirmedTypes=1, mTimeUpdated=756344003}
04-18 15:31:58.397  1092  1300 D AutomaticBrightnessController: updateAutoBrightness: mScreenAutoBrightness=0.093209654, newScreenAutoBrightness=0.10854847, mAmbientLux=4.1813374, mScreenDarkeningThreshold= 0.07456773, mScreenBrighteningThreshold=0.10253062, mAmbientLightRingBuffer=[2.25 / 2115ms, 2.25 / 322ms, 2.25 / 2095ms, 3.25 / 3867ms, 4.375 / 1601ms]
04-18 15:31:58.398  1092  1300 D DisplayPowerController[0]: animateScreenBrightness: target=0.10854847, rate=0.23809525    mShouldUpdateBrightnessSettingLater=true
04-18 15:31:58.398  1092  1300 D DisplayPowerController[0]: animateScreenBrightness: putScreenBrightnessSetting currentBrightness=0.093209654, duration=0.5
04-18 15:31:58.400  1092  1300 I DisplayPowerController[0]: BrightnessEvent: disp=0, brt=0.10854847, rcmdBrt=0.10854847, preBrt=0.093209654, lux=4.1813374, preLux=3.0774138, hbmMax=1.0, hbmMode=off, thrmMax=1.0, flags=, reason=automatic
04-18 15:31:58.404  1092  1092 I BrightnessSynchronizer: [27830] New Update 0.10854847(f) set brightness values:  29(i)
04-18 15:31:58.404  1092  1092 I BrightnessSynchronizer: New PendingUpdate: {[27831] 0.10854847(f), mUpdatedTypes=0, mConfirmedTypes=0, mTimeUpdated=0}, prev=null
04-18 15:31:58.405  1092  1092 I BrightnessSynchronizer: Swallowing update of 29(i) by update: {[27830] 0.10854847(f), mUpdatedTypes=1, mConfirmedTypes=1, mTimeUpdated=756347873}
04-18 15:31:58.405  1092  1092 I BrightnessSynchronizer: Completed Update: {[27830] 0.10854847(f), mUpdatedTypes=1, mConfirmedTypes=1, mTimeUpdated=756347873}
04-18 15:32:00.000  1092  1370 D AlarmManager: waitForAlarm result:8currentTime=1776522720000, elapsedRealtime=853159327
04-18 15:32:00.001  1092  1370 V AlarmManager: Received TIME_TICK alarm; rescheduling
04-18 15:32:00.001  1092  1370 V AlarmManager: set(null) : type=3 listener=com.android.server.alarm.AlarmManagerService$3@9351580 listenerTag=TIME_TICK workSource=null callingPackage=android callingUid=1000 triggerAtTime=853219326 win=0 tElapsed=853219326 maxElapsed=853219326 interval=0 flags=0x9
04-18 15:32:00.001  1092  1370 D AlarmManager: Add alarm packageName=android, type=3, when=853219326, tag=TIME_TICK, callingUid=1000, callingPackage=android
04-18 15:32:00.002  1092  1370 I AlarmManager: going to acquire mWakeLock actually.
04-18 15:32:00.005  1092  1370 D AlarmManager: sending alarm.type = 3, action = null, alarm = Alarm{cd92080 type 3 origWhen 853159327 whenElapsed 853159327 android}, cn = null, operation = null, listener=com.android.server.alarm.AlarmManagerService$3@9351580, listenerTag=TIME_TICK, workSource=null
04-18 15:32:00.005  1092  1092 D BroadcastQueue: Add broadcast <BroadcastRecord{35a06b9 u-1 android.intent.action.TIME_TICK}> into [parallel | foreground], pending size 0
04-18 15:32:00.007  1092  1275 D BroadcastQueue: Done with parallel broadcast [foreground] [BroadcastRecord{35a06b9 u-1 android.intent.action.TIME_TICK}]
04-18 15:32:00.339  1092  1241 I DisplayDeviceRepository: Display device changed: DisplayDeviceInfo{"Built-in Screen": uniqueId="local:0", 720 x 1612, modeId 2, defaultModeId 1, supportedModes [{id=1, width=720, height=1612, fps=60.0, alternativeRefreshRates=[90.0]}, {id=2, width=720, height=1612, fps=90.0, alternativeRefreshRates=[60.0]}], colorMode 0, supportedColorModes [0], hdrCapabilities HdrCapabilities{mSupportedHdrTypes=[], mMaxLuminance=500.0, mMaxAverageLuminance=500.0, mMinLuminance=0.0}, allmSupported false, gameContentTypeSupported false, density 320, 268.941 x 269.373 dpi, appVsyncOff 2000000, presDeadline 11111111, cutout DisplayCutout{insets=Rect(0, 80 - 0, 0) waterfall=Insets{left=0, top=0, right=0, bottom=0} boundingRect={Bounds=[Rect(0, 0 - 0, 0), Rect(312, 0 - 408, 80), Rect(0, 0 - 0, 0), Rect(0, 0 - 0, 0)]} cutoutPathParserInfo={CutoutPathParserInfo{displayWidth=720 displayHeight=1612 physicalDisplayWidth=720 physicalDisplayHeight=1612 density={2.0} cutoutSpec={M -24,0 L -24,40 L 24,40 L 24,0 Z @dp} rotation={0} scale={1.0} physicalPixelDisplaySizeRatio={1.0}}}}, touch INTERNAL, rotation 0, type INTERNAL, address {port=0}, deviceProductInfo null, state ON, frameRateOverride , brightnessMinimum 0.0, brightnessMaximum 1.0, brightnessDefault 0.096576735, FLAG_ALLOWED_TO_BE_DEFAULT_DISPLAY, FLAG_ROTATES_WITH_CONTENT, FLAG_SECURE, FLAG_SUPPORTS_PROTECTED_BUFFERS, installOrientation 0}
04-18 15:32:01.006  1092  1092 I AlarmManager: going to release mWakeLock actually.
04-18 15:32:01.996  1092  1503 D Griffin/ResourceTracker: Cat meminfo coast time: 5ms
